2026-09-16 00:30:45 | INFO | Device: cuda
2026-09-16 00:30:48 | INFO | Model: standard, k=1, params=614.2M
2026-09-16 00:30:49 | INFO | Training on 7000 examples, eval on 1034
2026-09-16 00:30:49 | INFO | Config: TrainingConfig(model_type='standard', hidden_dim=512, num_encoder_layers=12, num_decoder_layers=12, num_heads=8, num_attributes=1, use_gating=True, use_mixing=True, pairing_strategy='cyclic', pairing_seed=1234, ffn_dim=2048, max_seq_len=512, dropout=0.1, vocab_size=32000, learning_rate=8e-05, weight_decay=0.01, warmup_steps=4000, max_steps=300000, batch_size=4, gradient_accumulation=16, max_grad_norm=1.0, label_smoothing=0.05, eval_every=2000, save_every=20000, patience=30, eval_by_em=True, dataset='spider', nas_dir='/nas/Dataset/nlp', max_src_len=384, max_tgt_len=200, seed=43, num_workers=4, fp16=False, output_dir='/nas/Dataset/experiments/relational-attention/muhiddin_outputs/standard_125m_spider_copy_s43', log_every=100, copy_mechanism=True, num_copy_heads=1)
2026-09-16 00:30:49 | INFO | step=0 loss=7.3105 lr=0.00e+00 elapsed=1s
2026-09-16 00:31:14 | INFO | step=100 loss=9.2110 lr=2.00e-06 elapsed=25s
2026-09-16 00:31:38 | INFO | step=200 loss=6.7882 lr=4.00e-06 elapsed=49s
2026-09-16 00:32:01 | INFO | step=300 loss=7.6359 lr=6.00e-06 elapsed=73s
2026-09-16 00:32:26 | INFO | step=400 loss=9.1395 lr=8.00e-06 elapsed=97s
2026-09-16 00:32:50 | INFO | step=500 loss=8.3122 lr=1.00e-05 elapsed=121s
2026-09-16 00:33:14 | INFO | step=600 loss=7.8585 lr=1.20e-05 elapsed=145s
2026-09-16 00:33:38 | INFO | step=700 loss=7.1148 lr=1.40e-05 elapsed=169s
2026-09-16 00:34:03 | INFO | step=800 loss=7.1365 lr=1.60e-05 elapsed=194s
2026-09-16 00:34:27 | INFO | step=900 loss=8.1589 lr=1.80e-05 elapsed=218s
2026-09-16 00:34:51 | INFO | step=1000 loss=8.5102 lr=2.00e-05 elapsed=242s
2026-09-16 00:35:15 | INFO | step=1100 loss=7.4951 lr=2.20e-05 elapsed=266s
2026-09-16 00:35:39 | INFO | step=1200 loss=7.1248 lr=2.40e-05 elapsed=290s
2026-09-16 00:36:03 | INFO | step=1300 loss=6.5602 lr=2.60e-05 elapsed=315s
2026-09-16 00:36:27 | INFO | step=1400 loss=6.9705 lr=2.80e-05 elapsed=338s
2026-09-16 00:36:52 | INFO | step=1500 loss=6.4298 lr=3.00e-05 elapsed=363s
2026-09-16 00:37:16 | INFO | step=1600 loss=6.5190 lr=3.20e-05 elapsed=387s
2026-09-16 00:37:40 | INFO | step=1700 loss=5.9592 lr=3.40e-05 elapsed=411s
2026-09-16 00:38:04 | INFO | step=1800 loss=6.5421 lr=3.60e-05 elapsed=436s
2026-09-16 00:38:29 | INFO | step=1900 loss=5.6785 lr=3.80e-05 elapsed=460s
2026-09-16 00:38:53 | INFO | step=2000 loss=6.0310 lr=4.00e-05 elapsed=484s
2026-09-16 00:39:02 | INFO | [eval] step=2000 dev_loss=6.6709
2026-09-16 00:39:11 | INFO |   EM on dev subset (200 samples): 0.00%
2026-09-16 00:39:34 | INFO |   -> New best model saved (dev_loss=6.6709)
2026-09-16 00:39:58 | INFO | step=2100 loss=5.2688 lr=4.20e-05 elapsed=549s
2026-09-16 00:40:22 | INFO | step=2200 loss=5.7974 lr=4.40e-05 elapsed=573s
2026-09-16 00:40:46 | INFO | step=2300 loss=5.1769 lr=4.60e-05 elapsed=598s
2026-09-16 00:41:11 | INFO | step=2400 loss=5.0180 lr=4.80e-05 elapsed=622s
2026-09-16 00:41:35 | INFO | step=2500 loss=4.6235 lr=5.00e-05 elapsed=646s
2026-09-16 00:41:59 | INFO | step=2600 loss=4.5072 lr=5.20e-05 elapsed=670s
2026-09-16 00:42:23 | INFO | step=2700 loss=5.0961 lr=5.40e-05 elapsed=694s
2026-09-16 00:42:47 | INFO | step=2800 loss=4.4122 lr=5.60e-05 elapsed=718s
2026-09-16 00:43:12 | INFO | step=2900 loss=3.9106 lr=5.80e-05 elapsed=743s
2026-09-16 00:43:36 | INFO | step=3000 loss=3.8232 lr=6.00e-05 elapsed=767s
2026-09-16 00:44:00 | INFO | step=3100 loss=4.2256 lr=6.20e-05 elapsed=792s
2026-09-16 00:44:25 | INFO | step=3200 loss=3.6674 lr=6.40e-05 elapsed=816s
2026-09-16 00:44:49 | INFO | step=3300 loss=3.8479 lr=6.60e-05 elapsed=840s
2026-09-16 00:45:13 | INFO | step=3400 loss=3.1271 lr=6.80e-05 elapsed=864s
2026-09-16 00:45:37 | INFO | step=3500 loss=3.7519 lr=7.00e-05 elapsed=889s
2026-09-16 00:46:02 | INFO | step=3600 loss=2.5958 lr=7.20e-05 elapsed=913s
2026-09-16 00:46:26 | INFO | step=3700 loss=2.9404 lr=7.40e-05 elapsed=937s
2026-09-16 00:46:50 | INFO | step=3800 loss=3.6270 lr=7.60e-05 elapsed=961s
2026-09-16 00:47:15 | INFO | step=3900 loss=3.2862 lr=7.80e-05 elapsed=986s
2026-09-16 00:47:39 | INFO | step=4000 loss=2.9813 lr=8.00e-05 elapsed=1010s
2026-09-16 00:47:49 | INFO | [eval] step=4000 dev_loss=4.4753
2026-09-16 00:50:10 | INFO |   EM on dev subset (200 samples): 0.00%
2026-09-16 00:50:35 | INFO | step=4100 loss=3.1087 lr=8.00e-05 elapsed=1186s
2026-09-16 00:50:59 | INFO | step=4200 loss=2.0558 lr=8.00e-05 elapsed=1211s
2026-09-16 00:51:24 | INFO | step=4300 loss=1.8541 lr=8.00e-05 elapsed=1235s
2026-09-16 00:51:48 | INFO | step=4400 loss=2.0789 lr=8.00e-05 elapsed=1259s
2026-09-16 00:52:12 | INFO | step=4500 loss=1.9375 lr=8.00e-05 elapsed=1284s
2026-09-16 00:52:37 | INFO | step=4600 loss=1.8436 lr=8.00e-05 elapsed=1308s
2026-09-16 00:53:01 | INFO | step=4700 loss=1.9681 lr=8.00e-05 elapsed=1332s
2026-09-16 00:53:26 | INFO | step=4800 loss=1.9754 lr=8.00e-05 elapsed=1357s
2026-09-16 00:53:50 | INFO | step=4900 loss=1.7030 lr=8.00e-05 elapsed=1381s
2026-09-16 00:54:14 | INFO | step=5000 loss=1.7572 lr=8.00e-05 elapsed=1405s
2026-09-16 00:54:38 | INFO | step=5100 loss=1.5901 lr=8.00e-05 elapsed=1429s
2026-09-16 00:55:02 | INFO | step=5200 loss=1.5993 lr=8.00e-05 elapsed=1454s
2026-09-16 00:55:27 | INFO | step=5300 loss=1.9151 lr=8.00e-05 elapsed=1478s
2026-09-16 00:55:51 | INFO | step=5400 loss=1.7495 lr=8.00e-05 elapsed=1502s
2026-09-16 00:56:15 | INFO | step=5500 loss=1.7804 lr=8.00e-05 elapsed=1527s
2026-09-16 00:56:40 | INFO | step=5600 loss=1.5753 lr=8.00e-05 elapsed=1551s
2026-09-16 00:57:04 | INFO | step=5700 loss=0.9182 lr=8.00e-05 elapsed=1575s
2026-09-16 00:57:28 | INFO | step=5800 loss=1.9033 lr=8.00e-05 elapsed=1599s
2026-09-16 00:57:52 | INFO | step=5900 loss=1.6400 lr=8.00e-05 elapsed=1624s
2026-09-16 00:58:17 | INFO | step=6000 loss=1.5775 lr=8.00e-05 elapsed=1648s
2026-09-16 00:58:26 | INFO | [eval] step=6000 dev_loss=4.1393
2026-09-16 00:59:14 | INFO |   EM on dev subset (200 samples): 2.00%
2026-09-16 00:59:36 | INFO |   -> New best model saved (dev_loss=4.1393)
2026-09-16 01:00:01 | INFO | step=6100 loss=1.4864 lr=8.00e-05 elapsed=1752s
2026-09-16 01:00:25 | INFO | step=6200 loss=1.3211 lr=8.00e-05 elapsed=1776s
2026-09-16 01:00:50 | INFO | step=6300 loss=1.1878 lr=8.00e-05 elapsed=1801s
2026-09-16 01:01:14 | INFO | step=6400 loss=1.7075 lr=8.00e-05 elapsed=1825s
2026-09-16 01:01:38 | INFO | step=6500 loss=2.0025 lr=8.00e-05 elapsed=1850s
2026-09-16 01:02:03 | INFO | step=6600 loss=1.2101 lr=8.00e-05 elapsed=1874s
2026-09-16 01:02:27 | INFO | step=6700 loss=1.6716 lr=8.00e-05 elapsed=1898s
2026-09-16 01:02:51 | INFO | step=6800 loss=1.6041 lr=8.00e-05 elapsed=1923s
2026-09-16 01:03:16 | INFO | step=6900 loss=1.3786 lr=8.00e-05 elapsed=1947s
2026-09-16 01:03:41 | INFO | step=7000 loss=1.4245 lr=8.00e-05 elapsed=1972s
2026-09-16 01:04:05 | INFO | step=7100 loss=1.5187 lr=8.00e-05 elapsed=1996s
2026-09-16 01:04:29 | INFO | step=7200 loss=1.4328 lr=8.00e-05 elapsed=2020s
2026-09-16 01:04:53 | INFO | step=7300 loss=1.0565 lr=8.00e-05 elapsed=2045s
2026-09-16 01:05:18 | INFO | step=7400 loss=1.2283 lr=8.00e-05 elapsed=2069s
2026-09-16 01:05:42 | INFO | step=7500 loss=1.1973 lr=8.00e-05 elapsed=2093s
2026-09-16 01:06:06 | INFO | step=7600 loss=1.7941 lr=8.00e-05 elapsed=2118s
2026-09-16 01:06:31 | INFO | step=7700 loss=0.8728 lr=8.00e-05 elapsed=2142s
2026-09-16 01:06:55 | INFO | step=7800 loss=1.6248 lr=8.00e-05 elapsed=2166s
2026-09-16 01:07:19 | INFO | step=7900 loss=1.0036 lr=8.00e-05 elapsed=2191s
2026-09-16 01:07:44 | INFO | step=8000 loss=1.3672 lr=8.00e-05 elapsed=2215s
2026-09-16 01:07:53 | INFO | [eval] step=8000 dev_loss=4.1544
2026-09-16 01:08:46 | INFO |   EM on dev subset (200 samples): 2.00%
2026-09-16 01:09:10 | INFO | step=8100 loss=1.4449 lr=8.00e-05 elapsed=2301s
2026-09-16 01:09:35 | INFO | step=8200 loss=1.2554 lr=8.00e-05 elapsed=2326s
2026-09-16 01:09:59 | INFO | step=8300 loss=1.3229 lr=8.00e-05 elapsed=2350s
2026-09-16 01:10:24 | INFO | step=8400 loss=0.8464 lr=8.00e-05 elapsed=2375s
2026-09-16 01:10:48 | INFO | step=8500 loss=1.0373 lr=8.00e-05 elapsed=2399s
2026-09-16 01:11:12 | INFO | step=8600 loss=1.3596 lr=8.00e-05 elapsed=2423s
2026-09-16 01:11:36 | INFO | step=8700 loss=1.3067 lr=8.00e-05 elapsed=2448s
2026-09-16 01:12:01 | INFO | step=8800 loss=1.5787 lr=7.99e-05 elapsed=2472s
2026-09-16 01:12:26 | INFO | step=8900 loss=0.8201 lr=7.99e-05 elapsed=2497s
2026-09-16 01:12:50 | INFO | step=9000 loss=1.3283 lr=7.99e-05 elapsed=2521s
2026-09-16 01:13:14 | INFO | step=9100 loss=0.7829 lr=7.99e-05 elapsed=2545s
2026-09-16 01:13:39 | INFO | step=9200 loss=1.2278 lr=7.99e-05 elapsed=2570s
2026-09-16 01:14:03 | INFO | step=9300 loss=0.9877 lr=7.99e-05 elapsed=2594s
2026-09-16 01:14:27 | INFO | step=9400 loss=1.1937 lr=7.99e-05 elapsed=2618s
2026-09-16 01:14:51 | INFO | step=9500 loss=0.9006 lr=7.99e-05 elapsed=2643s
2026-09-16 01:15:16 | INFO | step=9600 loss=1.0629 lr=7.99e-05 elapsed=2667s
2026-09-16 01:15:40 | INFO | step=9700 loss=0.7608 lr=7.99e-05 elapsed=2691s
2026-09-16 01:16:04 | INFO | step=9800 loss=0.7099 lr=7.99e-05 elapsed=2715s
2026-09-16 01:16:28 | INFO | step=9900 loss=0.6418 lr=7.99e-05 elapsed=2739s
2026-09-16 01:16:53 | INFO | step=10000 loss=1.3523 lr=7.99e-05 elapsed=2764s
2026-09-16 01:17:02 | INFO | [eval] step=10000 dev_loss=4.4014
2026-09-16 01:17:53 | INFO |   EM on dev subset (200 samples): 1.00%
2026-09-16 01:18:17 | INFO | step=10100 loss=0.6825 lr=7.99e-05 elapsed=2848s
2026-09-16 01:18:42 | INFO | step=10200 loss=1.2424 lr=7.99e-05 elapsed=2873s
2026-09-16 01:19:06 | INFO | step=10300 loss=0.9123 lr=7.99e-05 elapsed=2898s
2026-09-16 01:19:31 | INFO | step=10400 loss=1.1368 lr=7.99e-05 elapsed=2922s
2026-09-16 01:19:55 | INFO | step=10500 loss=1.0717 lr=7.99e-05 elapsed=2946s
2026-09-16 01:20:20 | INFO | step=10600 loss=0.8116 lr=7.99e-05 elapsed=2971s
2026-09-16 01:20:44 | INFO | step=10700 loss=0.9284 lr=7.99e-05 elapsed=2995s
2026-09-16 01:21:08 | INFO | step=10800 loss=1.2100 lr=7.99e-05 elapsed=3019s
2026-09-16 01:21:33 | INFO | step=10900 loss=0.9002 lr=7.99e-05 elapsed=3044s
2026-09-16 01:21:57 | INFO | step=11000 loss=1.0212 lr=7.99e-05 elapsed=3068s
2026-09-16 01:22:21 | INFO | step=11100 loss=0.7389 lr=7.99e-05 elapsed=3092s
2026-09-16 01:22:46 | INFO | step=11200 loss=0.9585 lr=7.99e-05 elapsed=3117s
2026-09-16 01:23:10 | INFO | step=11300 loss=0.8180 lr=7.99e-05 elapsed=3141s
2026-09-16 01:23:34 | INFO | step=11400 loss=0.8788 lr=7.99e-05 elapsed=3165s
2026-09-16 01:23:58 | INFO | step=11500 loss=1.0133 lr=7.99e-05 elapsed=3189s
2026-09-16 01:24:23 | INFO | step=11600 loss=0.8944 lr=7.99e-05 elapsed=3214s
2026-09-16 01:24:47 | INFO | step=11700 loss=0.6096 lr=7.99e-05 elapsed=3238s
2026-09-16 01:25:11 | INFO | step=11800 loss=0.8085 lr=7.99e-05 elapsed=3262s
2026-09-16 01:25:35 | INFO | step=11900 loss=0.8692 lr=7.99e-05 elapsed=3287s
2026-09-16 01:26:00 | INFO | step=12000 loss=0.8952 lr=7.99e-05 elapsed=3311s
2026-09-16 01:26:09 | INFO | [eval] step=12000 dev_loss=4.3760
2026-09-16 01:27:11 | INFO |   EM on dev subset (200 samples): 1.00%
2026-09-16 01:27:36 | INFO | step=12100 loss=0.6469 lr=7.99e-05 elapsed=3407s
2026-09-16 01:28:00 | INFO | step=12200 loss=1.1774 lr=7.98e-05 elapsed=3431s
2026-09-16 01:28:25 | INFO | step=12300 loss=0.3934 lr=7.98e-05 elapsed=3456s
2026-09-16 01:28:49 | INFO | step=12400 loss=0.9845 lr=7.98e-05 elapsed=3481s
2026-09-16 01:29:13 | INFO | step=12500 loss=0.7919 lr=7.98e-05 elapsed=3505s
2026-09-16 01:29:38 | INFO | step=12600 loss=0.7870 lr=7.98e-05 elapsed=3529s
2026-09-16 01:30:02 | INFO | step=12700 loss=0.4480 lr=7.98e-05 elapsed=3553s
2026-09-16 01:30:27 | INFO | step=12800 loss=0.7202 lr=7.98e-05 elapsed=3578s
2026-09-16 01:30:51 | INFO | step=12900 loss=0.8450 lr=7.98e-05 elapsed=3602s
2026-09-16 01:31:15 | INFO | step=13000 loss=0.9818 lr=7.98e-05 elapsed=3627s
2026-09-16 01:31:40 | INFO | step=13100 loss=1.0420 lr=7.98e-05 elapsed=3651s
2026-09-16 01:32:04 | INFO | step=13200 loss=0.9708 lr=7.98e-05 elapsed=3675s
2026-09-16 01:32:28 | INFO | step=13300 loss=0.6841 lr=7.98e-05 elapsed=3700s
2026-09-16 01:32:52 | INFO | step=13400 loss=0.5940 lr=7.98e-05 elapsed=3724s
2026-09-16 01:33:17 | INFO | step=13500 loss=0.5840 lr=7.98e-05 elapsed=3748s
2026-09-16 01:33:41 | INFO | step=13600 loss=0.6825 lr=7.98e-05 elapsed=3773s
2026-09-16 01:34:06 | INFO | step=13700 loss=0.3255 lr=7.98e-05 elapsed=3797s
2026-09-16 01:34:30 | INFO | step=13800 loss=1.0651 lr=7.98e-05 elapsed=3821s
2026-09-16 01:34:54 | INFO | step=13900 loss=0.6749 lr=7.98e-05 elapsed=3845s
2026-09-16 01:35:19 | INFO | step=14000 loss=0.5354 lr=7.98e-05 elapsed=3870s
2026-09-16 01:35:28 | INFO | [eval] step=14000 dev_loss=4.5374
2026-09-16 01:36:29 | INFO |   EM on dev subset (200 samples): 1.00%
2026-09-16 01:36:54 | INFO | step=14100 loss=0.6746 lr=7.98e-05 elapsed=3965s
2026-09-16 01:37:18 | INFO | step=14200 loss=1.1049 lr=7.98e-05 elapsed=3989s
2026-09-16 01:37:43 | INFO | step=14300 loss=0.7276 lr=7.98e-05 elapsed=4014s
2026-09-16 01:38:07 | INFO | step=14400 loss=0.6589 lr=7.98e-05 elapsed=4039s
2026-09-16 01:38:31 | INFO | step=14500 loss=0.5369 lr=7.98e-05 elapsed=4063s
2026-09-16 01:38:56 | INFO | step=14600 loss=0.8182 lr=7.97e-05 elapsed=4087s
2026-09-16 01:39:20 | INFO | step=14700 loss=0.9725 lr=7.97e-05 elapsed=4111s
2026-09-16 01:39:44 | INFO | step=14800 loss=0.5077 lr=7.97e-05 elapsed=4136s
2026-09-16 01:40:08 | INFO | step=14900 loss=0.4879 lr=7.97e-05 elapsed=4160s
2026-09-16 01:40:33 | INFO | step=15000 loss=0.7235 lr=7.97e-05 elapsed=4184s
2026-09-16 01:40:57 | INFO | step=15100 loss=0.7249 lr=7.97e-05 elapsed=4208s
2026-09-16 01:41:22 | INFO | step=15200 loss=0.8293 lr=7.97e-05 elapsed=4233s
2026-09-16 01:41:46 | INFO | step=15300 loss=0.7016 lr=7.97e-05 elapsed=4257s
2026-09-16 01:42:11 | INFO | step=15400 loss=0.4276 lr=7.97e-05 elapsed=4282s
2026-09-16 01:42:35 | INFO | step=15500 loss=0.4006 lr=7.97e-05 elapsed=4306s
2026-09-16 01:42:59 | INFO | step=15600 loss=0.6300 lr=7.97e-05 elapsed=4331s
2026-09-16 01:43:24 | INFO | step=15700 loss=0.7261 lr=7.97e-05 elapsed=4355s
2026-09-16 01:43:49 | INFO | step=15800 loss=0.4539 lr=7.97e-05 elapsed=4380s
2026-09-16 01:44:13 | INFO | step=15900 loss=0.5129 lr=7.97e-05 elapsed=4404s
2026-09-16 01:44:38 | INFO | step=16000 loss=0.5664 lr=7.97e-05 elapsed=4429s
2026-09-16 01:44:47 | INFO | [eval] step=16000 dev_loss=4.6462
2026-09-16 01:45:54 | INFO |   EM on dev subset (200 samples): 1.00%
2026-09-16 01:46:19 | INFO | step=16100 loss=0.5881 lr=7.97e-05 elapsed=4530s
2026-09-16 01:46:44 | INFO | step=16200 loss=0.5201 lr=7.97e-05 elapsed=4555s
2026-09-16 01:47:08 | INFO | step=16300 loss=0.5729 lr=7.97e-05 elapsed=4579s
2026-09-16 01:47:33 | INFO | step=16400 loss=0.4865 lr=7.97e-05 elapsed=4604s
2026-09-16 01:47:57 | INFO | step=16500 loss=0.5548 lr=7.96e-05 elapsed=4629s
2026-09-16 01:48:22 | INFO | step=16600 loss=1.1882 lr=7.96e-05 elapsed=4653s
2026-09-16 01:48:46 | INFO | step=16700 loss=0.4870 lr=7.96e-05 elapsed=4677s
2026-09-16 01:49:10 | INFO | step=16800 loss=0.6733 lr=7.96e-05 elapsed=4702s
2026-09-16 01:49:35 | INFO | step=16900 loss=0.3785 lr=7.96e-05 elapsed=4726s
2026-09-16 01:49:59 | INFO | step=17000 loss=0.8232 lr=7.96e-05 elapsed=4750s
2026-09-16 01:50:23 | INFO | step=17100 loss=0.4697 lr=7.96e-05 elapsed=4774s
2026-09-16 01:50:48 | INFO | step=17200 loss=0.4491 lr=7.96e-05 elapsed=4799s
2026-09-16 01:51:12 | INFO | step=17300 loss=0.7748 lr=7.96e-05 elapsed=4823s
2026-09-16 01:51:36 | INFO | step=17400 loss=0.4734 lr=7.96e-05 elapsed=4848s
2026-09-16 01:52:01 | INFO | step=17500 loss=0.5244 lr=7.96e-05 elapsed=4872s
2026-09-16 01:52:25 | INFO | step=17600 loss=0.4396 lr=7.96e-05 elapsed=4896s
2026-09-16 01:52:49 | INFO | step=17700 loss=0.5521 lr=7.96e-05 elapsed=4920s
2026-09-16 01:53:14 | INFO | step=17800 loss=0.3917 lr=7.96e-05 elapsed=4945s
2026-09-16 01:53:38 | INFO | step=17900 loss=0.5528 lr=7.96e-05 elapsed=4969s
2026-09-16 01:54:02 | INFO | step=18000 loss=0.4386 lr=7.96e-05 elapsed=4994s
2026-09-16 01:54:12 | INFO | [eval] step=18000 dev_loss=4.8668
2026-09-16 01:55:15 | INFO |   EM on dev subset (200 samples): 1.00%
2026-09-16 01:55:40 | INFO | step=18100 loss=0.4477 lr=7.96e-05 elapsed=5091s
2026-09-16 01:56:04 | INFO | step=18200 loss=0.6174 lr=7.95e-05 elapsed=5116s
2026-09-16 01:56:29 | INFO | step=18300 loss=0.5524 lr=7.95e-05 elapsed=5140s
2026-09-16 01:56:53 | INFO | step=18400 loss=0.7966 lr=7.95e-05 elapsed=5164s
2026-09-16 01:57:18 | INFO | step=18500 loss=0.6116 lr=7.95e-05 elapsed=5189s
2026-09-16 01:57:42 | INFO | step=18600 loss=0.5519 lr=7.95e-05 elapsed=5213s
2026-09-16 01:58:07 | INFO | step=18700 loss=0.4033 lr=7.95e-05 elapsed=5238s
2026-09-16 01:58:31 | INFO | step=18800 loss=0.4929 lr=7.95e-05 elapsed=5262s
2026-09-16 01:58:55 | INFO | step=18900 loss=0.5414 lr=7.95e-05 elapsed=5287s
2026-09-16 01:59:20 | INFO | step=19000 loss=0.5049 lr=7.95e-05 elapsed=5311s
2026-09-16 01:59:44 | INFO | step=19100 loss=0.4921 lr=7.95e-05 elapsed=5335s
2026-09-16 02:00:09 | INFO | step=19200 loss=0.5399 lr=7.95e-05 elapsed=5360s
2026-09-16 02:00:33 | INFO | step=19300 loss=0.2913 lr=7.95e-05 elapsed=5385s
2026-09-16 02:00:58 | INFO | step=19400 loss=0.7453 lr=7.95e-05 elapsed=5409s
2026-09-16 02:01:22 | INFO | step=19500 loss=0.6795 lr=7.95e-05 elapsed=5433s
2026-09-16 02:01:47 | INFO | step=19600 loss=0.4417 lr=7.95e-05 elapsed=5458s
2026-09-16 02:02:11 | INFO | step=19700 loss=0.3304 lr=7.94e-05 elapsed=5482s
2026-09-16 02:02:35 | INFO | step=19800 loss=0.6373 lr=7.94e-05 elapsed=5507s
2026-09-16 02:03:00 | INFO | step=19900 loss=0.5289 lr=7.94e-05 elapsed=5531s
2026-09-16 02:03:24 | INFO | step=20000 loss=0.3649 lr=7.94e-05 elapsed=5556s
2026-09-16 02:03:34 | INFO | [eval] step=20000 dev_loss=4.9501
2026-09-16 02:04:45 | INFO |   EM on dev subset (200 samples): 1.00%
2026-09-16 02:05:32 | INFO | step=20100 loss=0.5383 lr=7.94e-05 elapsed=5683s
2026-09-16 02:05:56 | INFO | step=20200 loss=0.5195 lr=7.94e-05 elapsed=5708s
2026-09-16 02:06:21 | INFO | step=20300 loss=0.6607 lr=7.94e-05 elapsed=5732s
2026-09-16 02:06:45 | INFO | step=20400 loss=0.4264 lr=7.94e-05 elapsed=5757s
2026-09-16 02:07:10 | INFO | step=20500 loss=0.2435 lr=7.94e-05 elapsed=5781s
2026-09-16 02:07:34 | INFO | step=20600 loss=0.4924 lr=7.94e-05 elapsed=5805s
2026-09-16 02:07:58 | INFO | step=20700 loss=0.3697 lr=7.94e-05 elapsed=5829s
2026-09-16 02:08:23 | INFO | step=20800 loss=0.5718 lr=7.94e-05 elapsed=5854s
2026-09-16 02:08:47 | INFO | step=20900 loss=0.5390 lr=7.94e-05 elapsed=5878s
2026-09-16 02:09:11 | INFO | step=21000 loss=0.4522 lr=7.94e-05 elapsed=5903s
2026-09-16 02:09:36 | INFO | step=21100 loss=0.3556 lr=7.93e-05 elapsed=5927s
2026-09-16 02:10:00 | INFO | step=21200 loss=0.4563 lr=7.93e-05 elapsed=5952s
2026-09-16 02:10:24 | INFO | step=21300 loss=0.2162 lr=7.93e-05 elapsed=5976s
2026-09-16 02:10:49 | INFO | step=21400 loss=0.4179 lr=7.93e-05 elapsed=6000s
2026-09-16 02:11:13 | INFO | step=21500 loss=0.3576 lr=7.93e-05 elapsed=6025s
2026-09-16 02:11:38 | INFO | step=21600 loss=0.2999 lr=7.93e-05 elapsed=6049s
2026-09-16 02:12:02 | INFO | step=21700 loss=0.3522 lr=7.93e-05 elapsed=6073s
2026-09-16 02:12:26 | INFO | step=21800 loss=0.4868 lr=7.93e-05 elapsed=6097s
2026-09-16 02:12:51 | INFO | step=21900 loss=0.6952 lr=7.93e-05 elapsed=6122s
2026-09-16 02:13:15 | INFO | step=22000 loss=0.7826 lr=7.93e-05 elapsed=6146s
2026-09-16 02:13:25 | INFO | [eval] step=22000 dev_loss=4.9639
2026-09-16 02:14:21 | INFO |   EM on dev subset (200 samples): 1.00%
2026-09-16 02:14:45 | INFO | step=22100 loss=0.4057 lr=7.93e-05 elapsed=6237s
2026-09-16 02:15:10 | INFO | step=22200 loss=0.4467 lr=7.93e-05 elapsed=6261s
2026-09-16 02:15:35 | INFO | step=22300 loss=0.5581 lr=7.92e-05 elapsed=6286s
2026-09-16 02:16:00 | INFO | step=22400 loss=0.3847 lr=7.92e-05 elapsed=6311s
2026-09-16 02:16:24 | INFO | step=22500 loss=0.3779 lr=7.92e-05 elapsed=6335s
2026-09-16 02:16:49 | INFO | step=22600 loss=0.2278 lr=7.92e-05 elapsed=6360s
2026-09-16 02:17:13 | INFO | step=22700 loss=0.3333 lr=7.92e-05 elapsed=6384s
2026-09-16 02:17:38 | INFO | step=22800 loss=0.3053 lr=7.92e-05 elapsed=6409s
2026-09-16 02:18:02 | INFO | step=22900 loss=0.5954 lr=7.92e-05 elapsed=6433s
2026-09-16 02:18:26 | INFO | step=23000 loss=0.6960 lr=7.92e-05 elapsed=6458s
2026-09-16 02:18:51 | INFO | step=23100 loss=0.2987 lr=7.92e-05 elapsed=6482s
2026-09-16 02:19:15 | INFO | step=23200 loss=0.2205 lr=7.92e-05 elapsed=6506s
2026-09-16 02:19:40 | INFO | step=23300 loss=0.4684 lr=7.92e-05 elapsed=6531s
2026-09-16 02:20:04 | INFO | step=23400 loss=0.2967 lr=7.92e-05 elapsed=6555s
2026-09-16 02:20:29 | INFO | step=23500 loss=0.3585 lr=7.91e-05 elapsed=6580s
2026-09-16 02:20:53 | INFO | step=23600 loss=0.4898 lr=7.91e-05 elapsed=6604s
2026-09-16 02:21:17 | INFO | step=23700 loss=0.2940 lr=7.91e-05 elapsed=6629s
2026-09-16 02:21:42 | INFO | step=23800 loss=0.3947 lr=7.91e-05 elapsed=6653s
2026-09-16 02:22:06 | INFO | step=23900 loss=0.2925 lr=7.91e-05 elapsed=6677s
2026-09-16 02:22:30 | INFO | step=24000 loss=0.2821 lr=7.91e-05 elapsed=6702s
2026-09-16 02:22:40 | INFO | [eval] step=24000 dev_loss=5.0316
2026-09-16 02:23:33 | INFO |   EM on dev subset (200 samples): 1.00%
2026-09-16 02:23:58 | INFO | step=24100 loss=0.5956 lr=7.91e-05 elapsed=6789s
2026-09-16 02:24:22 | INFO | step=24200 loss=0.1886 lr=7.91e-05 elapsed=6814s
2026-09-16 02:24:47 | INFO | step=24300 loss=0.3840 lr=7.91e-05 elapsed=6838s
2026-09-16 02:25:12 | INFO | step=24400 loss=0.3417 lr=7.91e-05 elapsed=6863s
2026-09-16 02:25:36 | INFO | step=24500 loss=0.3529 lr=7.91e-05 elapsed=6887s
2026-09-16 02:26:00 | INFO | step=24600 loss=0.2979 lr=7.90e-05 elapsed=6911s
2026-09-16 02:26:25 | INFO | step=24700 loss=0.1558 lr=7.90e-05 elapsed=6936s
2026-09-16 02:26:49 | INFO | step=24800 loss=0.4020 lr=7.90e-05 elapsed=6960s
2026-09-16 02:27:13 | INFO | step=24900 loss=0.2636 lr=7.90e-05 elapsed=6985s
2026-09-16 02:27:38 | INFO | step=25000 loss=0.4179 lr=7.90e-05 elapsed=7009s
2026-09-16 02:28:02 | INFO | step=25100 loss=0.1055 lr=7.90e-05 elapsed=7034s
2026-09-16 02:28:27 | INFO | step=25200 loss=0.3177 lr=7.90e-05 elapsed=7058s
2026-09-16 02:28:51 | INFO | step=25300 loss=0.4414 lr=7.90e-05 elapsed=7082s
2026-09-16 02:29:15 | INFO | step=25400 loss=0.2321 lr=7.90e-05 elapsed=7106s
2026-09-16 02:29:40 | INFO | step=25500 loss=0.3204 lr=7.90e-05 elapsed=7131s
2026-09-16 02:30:04 | INFO | step=25600 loss=0.2111 lr=7.90e-05 elapsed=7155s
2026-09-16 02:30:28 | INFO | step=25700 loss=0.2004 lr=7.89e-05 elapsed=7180s
2026-09-16 02:30:53 | INFO | step=25800 loss=0.2449 lr=7.89e-05 elapsed=7204s
2026-09-16 02:31:17 | INFO | step=25900 loss=0.2523 lr=7.89e-05 elapsed=7228s
2026-09-16 02:31:41 | INFO | step=26000 loss=0.1821 lr=7.89e-05 elapsed=7253s
2026-09-16 02:31:51 | INFO | [eval] step=26000 dev_loss=5.1198
2026-09-16 02:32:55 | INFO |   EM on dev subset (200 samples): 1.50%
2026-09-16 02:33:20 | INFO | step=26100 loss=0.4722 lr=7.89e-05 elapsed=7351s
2026-09-16 02:33:44 | INFO | step=26200 loss=0.3641 lr=7.89e-05 elapsed=7376s
2026-09-16 02:34:09 | INFO | step=26300 loss=0.2752 lr=7.89e-05 elapsed=7400s
2026-09-16 02:34:33 | INFO | step=26400 loss=0.4919 lr=7.89e-05 elapsed=7425s
2026-09-16 02:34:58 | INFO | step=26500 loss=0.3258 lr=7.89e-05 elapsed=7449s
2026-09-16 02:35:22 | INFO | step=26600 loss=0.4169 lr=7.89e-05 elapsed=7473s
2026-09-16 02:35:46 | INFO | step=26700 loss=0.2058 lr=7.88e-05 elapsed=7497s
2026-09-16 02:36:11 | INFO | step=26800 loss=0.3236 lr=7.88e-05 elapsed=7522s
2026-09-16 02:36:35 | INFO | step=26900 loss=0.2905 lr=7.88e-05 elapsed=7547s
2026-09-16 02:37:00 | INFO | step=27000 loss=0.3866 lr=7.88e-05 elapsed=7571s
2026-09-16 02:37:24 | INFO | step=27100 loss=0.3085 lr=7.88e-05 elapsed=7595s
2026-09-16 02:37:49 | INFO | step=27200 loss=0.2448 lr=7.88e-05 elapsed=7620s
2026-09-16 02:38:13 | INFO | step=27300 loss=0.2006 lr=7.88e-05 elapsed=7644s
2026-09-16 02:38:37 | INFO | step=27400 loss=0.3839 lr=7.88e-05 elapsed=7668s
2026-09-16 02:39:01 | INFO | step=27500 loss=0.1718 lr=7.88e-05 elapsed=7693s
2026-09-16 02:39:26 | INFO | step=27600 loss=0.3202 lr=7.88e-05 elapsed=7717s
2026-09-16 02:39:50 | INFO | step=27700 loss=0.4062 lr=7.87e-05 elapsed=7741s
2026-09-16 02:40:15 | INFO | step=27800 loss=0.2251 lr=7.87e-05 elapsed=7766s
2026-09-16 02:40:39 | INFO | step=27900 loss=0.1363 lr=7.87e-05 elapsed=7790s
2026-09-16 02:41:03 | INFO | step=28000 loss=0.2982 lr=7.87e-05 elapsed=7814s
2026-09-16 02:41:13 | INFO | [eval] step=28000 dev_loss=5.1494
2026-09-16 02:42:25 | INFO |   EM on dev subset (200 samples): 0.50%
2026-09-16 02:42:50 | INFO | step=28100 loss=0.2098 lr=7.87e-05 elapsed=7921s
2026-09-16 02:43:15 | INFO | step=28200 loss=0.2872 lr=7.87e-05 elapsed=7946s
2026-09-16 02:43:39 | INFO | step=28300 loss=0.2693 lr=7.87e-05 elapsed=7971s
2026-09-16 02:44:04 | INFO | step=28400 loss=0.2736 lr=7.87e-05 elapsed=7995s
2026-09-16 02:44:28 | INFO | step=28500 loss=0.2038 lr=7.87e-05 elapsed=8020s
2026-09-16 02:44:53 | INFO | step=28600 loss=0.0941 lr=7.86e-05 elapsed=8044s
2026-09-16 02:45:17 | INFO | step=28700 loss=0.1082 lr=7.86e-05 elapsed=8069s
2026-09-16 02:45:42 | INFO | step=28800 loss=0.2970 lr=7.86e-05 elapsed=8093s
2026-09-16 02:46:06 | INFO | step=28900 loss=0.3672 lr=7.86e-05 elapsed=8118s
2026-09-16 02:46:31 | INFO | step=29000 loss=0.2473 lr=7.86e-05 elapsed=8142s
2026-09-16 02:46:55 | INFO | step=29100 loss=0.1950 lr=7.86e-05 elapsed=8166s
2026-09-16 02:47:19 | INFO | step=29200 loss=0.2287 lr=7.86e-05 elapsed=8190s
2026-09-16 02:47:44 | INFO | step=29300 loss=0.3301 lr=7.86e-05 elapsed=8215s
2026-09-16 02:48:08 | INFO | step=29400 loss=0.2648 lr=7.86e-05 elapsed=8239s
2026-09-16 02:48:32 | INFO | step=29500 loss=0.3999 lr=7.85e-05 elapsed=8263s
2026-09-16 02:48:57 | INFO | step=29600 loss=0.2335 lr=7.85e-05 elapsed=8288s
2026-09-16 02:49:21 | INFO | step=29700 loss=0.8938 lr=7.85e-05 elapsed=8312s
2026-09-16 02:49:46 | INFO | step=29800 loss=0.2812 lr=7.85e-05 elapsed=8337s
2026-09-16 02:50:10 | INFO | step=29900 loss=0.2728 lr=7.85e-05 elapsed=8361s
2026-09-16 02:50:34 | INFO | step=30000 loss=0.5300 lr=7.85e-05 elapsed=8386s
2026-09-16 02:50:44 | INFO | [eval] step=30000 dev_loss=5.2932
2026-09-16 02:51:39 | INFO |   EM on dev subset (200 samples): 1.50%
2026-09-16 02:52:04 | INFO | step=30100 loss=0.3144 lr=7.85e-05 elapsed=8475s
2026-09-16 02:52:28 | INFO | step=30200 loss=0.4954 lr=7.85e-05 elapsed=8500s
2026-09-16 02:52:53 | INFO | step=30300 loss=0.0955 lr=7.85e-05 elapsed=8524s
2026-09-16 02:53:17 | INFO | step=30400 loss=0.3204 lr=7.84e-05 elapsed=8549s
2026-09-16 02:53:42 | INFO | step=30500 loss=0.1878 lr=7.84e-05 elapsed=8573s
2026-09-16 02:54:06 | INFO | step=30600 loss=0.2838 lr=7.84e-05 elapsed=8597s
2026-09-16 02:54:30 | INFO | step=30700 loss=0.2158 lr=7.84e-05 elapsed=8622s
2026-09-16 02:54:55 | INFO | step=30800 loss=0.5377 lr=7.84e-05 elapsed=8646s
2026-09-16 02:55:19 | INFO | step=30900 loss=0.1842 lr=7.84e-05 elapsed=8670s
2026-09-16 02:55:43 | INFO | step=31000 loss=0.3213 lr=7.84e-05 elapsed=8694s
2026-09-16 02:56:07 | INFO | step=31100 loss=0.4162 lr=7.84e-05 elapsed=8719s
2026-09-16 02:56:32 | INFO | step=31200 loss=0.2879 lr=7.83e-05 elapsed=8743s
2026-09-16 02:56:56 | INFO | step=31300 loss=0.2336 lr=7.83e-05 elapsed=8767s
2026-09-16 02:57:20 | INFO | step=31400 loss=0.1204 lr=7.83e-05 elapsed=8791s
2026-09-16 02:57:45 | INFO | step=31500 loss=0.2273 lr=7.83e-05 elapsed=8816s
2026-09-16 02:58:09 | INFO | step=31600 loss=0.3855 lr=7.83e-05 elapsed=8841s
2026-09-16 02:58:34 | INFO | step=31700 loss=0.3892 lr=7.83e-05 elapsed=8865s
2026-09-16 02:58:58 | INFO | step=31800 loss=0.0832 lr=7.83e-05 elapsed=8889s
2026-09-16 02:59:22 | INFO | step=31900 loss=0.3388 lr=7.83e-05 elapsed=8913s
2026-09-16 02:59:47 | INFO | step=32000 loss=0.2183 lr=7.82e-05 elapsed=8938s
2026-09-16 02:59:56 | INFO | [eval] step=32000 dev_loss=5.4124
2026-09-16 03:00:46 | INFO |   EM on dev subset (200 samples): 1.50%
2026-09-16 03:01:10 | INFO | step=32100 loss=0.1507 lr=7.82e-05 elapsed=9021s
2026-09-16 03:01:35 | INFO | step=32200 loss=0.1935 lr=7.82e-05 elapsed=9046s
2026-09-16 03:01:59 | INFO | step=32300 loss=0.1688 lr=7.82e-05 elapsed=9070s
2026-09-16 03:02:24 | INFO | step=32400 loss=0.1795 lr=7.82e-05 elapsed=9095s
2026-09-16 03:02:48 | INFO | step=32500 loss=0.2172 lr=7.82e-05 elapsed=9119s
2026-09-16 03:03:12 | INFO | step=32600 loss=0.2723 lr=7.82e-05 elapsed=9143s
2026-09-16 03:03:37 | INFO | step=32700 loss=0.3633 lr=7.82e-05 elapsed=9168s
2026-09-16 03:04:01 | INFO | step=32800 loss=0.1384 lr=7.81e-05 elapsed=9193s
2026-09-16 03:04:26 | INFO | step=32900 loss=0.1457 lr=7.81e-05 elapsed=9217s
2026-09-16 03:04:50 | INFO | step=33000 loss=0.3150 lr=7.81e-05 elapsed=9241s
2026-09-16 03:05:14 | INFO | step=33100 loss=0.1332 lr=7.81e-05 elapsed=9266s
2026-09-16 03:05:39 | INFO | step=33200 loss=0.1645 lr=7.81e-05 elapsed=9290s
2026-09-16 03:06:04 | INFO | step=33300 loss=0.1466 lr=7.81e-05 elapsed=9315s
2026-09-16 03:06:28 | INFO | step=33400 loss=0.2470 lr=7.81e-05 elapsed=9339s
2026-09-16 03:06:52 | INFO | step=33500 loss=0.2296 lr=7.81e-05 elapsed=9363s
2026-09-16 03:07:17 | INFO | step=33600 loss=0.0622 lr=7.80e-05 elapsed=9388s
2026-09-16 03:07:41 | INFO | step=33700 loss=0.3061 lr=7.80e-05 elapsed=9412s
2026-09-16 03:08:06 | INFO | step=33800 loss=0.0591 lr=7.80e-05 elapsed=9437s
2026-09-16 03:08:30 | INFO | step=33900 loss=0.1320 lr=7.80e-05 elapsed=9461s
2026-09-16 03:08:54 | INFO | step=34000 loss=0.3063 lr=7.80e-05 elapsed=9486s
2026-09-16 03:09:04 | INFO | [eval] step=34000 dev_loss=5.3055
2026-09-16 03:10:03 | INFO |   EM on dev subset (200 samples): 1.50%
2026-09-16 03:10:28 | INFO | step=34100 loss=0.0934 lr=7.80e-05 elapsed=9579s
2026-09-16 03:10:52 | INFO | step=34200 loss=0.0608 lr=7.80e-05 elapsed=9604s
2026-09-16 03:11:17 | INFO | step=34300 loss=0.1569 lr=7.79e-05 elapsed=9628s
2026-09-16 03:11:42 | INFO | step=34400 loss=0.3037 lr=7.79e-05 elapsed=9653s
2026-09-16 03:12:06 | INFO | step=34500 loss=0.1655 lr=7.79e-05 elapsed=9677s
2026-09-16 03:12:31 | INFO | step=34600 loss=0.1199 lr=7.79e-05 elapsed=9702s
2026-09-16 03:12:55 | INFO | step=34700 loss=0.1537 lr=7.79e-05 elapsed=9726s
2026-09-16 03:13:20 | INFO | step=34800 loss=0.0923 lr=7.79e-05 elapsed=9751s
2026-09-16 03:13:44 | INFO | step=34900 loss=0.1888 lr=7.79e-05 elapsed=9775s
2026-09-16 03:14:09 | INFO | step=35000 loss=0.1476 lr=7.79e-05 elapsed=9800s
2026-09-16 03:14:33 | INFO | step=35100 loss=0.0442 lr=7.78e-05 elapsed=9824s
2026-09-16 03:14:58 | INFO | step=35200 loss=0.2330 lr=7.78e-05 elapsed=9849s
2026-09-16 03:15:22 | INFO | step=35300 loss=0.1050 lr=7.78e-05 elapsed=9874s
2026-09-16 03:15:47 | INFO | step=35400 loss=0.1642 lr=7.78e-05 elapsed=9898s
2026-09-16 03:16:11 | INFO | step=35500 loss=0.0319 lr=7.78e-05 elapsed=9923s
2026-09-16 03:16:36 | INFO | step=35600 loss=0.1350 lr=7.78e-05 elapsed=9947s
2026-09-16 03:17:00 | INFO | step=35700 loss=0.1069 lr=7.78e-05 elapsed=9971s
2026-09-16 03:17:24 | INFO | step=35800 loss=0.2062 lr=7.77e-05 elapsed=9996s
2026-09-16 03:17:49 | INFO | step=35900 loss=0.4484 lr=7.77e-05 elapsed=10020s
2026-09-16 03:18:14 | INFO | step=36000 loss=0.1001 lr=7.77e-05 elapsed=10045s
2026-09-16 03:18:23 | INFO | [eval] step=36000 dev_loss=5.4379
2026-09-16 03:19:22 | INFO |   EM on dev subset (200 samples): 0.00%
2026-09-16 03:19:46 | INFO | step=36100 loss=0.2342 lr=7.77e-05 elapsed=10137s
2026-09-16 03:20:11 | INFO | step=36200 loss=0.0733 lr=7.77e-05 elapsed=10162s
2026-09-16 03:20:35 | INFO | step=36300 loss=0.1650 lr=7.77e-05 elapsed=10186s
2026-09-16 03:21:00 | INFO | step=36400 loss=0.1910 lr=7.77e-05 elapsed=10211s
2026-09-16 03:21:24 | INFO | step=36500 loss=0.1018 lr=7.76e-05 elapsed=10235s
2026-09-16 03:21:48 | INFO | step=36600 loss=0.1109 lr=7.76e-05 elapsed=10260s
2026-09-16 03:22:13 | INFO | step=36700 loss=0.1167 lr=7.76e-05 elapsed=10284s
2026-09-16 03:22:38 | INFO | step=36800 loss=0.1220 lr=7.76e-05 elapsed=10309s
2026-09-16 03:23:02 | INFO | step=36900 loss=0.0369 lr=7.76e-05 elapsed=10333s
2026-09-16 03:23:27 | INFO | step=37000 loss=0.3247 lr=7.76e-05 elapsed=10358s
2026-09-16 03:23:51 | INFO | step=37100 loss=0.1476 lr=7.76e-05 elapsed=10383s
2026-09-16 03:24:16 | INFO | step=37200 loss=0.2007 lr=7.75e-05 elapsed=10407s
2026-09-16 03:24:40 | INFO | step=37300 loss=0.1543 lr=7.75e-05 elapsed=10431s
2026-09-16 03:25:04 | INFO | step=37400 loss=0.1154 lr=7.75e-05 elapsed=10456s
2026-09-16 03:25:29 | INFO | step=37500 loss=0.1567 lr=7.75e-05 elapsed=10480s
2026-09-16 03:25:53 | INFO | step=37600 loss=0.1132 lr=7.75e-05 elapsed=10504s
2026-09-16 03:26:18 | INFO | step=37700 loss=0.1643 lr=7.75e-05 elapsed=10529s
2026-09-16 03:26:42 | INFO | step=37800 loss=0.0751 lr=7.75e-05 elapsed=10553s
2026-09-16 03:27:06 | INFO | step=37900 loss=0.1545 lr=7.74e-05 elapsed=10577s
2026-09-16 03:27:30 | INFO | step=38000 loss=0.1010 lr=7.74e-05 elapsed=10602s
2026-09-16 03:27:40 | INFO | [eval] step=38000 dev_loss=5.3734
2026-09-16 03:28:47 | INFO |   EM on dev subset (200 samples): 0.00%
2026-09-16 03:29:12 | INFO | step=38100 loss=0.2427 lr=7.74e-05 elapsed=10703s
2026-09-16 03:29:37 | INFO | step=38200 loss=0.0427 lr=7.74e-05 elapsed=10728s
2026-09-16 03:30:01 | INFO | step=38300 loss=0.1228 lr=7.74e-05 elapsed=10752s
2026-09-16 03:30:26 | INFO | step=38400 loss=0.2540 lr=7.74e-05 elapsed=10777s
2026-09-16 03:30:50 | INFO | step=38500 loss=0.1251 lr=7.73e-05 elapsed=10802s
2026-09-16 03:31:15 | INFO | step=38600 loss=0.2160 lr=7.73e-05 elapsed=10826s
2026-09-16 03:31:39 | INFO | step=38700 loss=0.0960 lr=7.73e-05 elapsed=10850s
2026-09-16 03:32:04 | INFO | step=38800 loss=0.1087 lr=7.73e-05 elapsed=10875s
2026-09-16 03:32:28 | INFO | step=38900 loss=0.1777 lr=7.73e-05 elapsed=10899s
2026-09-16 03:32:53 | INFO | step=39000 loss=0.0192 lr=7.73e-05 elapsed=10924s
2026-09-16 03:33:17 | INFO | step=39100 loss=0.1483 lr=7.73e-05 elapsed=10948s
2026-09-16 03:33:41 | INFO | step=39200 loss=0.1940 lr=7.72e-05 elapsed=10972s
2026-09-16 03:34:05 | INFO | step=39300 loss=0.2062 lr=7.72e-05 elapsed=10996s
2026-09-16 03:34:30 | INFO | step=39400 loss=0.3516 lr=7.72e-05 elapsed=11021s
2026-09-16 03:34:54 | INFO | step=39500 loss=0.1681 lr=7.72e-05 elapsed=11045s
2026-09-16 03:35:19 | INFO | step=39600 loss=0.0938 lr=7.72e-05 elapsed=11070s
2026-09-16 03:35:43 | INFO | step=39700 loss=0.3402 lr=7.72e-05 elapsed=11094s
2026-09-16 03:36:07 | INFO | step=39800 loss=0.1625 lr=7.71e-05 elapsed=11119s
2026-09-16 03:36:32 | INFO | step=39900 loss=0.1139 lr=7.71e-05 elapsed=11143s
2026-09-16 03:36:56 | INFO | step=40000 loss=0.0660 lr=7.71e-05 elapsed=11167s
2026-09-16 03:37:06 | INFO | [eval] step=40000 dev_loss=5.4019
2026-09-16 03:38:20 | INFO |   EM on dev subset (200 samples): 0.00%
2026-09-16 03:39:06 | INFO | step=40100 loss=0.2157 lr=7.71e-05 elapsed=11298s
2026-09-16 03:39:31 | INFO | step=40200 loss=0.1485 lr=7.71e-05 elapsed=11322s
2026-09-16 03:39:56 | INFO | step=40300 loss=0.0643 lr=7.71e-05 elapsed=11347s
2026-09-16 03:40:20 | INFO | step=40400 loss=0.0154 lr=7.71e-05 elapsed=11371s
2026-09-16 03:40:44 | INFO | step=40500 loss=0.1798 lr=7.70e-05 elapsed=11396s
2026-09-16 03:41:09 | INFO | step=40600 loss=0.1177 lr=7.70e-05 elapsed=11420s
2026-09-16 03:41:33 | INFO | step=40700 loss=0.0508 lr=7.70e-05 elapsed=11444s
2026-09-16 03:41:58 | INFO | step=40800 loss=0.0800 lr=7.70e-05 elapsed=11469s
2026-09-16 03:42:22 | INFO | step=40900 loss=0.3022 lr=7.70e-05 elapsed=11493s
2026-09-16 03:42:46 | INFO | step=41000 loss=0.1405 lr=7.70e-05 elapsed=11518s
2026-09-16 03:43:11 | INFO | step=41100 loss=0.1254 lr=7.69e-05 elapsed=11542s
2026-09-16 03:43:35 | INFO | step=41200 loss=0.1273 lr=7.69e-05 elapsed=11566s
2026-09-16 03:43:59 | INFO | step=41300 loss=0.0702 lr=7.69e-05 elapsed=11591s
2026-09-16 03:44:24 | INFO | step=41400 loss=0.1169 lr=7.69e-05 elapsed=11615s
2026-09-16 03:44:48 | INFO | step=41500 loss=0.0717 lr=7.69e-05 elapsed=11639s
2026-09-16 03:45:12 | INFO | step=41600 loss=0.1160 lr=7.69e-05 elapsed=11664s
2026-09-16 03:45:37 | INFO | step=41700 loss=0.0376 lr=7.68e-05 elapsed=11688s
2026-09-16 03:46:01 | INFO | step=41800 loss=0.1185 lr=7.68e-05 elapsed=11712s
2026-09-16 03:46:26 | INFO | step=41900 loss=0.1774 lr=7.68e-05 elapsed=11737s
2026-09-16 03:46:51 | INFO | step=42000 loss=0.0441 lr=7.68e-05 elapsed=11762s
2026-09-16 03:47:00 | INFO | [eval] step=42000 dev_loss=5.5143
2026-09-16 03:48:04 | INFO |   EM on dev subset (200 samples): 1.00%
2026-09-16 03:48:29 | INFO | step=42100 loss=0.0828 lr=7.68e-05 elapsed=11860s
2026-09-16 03:48:53 | INFO | step=42200 loss=0.1876 lr=7.68e-05 elapsed=11885s
2026-09-16 03:49:18 | INFO | step=42300 loss=0.0322 lr=7.67e-05 elapsed=11909s
2026-09-16 03:49:43 | INFO | step=42400 loss=0.1237 lr=7.67e-05 elapsed=11934s
2026-09-16 03:50:07 | INFO | step=42500 loss=0.0802 lr=7.67e-05 elapsed=11958s
2026-09-16 03:50:32 | INFO | step=42600 loss=0.1275 lr=7.67e-05 elapsed=11983s
2026-09-16 03:50:56 | INFO | step=42700 loss=0.0889 lr=7.67e-05 elapsed=12007s
2026-09-16 03:51:20 | INFO | step=42800 loss=0.3311 lr=7.67e-05 elapsed=12032s
2026-09-16 03:51:45 | INFO | step=42900 loss=0.1600 lr=7.66e-05 elapsed=12056s
2026-09-16 03:52:10 | INFO | step=43000 loss=0.1044 lr=7.66e-05 elapsed=12081s
2026-09-16 03:52:34 | INFO | step=43100 loss=0.1953 lr=7.66e-05 elapsed=12105s
2026-09-16 03:52:58 | INFO | step=43200 loss=0.0743 lr=7.66e-05 elapsed=12130s
2026-09-16 03:53:23 | INFO | step=43300 loss=0.1054 lr=7.66e-05 elapsed=12154s
2026-09-16 03:53:47 | INFO | step=43400 loss=0.0624 lr=7.66e-05 elapsed=12178s
2026-09-16 03:54:11 | INFO | step=43500 loss=0.3848 lr=7.65e-05 elapsed=12203s
2026-09-16 03:54:36 | INFO | step=43600 loss=0.1382 lr=7.65e-05 elapsed=12227s
2026-09-16 03:55:00 | INFO | step=43700 loss=0.0778 lr=7.65e-05 elapsed=12252s
2026-09-16 03:55:25 | INFO | step=43800 loss=0.2089 lr=7.65e-05 elapsed=12276s
2026-09-16 03:55:49 | INFO | step=43900 loss=0.1201 lr=7.65e-05 elapsed=12301s
2026-09-16 03:56:14 | INFO | step=44000 loss=0.2309 lr=7.64e-05 elapsed=12325s
2026-09-16 03:56:23 | INFO | [eval] step=44000 dev_loss=5.4754
2026-09-16 03:57:35 | INFO |   EM on dev subset (200 samples): 0.00%
2026-09-16 03:58:00 | INFO | step=44100 loss=0.0534 lr=7.64e-05 elapsed=12431s
2026-09-16 03:58:24 | INFO | step=44200 loss=0.0275 lr=7.64e-05 elapsed=12456s
2026-09-16 03:58:49 | INFO | step=44300 loss=0.0937 lr=7.64e-05 elapsed=12480s
2026-09-16 03:59:13 | INFO | step=44400 loss=0.0976 lr=7.64e-05 elapsed=12504s
2026-09-16 03:59:37 | INFO | step=44500 loss=0.1532 lr=7.64e-05 elapsed=12528s
2026-09-16 04:00:02 | INFO | step=44600 loss=0.2201 lr=7.63e-05 elapsed=12553s
2026-09-16 04:00:26 | INFO | step=44700 loss=0.1214 lr=7.63e-05 elapsed=12577s
2026-09-16 04:00:51 | INFO | step=44800 loss=0.0696 lr=7.63e-05 elapsed=12602s
2026-09-16 04:01:15 | INFO | step=44900 loss=0.0760 lr=7.63e-05 elapsed=12626s
2026-09-16 04:01:39 | INFO | step=45000 loss=0.0653 lr=7.63e-05 elapsed=12650s
2026-09-16 04:02:03 | INFO | step=45100 loss=0.2305 lr=7.63e-05 elapsed=12675s
2026-09-16 04:02:28 | INFO | step=45200 loss=0.0251 lr=7.62e-05 elapsed=12699s
2026-09-16 04:02:52 | INFO | step=45300 loss=0.0643 lr=7.62e-05 elapsed=12723s
2026-09-16 04:03:17 | INFO | step=45400 loss=0.0877 lr=7.62e-05 elapsed=12748s
2026-09-16 04:03:42 | INFO | step=45500 loss=0.1221 lr=7.62e-05 elapsed=12773s
2026-09-16 04:04:06 | INFO | step=45600 loss=0.1232 lr=7.62e-05 elapsed=12798s
2026-09-16 04:04:31 | INFO | step=45700 loss=0.0449 lr=7.61e-05 elapsed=12822s
2026-09-16 04:04:55 | INFO | step=45800 loss=0.0157 lr=7.61e-05 elapsed=12846s
2026-09-16 04:05:19 | INFO | step=45900 loss=0.0331 lr=7.61e-05 elapsed=12871s
2026-09-16 04:05:44 | INFO | step=46000 loss=0.0415 lr=7.61e-05 elapsed=12895s
2026-09-16 04:05:54 | INFO | [eval] step=46000 dev_loss=5.6507
2026-09-16 04:07:05 | INFO |   EM on dev subset (200 samples): 0.50%
2026-09-16 04:07:29 | INFO | step=46100 loss=0.1720 lr=7.61e-05 elapsed=13000s
2026-09-16 04:07:54 | INFO | step=46200 loss=0.0839 lr=7.61e-05 elapsed=13025s
2026-09-16 04:08:18 | INFO | step=46300 loss=0.0613 lr=7.60e-05 elapsed=13049s
2026-09-16 04:08:43 | INFO | step=46400 loss=0.0935 lr=7.60e-05 elapsed=13074s
2026-09-16 04:09:07 | INFO | step=46500 loss=0.0463 lr=7.60e-05 elapsed=13098s
2026-09-16 04:09:32 | INFO | step=46600 loss=0.2004 lr=7.60e-05 elapsed=13123s
2026-09-16 04:09:56 | INFO | step=46700 loss=0.1207 lr=7.60e-05 elapsed=13147s
2026-09-16 04:10:21 | INFO | step=46800 loss=0.1057 lr=7.59e-05 elapsed=13172s
2026-09-16 04:10:45 | INFO | step=46900 loss=0.1294 lr=7.59e-05 elapsed=13196s
2026-09-16 04:11:09 | INFO | step=47000 loss=0.1236 lr=7.59e-05 elapsed=13221s
2026-09-16 04:11:34 | INFO | step=47100 loss=0.1733 lr=7.59e-05 elapsed=13245s
2026-09-16 04:11:58 | INFO | step=47200 loss=0.0481 lr=7.59e-05 elapsed=13269s
2026-09-16 04:12:23 | INFO | step=47300 loss=0.0499 lr=7.58e-05 elapsed=13294s
2026-09-16 04:12:47 | INFO | step=47400 loss=0.1918 lr=7.58e-05 elapsed=13318s
2026-09-16 04:13:12 | INFO | step=47500 loss=0.0526 lr=7.58e-05 elapsed=13343s
2026-09-16 04:13:36 | INFO | step=47600 loss=0.0701 lr=7.58e-05 elapsed=13367s
2026-09-16 04:14:01 | INFO | step=47700 loss=0.0466 lr=7.58e-05 elapsed=13392s
2026-09-16 04:14:25 | INFO | step=47800 loss=0.1025 lr=7.58e-05 elapsed=13416s
2026-09-16 04:14:49 | INFO | step=47900 loss=0.1008 lr=7.57e-05 elapsed=13440s
2026-09-16 04:15:14 | INFO | step=48000 loss=0.0614 lr=7.57e-05 elapsed=13465s
2026-09-16 04:15:23 | INFO | [eval] step=48000 dev_loss=5.5855
2026-09-16 04:16:25 | INFO |   EM on dev subset (200 samples): 0.00%
2026-09-16 04:16:49 | INFO | step=48100 loss=0.1567 lr=7.57e-05 elapsed=13560s
2026-09-16 04:17:14 | INFO | step=48200 loss=0.0345 lr=7.57e-05 elapsed=13585s
2026-09-16 04:17:38 | INFO | step=48300 loss=0.1918 lr=7.57e-05 elapsed=13609s
2026-09-16 04:18:03 | INFO | step=48400 loss=0.0205 lr=7.56e-05 elapsed=13634s
2026-09-16 04:18:27 | INFO | step=48500 loss=0.1972 lr=7.56e-05 elapsed=13659s
2026-09-16 04:18:52 | INFO | step=48600 loss=0.0735 lr=7.56e-05 elapsed=13683s
2026-09-16 04:19:16 | INFO | step=48700 loss=0.0896 lr=7.56e-05 elapsed=13707s
2026-09-16 04:19:40 | INFO | step=48800 loss=0.0758 lr=7.56e-05 elapsed=13732s
2026-09-16 04:20:05 | INFO | step=48900 loss=0.0251 lr=7.55e-05 elapsed=13756s
2026-09-16 04:20:29 | INFO | step=49000 loss=0.0964 lr=7.55e-05 elapsed=13781s
2026-09-16 04:20:54 | INFO | step=49100 loss=0.0127 lr=7.55e-05 elapsed=13805s
2026-09-16 04:21:18 | INFO | step=49200 loss=0.0870 lr=7.55e-05 elapsed=13829s
2026-09-16 04:21:42 | INFO | step=49300 loss=0.0987 lr=7.55e-05 elapsed=13854s
2026-09-16 04:22:07 | INFO | step=49400 loss=0.0165 lr=7.54e-05 elapsed=13878s
2026-09-16 04:22:31 | INFO | step=49500 loss=0.1177 lr=7.54e-05 elapsed=13902s
2026-09-16 04:22:56 | INFO | step=49600 loss=0.0536 lr=7.54e-05 elapsed=13927s
2026-09-16 04:23:20 | INFO | step=49700 loss=0.0684 lr=7.54e-05 elapsed=13951s
2026-09-16 04:23:45 | INFO | step=49800 loss=0.0823 lr=7.54e-05 elapsed=13976s
2026-09-16 04:24:09 | INFO | step=49900 loss=0.0384 lr=7.53e-05 elapsed=14000s
2026-09-16 04:24:33 | INFO | step=50000 loss=0.0668 lr=7.53e-05 elapsed=14025s
2026-09-16 04:24:43 | INFO | [eval] step=50000 dev_loss=5.7145
2026-09-16 04:26:01 | INFO |   EM on dev subset (200 samples): 0.50%
2026-09-16 04:26:26 | INFO | step=50100 loss=0.1734 lr=7.53e-05 elapsed=14137s
2026-09-16 04:26:50 | INFO | step=50200 loss=0.0513 lr=7.53e-05 elapsed=14161s
2026-09-16 04:27:14 | INFO | step=50300 loss=0.0255 lr=7.53e-05 elapsed=14186s
2026-09-16 04:27:39 | INFO | step=50400 loss=0.0988 lr=7.52e-05 elapsed=14210s
2026-09-16 04:28:04 | INFO | step=50500 loss=0.0748 lr=7.52e-05 elapsed=14235s
2026-09-16 04:28:28 | INFO | step=50600 loss=0.0652 lr=7.52e-05 elapsed=14260s
2026-09-16 04:28:53 | INFO | step=50700 loss=0.0634 lr=7.52e-05 elapsed=14284s
2026-09-16 04:29:18 | INFO | step=50800 loss=0.1592 lr=7.52e-05 elapsed=14309s
2026-09-16 04:29:42 | INFO | step=50900 loss=0.0318 lr=7.51e-05 elapsed=14333s
2026-09-16 04:30:06 | INFO | step=51000 loss=0.0129 lr=7.51e-05 elapsed=14358s
2026-09-16 04:30:31 | INFO | step=51100 loss=0.0247 lr=7.51e-05 elapsed=14382s
2026-09-16 04:30:55 | INFO | step=51200 loss=0.0111 lr=7.51e-05 elapsed=14406s
2026-09-16 04:31:20 | INFO | step=51300 loss=0.0801 lr=7.51e-05 elapsed=14431s
2026-09-16 04:31:44 | INFO | step=51400 loss=0.0933 lr=7.50e-05 elapsed=14455s
2026-09-16 04:32:08 | INFO | step=51500 loss=0.1330 lr=7.50e-05 elapsed=14480s
2026-09-16 04:32:32 | INFO | step=51600 loss=0.1192 lr=7.50e-05 elapsed=14504s
2026-09-16 04:32:57 | INFO | step=51700 loss=0.1103 lr=7.50e-05 elapsed=14528s
2026-09-16 04:33:21 | INFO | step=51800 loss=0.1383 lr=7.50e-05 elapsed=14553s
2026-09-16 04:33:46 | INFO | step=51900 loss=0.0074 lr=7.49e-05 elapsed=14577s
2026-09-16 04:34:10 | INFO | step=52000 loss=0.0156 lr=7.49e-05 elapsed=14601s
2026-09-16 04:34:19 | INFO | [eval] step=52000 dev_loss=5.6576
2026-09-16 04:35:18 | INFO |   EM on dev subset (200 samples): 1.50%
2026-09-16 04:35:43 | INFO | step=52100 loss=0.0726 lr=7.49e-05 elapsed=14694s
2026-09-16 04:36:07 | INFO | step=52200 loss=0.0955 lr=7.49e-05 elapsed=14718s
2026-09-16 04:36:32 | INFO | step=52300 loss=0.0480 lr=7.49e-05 elapsed=14743s
2026-09-16 04:36:57 | INFO | step=52400 loss=0.1690 lr=7.48e-05 elapsed=14768s
2026-09-16 04:37:21 | INFO | step=52500 loss=0.0687 lr=7.48e-05 elapsed=14792s
2026-09-16 04:37:46 | INFO | step=52600 loss=0.0864 lr=7.48e-05 elapsed=14817s
2026-09-16 04:38:10 | INFO | step=52700 loss=0.0149 lr=7.48e-05 elapsed=14841s
2026-09-16 04:38:34 | INFO | step=52800 loss=0.1207 lr=7.48e-05 elapsed=14866s
2026-09-16 04:38:59 | INFO | step=52900 loss=0.0345 lr=7.47e-05 elapsed=14890s
2026-09-16 04:39:23 | INFO | step=53000 loss=0.0477 lr=7.47e-05 elapsed=14914s
2026-09-16 04:39:48 | INFO | step=53100 loss=0.1039 lr=7.47e-05 elapsed=14939s
2026-09-16 04:40:12 | INFO | step=53200 loss=0.0378 lr=7.47e-05 elapsed=14963s
2026-09-16 04:40:36 | INFO | step=53300 loss=0.0467 lr=7.46e-05 elapsed=14987s
2026-09-16 04:41:00 | INFO | step=53400 loss=0.0238 lr=7.46e-05 elapsed=15012s
2026-09-16 04:41:25 | INFO | step=53500 loss=0.1120 lr=7.46e-05 elapsed=15036s
2026-09-16 04:41:49 | INFO | step=53600 loss=0.1642 lr=7.46e-05 elapsed=15060s
2026-09-16 04:42:14 | INFO | step=53700 loss=0.0887 lr=7.46e-05 elapsed=15085s
2026-09-16 04:42:38 | INFO | step=53800 loss=0.0636 lr=7.45e-05 elapsed=15109s
2026-09-16 04:43:02 | INFO | step=53900 loss=0.0680 lr=7.45e-05 elapsed=15133s
2026-09-16 04:43:27 | INFO | step=54000 loss=0.0901 lr=7.45e-05 elapsed=15158s
2026-09-16 04:43:36 | INFO | [eval] step=54000 dev_loss=5.7785
2026-09-16 04:44:41 | INFO |   EM on dev subset (200 samples): 0.00%
2026-09-16 04:45:05 | INFO | step=54100 loss=0.1030 lr=7.45e-05 elapsed=15257s
2026-09-16 04:45:30 | INFO | step=54200 loss=0.0416 lr=7.45e-05 elapsed=15281s
2026-09-16 04:45:54 | INFO | step=54300 loss=0.0586 lr=7.44e-05 elapsed=15306s
2026-09-16 04:46:19 | INFO | step=54400 loss=0.0712 lr=7.44e-05 elapsed=15330s
2026-09-16 04:46:43 | INFO | step=54500 loss=0.0234 lr=7.44e-05 elapsed=15354s
2026-09-16 04:47:07 | INFO | step=54600 loss=0.0903 lr=7.44e-05 elapsed=15379s
2026-09-16 04:47:32 | INFO | step=54700 loss=0.0579 lr=7.43e-05 elapsed=15403s
2026-09-16 04:47:56 | INFO | step=54800 loss=0.1198 lr=7.43e-05 elapsed=15427s
2026-09-16 04:48:20 | INFO | step=54900 loss=0.1634 lr=7.43e-05 elapsed=15452s
2026-09-16 04:48:45 | INFO | step=55000 loss=0.0294 lr=7.43e-05 elapsed=15476s
2026-09-16 04:49:09 | INFO | step=55100 loss=0.0782 lr=7.43e-05 elapsed=15500s
2026-09-16 04:49:33 | INFO | step=55200 loss=0.0604 lr=7.42e-05 elapsed=15524s
2026-09-16 04:49:58 | INFO | step=55300 loss=0.0612 lr=7.42e-05 elapsed=15549s
2026-09-16 04:50:22 | INFO | step=55400 loss=0.1064 lr=7.42e-05 elapsed=15573s
2026-09-16 04:50:46 | INFO | step=55500 loss=0.0247 lr=7.42e-05 elapsed=15598s
2026-09-16 04:51:11 | INFO | step=55600 loss=0.0890 lr=7.41e-05 elapsed=15622s
2026-09-16 04:51:35 | INFO | step=55700 loss=0.0453 lr=7.41e-05 elapsed=15647s
2026-09-16 04:52:00 | INFO | step=55800 loss=0.0213 lr=7.41e-05 elapsed=15671s
2026-09-16 04:52:24 | INFO | step=55900 loss=0.1588 lr=7.41e-05 elapsed=15695s
2026-09-16 04:52:49 | INFO | step=56000 loss=0.0950 lr=7.41e-05 elapsed=15720s
2026-09-16 04:52:58 | INFO | [eval] step=56000 dev_loss=5.7527
2026-09-16 04:54:08 | INFO |   EM on dev subset (200 samples): 0.00%
2026-09-16 04:54:32 | INFO | step=56100 loss=0.0278 lr=7.40e-05 elapsed=15824s
2026-09-16 04:54:57 | INFO | step=56200 loss=0.0373 lr=7.40e-05 elapsed=15848s
2026-09-16 04:55:21 | INFO | step=56300 loss=0.1245 lr=7.40e-05 elapsed=15872s
2026-09-16 04:55:46 | INFO | step=56400 loss=0.0569 lr=7.40e-05 elapsed=15897s
2026-09-16 04:56:10 | INFO | step=56500 loss=0.0411 lr=7.39e-05 elapsed=15921s
2026-09-16 04:56:35 | INFO | step=56600 loss=0.0605 lr=7.39e-05 elapsed=15946s
2026-09-16 04:56:59 | INFO | step=56700 loss=0.0481 lr=7.39e-05 elapsed=15970s
2026-09-16 04:57:23 | INFO | step=56800 loss=0.0949 lr=7.39e-05 elapsed=15994s
2026-09-16 04:57:47 | INFO | step=56900 loss=0.0675 lr=7.39e-05 elapsed=16019s
2026-09-16 04:58:12 | INFO | step=57000 loss=0.0836 lr=7.38e-05 elapsed=16043s
2026-09-16 04:58:36 | INFO | step=57100 loss=0.0112 lr=7.38e-05 elapsed=16067s
2026-09-16 04:59:01 | INFO | step=57200 loss=0.0514 lr=7.38e-05 elapsed=16092s
2026-09-16 04:59:25 | INFO | step=57300 loss=0.0352 lr=7.38e-05 elapsed=16116s
2026-09-16 04:59:49 | INFO | step=57400 loss=0.0510 lr=7.37e-05 elapsed=16140s
2026-09-16 05:00:13 | INFO | step=57500 loss=0.0452 lr=7.37e-05 elapsed=16164s
2026-09-16 05:00:38 | INFO | step=57600 loss=0.0321 lr=7.37e-05 elapsed=16189s
2026-09-16 05:01:02 | INFO | step=57700 loss=0.0593 lr=7.37e-05 elapsed=16213s
2026-09-16 05:01:27 | INFO | step=57800 loss=0.1517 lr=7.37e-05 elapsed=16238s
2026-09-16 05:01:51 | INFO | step=57900 loss=0.0322 lr=7.36e-05 elapsed=16262s
2026-09-16 05:02:15 | INFO | step=58000 loss=0.0607 lr=7.36e-05 elapsed=16287s
2026-09-16 05:02:25 | INFO | [eval] step=58000 dev_loss=5.7619
2026-09-16 05:03:24 | INFO |   EM on dev subset (200 samples): 1.00%
2026-09-16 05:03:48 | INFO | step=58100 loss=0.0253 lr=7.36e-05 elapsed=16380s
2026-09-16 05:04:13 | INFO | step=58200 loss=0.1251 lr=7.36e-05 elapsed=16404s
2026-09-16 05:04:37 | INFO | step=58300 loss=0.0666 lr=7.35e-05 elapsed=16429s
2026-09-16 05:05:02 | INFO | step=58400 loss=0.0815 lr=7.35e-05 elapsed=16453s
2026-09-16 05:05:26 | INFO | step=58500 loss=0.0359 lr=7.35e-05 elapsed=16477s
2026-09-16 05:05:50 | INFO | step=58600 loss=0.0552 lr=7.35e-05 elapsed=16502s
2026-09-16 05:06:15 | INFO | step=58700 loss=0.0428 lr=7.34e-05 elapsed=16526s
2026-09-16 05:06:39 | INFO | step=58800 loss=0.0489 lr=7.34e-05 elapsed=16550s
2026-09-16 05:07:03 | INFO | step=58900 loss=0.1201 lr=7.34e-05 elapsed=16574s
2026-09-16 05:07:28 | INFO | step=59000 loss=0.0541 lr=7.34e-05 elapsed=16599s
2026-09-16 05:07:51 | INFO | step=59100 loss=0.0110 lr=7.34e-05 elapsed=16623s
2026-09-16 05:08:16 | INFO | step=59200 loss=0.0825 lr=7.33e-05 elapsed=16647s
2026-09-16 05:08:40 | INFO | step=59300 loss=0.0539 lr=7.33e-05 elapsed=16671s
2026-09-16 05:09:05 | INFO | step=59400 loss=0.0323 lr=7.33e-05 elapsed=16696s
2026-09-16 05:09:29 | INFO | step=59500 loss=0.0972 lr=7.33e-05 elapsed=16720s
2026-09-16 05:09:53 | INFO | step=59600 loss=0.0371 lr=7.32e-05 elapsed=16744s
2026-09-16 05:10:18 | INFO | step=59700 loss=0.0816 lr=7.32e-05 elapsed=16769s
2026-09-16 05:10:42 | INFO | step=59800 loss=0.0129 lr=7.32e-05 elapsed=16793s
2026-09-16 05:11:06 | INFO | step=59900 loss=0.0664 lr=7.32e-05 elapsed=16818s
2026-09-16 05:11:31 | INFO | step=60000 loss=0.0331 lr=7.31e-05 elapsed=16842s
2026-09-16 05:11:40 | INFO | [eval] step=60000 dev_loss=5.7351
2026-09-16 05:12:42 | INFO |   EM on dev subset (200 samples): 1.00%
2026-09-16 05:13:29 | INFO | step=60100 loss=0.1216 lr=7.31e-05 elapsed=16960s
2026-09-16 05:13:54 | INFO | step=60200 loss=0.1062 lr=7.31e-05 elapsed=16985s
2026-09-16 05:14:18 | INFO | step=60300 loss=0.3287 lr=7.31e-05 elapsed=17009s
2026-09-16 05:14:42 | INFO | step=60400 loss=0.1707 lr=7.30e-05 elapsed=17034s
2026-09-16 05:15:07 | INFO | step=60500 loss=0.0711 lr=7.30e-05 elapsed=17058s
2026-09-16 05:15:31 | INFO | step=60600 loss=0.0410 lr=7.30e-05 elapsed=17082s
2026-09-16 05:15:55 | INFO | step=60700 loss=0.0764 lr=7.30e-05 elapsed=17106s
2026-09-16 05:16:20 | INFO | step=60800 loss=0.0263 lr=7.29e-05 elapsed=17131s
2026-09-16 05:16:44 | INFO | step=60900 loss=0.0340 lr=7.29e-05 elapsed=17155s
2026-09-16 05:17:08 | INFO | step=61000 loss=0.0944 lr=7.29e-05 elapsed=17179s
2026-09-16 05:17:32 | INFO | step=61100 loss=0.0687 lr=7.29e-05 elapsed=17203s
2026-09-16 05:17:57 | INFO | step=61200 loss=0.0935 lr=7.29e-05 elapsed=17228s
2026-09-16 05:18:21 | INFO | step=61300 loss=0.0167 lr=7.28e-05 elapsed=17253s
2026-09-16 05:18:46 | INFO | step=61400 loss=0.0268 lr=7.28e-05 elapsed=17277s
2026-09-16 05:19:10 | INFO | step=61500 loss=0.1102 lr=7.28e-05 elapsed=17301s
2026-09-16 05:19:34 | INFO | step=61600 loss=0.0093 lr=7.28e-05 elapsed=17326s
2026-09-16 05:19:59 | INFO | step=61700 loss=0.0221 lr=7.27e-05 elapsed=17350s
2026-09-16 05:20:23 | INFO | step=61800 loss=0.0096 lr=7.27e-05 elapsed=17374s
2026-09-16 05:20:47 | INFO | step=61900 loss=0.0455 lr=7.27e-05 elapsed=17399s
2026-09-16 05:21:12 | INFO | step=62000 loss=0.0506 lr=7.27e-05 elapsed=17423s
2026-09-16 05:21:21 | INFO | [eval] step=62000 dev_loss=5.7791
2026-09-16 05:22:25 | INFO |   EM on dev subset (200 samples): 0.00%
2026-09-16 05:22:50 | INFO | step=62100 loss=0.0233 lr=7.26e-05 elapsed=17521s
2026-09-16 05:23:14 | INFO | step=62200 loss=0.0449 lr=7.26e-05 elapsed=17545s
2026-09-16 05:23:38 | INFO | step=62300 loss=0.0305 lr=7.26e-05 elapsed=17570s
2026-09-16 05:24:03 | INFO | step=62400 loss=0.1090 lr=7.26e-05 elapsed=17594s
2026-09-16 05:24:27 | INFO | step=62500 loss=0.0592 lr=7.25e-05 elapsed=17618s
2026-09-16 05:24:52 | INFO | step=62600 loss=0.0372 lr=7.25e-05 elapsed=17643s
2026-09-16 05:25:16 | INFO | step=62700 loss=0.0181 lr=7.25e-05 elapsed=17667s
2026-09-16 05:25:40 | INFO | step=62800 loss=0.0250 lr=7.25e-05 elapsed=17692s
2026-09-16 05:26:05 | INFO | step=62900 loss=0.0943 lr=7.24e-05 elapsed=17716s
2026-09-16 05:26:29 | INFO | step=63000 loss=0.0926 lr=7.24e-05 elapsed=17740s
2026-09-16 05:26:53 | INFO | step=63100 loss=0.0073 lr=7.24e-05 elapsed=17765s
2026-09-16 05:27:18 | INFO | step=63200 loss=0.0397 lr=7.24e-05 elapsed=17789s
2026-09-16 05:27:42 | INFO | step=63300 loss=0.0600 lr=7.23e-05 elapsed=17813s
2026-09-16 05:28:07 | INFO | step=63400 loss=0.0555 lr=7.23e-05 elapsed=17838s
2026-09-16 05:28:31 | INFO | step=63500 loss=0.0077 lr=7.23e-05 elapsed=17862s
2026-09-16 05:28:56 | INFO | step=63600 loss=0.0065 lr=7.23e-05 elapsed=17887s
2026-09-16 05:29:20 | INFO | step=63700 loss=0.0049 lr=7.22e-05 elapsed=17911s
2026-09-16 05:29:44 | INFO | step=63800 loss=0.0184 lr=7.22e-05 elapsed=17935s
2026-09-16 05:30:08 | INFO | step=63900 loss=0.0588 lr=7.22e-05 elapsed=17959s
2026-09-16 05:30:33 | INFO | step=64000 loss=0.0539 lr=7.22e-05 elapsed=17984s
2026-09-16 05:30:42 | INFO | [eval] step=64000 dev_loss=5.9324
2026-09-16 05:31:35 | INFO |   EM on dev subset (200 samples): 1.00%
2026-09-16 05:31:59 | INFO | step=64100 loss=0.0366 lr=7.21e-05 elapsed=18070s
2026-09-16 05:32:24 | INFO | step=64200 loss=0.0357 lr=7.21e-05 elapsed=18095s
2026-09-16 05:32:48 | INFO | step=64300 loss=0.0825 lr=7.21e-05 elapsed=18119s
2026-09-16 05:33:13 | INFO | step=64400 loss=0.0702 lr=7.21e-05 elapsed=18144s
2026-09-16 05:33:37 | INFO | step=64500 loss=0.0390 lr=7.20e-05 elapsed=18168s
2026-09-16 05:34:02 | INFO | step=64600 loss=0.0324 lr=7.20e-05 elapsed=18193s
2026-09-16 05:34:26 | INFO | step=64700 loss=0.0247 lr=7.20e-05 elapsed=18217s
2026-09-16 05:34:51 | INFO | step=64800 loss=0.0307 lr=7.20e-05 elapsed=18242s
2026-09-16 05:35:15 | INFO | step=64900 loss=0.0222 lr=7.19e-05 elapsed=18266s
2026-09-16 05:35:39 | INFO | step=65000 loss=0.0616 lr=7.19e-05 elapsed=18290s
2026-09-16 05:36:03 | INFO | step=65100 loss=0.0595 lr=7.19e-05 elapsed=18314s
2026-09-16 05:36:28 | INFO | step=65200 loss=0.0739 lr=7.19e-05 elapsed=18339s
2026-09-16 05:36:52 | INFO | step=65300 loss=0.0253 lr=7.18e-05 elapsed=18363s
2026-09-16 05:37:16 | INFO | step=65400 loss=0.0334 lr=7.18e-05 elapsed=18388s
2026-09-16 05:37:41 | INFO | step=65500 loss=0.0342 lr=7.18e-05 elapsed=18412s
2026-09-16 05:38:05 | INFO | step=65600 loss=0.0550 lr=7.18e-05 elapsed=18436s
2026-09-16 05:38:30 | INFO | step=65700 loss=0.0234 lr=7.17e-05 elapsed=18461s
2026-09-16 05:38:54 | INFO | step=65800 loss=0.0144 lr=7.17e-05 elapsed=18485s
2026-09-16 05:39:18 | INFO | step=65900 loss=0.0092 lr=7.17e-05 elapsed=18510s
2026-09-16 05:39:43 | INFO | step=66000 loss=0.0667 lr=7.16e-05 elapsed=18534s
2026-09-16 05:39:53 | INFO | [eval] step=66000 dev_loss=5.8025
2026-09-16 05:40:48 | INFO |   EM on dev subset (200 samples): 1.50%
2026-09-16 05:40:48 | INFO | Early stopping triggered.
2026-09-16 05:40:48 | INFO | Training complete. Best dev loss: 4.1393
