2026-09-12 09:58:59 | INFO | Device: cuda
2026-09-12 09:59:02 | INFO | Model: relational, k=8, params=389.0M
2026-09-12 09:59:02 | INFO | Training on 7473 examples, eval on 1319
2026-09-12 09:59:02 | INFO | Config: TrainingConfig(model_type='relational', hidden_dim=512, num_encoder_layers=12, num_decoder_layers=12, num_heads=8, num_attributes=8, use_gating=True, use_mixing=False, pairing_strategy='cyclic', pairing_seed=1234, ffn_dim=2048, max_seq_len=512, dropout=0.1, vocab_size=32000, learning_rate=0.0002, weight_decay=0.01, warmup_steps=4000, max_steps=200000, batch_size=16, gradient_accumulation=1, max_grad_norm=1.0, label_smoothing=0.1, eval_every=1000, save_every=10000, patience=3, eval_by_em=False, dataset='gsm8k', nas_dir='/nas/Dataset/nlp', max_src_len=256, max_tgt_len=32, seed=42, num_workers=4, fp16=False, output_dir='/nas/Dataset/experiments/relational-attention/muhiddin_outputs/rel_125m_gsm8k_ablation_no_mixing_s42_v2fixed', log_every=100, copy_mechanism=False, num_copy_heads=1)
2026-09-12 09:59:03 | INFO | step=0 loss=10.2807 lr=0.00e+00 elapsed=1s
2026-09-12 09:59:45 | INFO | step=100 loss=8.7321 lr=5.00e-06 elapsed=43s
2026-09-12 10:00:27 | INFO | step=200 loss=7.8908 lr=1.00e-05 elapsed=85s
2026-09-12 10:01:08 | INFO | step=300 loss=6.8593 lr=1.50e-05 elapsed=126s
2026-09-12 10:01:50 | INFO | step=400 loss=5.4571 lr=2.00e-05 elapsed=168s
2026-09-12 10:02:32 | INFO | step=500 loss=4.1974 lr=2.50e-05 elapsed=210s
2026-09-12 10:03:14 | INFO | step=600 loss=3.1424 lr=3.00e-05 elapsed=252s
2026-09-12 10:03:55 | INFO | step=700 loss=2.6518 lr=3.50e-05 elapsed=293s
2026-09-12 10:04:37 | INFO | step=800 loss=2.9361 lr=4.00e-05 elapsed=335s
2026-09-12 10:05:19 | INFO | step=900 loss=2.6478 lr=4.50e-05 elapsed=377s
2026-09-12 10:06:01 | INFO | step=1000 loss=2.6427 lr=5.00e-05 elapsed=419s
2026-09-12 10:06:04 | INFO | [eval] step=1000 dev_loss=4.0890
2026-09-12 10:06:18 | INFO |   -> New best model saved (dev_loss=4.0890)
2026-09-12 10:07:00 | INFO | step=1100 loss=2.4112 lr=5.50e-05 elapsed=478s
2026-09-12 10:07:41 | INFO | step=1200 loss=2.2798 lr=6.00e-05 elapsed=519s
2026-09-12 10:08:23 | INFO | step=1300 loss=2.8912 lr=6.50e-05 elapsed=561s
2026-09-12 10:09:05 | INFO | step=1400 loss=2.6177 lr=7.00e-05 elapsed=603s
2026-09-12 10:09:46 | INFO | step=1500 loss=2.8401 lr=7.50e-05 elapsed=644s
2026-09-12 10:10:28 | INFO | step=1600 loss=2.3410 lr=8.00e-05 elapsed=686s
2026-09-12 10:11:10 | INFO | step=1700 loss=2.5044 lr=8.50e-05 elapsed=728s
2026-09-12 10:11:51 | INFO | step=1800 loss=2.4493 lr=9.00e-05 elapsed=769s
2026-09-12 10:12:33 | INFO | step=1900 loss=2.7290 lr=9.50e-05 elapsed=811s
2026-09-12 10:13:14 | INFO | step=2000 loss=2.9837 lr=1.00e-04 elapsed=852s
2026-09-12 10:13:18 | INFO | [eval] step=2000 dev_loss=4.4246
2026-09-12 10:13:59 | INFO | step=2100 loss=2.7073 lr=1.05e-04 elapsed=897s
2026-09-12 10:14:41 | INFO | step=2200 loss=2.3867 lr=1.10e-04 elapsed=939s
2026-09-12 10:15:23 | INFO | step=2300 loss=2.7604 lr=1.15e-04 elapsed=981s
2026-09-12 10:16:05 | INFO | step=2400 loss=2.6106 lr=1.20e-04 elapsed=1023s
2026-09-12 10:16:46 | INFO | step=2500 loss=2.8977 lr=1.25e-04 elapsed=1064s
2026-09-12 10:17:28 | INFO | step=2600 loss=2.8879 lr=1.30e-04 elapsed=1106s
2026-09-12 10:18:10 | INFO | step=2700 loss=2.8721 lr=1.35e-04 elapsed=1148s
2026-09-12 10:18:52 | INFO | step=2800 loss=2.2031 lr=1.40e-04 elapsed=1189s
2026-09-12 10:19:33 | INFO | step=2900 loss=2.1535 lr=1.45e-04 elapsed=1231s
2026-09-12 10:20:15 | INFO | step=3000 loss=2.4776 lr=1.50e-04 elapsed=1273s
2026-09-12 10:20:18 | INFO | [eval] step=3000 dev_loss=4.4437
2026-09-12 10:21:00 | INFO | step=3100 loss=2.6468 lr=1.55e-04 elapsed=1318s
2026-09-12 10:21:42 | INFO | step=3200 loss=3.2016 lr=1.60e-04 elapsed=1360s
2026-09-12 10:22:24 | INFO | step=3300 loss=2.3555 lr=1.65e-04 elapsed=1402s
2026-09-12 10:23:06 | INFO | step=3400 loss=2.3644 lr=1.70e-04 elapsed=1444s
2026-09-12 10:23:47 | INFO | step=3500 loss=2.4245 lr=1.75e-04 elapsed=1485s
2026-09-12 10:24:29 | INFO | step=3600 loss=2.2577 lr=1.80e-04 elapsed=1527s
2026-09-12 10:25:11 | INFO | step=3700 loss=2.4208 lr=1.85e-04 elapsed=1569s
2026-09-12 10:25:53 | INFO | step=3800 loss=2.0813 lr=1.90e-04 elapsed=1611s
2026-09-12 10:26:35 | INFO | step=3900 loss=2.5524 lr=1.95e-04 elapsed=1653s
2026-09-12 10:27:17 | INFO | step=4000 loss=2.0995 lr=2.00e-04 elapsed=1694s
2026-09-12 10:27:20 | INFO | [eval] step=4000 dev_loss=4.6988
2026-09-12 10:27:20 | INFO | Early stopping triggered.
2026-09-12 10:27:20 | INFO | Training complete. Best dev loss: 4.0890
