2026-09-12 08:49:04 | INFO | Device: cuda
2026-09-12 08:49:06 | INFO | Model: relational, k=8, params=462.1M
2026-09-12 08:49:07 | INFO | Training on 7473 examples, eval on 1319
2026-09-12 08:49:07 | INFO | Config: TrainingConfig(model_type='relational', hidden_dim=512, num_encoder_layers=12, num_decoder_layers=12, num_heads=8, num_attributes=8, use_gating=False, use_mixing=True, pairing_strategy='cyclic', pairing_seed=1234, ffn_dim=2048, max_seq_len=512, dropout=0.1, vocab_size=32000, learning_rate=0.0002, weight_decay=0.01, warmup_steps=4000, max_steps=200000, batch_size=16, gradient_accumulation=1, max_grad_norm=1.0, label_smoothing=0.1, eval_every=1000, save_every=10000, patience=3, eval_by_em=False, dataset='gsm8k', nas_dir='/nas/Dataset/nlp', max_src_len=256, max_tgt_len=32, seed=42, num_workers=4, fp16=False, output_dir='/nas/Dataset/experiments/relational-attention/muhiddin_outputs/rel_125m_gsm8k_ablation_no_gating_s42_v2fixed', log_every=100, copy_mechanism=False, num_copy_heads=1)
2026-09-12 08:49:08 | INFO | step=0 loss=10.4613 lr=0.00e+00 elapsed=1s
2026-09-12 08:49:41 | INFO | step=100 loss=8.2936 lr=5.00e-06 elapsed=34s
2026-09-12 08:50:15 | INFO | step=200 loss=7.6672 lr=1.00e-05 elapsed=68s
2026-09-12 08:50:48 | INFO | step=300 loss=6.9484 lr=1.50e-05 elapsed=101s
2026-09-12 08:51:22 | INFO | step=400 loss=5.5178 lr=2.00e-05 elapsed=135s
2026-09-12 08:51:56 | INFO | step=500 loss=4.2663 lr=2.50e-05 elapsed=169s
2026-09-12 08:52:29 | INFO | step=600 loss=3.0903 lr=3.00e-05 elapsed=202s
2026-09-12 08:53:03 | INFO | step=700 loss=3.4611 lr=3.50e-05 elapsed=236s
2026-09-12 08:53:36 | INFO | step=800 loss=2.8221 lr=4.00e-05 elapsed=269s
2026-09-12 08:54:10 | INFO | step=900 loss=3.1559 lr=4.50e-05 elapsed=303s
2026-09-12 08:54:43 | INFO | step=1000 loss=2.4041 lr=5.00e-05 elapsed=337s
2026-09-12 08:54:47 | INFO | [eval] step=1000 dev_loss=4.0909
2026-09-12 08:55:04 | INFO |   -> New best model saved (dev_loss=4.0909)
2026-09-12 08:55:37 | INFO | step=1100 loss=2.5479 lr=5.50e-05 elapsed=390s
2026-09-12 08:56:11 | INFO | step=1200 loss=2.5571 lr=6.00e-05 elapsed=424s
2026-09-12 08:56:45 | INFO | step=1300 loss=2.5547 lr=6.50e-05 elapsed=458s
2026-09-12 08:57:18 | INFO | step=1400 loss=2.8936 lr=7.00e-05 elapsed=491s
2026-09-12 08:57:52 | INFO | step=1500 loss=2.8315 lr=7.50e-05 elapsed=525s
2026-09-12 08:58:25 | INFO | step=1600 loss=2.9186 lr=8.00e-05 elapsed=558s
2026-09-12 08:58:59 | INFO | step=1700 loss=2.7985 lr=8.50e-05 elapsed=592s
2026-09-12 08:59:33 | INFO | step=1800 loss=2.7023 lr=9.00e-05 elapsed=626s
2026-09-12 09:00:06 | INFO | step=1900 loss=2.5413 lr=9.50e-05 elapsed=659s
2026-09-12 09:00:40 | INFO | step=2000 loss=2.6442 lr=1.00e-04 elapsed=693s
2026-09-12 09:00:43 | INFO | [eval] step=2000 dev_loss=4.2210
2026-09-12 09:01:17 | INFO | step=2100 loss=3.0177 lr=1.05e-04 elapsed=730s
2026-09-12 09:01:51 | INFO | step=2200 loss=2.8595 lr=1.10e-04 elapsed=764s
2026-09-12 09:02:24 | INFO | step=2300 loss=2.8403 lr=1.15e-04 elapsed=797s
2026-09-12 09:02:58 | INFO | step=2400 loss=2.7983 lr=1.20e-04 elapsed=831s
2026-09-12 09:03:32 | INFO | step=2500 loss=2.3939 lr=1.25e-04 elapsed=865s
2026-09-12 09:04:06 | INFO | step=2600 loss=2.2463 lr=1.30e-04 elapsed=899s
2026-09-12 09:04:40 | INFO | step=2700 loss=2.4005 lr=1.35e-04 elapsed=933s
2026-09-12 09:05:13 | INFO | step=2800 loss=2.5414 lr=1.40e-04 elapsed=966s
2026-09-12 09:05:47 | INFO | step=2900 loss=2.7456 lr=1.45e-04 elapsed=1000s
2026-09-12 09:06:21 | INFO | step=3000 loss=2.6870 lr=1.50e-04 elapsed=1034s
2026-09-12 09:06:24 | INFO | [eval] step=3000 dev_loss=4.4741
2026-09-12 09:06:58 | INFO | step=3100 loss=2.2777 lr=1.55e-04 elapsed=1071s
2026-09-12 09:07:32 | INFO | step=3200 loss=3.0255 lr=1.60e-04 elapsed=1105s
2026-09-12 09:08:06 | INFO | step=3300 loss=2.2395 lr=1.65e-04 elapsed=1139s
2026-09-12 09:08:40 | INFO | step=3400 loss=2.5665 lr=1.70e-04 elapsed=1173s
2026-09-12 09:09:13 | INFO | step=3500 loss=3.1097 lr=1.75e-04 elapsed=1206s
2026-09-12 09:09:47 | INFO | step=3600 loss=2.9377 lr=1.80e-04 elapsed=1240s
2026-09-12 09:10:21 | INFO | step=3700 loss=2.8242 lr=1.85e-04 elapsed=1274s
2026-09-12 09:10:55 | INFO | step=3800 loss=2.7376 lr=1.90e-04 elapsed=1308s
2026-09-12 09:11:29 | INFO | step=3900 loss=2.3145 lr=1.95e-04 elapsed=1342s
2026-09-12 09:12:02 | INFO | step=4000 loss=2.3927 lr=2.00e-04 elapsed=1375s
2026-09-12 09:12:05 | INFO | [eval] step=4000 dev_loss=4.5378
2026-09-12 09:12:05 | INFO | Early stopping triggered.
2026-09-12 09:12:05 | INFO | Training complete. Best dev loss: 4.0909
