2026-09-12 13:53:46 | INFO | Device: cuda
2026-09-12 13:53:49 | INFO | Model: relational, k=8, params=464.5M
2026-09-12 13:53:49 | INFO | Training on 7473 examples, eval on 1319
2026-09-12 13:53:49 | INFO | Config: TrainingConfig(model_type='relational', hidden_dim=512, num_encoder_layers=12, num_decoder_layers=12, num_heads=8, num_attributes=8, use_gating=True, use_mixing=True, pairing_strategy='cyclic', pairing_seed=1234, ffn_dim=2048, max_seq_len=512, dropout=0.1, vocab_size=32000, learning_rate=0.0002, weight_decay=0.01, warmup_steps=4000, max_steps=80000, batch_size=32, gradient_accumulation=1, max_grad_norm=1.0, label_smoothing=0.1, eval_every=1000, save_every=10000, patience=20, eval_by_em=False, dataset='gsm8k', nas_dir='/nas/Dataset/nlp', max_src_len=256, max_tgt_len=64, seed=45, num_workers=4, fp16=False, output_dir='/nas/Dataset/experiments/relational-attention/muhiddin_outputs/relational_125m_gsm8k_s45', log_every=100, copy_mechanism=False, num_copy_heads=1)
2026-09-12 13:53:51 | INFO | step=0 loss=10.3827 lr=0.00e+00 elapsed=1s
2026-09-12 13:54:41 | INFO | step=100 loss=8.3801 lr=5.00e-06 elapsed=51s
2026-09-12 13:55:30 | INFO | step=200 loss=7.8191 lr=1.00e-05 elapsed=100s
2026-09-12 13:56:19 | INFO | step=300 loss=6.6759 lr=1.50e-05 elapsed=150s
2026-09-12 13:57:08 | INFO | step=400 loss=5.4532 lr=2.00e-05 elapsed=199s
2026-09-12 13:58:00 | INFO | step=500 loss=3.9250 lr=2.50e-05 elapsed=251s
2026-09-12 13:58:50 | INFO | step=600 loss=3.5569 lr=3.00e-05 elapsed=301s
2026-09-12 13:59:40 | INFO | step=700 loss=2.7862 lr=3.50e-05 elapsed=350s
2026-09-12 14:00:30 | INFO | step=800 loss=3.2165 lr=4.00e-05 elapsed=401s
2026-09-12 14:01:21 | INFO | step=900 loss=3.0281 lr=4.50e-05 elapsed=452s
2026-09-12 14:02:11 | INFO | step=1000 loss=2.7606 lr=5.00e-05 elapsed=502s
2026-09-12 14:02:14 | INFO | [eval] step=1000 dev_loss=4.1055
2026-09-12 14:02:31 | INFO |   -> New best model saved (dev_loss=4.1055)
2026-09-12 14:03:21 | INFO | step=1100 loss=2.7123 lr=5.50e-05 elapsed=571s
2026-09-12 14:04:11 | INFO | step=1200 loss=2.5723 lr=6.00e-05 elapsed=622s
2026-09-12 14:05:02 | INFO | step=1300 loss=2.6204 lr=6.50e-05 elapsed=672s
2026-09-12 14:05:52 | INFO | step=1400 loss=2.5601 lr=7.00e-05 elapsed=723s
2026-09-12 14:06:43 | INFO | step=1500 loss=2.9895 lr=7.50e-05 elapsed=774s
2026-09-12 14:07:34 | INFO | step=1600 loss=2.8541 lr=8.00e-05 elapsed=824s
2026-09-12 14:08:24 | INFO | step=1700 loss=2.2506 lr=8.50e-05 elapsed=874s
2026-09-12 14:09:14 | INFO | step=1800 loss=2.5744 lr=9.00e-05 elapsed=925s
2026-09-12 14:10:06 | INFO | step=1900 loss=2.5024 lr=9.50e-05 elapsed=976s
2026-09-12 14:10:55 | INFO | step=2000 loss=2.3792 lr=1.00e-04 elapsed=1026s
2026-09-12 14:10:58 | INFO | [eval] step=2000 dev_loss=4.4904
2026-09-12 14:11:49 | INFO | step=2100 loss=2.7685 lr=1.05e-04 elapsed=1080s
2026-09-12 14:12:40 | INFO | step=2200 loss=2.4832 lr=1.10e-04 elapsed=1130s
2026-09-12 14:13:30 | INFO | step=2300 loss=2.4064 lr=1.15e-04 elapsed=1181s
2026-09-12 14:14:22 | INFO | step=2400 loss=2.3438 lr=1.20e-04 elapsed=1233s
2026-09-12 14:15:12 | INFO | step=2500 loss=2.3490 lr=1.25e-04 elapsed=1283s
2026-09-12 14:16:03 | INFO | step=2600 loss=2.1877 lr=1.30e-04 elapsed=1334s
2026-09-12 14:16:54 | INFO | step=2700 loss=2.0940 lr=1.35e-04 elapsed=1385s
2026-09-12 14:17:45 | INFO | step=2800 loss=2.1869 lr=1.40e-04 elapsed=1435s
2026-09-12 14:18:35 | INFO | step=2900 loss=2.1079 lr=1.45e-04 elapsed=1486s
2026-09-12 14:19:27 | INFO | step=3000 loss=2.3535 lr=1.50e-04 elapsed=1537s
2026-09-12 14:19:30 | INFO | [eval] step=3000 dev_loss=5.1243
2026-09-12 14:20:21 | INFO | step=3100 loss=1.8359 lr=1.55e-04 elapsed=1591s
2026-09-12 14:21:12 | INFO | step=3200 loss=2.4466 lr=1.60e-04 elapsed=1642s
2026-09-12 14:22:02 | INFO | step=3300 loss=1.8383 lr=1.65e-04 elapsed=1693s
2026-09-12 14:22:53 | INFO | step=3400 loss=2.1231 lr=1.70e-04 elapsed=1743s
2026-09-12 14:23:43 | INFO | step=3500 loss=2.0472 lr=1.75e-04 elapsed=1793s
2026-09-12 14:24:34 | INFO | step=3600 loss=2.1214 lr=1.80e-04 elapsed=1845s
2026-09-12 14:25:25 | INFO | step=3700 loss=2.0223 lr=1.85e-04 elapsed=1896s
2026-09-12 14:26:15 | INFO | step=3800 loss=2.0167 lr=1.90e-04 elapsed=1946s
2026-09-12 14:27:07 | INFO | step=3900 loss=1.7955 lr=1.95e-04 elapsed=1997s
2026-09-12 14:27:56 | INFO | step=4000 loss=1.7773 lr=2.00e-04 elapsed=2047s
2026-09-12 14:27:59 | INFO | [eval] step=4000 dev_loss=5.5419
2026-09-12 14:28:49 | INFO | step=4100 loss=1.8213 lr=2.00e-04 elapsed=2100s
2026-09-12 14:29:40 | INFO | step=4200 loss=2.0746 lr=2.00e-04 elapsed=2150s
2026-09-12 14:30:31 | INFO | step=4300 loss=1.7565 lr=2.00e-04 elapsed=2201s
2026-09-12 14:31:21 | INFO | step=4400 loss=2.1893 lr=2.00e-04 elapsed=2251s
2026-09-12 14:32:12 | INFO | step=4500 loss=1.3846 lr=2.00e-04 elapsed=2303s
2026-09-12 14:33:02 | INFO | step=4600 loss=1.9039 lr=2.00e-04 elapsed=2353s
2026-09-12 14:33:53 | INFO | step=4700 loss=1.6729 lr=2.00e-04 elapsed=2403s
2026-09-12 14:34:43 | INFO | step=4800 loss=1.6278 lr=2.00e-04 elapsed=2453s
2026-09-12 14:35:32 | INFO | step=4900 loss=1.4954 lr=2.00e-04 elapsed=2503s
2026-09-12 14:36:22 | INFO | step=5000 loss=1.6577 lr=2.00e-04 elapsed=2553s
2026-09-12 14:36:26 | INFO | [eval] step=5000 dev_loss=5.8753
2026-09-12 14:37:16 | INFO | step=5100 loss=1.4790 lr=2.00e-04 elapsed=2607s
2026-09-12 14:38:07 | INFO | step=5200 loss=1.6972 lr=2.00e-04 elapsed=2657s
2026-09-12 14:38:58 | INFO | step=5300 loss=1.5799 lr=2.00e-04 elapsed=2709s
2026-09-12 14:39:49 | INFO | step=5400 loss=1.4813 lr=2.00e-04 elapsed=2759s
2026-09-12 14:40:39 | INFO | step=5500 loss=1.3799 lr=2.00e-04 elapsed=2809s
2026-09-12 14:41:29 | INFO | step=5600 loss=1.7217 lr=2.00e-04 elapsed=2860s
2026-09-12 14:42:21 | INFO | step=5700 loss=1.1117 lr=2.00e-04 elapsed=2911s
2026-09-12 14:43:11 | INFO | step=5800 loss=1.3846 lr=2.00e-04 elapsed=2961s
2026-09-12 14:44:01 | INFO | step=5900 loss=1.3255 lr=2.00e-04 elapsed=3011s
2026-09-12 14:44:51 | INFO | step=6000 loss=0.8348 lr=2.00e-04 elapsed=3062s
2026-09-12 14:44:55 | INFO | [eval] step=6000 dev_loss=6.6563
2026-09-12 14:45:45 | INFO | step=6100 loss=1.0383 lr=2.00e-04 elapsed=3115s
2026-09-12 14:46:36 | INFO | step=6200 loss=1.3719 lr=2.00e-04 elapsed=3166s
2026-09-12 14:47:26 | INFO | step=6300 loss=1.3380 lr=2.00e-04 elapsed=3216s
2026-09-12 14:48:16 | INFO | step=6400 loss=1.3240 lr=2.00e-04 elapsed=3266s
2026-09-12 14:49:05 | INFO | step=6500 loss=1.7243 lr=1.99e-04 elapsed=3316s
2026-09-12 14:49:56 | INFO | step=6600 loss=1.2680 lr=1.99e-04 elapsed=3366s
2026-09-12 14:50:46 | INFO | step=6700 loss=0.9109 lr=1.99e-04 elapsed=3416s
2026-09-12 14:51:36 | INFO | step=6800 loss=0.9866 lr=1.99e-04 elapsed=3466s
2026-09-12 14:52:26 | INFO | step=6900 loss=1.1471 lr=1.99e-04 elapsed=3516s
2026-09-12 14:53:17 | INFO | step=7000 loss=1.0553 lr=1.99e-04 elapsed=3567s
2026-09-12 14:53:20 | INFO | [eval] step=7000 dev_loss=6.9240
2026-09-12 14:54:10 | INFO | step=7100 loss=1.0968 lr=1.99e-04 elapsed=3621s
2026-09-12 14:55:02 | INFO | step=7200 loss=1.1568 lr=1.99e-04 elapsed=3672s
2026-09-12 14:55:52 | INFO | step=7300 loss=1.0768 lr=1.99e-04 elapsed=3722s
2026-09-12 14:56:42 | INFO | step=7400 loss=0.6338 lr=1.99e-04 elapsed=3773s
2026-09-12 14:57:33 | INFO | step=7500 loss=1.2298 lr=1.99e-04 elapsed=3823s
2026-09-12 14:58:22 | INFO | step=7600 loss=0.9245 lr=1.99e-04 elapsed=3873s
2026-09-12 14:59:13 | INFO | step=7700 loss=1.2759 lr=1.99e-04 elapsed=3923s
2026-09-12 15:00:05 | INFO | step=7800 loss=0.8288 lr=1.99e-04 elapsed=3975s
2026-09-12 15:00:54 | INFO | step=7900 loss=1.0047 lr=1.99e-04 elapsed=4025s
2026-09-12 15:01:46 | INFO | step=8000 loss=0.7376 lr=1.99e-04 elapsed=4076s
2026-09-12 15:01:49 | INFO | [eval] step=8000 dev_loss=7.3892
2026-09-12 15:02:40 | INFO | step=8100 loss=1.1146 lr=1.99e-04 elapsed=4131s
2026-09-12 15:03:31 | INFO | step=8200 loss=0.7054 lr=1.98e-04 elapsed=4182s
2026-09-12 15:04:22 | INFO | step=8300 loss=0.8052 lr=1.98e-04 elapsed=4233s
2026-09-12 15:05:13 | INFO | step=8400 loss=0.9342 lr=1.98e-04 elapsed=4284s
2026-09-12 15:06:03 | INFO | step=8500 loss=1.2202 lr=1.98e-04 elapsed=4334s
2026-09-12 15:06:54 | INFO | step=8600 loss=0.9851 lr=1.98e-04 elapsed=4384s
2026-09-12 15:07:44 | INFO | step=8700 loss=0.5938 lr=1.98e-04 elapsed=4434s
2026-09-12 15:08:34 | INFO | step=8800 loss=0.9765 lr=1.98e-04 elapsed=4485s
2026-09-12 15:09:24 | INFO | step=8900 loss=0.8609 lr=1.98e-04 elapsed=4535s
2026-09-12 15:10:14 | INFO | step=9000 loss=0.5742 lr=1.98e-04 elapsed=4585s
2026-09-12 15:10:18 | INFO | [eval] step=9000 dev_loss=7.7487
2026-09-12 15:11:08 | INFO | step=9100 loss=0.8207 lr=1.98e-04 elapsed=4639s
2026-09-12 15:11:58 | INFO | step=9200 loss=0.4526 lr=1.98e-04 elapsed=4689s
2026-09-12 15:12:50 | INFO | step=9300 loss=0.6387 lr=1.98e-04 elapsed=4740s
2026-09-12 15:13:42 | INFO | step=9400 loss=0.9024 lr=1.98e-04 elapsed=4793s
2026-09-12 15:14:31 | INFO | step=9500 loss=0.4874 lr=1.97e-04 elapsed=4842s
2026-09-12 15:15:22 | INFO | step=9600 loss=0.4988 lr=1.97e-04 elapsed=4893s
2026-09-12 15:16:12 | INFO | step=9700 loss=0.5753 lr=1.97e-04 elapsed=4943s
2026-09-12 15:17:04 | INFO | step=9800 loss=0.4972 lr=1.97e-04 elapsed=4995s
2026-09-12 15:17:55 | INFO | step=9900 loss=0.9278 lr=1.97e-04 elapsed=5046s
2026-09-12 15:18:46 | INFO | step=10000 loss=0.6918 lr=1.97e-04 elapsed=5096s
2026-09-12 15:18:49 | INFO | [eval] step=10000 dev_loss=7.9858
2026-09-12 15:19:57 | INFO | step=10100 loss=0.5480 lr=1.97e-04 elapsed=5167s
2026-09-12 15:20:47 | INFO | step=10200 loss=0.6225 lr=1.97e-04 elapsed=5218s
2026-09-12 15:21:38 | INFO | step=10300 loss=0.4679 lr=1.97e-04 elapsed=5269s
2026-09-12 15:22:29 | INFO | step=10400 loss=0.6491 lr=1.97e-04 elapsed=5319s
2026-09-12 15:23:19 | INFO | step=10500 loss=0.4466 lr=1.96e-04 elapsed=5370s
2026-09-12 15:24:10 | INFO | step=10600 loss=0.6063 lr=1.96e-04 elapsed=5421s
2026-09-12 15:25:00 | INFO | step=10700 loss=0.5761 lr=1.96e-04 elapsed=5471s
2026-09-12 15:25:51 | INFO | step=10800 loss=0.5313 lr=1.96e-04 elapsed=5522s
2026-09-12 15:26:42 | INFO | step=10900 loss=0.3797 lr=1.96e-04 elapsed=5573s
2026-09-12 15:27:34 | INFO | step=11000 loss=0.2916 lr=1.96e-04 elapsed=5625s
2026-09-12 15:27:37 | INFO | [eval] step=11000 dev_loss=8.5030
2026-09-12 15:28:27 | INFO | step=11100 loss=0.4439 lr=1.96e-04 elapsed=5678s
2026-09-12 15:29:17 | INFO | step=11200 loss=0.7565 lr=1.96e-04 elapsed=5728s
2026-09-12 15:30:08 | INFO | step=11300 loss=0.5578 lr=1.95e-04 elapsed=5778s
2026-09-12 15:30:59 | INFO | step=11400 loss=0.3945 lr=1.95e-04 elapsed=5830s
2026-09-12 15:31:50 | INFO | step=11500 loss=0.4048 lr=1.95e-04 elapsed=5881s
2026-09-12 15:32:41 | INFO | step=11600 loss=0.7280 lr=1.95e-04 elapsed=5931s
2026-09-12 15:33:32 | INFO | step=11700 loss=0.2877 lr=1.95e-04 elapsed=5982s
2026-09-12 15:34:23 | INFO | step=11800 loss=0.5378 lr=1.95e-04 elapsed=6034s
2026-09-12 15:35:14 | INFO | step=11900 loss=0.6935 lr=1.95e-04 elapsed=6085s
2026-09-12 15:36:04 | INFO | step=12000 loss=0.3087 lr=1.95e-04 elapsed=6135s
2026-09-12 15:36:08 | INFO | [eval] step=12000 dev_loss=8.5476
2026-09-12 15:36:59 | INFO | step=12100 loss=0.3077 lr=1.94e-04 elapsed=6190s
2026-09-12 15:37:49 | INFO | step=12200 loss=0.3338 lr=1.94e-04 elapsed=6240s
2026-09-12 15:38:42 | INFO | step=12300 loss=0.4069 lr=1.94e-04 elapsed=6292s
2026-09-12 15:39:32 | INFO | step=12400 loss=0.6112 lr=1.94e-04 elapsed=6343s
2026-09-12 15:40:23 | INFO | step=12500 loss=0.4190 lr=1.94e-04 elapsed=6394s
2026-09-12 15:41:13 | INFO | step=12600 loss=0.3547 lr=1.94e-04 elapsed=6443s
2026-09-12 15:42:03 | INFO | step=12700 loss=0.3800 lr=1.94e-04 elapsed=6494s
2026-09-12 15:42:55 | INFO | step=12800 loss=0.4539 lr=1.93e-04 elapsed=6545s
2026-09-12 15:43:46 | INFO | step=12900 loss=0.2186 lr=1.93e-04 elapsed=6596s
2026-09-12 15:44:36 | INFO | step=13000 loss=0.4862 lr=1.93e-04 elapsed=6647s
2026-09-12 15:44:39 | INFO | [eval] step=13000 dev_loss=8.6281
2026-09-12 15:45:30 | INFO | step=13100 loss=0.4346 lr=1.93e-04 elapsed=6701s
2026-09-12 15:46:20 | INFO | step=13200 loss=0.3934 lr=1.93e-04 elapsed=6751s
2026-09-12 15:47:11 | INFO | step=13300 loss=0.3369 lr=1.93e-04 elapsed=6802s
2026-09-12 15:48:02 | INFO | step=13400 loss=0.3907 lr=1.93e-04 elapsed=6853s
2026-09-12 15:48:53 | INFO | step=13500 loss=0.2855 lr=1.92e-04 elapsed=6904s
2026-09-12 15:49:44 | INFO | step=13600 loss=0.1627 lr=1.92e-04 elapsed=6955s
2026-09-12 15:50:34 | INFO | step=13700 loss=0.1970 lr=1.92e-04 elapsed=7005s
2026-09-12 15:51:25 | INFO | step=13800 loss=0.2360 lr=1.92e-04 elapsed=7056s
2026-09-12 15:52:17 | INFO | step=13900 loss=0.3861 lr=1.92e-04 elapsed=7108s
2026-09-12 15:53:07 | INFO | step=14000 loss=0.2904 lr=1.92e-04 elapsed=7158s
2026-09-12 15:53:10 | INFO | [eval] step=14000 dev_loss=9.0627
2026-09-12 15:54:03 | INFO | step=14100 loss=0.1909 lr=1.91e-04 elapsed=7213s
2026-09-12 15:54:53 | INFO | step=14200 loss=0.3082 lr=1.91e-04 elapsed=7264s
2026-09-12 15:55:44 | INFO | step=14300 loss=0.2935 lr=1.91e-04 elapsed=7314s
2026-09-12 15:56:34 | INFO | step=14400 loss=0.2519 lr=1.91e-04 elapsed=7364s
2026-09-12 15:57:24 | INFO | step=14500 loss=0.2983 lr=1.91e-04 elapsed=7415s
2026-09-12 15:58:15 | INFO | step=14600 loss=0.2877 lr=1.91e-04 elapsed=7466s
2026-09-12 15:59:05 | INFO | step=14700 loss=0.4437 lr=1.90e-04 elapsed=7516s
2026-09-12 15:59:56 | INFO | step=14800 loss=0.2146 lr=1.90e-04 elapsed=7566s
2026-09-12 16:00:47 | INFO | step=14900 loss=0.1610 lr=1.90e-04 elapsed=7617s
2026-09-12 16:01:37 | INFO | step=15000 loss=0.2733 lr=1.90e-04 elapsed=7667s
2026-09-12 16:01:40 | INFO | [eval] step=15000 dev_loss=9.0101
2026-09-12 16:02:31 | INFO | step=15100 loss=0.0924 lr=1.90e-04 elapsed=7722s
2026-09-12 16:03:22 | INFO | step=15200 loss=0.2212 lr=1.89e-04 elapsed=7773s
2026-09-12 16:04:13 | INFO | step=15300 loss=0.2764 lr=1.89e-04 elapsed=7824s
2026-09-12 16:05:05 | INFO | step=15400 loss=0.3249 lr=1.89e-04 elapsed=7875s
2026-09-12 16:05:55 | INFO | step=15500 loss=0.2063 lr=1.89e-04 elapsed=7926s
2026-09-12 16:06:47 | INFO | step=15600 loss=0.3169 lr=1.89e-04 elapsed=7978s
2026-09-12 16:07:39 | INFO | step=15700 loss=0.1328 lr=1.89e-04 elapsed=8030s
2026-09-12 16:08:30 | INFO | step=15800 loss=0.1033 lr=1.88e-04 elapsed=8081s
2026-09-12 16:09:20 | INFO | step=15900 loss=0.1012 lr=1.88e-04 elapsed=8131s
2026-09-12 16:10:11 | INFO | step=16000 loss=0.0401 lr=1.88e-04 elapsed=8182s
2026-09-12 16:10:14 | INFO | [eval] step=16000 dev_loss=9.2004
2026-09-12 16:11:06 | INFO | step=16100 loss=0.4078 lr=1.88e-04 elapsed=8237s
2026-09-12 16:11:57 | INFO | step=16200 loss=0.1515 lr=1.88e-04 elapsed=8287s
2026-09-12 16:12:48 | INFO | step=16300 loss=0.1335 lr=1.87e-04 elapsed=8338s
2026-09-12 16:13:40 | INFO | step=16400 loss=0.0998 lr=1.87e-04 elapsed=8391s
2026-09-12 16:14:31 | INFO | step=16500 loss=0.2086 lr=1.87e-04 elapsed=8442s
2026-09-12 16:15:21 | INFO | step=16600 loss=0.2119 lr=1.87e-04 elapsed=8492s
2026-09-12 16:16:12 | INFO | step=16700 loss=0.1513 lr=1.87e-04 elapsed=8542s
2026-09-12 16:17:03 | INFO | step=16800 loss=0.0519 lr=1.86e-04 elapsed=8593s
2026-09-12 16:17:53 | INFO | step=16900 loss=0.2542 lr=1.86e-04 elapsed=8644s
2026-09-12 16:18:44 | INFO | step=17000 loss=0.2490 lr=1.86e-04 elapsed=8695s
2026-09-12 16:18:48 | INFO | [eval] step=17000 dev_loss=9.2482
2026-09-12 16:19:38 | INFO | step=17100 loss=0.2487 lr=1.86e-04 elapsed=8749s
2026-09-12 16:20:29 | INFO | step=17200 loss=0.0728 lr=1.85e-04 elapsed=8800s
2026-09-12 16:21:21 | INFO | step=17300 loss=0.3103 lr=1.85e-04 elapsed=8852s
2026-09-12 16:22:12 | INFO | step=17400 loss=0.1069 lr=1.85e-04 elapsed=8903s
2026-09-12 16:23:02 | INFO | step=17500 loss=0.2058 lr=1.85e-04 elapsed=8953s
2026-09-12 16:23:53 | INFO | step=17600 loss=0.1116 lr=1.85e-04 elapsed=9004s
2026-09-12 16:24:44 | INFO | step=17700 loss=0.1473 lr=1.84e-04 elapsed=9054s
2026-09-12 16:25:34 | INFO | step=17800 loss=0.2599 lr=1.84e-04 elapsed=9104s
2026-09-12 16:26:24 | INFO | step=17900 loss=0.2763 lr=1.84e-04 elapsed=9155s
2026-09-12 16:27:15 | INFO | step=18000 loss=0.1008 lr=1.84e-04 elapsed=9206s
2026-09-12 16:27:19 | INFO | [eval] step=18000 dev_loss=9.5797
2026-09-12 16:28:09 | INFO | step=18100 loss=0.0995 lr=1.83e-04 elapsed=9260s
2026-09-12 16:28:59 | INFO | step=18200 loss=0.0795 lr=1.83e-04 elapsed=9310s
2026-09-12 16:29:51 | INFO | step=18300 loss=0.1170 lr=1.83e-04 elapsed=9362s
2026-09-12 16:30:42 | INFO | step=18400 loss=0.2619 lr=1.83e-04 elapsed=9413s
2026-09-12 16:31:32 | INFO | step=18500 loss=0.1483 lr=1.83e-04 elapsed=9463s
2026-09-12 16:32:23 | INFO | step=18600 loss=0.0941 lr=1.82e-04 elapsed=9514s
2026-09-12 16:33:13 | INFO | step=18700 loss=0.1265 lr=1.82e-04 elapsed=9564s
2026-09-12 16:34:03 | INFO | step=18800 loss=0.1725 lr=1.82e-04 elapsed=9614s
2026-09-12 16:34:53 | INFO | step=18900 loss=0.1037 lr=1.82e-04 elapsed=9664s
2026-09-12 16:35:44 | INFO | step=19000 loss=0.0981 lr=1.81e-04 elapsed=9715s
2026-09-12 16:35:47 | INFO | [eval] step=19000 dev_loss=9.5389
2026-09-12 16:36:38 | INFO | step=19100 loss=0.1018 lr=1.81e-04 elapsed=9769s
2026-09-12 16:37:29 | INFO | step=19200 loss=0.1491 lr=1.81e-04 elapsed=9820s
2026-09-12 16:38:20 | INFO | step=19300 loss=0.1294 lr=1.81e-04 elapsed=9871s
2026-09-12 16:39:10 | INFO | step=19400 loss=0.0550 lr=1.80e-04 elapsed=9921s
2026-09-12 16:40:01 | INFO | step=19500 loss=0.0630 lr=1.80e-04 elapsed=9971s
2026-09-12 16:40:50 | INFO | step=19600 loss=0.1753 lr=1.80e-04 elapsed=10021s
2026-09-12 16:41:41 | INFO | step=19700 loss=0.0658 lr=1.80e-04 elapsed=10072s
2026-09-12 16:42:32 | INFO | step=19800 loss=0.1315 lr=1.79e-04 elapsed=10123s
2026-09-12 16:43:22 | INFO | step=19900 loss=0.0161 lr=1.79e-04 elapsed=10173s
2026-09-12 16:44:14 | INFO | step=20000 loss=0.0170 lr=1.79e-04 elapsed=10224s
2026-09-12 16:44:17 | INFO | [eval] step=20000 dev_loss=9.6207
2026-09-12 16:45:24 | INFO | step=20100 loss=0.0796 lr=1.79e-04 elapsed=10295s
2026-09-12 16:46:16 | INFO | step=20200 loss=0.1732 lr=1.78e-04 elapsed=10346s
2026-09-12 16:47:05 | INFO | step=20300 loss=0.0717 lr=1.78e-04 elapsed=10396s
2026-09-12 16:47:56 | INFO | step=20400 loss=0.0401 lr=1.78e-04 elapsed=10447s
2026-09-12 16:48:47 | INFO | step=20500 loss=0.0847 lr=1.78e-04 elapsed=10498s
2026-09-12 16:49:38 | INFO | step=20600 loss=0.0479 lr=1.77e-04 elapsed=10548s
2026-09-12 16:50:29 | INFO | step=20700 loss=0.2589 lr=1.77e-04 elapsed=10600s
2026-09-12 16:51:19 | INFO | step=20800 loss=0.0843 lr=1.77e-04 elapsed=10650s
2026-09-12 16:52:10 | INFO | step=20900 loss=0.0310 lr=1.77e-04 elapsed=10701s
2026-09-12 16:53:01 | INFO | step=21000 loss=0.0552 lr=1.76e-04 elapsed=10751s
2026-09-12 16:53:04 | INFO | [eval] step=21000 dev_loss=10.1013
2026-09-12 16:53:04 | INFO | Early stopping triggered.
2026-09-12 16:53:04 | INFO | Training complete. Best dev loss: 4.1055
