2026-09-20 19:04:29 | INFO | Device: cuda
2026-09-20 19:04:29 | INFO | COGS train: 68511 examples after entity augmentation (13702×5)
2026-09-20 19:04:32 | INFO | Model: standard, k=1, params=464.9M
2026-09-20 19:04:33 | INFO | Training on 68511 examples, eval on 3000
2026-09-20 19:04:33 | INFO | Config: TrainingConfig(model_type='standard', hidden_dim=448, num_encoder_layers=12, num_decoder_layers=12, num_heads=8, num_attributes=1, use_gating=True, use_mixing=True, pairing_strategy='cyclic', pairing_seed=1234, use_composed_join=False, ffn_dim=1370, max_seq_len=512, dropout=0.1, vocab_size=32000, learning_rate=0.0002, weight_decay=0.01, warmup_steps=4000, max_steps=100000, batch_size=4, gradient_accumulation=4, max_grad_norm=1.0, label_smoothing=0.1, eval_every=1000, save_every=10000, patience=20, eval_by_em=True, dataset='cogs', nas_dir='/nas/Dataset/nlp', max_src_len=256, max_tgt_len=256, seed=42, num_workers=4, fp16=False, output_dir='/nas/Dataset/experiments/relational-attention/muhiddin_outputs/std_matched448_cogs_s42', log_every=100, copy_mechanism=True, num_copy_heads=1)
2026-09-20 19:04:33 | INFO | step=0 loss=10.2654 lr=0.00e+00 elapsed=1s
2026-09-20 19:05:00 | INFO | step=100 loss=9.1671 lr=5.00e-06 elapsed=28s
2026-09-20 19:05:27 | INFO | step=200 loss=8.7172 lr=1.00e-05 elapsed=54s
2026-09-20 19:05:54 | INFO | step=300 loss=7.9658 lr=1.50e-05 elapsed=81s
2026-09-20 19:06:21 | INFO | step=400 loss=7.1930 lr=2.00e-05 elapsed=108s
2026-09-20 19:06:47 | INFO | step=500 loss=6.6626 lr=2.50e-05 elapsed=135s
2026-09-20 19:07:14 | INFO | step=600 loss=6.0448 lr=3.00e-05 elapsed=162s
2026-09-20 19:07:41 | INFO | step=700 loss=5.8074 lr=3.50e-05 elapsed=189s
2026-09-20 19:08:08 | INFO | step=800 loss=4.8780 lr=4.00e-05 elapsed=216s
2026-09-20 19:08:35 | INFO | step=900 loss=4.1427 lr=4.50e-05 elapsed=242s
2026-09-20 19:09:02 | INFO | step=1000 loss=3.3287 lr=5.00e-05 elapsed=269s
2026-09-20 19:09:23 | INFO | [eval] step=1000 dev_loss=4.0460
2026-09-20 19:12:51 | INFO |   EM on dev subset (200 samples): 0.00%
2026-09-20 19:13:13 | INFO |   -> New best model saved (dev_loss=4.0460)
2026-09-20 19:13:41 | INFO | step=1100 loss=2.5281 lr=5.50e-05 elapsed=548s
2026-09-20 19:14:08 | INFO | step=1200 loss=2.0853 lr=6.00e-05 elapsed=576s
2026-09-20 19:14:35 | INFO | step=1300 loss=1.2414 lr=6.50e-05 elapsed=603s
2026-09-20 19:15:02 | INFO | step=1400 loss=1.0433 lr=7.00e-05 elapsed=630s
2026-09-20 19:15:29 | INFO | step=1500 loss=0.5765 lr=7.50e-05 elapsed=657s
2026-09-20 19:15:56 | INFO | step=1600 loss=0.5506 lr=8.00e-05 elapsed=684s
2026-09-20 19:16:24 | INFO | step=1700 loss=0.4527 lr=8.50e-05 elapsed=711s
2026-09-20 19:16:51 | INFO | step=1800 loss=0.2390 lr=9.00e-05 elapsed=738s
2026-09-20 19:17:18 | INFO | step=1900 loss=0.5147 lr=9.50e-05 elapsed=765s
2026-09-20 19:17:45 | INFO | step=2000 loss=0.2448 lr=1.00e-04 elapsed=792s
2026-09-20 19:18:06 | INFO | [eval] step=2000 dev_loss=1.8246
2026-09-20 19:19:35 | INFO |   EM on dev subset (200 samples): 0.00%
2026-09-20 19:20:02 | INFO | step=2100 loss=0.2625 lr=1.05e-04 elapsed=930s
2026-09-20 19:20:29 | INFO | step=2200 loss=0.2553 lr=1.10e-04 elapsed=957s
2026-09-20 19:20:56 | INFO | step=2300 loss=0.2091 lr=1.15e-04 elapsed=984s
2026-09-20 19:21:23 | INFO | step=2400 loss=0.1925 lr=1.20e-04 elapsed=1011s
2026-09-20 19:21:51 | INFO | step=2500 loss=0.1082 lr=1.25e-04 elapsed=1038s
2026-09-20 19:22:18 | INFO | step=2600 loss=0.2006 lr=1.30e-04 elapsed=1065s
2026-09-20 19:22:45 | INFO | step=2700 loss=0.1216 lr=1.35e-04 elapsed=1092s
2026-09-20 19:23:12 | INFO | step=2800 loss=0.0732 lr=1.40e-04 elapsed=1119s
2026-09-20 19:23:39 | INFO | step=2900 loss=0.1247 lr=1.45e-04 elapsed=1146s
2026-09-20 19:24:06 | INFO | step=3000 loss=0.1785 lr=1.50e-04 elapsed=1173s
2026-09-20 19:24:27 | INFO | [eval] step=3000 dev_loss=1.9197
2026-09-20 19:26:05 | INFO |   EM on dev subset (200 samples): 0.00%
2026-09-20 19:26:33 | INFO | step=3100 loss=0.1061 lr=1.55e-04 elapsed=1320s
2026-09-20 19:27:00 | INFO | step=3200 loss=0.0703 lr=1.60e-04 elapsed=1347s
2026-09-20 19:27:27 | INFO | step=3300 loss=0.1893 lr=1.65e-04 elapsed=1374s
2026-09-20 19:27:54 | INFO | step=3400 loss=0.3180 lr=1.70e-04 elapsed=1401s
2026-09-20 19:28:21 | INFO | step=3500 loss=0.1984 lr=1.75e-04 elapsed=1429s
2026-09-20 19:28:48 | INFO | step=3600 loss=0.0194 lr=1.80e-04 elapsed=1456s
2026-09-20 19:29:15 | INFO | step=3700 loss=0.0222 lr=1.85e-04 elapsed=1483s
2026-09-20 19:29:42 | INFO | step=3800 loss=0.1032 lr=1.90e-04 elapsed=1510s
2026-09-20 19:30:09 | INFO | step=3900 loss=0.0910 lr=1.95e-04 elapsed=1537s
2026-09-20 19:30:36 | INFO | step=4000 loss=0.0442 lr=2.00e-04 elapsed=1564s
2026-09-20 19:30:58 | INFO | [eval] step=4000 dev_loss=2.0388
2026-09-20 19:32:32 | INFO |   EM on dev subset (200 samples): 0.00%
2026-09-20 19:32:59 | INFO | step=4100 loss=0.2384 lr=2.00e-04 elapsed=1707s
2026-09-20 19:33:26 | INFO | step=4200 loss=0.0881 lr=2.00e-04 elapsed=1734s
2026-09-20 19:33:54 | INFO | step=4300 loss=0.0830 lr=2.00e-04 elapsed=1761s
2026-09-20 19:34:21 | INFO | step=4400 loss=0.0492 lr=2.00e-04 elapsed=1788s
2026-09-20 19:34:48 | INFO | step=4500 loss=0.0052 lr=2.00e-04 elapsed=1815s
2026-09-20 19:35:15 | INFO | step=4600 loss=0.0471 lr=2.00e-04 elapsed=1842s
2026-09-20 19:35:42 | INFO | step=4700 loss=0.2804 lr=2.00e-04 elapsed=1870s
2026-09-20 19:36:09 | INFO | step=4800 loss=0.0797 lr=2.00e-04 elapsed=1897s
2026-09-20 19:36:36 | INFO | step=4900 loss=0.0512 lr=2.00e-04 elapsed=1924s
2026-09-20 19:37:03 | INFO | step=5000 loss=0.0140 lr=2.00e-04 elapsed=1951s
2026-09-20 19:37:24 | INFO | [eval] step=5000 dev_loss=2.0674
2026-09-20 19:39:04 | INFO |   EM on dev subset (200 samples): 0.50%
2026-09-20 19:39:22 | INFO |   -> New best model saved (dev_loss=2.0674)
2026-09-20 19:39:50 | INFO | step=5100 loss=0.0433 lr=2.00e-04 elapsed=2117s
2026-09-20 19:40:17 | INFO | step=5200 loss=0.0386 lr=2.00e-04 elapsed=2144s
2026-09-20 19:40:44 | INFO | step=5300 loss=0.0525 lr=2.00e-04 elapsed=2171s
2026-09-20 19:41:11 | INFO | step=5400 loss=0.1765 lr=2.00e-04 elapsed=2198s
2026-09-20 19:41:38 | INFO | step=5500 loss=0.0293 lr=2.00e-04 elapsed=2226s
2026-09-20 19:42:05 | INFO | step=5600 loss=0.0249 lr=2.00e-04 elapsed=2253s
2026-09-20 19:42:32 | INFO | step=5700 loss=0.1029 lr=2.00e-04 elapsed=2280s
2026-09-20 19:42:59 | INFO | step=5800 loss=0.0453 lr=2.00e-04 elapsed=2307s
2026-09-20 19:43:26 | INFO | step=5900 loss=0.0256 lr=2.00e-04 elapsed=2334s
2026-09-20 19:43:53 | INFO | step=6000 loss=0.0533 lr=2.00e-04 elapsed=2360s
2026-09-20 19:44:14 | INFO | [eval] step=6000 dev_loss=2.0703
2026-09-20 19:45:22 | INFO |   EM on dev subset (200 samples): 1.50%
2026-09-20 19:45:39 | INFO |   -> New best model saved (dev_loss=2.0703)
2026-09-20 19:46:06 | INFO | step=6100 loss=0.0599 lr=2.00e-04 elapsed=2494s
2026-09-20 19:46:33 | INFO | step=6200 loss=0.0464 lr=2.00e-04 elapsed=2521s
2026-09-20 19:47:00 | INFO | step=6300 loss=0.0074 lr=2.00e-04 elapsed=2548s
2026-09-20 19:47:27 | INFO | step=6400 loss=0.0307 lr=2.00e-04 elapsed=2575s
2026-09-20 19:47:54 | INFO | step=6500 loss=0.0233 lr=2.00e-04 elapsed=2602s
2026-09-20 19:48:21 | INFO | step=6600 loss=0.0183 lr=2.00e-04 elapsed=2628s
2026-09-20 19:48:48 | INFO | step=6700 loss=0.0282 lr=2.00e-04 elapsed=2655s
2026-09-20 19:49:15 | INFO | step=6800 loss=0.0160 lr=2.00e-04 elapsed=2682s
2026-09-20 19:49:42 | INFO | step=6900 loss=0.0307 lr=2.00e-04 elapsed=2710s
2026-09-20 19:50:09 | INFO | step=7000 loss=0.0537 lr=2.00e-04 elapsed=2737s
