2026-09-12 10:56:11 | INFO | Device: cuda
2026-09-12 10:56:13 | INFO | Model: relational, k=8, params=389.0M
2026-09-12 10:56:14 | INFO | Training on 7473 examples, eval on 1319
2026-09-12 10:56:14 | INFO | Config: TrainingConfig(model_type='relational', hidden_dim=512, num_encoder_layers=12, num_decoder_layers=12, num_heads=8, num_attributes=8, use_gating=True, use_mixing=False, pairing_strategy='cyclic', pairing_seed=1234, ffn_dim=2048, max_seq_len=512, dropout=0.1, vocab_size=32000, learning_rate=0.0002, weight_decay=0.01, warmup_steps=4000, max_steps=200000, batch_size=16, gradient_accumulation=1, max_grad_norm=1.0, label_smoothing=0.1, eval_every=1000, save_every=10000, patience=3, eval_by_em=False, dataset='gsm8k', nas_dir='/nas/Dataset/nlp', max_src_len=256, max_tgt_len=32, seed=44, num_workers=4, fp16=False, output_dir='/nas/Dataset/experiments/relational-attention/muhiddin_outputs/rel_125m_gsm8k_ablation_no_mixing_s44_v2fixed', log_every=100, copy_mechanism=False, num_copy_heads=1)
2026-09-12 10:56:15 | INFO | step=0 loss=10.5431 lr=0.00e+00 elapsed=1s
2026-09-12 10:56:57 | INFO | step=100 loss=8.7622 lr=5.00e-06 elapsed=43s
2026-09-12 10:57:38 | INFO | step=200 loss=7.8898 lr=1.00e-05 elapsed=85s
2026-09-12 10:58:20 | INFO | step=300 loss=6.9351 lr=1.50e-05 elapsed=126s
2026-09-12 10:59:02 | INFO | step=400 loss=5.7052 lr=2.00e-05 elapsed=168s
2026-09-12 10:59:44 | INFO | step=500 loss=4.3654 lr=2.50e-05 elapsed=210s
2026-09-12 11:00:25 | INFO | step=600 loss=3.1643 lr=3.00e-05 elapsed=252s
2026-09-12 11:01:07 | INFO | step=700 loss=3.0317 lr=3.50e-05 elapsed=293s
2026-09-12 11:01:48 | INFO | step=800 loss=2.6526 lr=4.00e-05 elapsed=335s
2026-09-12 11:02:30 | INFO | step=900 loss=3.2927 lr=4.50e-05 elapsed=376s
2026-09-12 11:03:12 | INFO | step=1000 loss=2.9207 lr=5.00e-05 elapsed=418s
2026-09-12 11:03:15 | INFO | [eval] step=1000 dev_loss=4.0838
2026-09-12 11:03:29 | INFO |   -> New best model saved (dev_loss=4.0838)
2026-09-12 11:04:11 | INFO | step=1100 loss=2.9673 lr=5.50e-05 elapsed=477s
2026-09-12 11:04:53 | INFO | step=1200 loss=2.8255 lr=6.00e-05 elapsed=519s
2026-09-12 11:05:34 | INFO | step=1300 loss=3.2158 lr=6.50e-05 elapsed=561s
2026-09-12 11:06:16 | INFO | step=1400 loss=2.5966 lr=7.00e-05 elapsed=602s
2026-09-12 11:06:57 | INFO | step=1500 loss=2.4302 lr=7.50e-05 elapsed=644s
2026-09-12 11:07:39 | INFO | step=1600 loss=2.6827 lr=8.00e-05 elapsed=685s
2026-09-12 11:08:21 | INFO | step=1700 loss=2.6030 lr=8.50e-05 elapsed=727s
2026-09-12 11:09:02 | INFO | step=1800 loss=2.6002 lr=9.00e-05 elapsed=769s
2026-09-12 11:09:44 | INFO | step=1900 loss=2.7783 lr=9.50e-05 elapsed=810s
2026-09-12 11:10:26 | INFO | step=2000 loss=2.2341 lr=1.00e-04 elapsed=852s
2026-09-12 11:10:29 | INFO | [eval] step=2000 dev_loss=4.5169
2026-09-12 11:11:11 | INFO | step=2100 loss=3.2914 lr=1.05e-04 elapsed=897s
2026-09-12 11:11:52 | INFO | step=2200 loss=2.6901 lr=1.10e-04 elapsed=939s
2026-09-12 11:12:34 | INFO | step=2300 loss=3.0176 lr=1.15e-04 elapsed=980s
2026-09-12 11:13:16 | INFO | step=2400 loss=2.7620 lr=1.20e-04 elapsed=1022s
2026-09-12 11:13:57 | INFO | step=2500 loss=2.7265 lr=1.25e-04 elapsed=1064s
2026-09-12 11:14:39 | INFO | step=2600 loss=2.5024 lr=1.30e-04 elapsed=1105s
2026-09-12 11:15:20 | INFO | step=2700 loss=2.9085 lr=1.35e-04 elapsed=1147s
2026-09-12 11:16:02 | INFO | step=2800 loss=2.8922 lr=1.40e-04 elapsed=1188s
2026-09-12 11:16:44 | INFO | step=2900 loss=2.4468 lr=1.45e-04 elapsed=1230s
2026-09-12 11:17:25 | INFO | step=3000 loss=2.7753 lr=1.50e-04 elapsed=1272s
2026-09-12 11:17:28 | INFO | [eval] step=3000 dev_loss=4.5555
2026-09-12 11:18:10 | INFO | step=3100 loss=2.6303 lr=1.55e-04 elapsed=1316s
2026-09-12 11:18:51 | INFO | step=3200 loss=2.9243 lr=1.60e-04 elapsed=1358s
2026-09-12 11:19:33 | INFO | step=3300 loss=2.5503 lr=1.65e-04 elapsed=1399s
2026-09-12 11:20:14 | INFO | step=3400 loss=2.9187 lr=1.70e-04 elapsed=1441s
2026-09-12 11:20:56 | INFO | step=3500 loss=2.7989 lr=1.75e-04 elapsed=1482s
2026-09-12 11:21:37 | INFO | step=3600 loss=2.1892 lr=1.80e-04 elapsed=1523s
2026-09-12 11:22:18 | INFO | step=3700 loss=2.6453 lr=1.85e-04 elapsed=1565s
2026-09-12 11:23:00 | INFO | step=3800 loss=2.1971 lr=1.90e-04 elapsed=1606s
2026-09-12 11:23:42 | INFO | step=3900 loss=2.3635 lr=1.95e-04 elapsed=1648s
2026-09-12 11:24:23 | INFO | step=4000 loss=2.2136 lr=2.00e-04 elapsed=1689s
2026-09-12 11:24:26 | INFO | [eval] step=4000 dev_loss=4.7792
2026-09-12 11:24:26 | INFO | Early stopping triggered.
2026-09-12 11:24:26 | INFO | Training complete. Best dev loss: 4.0838
