2026-09-21 04:17:08 | INFO | Device: cuda
2026-09-21 04:17:08 | INFO | COGS train: 68511 examples after entity augmentation (13702×5)
2026-09-21 04:17:09 | INFO | Model: standard, k=1, params=122.3M
2026-09-21 04:17:09 | INFO | Training on 68511 examples, eval on 3000
2026-09-21 04:17:09 | INFO | Config: TrainingConfig(model_type='standard', hidden_dim=512, num_encoder_layers=12, num_decoder_layers=12, num_heads=8, num_attributes=1, use_gating=False, use_mixing=False, pairing_strategy='cyclic', pairing_seed=1234, use_composed_join=False, use_true_standard=True, ffn_dim=2048, max_seq_len=512, dropout=0.1, vocab_size=32000, learning_rate=0.0002, weight_decay=0.01, warmup_steps=4000, max_steps=100000, batch_size=4, gradient_accumulation=4, max_grad_norm=1.0, label_smoothing=0.1, eval_every=1000, save_every=10000, patience=20, eval_by_em=True, dataset='cogs', nas_dir='/nas/Dataset/nlp', max_src_len=256, max_tgt_len=256, seed=45, num_workers=4, fp16=False, output_dir='/nas/Dataset/experiments/relational-attention/muhiddin_outputs/true_std_512_cogs_s45', log_every=100, copy_mechanism=True, num_copy_heads=1)
2026-09-21 04:17:10 | INFO | step=0 loss=9.6887 lr=0.00e+00 elapsed=0s
2026-09-21 04:17:13 | INFO | step=100 loss=9.2248 lr=5.00e-06 elapsed=3s
2026-09-21 04:17:15 | INFO | step=200 loss=8.6979 lr=1.00e-05 elapsed=6s
2026-09-21 04:17:18 | INFO | step=300 loss=8.2091 lr=1.50e-05 elapsed=9s
2026-09-21 04:17:21 | INFO | step=400 loss=7.6801 lr=2.00e-05 elapsed=11s
2026-09-21 04:17:24 | INFO | step=500 loss=6.9374 lr=2.50e-05 elapsed=14s
2026-09-21 04:17:26 | INFO | step=600 loss=6.0781 lr=3.00e-05 elapsed=17s
2026-09-21 04:17:29 | INFO | step=700 loss=5.1890 lr=3.50e-05 elapsed=20s
2026-09-21 04:17:32 | INFO | step=800 loss=4.6209 lr=4.00e-05 elapsed=22s
2026-09-21 04:17:35 | INFO | step=900 loss=3.7987 lr=4.50e-05 elapsed=25s
2026-09-21 04:17:37 | INFO | step=1000 loss=2.8690 lr=5.00e-05 elapsed=28s
2026-09-21 04:17:41 | INFO | [eval] step=1000 dev_loss=3.6212
2026-09-21 04:17:55 | INFO |   EM on dev subset (200 samples): 0.00%
2026-09-21 04:17:59 | INFO |   -> New best model saved (dev_loss=3.6212)
2026-09-21 04:18:02 | INFO | step=1100 loss=2.1053 lr=5.50e-05 elapsed=52s
2026-09-21 04:18:05 | INFO | step=1200 loss=1.5475 lr=6.00e-05 elapsed=55s
2026-09-21 04:18:07 | INFO | step=1300 loss=1.1548 lr=6.50e-05 elapsed=58s
2026-09-21 04:18:10 | INFO | step=1400 loss=1.1053 lr=7.00e-05 elapsed=61s
2026-09-21 04:18:13 | INFO | step=1500 loss=1.0314 lr=7.50e-05 elapsed=63s
2026-09-21 04:18:15 | INFO | step=1600 loss=0.7306 lr=8.00e-05 elapsed=66s
2026-09-21 04:18:18 | INFO | step=1700 loss=0.4958 lr=8.50e-05 elapsed=69s
2026-09-21 04:18:21 | INFO | step=1800 loss=0.4674 lr=9.00e-05 elapsed=72s
2026-09-21 04:18:24 | INFO | step=1900 loss=0.4982 lr=9.50e-05 elapsed=74s
2026-09-21 04:18:26 | INFO | step=2000 loss=0.3170 lr=1.00e-04 elapsed=77s
2026-09-21 04:18:30 | INFO | [eval] step=2000 dev_loss=1.9157
2026-09-21 04:18:40 | INFO |   EM on dev subset (200 samples): 0.00%
2026-09-21 04:18:43 | INFO | step=2100 loss=0.4252 lr=1.05e-04 elapsed=93s
2026-09-21 04:18:46 | INFO | step=2200 loss=0.3428 lr=1.10e-04 elapsed=96s
2026-09-21 04:18:48 | INFO | step=2300 loss=0.3201 lr=1.15e-04 elapsed=99s
2026-09-21 04:18:51 | INFO | step=2400 loss=0.3840 lr=1.20e-04 elapsed=102s
2026-09-21 04:18:54 | INFO | step=2500 loss=0.3577 lr=1.25e-04 elapsed=104s
2026-09-21 04:18:57 | INFO | step=2600 loss=0.2633 lr=1.30e-04 elapsed=107s
2026-09-21 04:18:59 | INFO | step=2700 loss=0.2209 lr=1.35e-04 elapsed=110s
2026-09-21 04:19:02 | INFO | step=2800 loss=0.2791 lr=1.40e-04 elapsed=113s
2026-09-21 04:19:05 | INFO | step=2900 loss=0.2426 lr=1.45e-04 elapsed=115s
2026-09-21 04:19:08 | INFO | step=3000 loss=0.2435 lr=1.50e-04 elapsed=118s
2026-09-21 04:19:11 | INFO | [eval] step=3000 dev_loss=1.9786
2026-09-21 04:19:37 | INFO |   EM on dev subset (200 samples): 0.00%
2026-09-21 04:19:40 | INFO | step=3100 loss=0.1529 lr=1.55e-04 elapsed=151s
2026-09-21 04:19:43 | INFO | step=3200 loss=0.1195 lr=1.60e-04 elapsed=153s
2026-09-21 04:19:46 | INFO | step=3300 loss=0.1702 lr=1.65e-04 elapsed=156s
2026-09-21 04:19:48 | INFO | step=3400 loss=0.0928 lr=1.70e-04 elapsed=159s
2026-09-21 04:19:51 | INFO | step=3500 loss=0.2041 lr=1.75e-04 elapsed=162s
2026-09-21 04:19:54 | INFO | step=3600 loss=0.0592 lr=1.80e-04 elapsed=164s
2026-09-21 04:19:56 | INFO | step=3700 loss=0.1362 lr=1.85e-04 elapsed=167s
2026-09-21 04:19:59 | INFO | step=3800 loss=0.1404 lr=1.90e-04 elapsed=170s
2026-09-21 04:20:02 | INFO | step=3900 loss=0.1226 lr=1.95e-04 elapsed=173s
2026-09-21 04:20:05 | INFO | step=4000 loss=0.1160 lr=2.00e-04 elapsed=175s
2026-09-21 04:20:08 | INFO | [eval] step=4000 dev_loss=2.0949
2026-09-21 04:20:32 | INFO |   EM on dev subset (200 samples): 0.00%
2026-09-21 04:20:35 | INFO | step=4100 loss=0.0358 lr=2.00e-04 elapsed=206s
2026-09-21 04:20:38 | INFO | step=4200 loss=0.1015 lr=2.00e-04 elapsed=208s
2026-09-21 04:20:41 | INFO | step=4300 loss=0.0574 lr=2.00e-04 elapsed=211s
2026-09-21 04:20:43 | INFO | step=4400 loss=0.2230 lr=2.00e-04 elapsed=214s
2026-09-21 04:20:46 | INFO | step=4500 loss=0.1072 lr=2.00e-04 elapsed=217s
2026-09-21 04:20:49 | INFO | step=4600 loss=0.1008 lr=2.00e-04 elapsed=219s
2026-09-21 04:20:52 | INFO | step=4700 loss=0.0500 lr=2.00e-04 elapsed=222s
2026-09-21 04:20:54 | INFO | step=4800 loss=0.0604 lr=2.00e-04 elapsed=225s
2026-09-21 04:20:57 | INFO | step=4900 loss=0.0183 lr=2.00e-04 elapsed=228s
2026-09-21 04:21:00 | INFO | step=5000 loss=0.0549 lr=2.00e-04 elapsed=230s
2026-09-21 04:21:04 | INFO | [eval] step=5000 dev_loss=2.0867
2026-09-21 04:21:29 | INFO |   EM on dev subset (200 samples): 0.00%
2026-09-21 04:21:32 | INFO | step=5100 loss=0.0446 lr=2.00e-04 elapsed=263s
2026-09-21 04:21:35 | INFO | step=5200 loss=0.1333 lr=2.00e-04 elapsed=265s
2026-09-21 04:21:38 | INFO | step=5300 loss=0.0117 lr=2.00e-04 elapsed=268s
2026-09-21 04:21:40 | INFO | step=5400 loss=0.1081 lr=2.00e-04 elapsed=271s
2026-09-21 04:21:43 | INFO | step=5500 loss=0.0453 lr=2.00e-04 elapsed=274s
2026-09-21 04:21:46 | INFO | step=5600 loss=0.0302 lr=2.00e-04 elapsed=276s
2026-09-21 04:21:49 | INFO | step=5700 loss=0.0183 lr=2.00e-04 elapsed=279s
2026-09-21 04:21:51 | INFO | step=5800 loss=0.0341 lr=2.00e-04 elapsed=282s
2026-09-21 04:21:54 | INFO | step=5900 loss=0.0368 lr=2.00e-04 elapsed=285s
2026-09-21 04:21:57 | INFO | step=6000 loss=0.0057 lr=2.00e-04 elapsed=287s
2026-09-21 04:22:01 | INFO | [eval] step=6000 dev_loss=2.0773
2026-09-21 04:22:13 | INFO |   EM on dev subset (200 samples): 1.00%
2026-09-21 04:22:18 | INFO |   -> New best model saved (dev_loss=2.0773)
2026-09-21 04:22:21 | INFO | step=6100 loss=0.0514 lr=2.00e-04 elapsed=311s
2026-09-21 04:22:23 | INFO | step=6200 loss=0.0461 lr=2.00e-04 elapsed=314s
2026-09-21 04:22:26 | INFO | step=6300 loss=0.0100 lr=2.00e-04 elapsed=317s
2026-09-21 04:22:29 | INFO | step=6400 loss=0.0425 lr=2.00e-04 elapsed=319s
2026-09-21 04:22:32 | INFO | step=6500 loss=0.0333 lr=2.00e-04 elapsed=322s
2026-09-21 04:22:34 | INFO | step=6600 loss=0.0476 lr=2.00e-04 elapsed=325s
2026-09-21 04:22:37 | INFO | step=6700 loss=0.0414 lr=2.00e-04 elapsed=328s
2026-09-21 04:22:40 | INFO | step=6800 loss=0.0066 lr=2.00e-04 elapsed=330s
2026-09-21 04:22:43 | INFO | step=6900 loss=0.0130 lr=2.00e-04 elapsed=333s
2026-09-21 04:22:45 | INFO | step=7000 loss=0.0628 lr=2.00e-04 elapsed=336s
2026-09-21 04:22:49 | INFO | [eval] step=7000 dev_loss=2.0810
2026-09-21 04:23:01 | INFO |   EM on dev subset (200 samples): 0.50%
2026-09-21 04:23:03 | INFO | step=7100 loss=0.0078 lr=1.99e-04 elapsed=354s
2026-09-21 04:23:06 | INFO | step=7200 loss=0.0737 lr=1.99e-04 elapsed=357s
2026-09-21 04:23:09 | INFO | step=7300 loss=0.0149 lr=1.99e-04 elapsed=359s
2026-09-21 04:23:12 | INFO | step=7400 loss=0.0270 lr=1.99e-04 elapsed=362s
2026-09-21 04:23:14 | INFO | step=7500 loss=0.0055 lr=1.99e-04 elapsed=365s
2026-09-21 04:23:17 | INFO | step=7600 loss=0.0479 lr=1.99e-04 elapsed=368s
2026-09-21 04:23:20 | INFO | step=7700 loss=0.0269 lr=1.99e-04 elapsed=370s
2026-09-21 04:23:23 | INFO | step=7800 loss=0.0145 lr=1.99e-04 elapsed=373s
2026-09-21 04:23:25 | INFO | step=7900 loss=0.0620 lr=1.99e-04 elapsed=376s
2026-09-21 04:23:28 | INFO | step=8000 loss=0.0294 lr=1.99e-04 elapsed=379s
2026-09-21 04:23:32 | INFO | [eval] step=8000 dev_loss=2.0828
2026-09-21 04:23:44 | INFO |   EM on dev subset (200 samples): 2.50%
2026-09-21 04:23:49 | INFO |   -> New best model saved (dev_loss=2.0828)
2026-09-21 04:23:52 | INFO | step=8100 loss=0.0096 lr=1.99e-04 elapsed=402s
2026-09-21 04:23:54 | INFO | step=8200 loss=0.0732 lr=1.99e-04 elapsed=405s
2026-09-21 04:23:57 | INFO | step=8300 loss=0.0268 lr=1.99e-04 elapsed=408s
2026-09-21 04:24:00 | INFO | step=8400 loss=0.0267 lr=1.99e-04 elapsed=411s
2026-09-21 04:24:03 | INFO | step=8500 loss=0.0137 lr=1.99e-04 elapsed=413s
2026-09-21 04:24:05 | INFO | step=8600 loss=0.0040 lr=1.99e-04 elapsed=416s
2026-09-21 04:24:08 | INFO | step=8700 loss=0.0389 lr=1.99e-04 elapsed=419s
2026-09-21 04:24:11 | INFO | step=8800 loss=0.0019 lr=1.99e-04 elapsed=422s
2026-09-21 04:24:14 | INFO | step=8900 loss=0.0196 lr=1.99e-04 elapsed=424s
2026-09-21 04:24:16 | INFO | step=9000 loss=0.0014 lr=1.99e-04 elapsed=427s
2026-09-21 04:24:20 | INFO | [eval] step=9000 dev_loss=2.0793
2026-09-21 04:24:39 | INFO |   EM on dev subset (200 samples): 1.50%
2026-09-21 04:24:42 | INFO | step=9100 loss=0.0281 lr=1.99e-04 elapsed=453s
2026-09-21 04:24:45 | INFO | step=9200 loss=0.0218 lr=1.99e-04 elapsed=455s
2026-09-21 04:24:48 | INFO | step=9300 loss=0.0498 lr=1.98e-04 elapsed=458s
2026-09-21 04:24:50 | INFO | step=9400 loss=0.0114 lr=1.98e-04 elapsed=461s
2026-09-21 04:24:53 | INFO | step=9500 loss=0.0091 lr=1.98e-04 elapsed=464s
2026-09-21 04:24:56 | INFO | step=9600 loss=0.0373 lr=1.98e-04 elapsed=466s
2026-09-21 04:24:58 | INFO | step=9700 loss=0.0323 lr=1.98e-04 elapsed=469s
2026-09-21 04:25:01 | INFO | step=9800 loss=0.0406 lr=1.98e-04 elapsed=472s
2026-09-21 04:25:04 | INFO | step=9900 loss=0.0051 lr=1.98e-04 elapsed=475s
2026-09-21 04:25:07 | INFO | step=10000 loss=0.0063 lr=1.98e-04 elapsed=477s
2026-09-21 04:25:11 | INFO | [eval] step=10000 dev_loss=2.0761
2026-09-21 04:25:27 | INFO |   EM on dev subset (200 samples): 1.50%
2026-09-21 04:25:34 | INFO | step=10100 loss=0.0252 lr=1.98e-04 elapsed=505s
2026-09-21 04:25:37 | INFO | step=10200 loss=0.0195 lr=1.98e-04 elapsed=508s
2026-09-21 04:25:40 | INFO | step=10300 loss=0.0155 lr=1.98e-04 elapsed=511s
2026-09-21 04:25:43 | INFO | step=10400 loss=0.0059 lr=1.98e-04 elapsed=513s
2026-09-21 04:25:45 | INFO | step=10500 loss=0.0103 lr=1.98e-04 elapsed=516s
2026-09-21 04:25:48 | INFO | step=10600 loss=0.0694 lr=1.98e-04 elapsed=519s
2026-09-21 04:25:51 | INFO | step=10700 loss=0.0267 lr=1.98e-04 elapsed=521s
2026-09-21 04:25:54 | INFO | step=10800 loss=0.0130 lr=1.98e-04 elapsed=524s
2026-09-21 04:25:56 | INFO | step=10900 loss=0.0015 lr=1.97e-04 elapsed=527s
2026-09-21 04:25:59 | INFO | step=11000 loss=0.0188 lr=1.97e-04 elapsed=530s
2026-09-21 04:26:03 | INFO | [eval] step=11000 dev_loss=2.0919
2026-09-21 04:26:16 | INFO |   EM on dev subset (200 samples): 1.00%
2026-09-21 04:26:19 | INFO | step=11100 loss=0.0431 lr=1.97e-04 elapsed=549s
2026-09-21 04:26:21 | INFO | step=11200 loss=0.0007 lr=1.97e-04 elapsed=552s
2026-09-21 04:26:24 | INFO | step=11300 loss=0.0045 lr=1.97e-04 elapsed=555s
2026-09-21 04:26:27 | INFO | step=11400 loss=0.0066 lr=1.97e-04 elapsed=558s
2026-09-21 04:26:30 | INFO | step=11500 loss=0.0041 lr=1.97e-04 elapsed=560s
2026-09-21 04:26:32 | INFO | step=11600 loss=0.0008 lr=1.97e-04 elapsed=563s
2026-09-21 04:26:35 | INFO | step=11700 loss=0.0033 lr=1.97e-04 elapsed=566s
2026-09-21 04:26:38 | INFO | step=11800 loss=0.0035 lr=1.97e-04 elapsed=568s
2026-09-21 04:26:41 | INFO | step=11900 loss=0.0192 lr=1.97e-04 elapsed=571s
2026-09-21 04:26:43 | INFO | step=12000 loss=0.0007 lr=1.97e-04 elapsed=574s
2026-09-21 04:26:47 | INFO | [eval] step=12000 dev_loss=2.0783
2026-09-21 04:27:00 | INFO |   EM on dev subset (200 samples): 2.00%
2026-09-21 04:27:03 | INFO | step=12100 loss=0.0631 lr=1.97e-04 elapsed=594s
2026-09-21 04:27:06 | INFO | step=12200 loss=0.0018 lr=1.96e-04 elapsed=596s
2026-09-21 04:27:08 | INFO | step=12300 loss=0.0005 lr=1.96e-04 elapsed=599s
2026-09-21 04:27:11 | INFO | step=12400 loss=0.0426 lr=1.96e-04 elapsed=602s
2026-09-21 04:27:14 | INFO | step=12500 loss=0.0050 lr=1.96e-04 elapsed=604s
2026-09-21 04:27:17 | INFO | step=12600 loss=0.0032 lr=1.96e-04 elapsed=607s
2026-09-21 04:27:19 | INFO | step=12700 loss=0.0009 lr=1.96e-04 elapsed=610s
2026-09-21 04:27:22 | INFO | step=12800 loss=0.0152 lr=1.96e-04 elapsed=613s
2026-09-21 04:27:25 | INFO | step=12900 loss=0.0994 lr=1.96e-04 elapsed=615s
2026-09-21 04:27:27 | INFO | step=13000 loss=0.0158 lr=1.96e-04 elapsed=618s
2026-09-21 04:27:31 | INFO | [eval] step=13000 dev_loss=2.0782
2026-09-21 04:27:43 | INFO |   EM on dev subset (200 samples): 2.00%
2026-09-21 04:27:46 | INFO | step=13100 loss=0.0243 lr=1.96e-04 elapsed=637s
2026-09-21 04:27:49 | INFO | step=13200 loss=0.0006 lr=1.96e-04 elapsed=640s
2026-09-21 04:27:52 | INFO | step=13300 loss=0.0159 lr=1.95e-04 elapsed=642s
2026-09-21 04:27:55 | INFO | step=13400 loss=0.0038 lr=1.95e-04 elapsed=645s
2026-09-21 04:27:57 | INFO | step=13500 loss=0.0040 lr=1.95e-04 elapsed=648s
2026-09-21 04:28:00 | INFO | step=13600 loss=0.0038 lr=1.95e-04 elapsed=651s
2026-09-21 04:28:03 | INFO | step=13700 loss=0.0069 lr=1.95e-04 elapsed=653s
2026-09-21 04:28:06 | INFO | step=13800 loss=0.0049 lr=1.95e-04 elapsed=656s
2026-09-21 04:28:08 | INFO | step=13900 loss=0.0125 lr=1.95e-04 elapsed=659s
2026-09-21 04:28:11 | INFO | step=14000 loss=0.0059 lr=1.95e-04 elapsed=662s
2026-09-21 04:28:15 | INFO | [eval] step=14000 dev_loss=2.0830
2026-09-21 04:28:26 | INFO |   EM on dev subset (200 samples): 2.50%
2026-09-21 04:28:29 | INFO | step=14100 loss=0.0007 lr=1.95e-04 elapsed=680s
2026-09-21 04:28:32 | INFO | step=14200 loss=0.0010 lr=1.94e-04 elapsed=683s
2026-09-21 04:28:35 | INFO | step=14300 loss=0.0035 lr=1.94e-04 elapsed=685s
2026-09-21 04:28:37 | INFO | step=14400 loss=0.0002 lr=1.94e-04 elapsed=688s
2026-09-21 04:28:40 | INFO | step=14500 loss=0.0101 lr=1.94e-04 elapsed=691s
2026-09-21 04:28:43 | INFO | step=14600 loss=0.0166 lr=1.94e-04 elapsed=694s
2026-09-21 04:28:46 | INFO | step=14700 loss=0.0028 lr=1.94e-04 elapsed=696s
2026-09-21 04:28:48 | INFO | step=14800 loss=0.0028 lr=1.94e-04 elapsed=699s
2026-09-21 04:28:51 | INFO | step=14900 loss=0.0008 lr=1.94e-04 elapsed=702s
2026-09-21 04:28:54 | INFO | step=15000 loss=0.0093 lr=1.94e-04 elapsed=704s
2026-09-21 04:28:58 | INFO | [eval] step=15000 dev_loss=2.0836
2026-09-21 04:29:10 | INFO |   EM on dev subset (200 samples): 3.50%
2026-09-21 04:29:14 | INFO |   -> New best model saved (dev_loss=2.0836)
2026-09-21 04:29:17 | INFO | step=15100 loss=0.0014 lr=1.93e-04 elapsed=728s
2026-09-21 04:29:20 | INFO | step=15200 loss=0.0006 lr=1.93e-04 elapsed=730s
2026-09-21 04:29:23 | INFO | step=15300 loss=0.0022 lr=1.93e-04 elapsed=733s
2026-09-21 04:29:25 | INFO | step=15400 loss=0.0026 lr=1.93e-04 elapsed=736s
2026-09-21 04:29:28 | INFO | step=15500 loss=0.0007 lr=1.93e-04 elapsed=739s
2026-09-21 04:29:31 | INFO | step=15600 loss=0.0153 lr=1.93e-04 elapsed=742s
2026-09-21 04:29:34 | INFO | step=15700 loss=0.0036 lr=1.93e-04 elapsed=744s
2026-09-21 04:29:36 | INFO | step=15800 loss=0.0016 lr=1.93e-04 elapsed=747s
2026-09-21 04:29:39 | INFO | step=15900 loss=0.0526 lr=1.93e-04 elapsed=750s
2026-09-21 04:29:42 | INFO | step=16000 loss=0.0119 lr=1.92e-04 elapsed=753s
2026-09-21 04:29:46 | INFO | [eval] step=16000 dev_loss=2.0768
2026-09-21 04:29:59 | INFO |   EM on dev subset (200 samples): 5.00%
2026-09-21 04:30:03 | INFO |   -> New best model saved (dev_loss=2.0768)
2026-09-21 04:30:06 | INFO | step=16100 loss=0.0023 lr=1.92e-04 elapsed=777s
2026-09-21 04:30:09 | INFO | step=16200 loss=0.0081 lr=1.92e-04 elapsed=779s
2026-09-21 04:30:12 | INFO | step=16300 loss=0.0345 lr=1.92e-04 elapsed=782s
2026-09-21 04:30:14 | INFO | step=16400 loss=0.0048 lr=1.92e-04 elapsed=785s
2026-09-21 04:30:17 | INFO | step=16500 loss=0.0019 lr=1.92e-04 elapsed=788s
2026-09-21 04:30:20 | INFO | step=16600 loss=0.0001 lr=1.92e-04 elapsed=790s
2026-09-21 04:30:23 | INFO | step=16700 loss=0.0073 lr=1.91e-04 elapsed=793s
2026-09-21 04:30:25 | INFO | step=16800 loss=0.0009 lr=1.91e-04 elapsed=796s
2026-09-21 04:30:28 | INFO | step=16900 loss=0.0080 lr=1.91e-04 elapsed=799s
2026-09-21 04:30:31 | INFO | step=17000 loss=0.0023 lr=1.91e-04 elapsed=801s
2026-09-21 04:30:35 | INFO | [eval] step=17000 dev_loss=2.0772
2026-09-21 04:30:47 | INFO |   EM on dev subset (200 samples): 4.00%
2026-09-21 04:30:50 | INFO | step=17100 loss=0.0943 lr=1.91e-04 elapsed=820s
2026-09-21 04:30:53 | INFO | step=17200 loss=0.0023 lr=1.91e-04 elapsed=823s
2026-09-21 04:30:55 | INFO | step=17300 loss=0.0044 lr=1.91e-04 elapsed=826s
2026-09-21 04:30:58 | INFO | step=17400 loss=0.0082 lr=1.91e-04 elapsed=829s
2026-09-21 04:31:01 | INFO | step=17500 loss=0.0014 lr=1.90e-04 elapsed=832s
2026-09-21 04:31:04 | INFO | step=17600 loss=0.0005 lr=1.90e-04 elapsed=834s
2026-09-21 04:31:06 | INFO | step=17700 loss=0.0339 lr=1.90e-04 elapsed=837s
2026-09-21 04:31:09 | INFO | step=17800 loss=0.0007 lr=1.90e-04 elapsed=840s
2026-09-21 04:31:12 | INFO | step=17900 loss=0.0004 lr=1.90e-04 elapsed=842s
2026-09-21 04:31:15 | INFO | step=18000 loss=0.0039 lr=1.90e-04 elapsed=845s
2026-09-21 04:31:18 | INFO | [eval] step=18000 dev_loss=2.0781
2026-09-21 04:31:30 | INFO |   EM on dev subset (200 samples): 3.00%
2026-09-21 04:31:33 | INFO | step=18100 loss=0.0008 lr=1.90e-04 elapsed=864s
2026-09-21 04:31:36 | INFO | step=18200 loss=0.0008 lr=1.89e-04 elapsed=866s
2026-09-21 04:31:39 | INFO | step=18300 loss=0.0014 lr=1.89e-04 elapsed=869s
2026-09-21 04:31:41 | INFO | step=18400 loss=0.0034 lr=1.89e-04 elapsed=872s
2026-09-21 04:31:44 | INFO | step=18500 loss=0.0039 lr=1.89e-04 elapsed=875s
2026-09-21 04:31:47 | INFO | step=18600 loss=0.0004 lr=1.89e-04 elapsed=878s
2026-09-21 04:31:50 | INFO | step=18700 loss=0.0001 lr=1.89e-04 elapsed=880s
2026-09-21 04:31:52 | INFO | step=18800 loss=0.0002 lr=1.88e-04 elapsed=883s
2026-09-21 04:31:55 | INFO | step=18900 loss=0.0135 lr=1.88e-04 elapsed=886s
2026-09-21 04:31:58 | INFO | step=19000 loss=0.0387 lr=1.88e-04 elapsed=889s
2026-09-21 04:32:02 | INFO | [eval] step=19000 dev_loss=2.0805
2026-09-21 04:32:13 | INFO |   EM on dev subset (200 samples): 3.50%
2026-09-21 04:32:16 | INFO | step=19100 loss=0.0334 lr=1.88e-04 elapsed=907s
2026-09-21 04:32:19 | INFO | step=19200 loss=0.0002 lr=1.88e-04 elapsed=909s
2026-09-21 04:32:21 | INFO | step=19300 loss=0.0130 lr=1.88e-04 elapsed=912s
2026-09-21 04:32:24 | INFO | step=19400 loss=0.0007 lr=1.88e-04 elapsed=915s
2026-09-21 04:32:27 | INFO | step=19500 loss=0.0002 lr=1.87e-04 elapsed=918s
2026-09-21 04:32:30 | INFO | step=19600 loss=0.0008 lr=1.87e-04 elapsed=920s
2026-09-21 04:32:32 | INFO | step=19700 loss=0.0108 lr=1.87e-04 elapsed=923s
2026-09-21 04:32:35 | INFO | step=19800 loss=0.0004 lr=1.87e-04 elapsed=926s
2026-09-21 04:32:38 | INFO | step=19900 loss=0.0092 lr=1.87e-04 elapsed=929s
2026-09-21 04:32:41 | INFO | step=20000 loss=0.0006 lr=1.87e-04 elapsed=931s
2026-09-21 04:32:45 | INFO | [eval] step=20000 dev_loss=2.0758
2026-09-21 04:32:57 | INFO |   EM on dev subset (200 samples): 5.00%
2026-09-21 04:33:04 | INFO | step=20100 loss=0.0327 lr=1.86e-04 elapsed=954s
2026-09-21 04:33:07 | INFO | step=20200 loss=0.0009 lr=1.86e-04 elapsed=957s
2026-09-21 04:33:09 | INFO | step=20300 loss=0.0186 lr=1.86e-04 elapsed=960s
2026-09-21 04:33:12 | INFO | step=20400 loss=0.0003 lr=1.86e-04 elapsed=963s
2026-09-21 04:33:15 | INFO | step=20500 loss=0.0018 lr=1.86e-04 elapsed=965s
2026-09-21 04:33:18 | INFO | step=20600 loss=0.0012 lr=1.86e-04 elapsed=968s
2026-09-21 04:33:20 | INFO | step=20700 loss=0.0007 lr=1.85e-04 elapsed=971s
2026-09-21 04:33:23 | INFO | step=20800 loss=0.0021 lr=1.85e-04 elapsed=974s
2026-09-21 04:33:26 | INFO | step=20900 loss=0.0124 lr=1.85e-04 elapsed=976s
2026-09-21 04:33:29 | INFO | step=21000 loss=0.0021 lr=1.85e-04 elapsed=979s
2026-09-21 04:33:32 | INFO | [eval] step=21000 dev_loss=2.0783
2026-09-21 04:33:45 | INFO |   EM on dev subset (200 samples): 3.00%
2026-09-21 04:33:48 | INFO | step=21100 loss=0.0005 lr=1.85e-04 elapsed=998s
2026-09-21 04:33:50 | INFO | step=21200 loss=0.0026 lr=1.85e-04 elapsed=1001s
2026-09-21 04:33:53 | INFO | step=21300 loss=0.0028 lr=1.84e-04 elapsed=1004s
2026-09-21 04:33:56 | INFO | step=21400 loss=0.0039 lr=1.84e-04 elapsed=1007s
2026-09-21 04:33:59 | INFO | step=21500 loss=0.0273 lr=1.84e-04 elapsed=1009s
2026-09-21 04:34:01 | INFO | step=21600 loss=0.0212 lr=1.84e-04 elapsed=1012s
2026-09-21 04:34:04 | INFO | step=21700 loss=0.0035 lr=1.84e-04 elapsed=1015s
2026-09-21 04:34:07 | INFO | step=21800 loss=0.0108 lr=1.84e-04 elapsed=1017s
2026-09-21 04:34:10 | INFO | step=21900 loss=0.0013 lr=1.83e-04 elapsed=1020s
2026-09-21 04:34:12 | INFO | step=22000 loss=0.0024 lr=1.83e-04 elapsed=1023s
2026-09-21 04:34:16 | INFO | [eval] step=22000 dev_loss=2.0766
2026-09-21 04:34:29 | INFO |   EM on dev subset (200 samples): 4.50%
2026-09-21 04:34:32 | INFO | step=22100 loss=0.0403 lr=1.83e-04 elapsed=1042s
2026-09-21 04:34:34 | INFO | step=22200 loss=0.0223 lr=1.83e-04 elapsed=1045s
2026-09-21 04:34:37 | INFO | step=22300 loss=0.0107 lr=1.83e-04 elapsed=1048s
2026-09-21 04:34:40 | INFO | step=22400 loss=0.0151 lr=1.82e-04 elapsed=1050s
2026-09-21 04:34:43 | INFO | step=22500 loss=0.0002 lr=1.82e-04 elapsed=1053s
2026-09-21 04:34:45 | INFO | step=22600 loss=0.0002 lr=1.82e-04 elapsed=1056s
2026-09-21 04:34:48 | INFO | step=22700 loss=0.0004 lr=1.82e-04 elapsed=1059s
2026-09-21 04:34:51 | INFO | step=22800 loss=0.0082 lr=1.82e-04 elapsed=1061s
2026-09-21 04:34:54 | INFO | step=22900 loss=0.0002 lr=1.81e-04 elapsed=1064s
2026-09-21 04:34:56 | INFO | step=23000 loss=0.0006 lr=1.81e-04 elapsed=1067s
2026-09-21 04:35:00 | INFO | [eval] step=23000 dev_loss=2.0752
2026-09-21 04:35:12 | INFO |   EM on dev subset (200 samples): 5.00%
2026-09-21 04:35:15 | INFO | step=23100 loss=0.0003 lr=1.81e-04 elapsed=1086s
2026-09-21 04:35:18 | INFO | step=23200 loss=0.0003 lr=1.81e-04 elapsed=1088s
2026-09-21 04:35:20 | INFO | step=23300 loss=0.0125 lr=1.81e-04 elapsed=1091s
2026-09-21 04:35:23 | INFO | step=23400 loss=0.0009 lr=1.81e-04 elapsed=1094s
2026-09-21 04:35:26 | INFO | step=23500 loss=0.0005 lr=1.80e-04 elapsed=1096s
2026-09-21 04:35:29 | INFO | step=23600 loss=0.0019 lr=1.80e-04 elapsed=1099s
2026-09-21 04:35:31 | INFO | step=23700 loss=0.0024 lr=1.80e-04 elapsed=1102s
2026-09-21 04:35:34 | INFO | step=23800 loss=0.0026 lr=1.80e-04 elapsed=1105s
2026-09-21 04:35:37 | INFO | step=23900 loss=0.0006 lr=1.80e-04 elapsed=1108s
2026-09-21 04:35:40 | INFO | step=24000 loss=0.0004 lr=1.79e-04 elapsed=1110s
2026-09-21 04:35:44 | INFO | [eval] step=24000 dev_loss=2.0773
2026-09-21 04:35:56 | INFO |   EM on dev subset (200 samples): 4.00%
2026-09-21 04:35:59 | INFO | step=24100 loss=0.0003 lr=1.79e-04 elapsed=1129s
2026-09-21 04:36:02 | INFO | step=24200 loss=0.0003 lr=1.79e-04 elapsed=1132s
2026-09-21 04:36:04 | INFO | step=24300 loss=0.0001 lr=1.79e-04 elapsed=1135s
2026-09-21 04:36:07 | INFO | step=24400 loss=0.0006 lr=1.79e-04 elapsed=1138s
2026-09-21 04:36:10 | INFO | step=24500 loss=0.0009 lr=1.78e-04 elapsed=1140s
2026-09-21 04:36:13 | INFO | step=24600 loss=0.0022 lr=1.78e-04 elapsed=1143s
2026-09-21 04:36:15 | INFO | step=24700 loss=0.0204 lr=1.78e-04 elapsed=1146s
2026-09-21 04:36:18 | INFO | step=24800 loss=0.0002 lr=1.78e-04 elapsed=1149s
2026-09-21 04:36:21 | INFO | step=24900 loss=0.0001 lr=1.78e-04 elapsed=1151s
2026-09-21 04:36:24 | INFO | step=25000 loss=0.0034 lr=1.77e-04 elapsed=1154s
2026-09-21 04:36:27 | INFO | [eval] step=25000 dev_loss=2.0748
2026-09-21 04:36:43 | INFO |   EM on dev subset (200 samples): 5.00%
2026-09-21 04:36:45 | INFO | step=25100 loss=0.0005 lr=1.77e-04 elapsed=1176s
2026-09-21 04:36:48 | INFO | step=25200 loss=0.0004 lr=1.77e-04 elapsed=1179s
2026-09-21 04:36:51 | INFO | step=25300 loss=0.0080 lr=1.77e-04 elapsed=1182s
2026-09-21 04:36:54 | INFO | step=25400 loss=0.0009 lr=1.76e-04 elapsed=1184s
2026-09-21 04:36:56 | INFO | step=25500 loss=0.0003 lr=1.76e-04 elapsed=1187s
2026-09-21 04:36:59 | INFO | step=25600 loss=0.0015 lr=1.76e-04 elapsed=1190s
2026-09-21 04:37:02 | INFO | step=25700 loss=0.0001 lr=1.76e-04 elapsed=1193s
2026-09-21 04:37:05 | INFO | step=25800 loss=0.0013 lr=1.76e-04 elapsed=1195s
2026-09-21 04:37:07 | INFO | step=25900 loss=0.0034 lr=1.75e-04 elapsed=1198s
2026-09-21 04:37:10 | INFO | step=26000 loss=0.0255 lr=1.75e-04 elapsed=1201s
2026-09-21 04:37:14 | INFO | [eval] step=26000 dev_loss=2.0792
2026-09-21 04:37:26 | INFO |   EM on dev subset (200 samples): 4.00%
2026-09-21 04:37:29 | INFO | step=26100 loss=0.0010 lr=1.75e-04 elapsed=1219s
2026-09-21 04:37:32 | INFO | step=26200 loss=0.0000 lr=1.75e-04 elapsed=1222s
2026-09-21 04:37:34 | INFO | step=26300 loss=0.0001 lr=1.75e-04 elapsed=1225s
2026-09-21 04:37:37 | INFO | step=26400 loss=0.0026 lr=1.74e-04 elapsed=1228s
2026-09-21 04:37:40 | INFO | step=26500 loss=0.0039 lr=1.74e-04 elapsed=1230s
2026-09-21 04:37:43 | INFO | step=26600 loss=0.0006 lr=1.74e-04 elapsed=1233s
2026-09-21 04:37:45 | INFO | step=26700 loss=0.0001 lr=1.74e-04 elapsed=1236s
2026-09-21 04:37:48 | INFO | step=26800 loss=0.0003 lr=1.73e-04 elapsed=1239s
2026-09-21 04:37:51 | INFO | step=26900 loss=0.0002 lr=1.73e-04 elapsed=1242s
2026-09-21 04:37:54 | INFO | step=27000 loss=0.0017 lr=1.73e-04 elapsed=1244s
2026-09-21 04:37:58 | INFO | [eval] step=27000 dev_loss=2.0760
2026-09-21 04:38:13 | INFO |   EM on dev subset (200 samples): 5.50%
2026-09-21 04:38:18 | INFO |   -> New best model saved (dev_loss=2.0760)
2026-09-21 04:38:21 | INFO | step=27100 loss=0.0001 lr=1.73e-04 elapsed=1271s
2026-09-21 04:38:23 | INFO | step=27200 loss=0.0010 lr=1.73e-04 elapsed=1274s
2026-09-21 04:38:26 | INFO | step=27300 loss=0.0160 lr=1.72e-04 elapsed=1277s
2026-09-21 04:38:29 | INFO | step=27400 loss=0.0005 lr=1.72e-04 elapsed=1280s
2026-09-21 04:38:32 | INFO | step=27500 loss=0.0007 lr=1.72e-04 elapsed=1282s
2026-09-21 04:38:34 | INFO | step=27600 loss=0.0004 lr=1.72e-04 elapsed=1285s
2026-09-21 04:38:37 | INFO | step=27700 loss=0.0767 lr=1.71e-04 elapsed=1288s
2026-09-21 04:38:40 | INFO | step=27800 loss=0.0002 lr=1.71e-04 elapsed=1291s
2026-09-21 04:38:43 | INFO | step=27900 loss=0.0029 lr=1.71e-04 elapsed=1293s
2026-09-21 04:38:45 | INFO | step=28000 loss=0.0001 lr=1.71e-04 elapsed=1296s
2026-09-21 04:38:49 | INFO | [eval] step=28000 dev_loss=2.0750
2026-09-21 04:39:01 | INFO |   EM on dev subset (200 samples): 5.00%
2026-09-21 04:39:04 | INFO | step=28100 loss=0.0002 lr=1.70e-04 elapsed=1315s
2026-09-21 04:39:07 | INFO | step=28200 loss=0.0076 lr=1.70e-04 elapsed=1318s
2026-09-21 04:39:10 | INFO | step=28300 loss=0.0007 lr=1.70e-04 elapsed=1320s
2026-09-21 04:39:12 | INFO | step=28400 loss=0.0003 lr=1.70e-04 elapsed=1323s
2026-09-21 04:39:15 | INFO | step=28500 loss=0.0008 lr=1.70e-04 elapsed=1326s
2026-09-21 04:39:18 | INFO | step=28600 loss=0.0027 lr=1.69e-04 elapsed=1329s
2026-09-21 04:39:21 | INFO | step=28700 loss=0.0069 lr=1.69e-04 elapsed=1331s
2026-09-21 04:39:23 | INFO | step=28800 loss=0.0002 lr=1.69e-04 elapsed=1334s
2026-09-21 04:39:26 | INFO | step=28900 loss=0.0006 lr=1.69e-04 elapsed=1337s
2026-09-21 04:39:29 | INFO | step=29000 loss=0.0004 lr=1.68e-04 elapsed=1340s
2026-09-21 04:39:33 | INFO | [eval] step=29000 dev_loss=2.0749
2026-09-21 04:39:45 | INFO |   EM on dev subset (200 samples): 5.50%
2026-09-21 04:39:47 | INFO | step=29100 loss=0.0002 lr=1.68e-04 elapsed=1358s
2026-09-21 04:39:50 | INFO | step=29200 loss=0.0001 lr=1.68e-04 elapsed=1361s
2026-09-21 04:39:53 | INFO | step=29300 loss=0.0008 lr=1.68e-04 elapsed=1364s
2026-09-21 04:39:56 | INFO | step=29400 loss=0.0025 lr=1.67e-04 elapsed=1366s
2026-09-21 04:39:58 | INFO | step=29500 loss=0.0493 lr=1.67e-04 elapsed=1369s
2026-09-21 04:40:01 | INFO | step=29600 loss=0.0007 lr=1.67e-04 elapsed=1372s
2026-09-21 04:40:04 | INFO | step=29700 loss=0.0003 lr=1.67e-04 elapsed=1375s
2026-09-21 04:40:07 | INFO | step=29800 loss=0.0219 lr=1.66e-04 elapsed=1377s
2026-09-21 04:40:10 | INFO | step=29900 loss=0.0006 lr=1.66e-04 elapsed=1380s
2026-09-21 04:40:12 | INFO | step=30000 loss=0.0302 lr=1.66e-04 elapsed=1383s
2026-09-21 04:40:16 | INFO | [eval] step=30000 dev_loss=2.0750
2026-09-21 04:40:28 | INFO |   EM on dev subset (200 samples): 4.50%
2026-09-21 04:40:36 | INFO | step=30100 loss=0.0293 lr=1.66e-04 elapsed=1406s
2026-09-21 04:40:38 | INFO | step=30200 loss=0.0093 lr=1.65e-04 elapsed=1409s
2026-09-21 04:40:41 | INFO | step=30300 loss=0.0009 lr=1.65e-04 elapsed=1412s
2026-09-21 04:40:44 | INFO | step=30400 loss=0.0002 lr=1.65e-04 elapsed=1414s
2026-09-21 04:40:47 | INFO | step=30500 loss=0.0000 lr=1.65e-04 elapsed=1417s
2026-09-21 04:40:49 | INFO | step=30600 loss=0.0007 lr=1.64e-04 elapsed=1420s
2026-09-21 04:40:52 | INFO | step=30700 loss=0.0000 lr=1.64e-04 elapsed=1423s
2026-09-21 04:40:55 | INFO | step=30800 loss=0.0001 lr=1.64e-04 elapsed=1426s
2026-09-21 04:40:58 | INFO | step=30900 loss=0.0004 lr=1.64e-04 elapsed=1428s
2026-09-21 04:41:00 | INFO | step=31000 loss=0.0364 lr=1.63e-04 elapsed=1431s
2026-09-21 04:41:04 | INFO | [eval] step=31000 dev_loss=2.0762
2026-09-21 04:41:16 | INFO |   EM on dev subset (200 samples): 5.50%
2026-09-21 04:41:19 | INFO | step=31100 loss=0.0022 lr=1.63e-04 elapsed=1450s
2026-09-21 04:41:22 | INFO | step=31200 loss=0.0004 lr=1.63e-04 elapsed=1452s
2026-09-21 04:41:24 | INFO | step=31300 loss=0.0207 lr=1.63e-04 elapsed=1455s
2026-09-21 04:41:27 | INFO | step=31400 loss=0.0001 lr=1.62e-04 elapsed=1458s
2026-09-21 04:41:30 | INFO | step=31500 loss=0.0000 lr=1.62e-04 elapsed=1461s
2026-09-21 04:41:33 | INFO | step=31600 loss=0.0012 lr=1.62e-04 elapsed=1463s
2026-09-21 04:41:35 | INFO | step=31700 loss=0.0027 lr=1.62e-04 elapsed=1466s
2026-09-21 04:41:38 | INFO | step=31800 loss=0.0001 lr=1.61e-04 elapsed=1469s
2026-09-21 04:41:41 | INFO | step=31900 loss=0.0009 lr=1.61e-04 elapsed=1471s
2026-09-21 04:41:44 | INFO | step=32000 loss=0.0117 lr=1.61e-04 elapsed=1474s
2026-09-21 04:41:47 | INFO | [eval] step=32000 dev_loss=2.0759
2026-09-21 04:42:00 | INFO |   EM on dev subset (200 samples): 4.50%
2026-09-21 04:42:03 | INFO | step=32100 loss=0.0001 lr=1.61e-04 elapsed=1493s
2026-09-21 04:42:06 | INFO | step=32200 loss=0.0005 lr=1.60e-04 elapsed=1496s
2026-09-21 04:42:08 | INFO | step=32300 loss=0.0315 lr=1.60e-04 elapsed=1499s
2026-09-21 04:42:11 | INFO | step=32400 loss=0.0012 lr=1.60e-04 elapsed=1502s
2026-09-21 04:42:14 | INFO | step=32500 loss=0.0011 lr=1.60e-04 elapsed=1505s
2026-09-21 04:42:17 | INFO | step=32600 loss=0.0001 lr=1.59e-04 elapsed=1507s
2026-09-21 04:42:20 | INFO | step=32700 loss=0.0011 lr=1.59e-04 elapsed=1510s
2026-09-21 04:42:22 | INFO | step=32800 loss=0.0515 lr=1.59e-04 elapsed=1513s
2026-09-21 04:42:25 | INFO | step=32900 loss=0.0000 lr=1.59e-04 elapsed=1516s
2026-09-21 04:42:28 | INFO | step=33000 loss=0.0000 lr=1.58e-04 elapsed=1518s
2026-09-21 04:42:32 | INFO | [eval] step=33000 dev_loss=2.0746
2026-09-21 04:42:44 | INFO |   EM on dev subset (200 samples): 6.50%
2026-09-21 04:42:48 | INFO |   -> New best model saved (dev_loss=2.0746)
2026-09-21 04:42:51 | INFO | step=33100 loss=0.0002 lr=1.58e-04 elapsed=1542s
2026-09-21 04:42:54 | INFO | step=33200 loss=0.0001 lr=1.58e-04 elapsed=1545s
2026-09-21 04:42:57 | INFO | step=33300 loss=0.0034 lr=1.57e-04 elapsed=1547s
2026-09-21 04:42:59 | INFO | step=33400 loss=0.0011 lr=1.57e-04 elapsed=1550s
2026-09-21 04:43:02 | INFO | step=33500 loss=0.0008 lr=1.57e-04 elapsed=1553s
2026-09-21 04:43:05 | INFO | step=33600 loss=0.0002 lr=1.57e-04 elapsed=1556s
2026-09-21 04:43:08 | INFO | step=33700 loss=0.0081 lr=1.56e-04 elapsed=1558s
2026-09-21 04:43:11 | INFO | step=33800 loss=0.0077 lr=1.56e-04 elapsed=1561s
2026-09-21 04:43:13 | INFO | step=33900 loss=0.0001 lr=1.56e-04 elapsed=1564s
2026-09-21 04:43:16 | INFO | step=34000 loss=0.0001 lr=1.56e-04 elapsed=1567s
2026-09-21 04:43:20 | INFO | [eval] step=34000 dev_loss=2.0748
2026-09-21 04:43:32 | INFO |   EM on dev subset (200 samples): 5.00%
2026-09-21 04:43:35 | INFO | step=34100 loss=0.0004 lr=1.55e-04 elapsed=1585s
2026-09-21 04:43:38 | INFO | step=34200 loss=0.0009 lr=1.55e-04 elapsed=1588s
2026-09-21 04:43:41 | INFO | step=34300 loss=0.0074 lr=1.55e-04 elapsed=1591s
2026-09-21 04:43:43 | INFO | step=34400 loss=0.0019 lr=1.54e-04 elapsed=1594s
2026-09-21 04:43:46 | INFO | step=34500 loss=0.0060 lr=1.54e-04 elapsed=1597s
2026-09-21 04:43:49 | INFO | step=34600 loss=0.0015 lr=1.54e-04 elapsed=1599s
2026-09-21 04:43:52 | INFO | step=34700 loss=0.1028 lr=1.54e-04 elapsed=1602s
2026-09-21 04:43:54 | INFO | step=34800 loss=0.0007 lr=1.53e-04 elapsed=1605s
2026-09-21 04:43:57 | INFO | step=34900 loss=0.0000 lr=1.53e-04 elapsed=1608s
2026-09-21 04:44:00 | INFO | step=35000 loss=0.0001 lr=1.53e-04 elapsed=1611s
2026-09-21 04:44:04 | INFO | [eval] step=35000 dev_loss=2.0744
2026-09-21 04:44:16 | INFO |   EM on dev subset (200 samples): 5.50%
2026-09-21 04:44:19 | INFO | step=35100 loss=0.0007 lr=1.53e-04 elapsed=1630s
2026-09-21 04:44:22 | INFO | step=35200 loss=0.0037 lr=1.52e-04 elapsed=1632s
2026-09-21 04:44:25 | INFO | step=35300 loss=0.0011 lr=1.52e-04 elapsed=1635s
2026-09-21 04:44:27 | INFO | step=35400 loss=0.0002 lr=1.52e-04 elapsed=1638s
2026-09-21 04:44:30 | INFO | step=35500 loss=0.0064 lr=1.51e-04 elapsed=1641s
2026-09-21 04:44:33 | INFO | step=35600 loss=0.0024 lr=1.51e-04 elapsed=1643s
2026-09-21 04:44:36 | INFO | step=35700 loss=0.0001 lr=1.51e-04 elapsed=1646s
2026-09-21 04:44:38 | INFO | step=35800 loss=0.0001 lr=1.51e-04 elapsed=1649s
2026-09-21 04:44:41 | INFO | step=35900 loss=0.0070 lr=1.50e-04 elapsed=1652s
2026-09-21 04:44:44 | INFO | step=36000 loss=0.0001 lr=1.50e-04 elapsed=1654s
2026-09-21 04:44:48 | INFO | [eval] step=36000 dev_loss=2.0742
2026-09-21 04:45:01 | INFO |   EM on dev subset (200 samples): 6.00%
2026-09-21 04:45:04 | INFO | step=36100 loss=0.0503 lr=1.50e-04 elapsed=1675s
2026-09-21 04:45:07 | INFO | step=36200 loss=0.0001 lr=1.49e-04 elapsed=1678s
2026-09-21 04:45:10 | INFO | step=36300 loss=0.0317 lr=1.49e-04 elapsed=1681s
2026-09-21 04:45:13 | INFO | step=36400 loss=0.0001 lr=1.49e-04 elapsed=1683s
2026-09-21 04:45:16 | INFO | step=36500 loss=0.0003 lr=1.49e-04 elapsed=1686s
2026-09-21 04:45:18 | INFO | step=36600 loss=0.0002 lr=1.48e-04 elapsed=1689s
2026-09-21 04:45:21 | INFO | step=36700 loss=0.0163 lr=1.48e-04 elapsed=1692s
2026-09-21 04:45:24 | INFO | step=36800 loss=0.0001 lr=1.48e-04 elapsed=1694s
2026-09-21 04:45:27 | INFO | step=36900 loss=0.0000 lr=1.47e-04 elapsed=1697s
2026-09-21 04:45:29 | INFO | step=37000 loss=0.0000 lr=1.47e-04 elapsed=1700s
2026-09-21 04:45:33 | INFO | [eval] step=37000 dev_loss=2.0746
2026-09-21 04:45:46 | INFO |   EM on dev subset (200 samples): 4.00%
2026-09-21 04:45:48 | INFO | step=37100 loss=0.0011 lr=1.47e-04 elapsed=1719s
2026-09-21 04:45:51 | INFO | step=37200 loss=0.0001 lr=1.47e-04 elapsed=1722s
2026-09-21 04:45:54 | INFO | step=37300 loss=0.0002 lr=1.46e-04 elapsed=1724s
2026-09-21 04:45:57 | INFO | step=37400 loss=0.0003 lr=1.46e-04 elapsed=1727s
2026-09-21 04:45:59 | INFO | step=37500 loss=0.0006 lr=1.46e-04 elapsed=1730s
2026-09-21 04:46:02 | INFO | step=37600 loss=0.0001 lr=1.45e-04 elapsed=1733s
2026-09-21 04:46:05 | INFO | step=37700 loss=0.0009 lr=1.45e-04 elapsed=1736s
2026-09-21 04:46:08 | INFO | step=37800 loss=0.0014 lr=1.45e-04 elapsed=1738s
2026-09-21 04:46:10 | INFO | step=37900 loss=0.0001 lr=1.45e-04 elapsed=1741s
2026-09-21 04:46:13 | INFO | step=38000 loss=0.0001 lr=1.44e-04 elapsed=1744s
2026-09-21 04:46:17 | INFO | [eval] step=38000 dev_loss=2.0762
2026-09-21 04:46:29 | INFO |   EM on dev subset (200 samples): 6.00%
2026-09-21 04:46:32 | INFO | step=38100 loss=0.0013 lr=1.44e-04 elapsed=1763s
2026-09-21 04:46:35 | INFO | step=38200 loss=0.0001 lr=1.44e-04 elapsed=1765s
2026-09-21 04:46:38 | INFO | step=38300 loss=0.0001 lr=1.43e-04 elapsed=1768s
2026-09-21 04:46:40 | INFO | step=38400 loss=0.0004 lr=1.43e-04 elapsed=1771s
2026-09-21 04:46:43 | INFO | step=38500 loss=0.0011 lr=1.43e-04 elapsed=1774s
2026-09-21 04:46:46 | INFO | step=38600 loss=0.0000 lr=1.42e-04 elapsed=1777s
2026-09-21 04:46:49 | INFO | step=38700 loss=0.0001 lr=1.42e-04 elapsed=1779s
2026-09-21 04:46:51 | INFO | step=38800 loss=0.0008 lr=1.42e-04 elapsed=1782s
2026-09-21 04:46:54 | INFO | step=38900 loss=0.0001 lr=1.42e-04 elapsed=1785s
2026-09-21 04:46:57 | INFO | step=39000 loss=0.0004 lr=1.41e-04 elapsed=1788s
2026-09-21 04:47:01 | INFO | [eval] step=39000 dev_loss=2.0748
2026-09-21 04:47:13 | INFO |   EM on dev subset (200 samples): 5.50%
2026-09-21 04:47:16 | INFO | step=39100 loss=0.0002 lr=1.41e-04 elapsed=1807s
2026-09-21 04:47:19 | INFO | step=39200 loss=0.0002 lr=1.41e-04 elapsed=1809s
2026-09-21 04:47:22 | INFO | step=39300 loss=0.0000 lr=1.40e-04 elapsed=1812s
2026-09-21 04:47:24 | INFO | step=39400 loss=0.0001 lr=1.40e-04 elapsed=1815s
2026-09-21 04:47:27 | INFO | step=39500 loss=0.0000 lr=1.40e-04 elapsed=1818s
2026-09-21 04:47:30 | INFO | step=39600 loss=0.0110 lr=1.39e-04 elapsed=1820s
2026-09-21 04:47:33 | INFO | step=39700 loss=0.0001 lr=1.39e-04 elapsed=1823s
2026-09-21 04:47:35 | INFO | step=39800 loss=0.0004 lr=1.39e-04 elapsed=1826s
2026-09-21 04:47:38 | INFO | step=39900 loss=0.0007 lr=1.39e-04 elapsed=1829s
2026-09-21 04:47:41 | INFO | step=40000 loss=0.0000 lr=1.38e-04 elapsed=1831s
2026-09-21 04:47:45 | INFO | [eval] step=40000 dev_loss=2.0739
2026-09-21 04:47:57 | INFO |   EM on dev subset (200 samples): 6.00%
2026-09-21 04:48:05 | INFO | step=40100 loss=0.0000 lr=1.38e-04 elapsed=1855s
2026-09-21 04:48:07 | INFO | step=40200 loss=0.0047 lr=1.38e-04 elapsed=1858s
2026-09-21 04:48:10 | INFO | step=40300 loss=0.0001 lr=1.37e-04 elapsed=1861s
2026-09-21 04:48:13 | INFO | step=40400 loss=0.0244 lr=1.37e-04 elapsed=1864s
2026-09-21 04:48:16 | INFO | step=40500 loss=0.0010 lr=1.37e-04 elapsed=1866s
2026-09-21 04:48:18 | INFO | step=40600 loss=0.0002 lr=1.36e-04 elapsed=1869s
2026-09-21 04:48:21 | INFO | step=40700 loss=0.0005 lr=1.36e-04 elapsed=1872s
2026-09-21 04:48:24 | INFO | step=40800 loss=0.0003 lr=1.36e-04 elapsed=1875s
2026-09-21 04:48:27 | INFO | step=40900 loss=0.0000 lr=1.36e-04 elapsed=1877s
2026-09-21 04:48:29 | INFO | step=41000 loss=0.0001 lr=1.35e-04 elapsed=1880s
2026-09-21 04:48:33 | INFO | [eval] step=41000 dev_loss=2.0740
2026-09-21 04:48:46 | INFO |   EM on dev subset (200 samples): 6.50%
2026-09-21 04:48:49 | INFO | step=41100 loss=0.0005 lr=1.35e-04 elapsed=1899s
2026-09-21 04:48:51 | INFO | step=41200 loss=0.0061 lr=1.35e-04 elapsed=1902s
2026-09-21 04:48:54 | INFO | step=41300 loss=0.0008 lr=1.34e-04 elapsed=1905s
2026-09-21 04:48:57 | INFO | step=41400 loss=0.0009 lr=1.34e-04 elapsed=1908s
2026-09-21 04:49:00 | INFO | step=41500 loss=0.0001 lr=1.34e-04 elapsed=1910s
2026-09-21 04:49:02 | INFO | step=41600 loss=0.0002 lr=1.33e-04 elapsed=1913s
2026-09-21 04:49:05 | INFO | step=41700 loss=0.0002 lr=1.33e-04 elapsed=1916s
2026-09-21 04:49:08 | INFO | step=41800 loss=0.0304 lr=1.33e-04 elapsed=1919s
2026-09-21 04:49:11 | INFO | step=41900 loss=0.0003 lr=1.32e-04 elapsed=1921s
2026-09-21 04:49:13 | INFO | step=42000 loss=0.0001 lr=1.32e-04 elapsed=1924s
2026-09-21 04:49:17 | INFO | [eval] step=42000 dev_loss=2.0742
2026-09-21 04:49:30 | INFO |   EM on dev subset (200 samples): 6.00%
2026-09-21 04:49:33 | INFO | step=42100 loss=0.0068 lr=1.32e-04 elapsed=1943s
2026-09-21 04:49:35 | INFO | step=42200 loss=0.0001 lr=1.32e-04 elapsed=1946s
2026-09-21 04:49:38 | INFO | step=42300 loss=0.0001 lr=1.31e-04 elapsed=1949s
2026-09-21 04:49:41 | INFO | step=42400 loss=0.0002 lr=1.31e-04 elapsed=1952s
2026-09-21 04:49:44 | INFO | step=42500 loss=0.0000 lr=1.31e-04 elapsed=1954s
2026-09-21 04:49:46 | INFO | step=42600 loss=0.0002 lr=1.30e-04 elapsed=1957s
2026-09-21 04:49:49 | INFO | step=42700 loss=0.0215 lr=1.30e-04 elapsed=1960s
2026-09-21 04:49:52 | INFO | step=42800 loss=0.0002 lr=1.30e-04 elapsed=1963s
2026-09-21 04:49:55 | INFO | step=42900 loss=0.0002 lr=1.29e-04 elapsed=1965s
2026-09-21 04:49:57 | INFO | step=43000 loss=0.0025 lr=1.29e-04 elapsed=1968s
2026-09-21 04:50:01 | INFO | [eval] step=43000 dev_loss=2.0737
2026-09-21 04:50:14 | INFO |   EM on dev subset (200 samples): 6.00%
2026-09-21 04:50:17 | INFO | step=43100 loss=0.0010 lr=1.29e-04 elapsed=1987s
2026-09-21 04:50:20 | INFO | step=43200 loss=0.0001 lr=1.28e-04 elapsed=1990s
2026-09-21 04:50:22 | INFO | step=43300 loss=0.0000 lr=1.28e-04 elapsed=1993s
2026-09-21 04:50:25 | INFO | step=43400 loss=0.0000 lr=1.28e-04 elapsed=1996s
2026-09-21 04:50:28 | INFO | step=43500 loss=0.0001 lr=1.27e-04 elapsed=1999s
2026-09-21 04:50:31 | INFO | step=43600 loss=0.0128 lr=1.27e-04 elapsed=2001s
2026-09-21 04:50:33 | INFO | step=43700 loss=0.0008 lr=1.27e-04 elapsed=2004s
2026-09-21 04:50:36 | INFO | step=43800 loss=0.0001 lr=1.27e-04 elapsed=2007s
2026-09-21 04:50:39 | INFO | step=43900 loss=0.0002 lr=1.26e-04 elapsed=2010s
2026-09-21 04:50:42 | INFO | step=44000 loss=0.0017 lr=1.26e-04 elapsed=2012s
2026-09-21 04:50:45 | INFO | [eval] step=44000 dev_loss=2.0736
2026-09-21 04:50:58 | INFO |   EM on dev subset (200 samples): 5.50%
2026-09-21 04:51:01 | INFO | step=44100 loss=0.0001 lr=1.26e-04 elapsed=2032s
2026-09-21 04:51:04 | INFO | step=44200 loss=0.0000 lr=1.25e-04 elapsed=2035s
2026-09-21 04:51:07 | INFO | step=44300 loss=0.0011 lr=1.25e-04 elapsed=2037s
2026-09-21 04:51:09 | INFO | step=44400 loss=0.0018 lr=1.25e-04 elapsed=2040s
2026-09-21 04:51:12 | INFO | step=44500 loss=0.0001 lr=1.24e-04 elapsed=2043s
2026-09-21 04:51:15 | INFO | step=44600 loss=0.0000 lr=1.24e-04 elapsed=2046s
2026-09-21 04:51:18 | INFO | step=44700 loss=0.0001 lr=1.24e-04 elapsed=2048s
2026-09-21 04:51:21 | INFO | step=44800 loss=0.0001 lr=1.23e-04 elapsed=2051s
2026-09-21 04:51:23 | INFO | step=44900 loss=0.0000 lr=1.23e-04 elapsed=2054s
2026-09-21 04:51:26 | INFO | step=45000 loss=0.0011 lr=1.23e-04 elapsed=2057s
2026-09-21 04:51:30 | INFO | [eval] step=45000 dev_loss=2.0742
2026-09-21 04:51:42 | INFO |   EM on dev subset (200 samples): 5.50%
2026-09-21 04:51:45 | INFO | step=45100 loss=0.0090 lr=1.22e-04 elapsed=2075s
2026-09-21 04:51:48 | INFO | step=45200 loss=0.0007 lr=1.22e-04 elapsed=2078s
2026-09-21 04:51:51 | INFO | step=45300 loss=0.0027 lr=1.22e-04 elapsed=2081s
2026-09-21 04:51:53 | INFO | step=45400 loss=0.0003 lr=1.21e-04 elapsed=2084s
2026-09-21 04:51:56 | INFO | step=45500 loss=0.0211 lr=1.21e-04 elapsed=2087s
2026-09-21 04:51:59 | INFO | step=45600 loss=0.0001 lr=1.21e-04 elapsed=2089s
2026-09-21 04:52:02 | INFO | step=45700 loss=0.0001 lr=1.20e-04 elapsed=2092s
2026-09-21 04:52:04 | INFO | step=45800 loss=0.0001 lr=1.20e-04 elapsed=2095s
2026-09-21 04:52:07 | INFO | step=45900 loss=0.0001 lr=1.20e-04 elapsed=2098s
2026-09-21 04:52:10 | INFO | step=46000 loss=0.0007 lr=1.20e-04 elapsed=2101s
2026-09-21 04:52:14 | INFO | [eval] step=46000 dev_loss=2.0732
2026-09-21 04:52:26 | INFO |   EM on dev subset (200 samples): 6.00%
2026-09-21 04:52:29 | INFO | step=46100 loss=0.0042 lr=1.19e-04 elapsed=2119s
2026-09-21 04:52:31 | INFO | step=46200 loss=0.0004 lr=1.19e-04 elapsed=2122s
2026-09-21 04:52:34 | INFO | step=46300 loss=0.0002 lr=1.19e-04 elapsed=2125s
2026-09-21 04:52:37 | INFO | step=46400 loss=0.0011 lr=1.18e-04 elapsed=2128s
2026-09-21 04:52:40 | INFO | step=46500 loss=0.0072 lr=1.18e-04 elapsed=2130s
2026-09-21 04:52:43 | INFO | step=46600 loss=0.0000 lr=1.18e-04 elapsed=2133s
2026-09-21 04:52:45 | INFO | step=46700 loss=0.0000 lr=1.17e-04 elapsed=2136s
2026-09-21 04:52:48 | INFO | step=46800 loss=0.0000 lr=1.17e-04 elapsed=2139s
2026-09-21 04:52:51 | INFO | step=46900 loss=0.0001 lr=1.17e-04 elapsed=2141s
2026-09-21 04:52:54 | INFO | step=47000 loss=0.0000 lr=1.16e-04 elapsed=2144s
2026-09-21 04:52:57 | INFO | [eval] step=47000 dev_loss=2.0736
2026-09-21 04:53:10 | INFO |   EM on dev subset (200 samples): 5.50%
2026-09-21 04:53:13 | INFO | step=47100 loss=0.0010 lr=1.16e-04 elapsed=2164s
2026-09-21 04:53:16 | INFO | step=47200 loss=0.0000 lr=1.16e-04 elapsed=2166s
2026-09-21 04:53:19 | INFO | step=47300 loss=0.0001 lr=1.15e-04 elapsed=2169s
2026-09-21 04:53:21 | INFO | step=47400 loss=0.0125 lr=1.15e-04 elapsed=2172s
2026-09-21 04:53:24 | INFO | step=47500 loss=0.0000 lr=1.15e-04 elapsed=2175s
2026-09-21 04:53:27 | INFO | step=47600 loss=0.0033 lr=1.14e-04 elapsed=2177s
2026-09-21 04:53:30 | INFO | step=47700 loss=0.0000 lr=1.14e-04 elapsed=2180s
2026-09-21 04:53:32 | INFO | step=47800 loss=0.0002 lr=1.14e-04 elapsed=2183s
2026-09-21 04:53:35 | INFO | step=47900 loss=0.0001 lr=1.13e-04 elapsed=2186s
2026-09-21 04:53:38 | INFO | step=48000 loss=0.0001 lr=1.13e-04 elapsed=2189s
2026-09-21 04:53:42 | INFO | [eval] step=48000 dev_loss=2.0737
2026-09-21 04:53:54 | INFO |   EM on dev subset (200 samples): 5.50%
2026-09-21 04:53:57 | INFO | step=48100 loss=0.0000 lr=1.13e-04 elapsed=2208s
2026-09-21 04:54:00 | INFO | step=48200 loss=0.0001 lr=1.12e-04 elapsed=2211s
2026-09-21 04:54:03 | INFO | step=48300 loss=0.0072 lr=1.12e-04 elapsed=2213s
2026-09-21 04:54:06 | INFO | step=48400 loss=0.0007 lr=1.12e-04 elapsed=2216s
2026-09-21 04:54:08 | INFO | step=48500 loss=0.0007 lr=1.11e-04 elapsed=2219s
2026-09-21 04:54:11 | INFO | step=48600 loss=0.0000 lr=1.11e-04 elapsed=2222s
2026-09-21 04:54:14 | INFO | step=48700 loss=0.0021 lr=1.11e-04 elapsed=2224s
2026-09-21 04:54:17 | INFO | step=48800 loss=0.0000 lr=1.10e-04 elapsed=2227s
2026-09-21 04:54:19 | INFO | step=48900 loss=0.0030 lr=1.10e-04 elapsed=2230s
2026-09-21 04:54:22 | INFO | step=49000 loss=0.0001 lr=1.10e-04 elapsed=2233s
2026-09-21 04:54:26 | INFO | [eval] step=49000 dev_loss=2.0735
2026-09-21 04:54:39 | INFO |   EM on dev subset (200 samples): 6.00%
2026-09-21 04:54:41 | INFO | step=49100 loss=0.0000 lr=1.09e-04 elapsed=2252s
2026-09-21 04:54:44 | INFO | step=49200 loss=0.0005 lr=1.09e-04 elapsed=2255s
2026-09-21 04:54:47 | INFO | step=49300 loss=0.0000 lr=1.09e-04 elapsed=2258s
2026-09-21 04:54:50 | INFO | step=49400 loss=0.0001 lr=1.08e-04 elapsed=2260s
2026-09-21 04:54:53 | INFO | step=49500 loss=0.0000 lr=1.08e-04 elapsed=2263s
2026-09-21 04:54:55 | INFO | step=49600 loss=0.0001 lr=1.08e-04 elapsed=2266s
2026-09-21 04:54:58 | INFO | step=49700 loss=0.0000 lr=1.08e-04 elapsed=2269s
2026-09-21 04:55:01 | INFO | step=49800 loss=0.0000 lr=1.07e-04 elapsed=2271s
2026-09-21 04:55:04 | INFO | step=49900 loss=0.0000 lr=1.07e-04 elapsed=2274s
2026-09-21 04:55:06 | INFO | step=50000 loss=0.0000 lr=1.07e-04 elapsed=2277s
2026-09-21 04:55:10 | INFO | [eval] step=50000 dev_loss=2.0736
2026-09-21 04:55:23 | INFO |   EM on dev subset (200 samples): 6.50%
2026-09-21 04:55:30 | INFO | step=50100 loss=0.0000 lr=1.06e-04 elapsed=2301s
2026-09-21 04:55:33 | INFO | step=50200 loss=0.0000 lr=1.06e-04 elapsed=2303s
2026-09-21 04:55:36 | INFO | step=50300 loss=0.0005 lr=1.06e-04 elapsed=2306s
2026-09-21 04:55:38 | INFO | step=50400 loss=0.0013 lr=1.05e-04 elapsed=2309s
2026-09-21 04:55:41 | INFO | step=50500 loss=0.0004 lr=1.05e-04 elapsed=2312s
2026-09-21 04:55:44 | INFO | step=50600 loss=0.0000 lr=1.05e-04 elapsed=2314s
2026-09-21 04:55:47 | INFO | step=50700 loss=0.0004 lr=1.04e-04 elapsed=2317s
2026-09-21 04:55:49 | INFO | step=50800 loss=0.0000 lr=1.04e-04 elapsed=2320s
2026-09-21 04:55:52 | INFO | step=50900 loss=0.0003 lr=1.04e-04 elapsed=2323s
2026-09-21 04:55:55 | INFO | step=51000 loss=0.0000 lr=1.03e-04 elapsed=2325s
2026-09-21 04:55:59 | INFO | [eval] step=51000 dev_loss=2.0738
2026-09-21 04:56:11 | INFO |   EM on dev subset (200 samples): 6.00%
2026-09-21 04:56:14 | INFO | step=51100 loss=0.0000 lr=1.03e-04 elapsed=2344s
2026-09-21 04:56:16 | INFO | step=51200 loss=0.0001 lr=1.03e-04 elapsed=2347s
2026-09-21 04:56:19 | INFO | step=51300 loss=0.0001 lr=1.02e-04 elapsed=2350s
2026-09-21 04:56:22 | INFO | step=51400 loss=0.0001 lr=1.02e-04 elapsed=2353s
2026-09-21 04:56:25 | INFO | step=51500 loss=0.0000 lr=1.02e-04 elapsed=2355s
2026-09-21 04:56:28 | INFO | step=51600 loss=0.0000 lr=1.01e-04 elapsed=2358s
2026-09-21 04:56:30 | INFO | step=51700 loss=0.0001 lr=1.01e-04 elapsed=2361s
2026-09-21 04:56:33 | INFO | step=51800 loss=0.0001 lr=1.01e-04 elapsed=2364s
2026-09-21 04:56:36 | INFO | step=51900 loss=0.0001 lr=1.00e-04 elapsed=2366s
2026-09-21 04:56:39 | INFO | step=52000 loss=0.0002 lr=1.00e-04 elapsed=2369s
2026-09-21 04:56:42 | INFO | [eval] step=52000 dev_loss=2.0736
2026-09-21 04:56:55 | INFO |   EM on dev subset (200 samples): 6.50%
2026-09-21 04:56:58 | INFO | step=52100 loss=0.0000 lr=9.97e-05 elapsed=2388s
2026-09-21 04:57:01 | INFO | step=52200 loss=0.0090 lr=9.93e-05 elapsed=2391s
2026-09-21 04:57:03 | INFO | step=52300 loss=0.0000 lr=9.90e-05 elapsed=2394s
2026-09-21 04:57:06 | INFO | step=52400 loss=0.0000 lr=9.87e-05 elapsed=2397s
2026-09-21 04:57:09 | INFO | step=52500 loss=0.0002 lr=9.84e-05 elapsed=2400s
2026-09-21 04:57:12 | INFO | step=52600 loss=0.0000 lr=9.80e-05 elapsed=2402s
2026-09-21 04:57:14 | INFO | step=52700 loss=0.0001 lr=9.77e-05 elapsed=2405s
2026-09-21 04:57:17 | INFO | step=52800 loss=0.0001 lr=9.74e-05 elapsed=2408s
2026-09-21 04:57:20 | INFO | step=52900 loss=0.0000 lr=9.71e-05 elapsed=2411s
2026-09-21 04:57:23 | INFO | step=53000 loss=0.0000 lr=9.67e-05 elapsed=2413s
2026-09-21 04:57:27 | INFO | [eval] step=53000 dev_loss=2.0736
2026-09-21 04:57:42 | INFO |   EM on dev subset (200 samples): 5.50%
2026-09-21 04:57:42 | INFO | Early stopping triggered.
2026-09-21 04:57:42 | INFO | Training complete. Best dev loss: 2.0746
