2026-09-12 09:35:41 | INFO | Device: cuda
2026-09-12 09:35:44 | INFO | Model: relational, k=8, params=462.1M
2026-09-12 09:35:44 | INFO | Training on 7473 examples, eval on 1319
2026-09-12 09:35:44 | INFO | Config: TrainingConfig(model_type='relational', hidden_dim=512, num_encoder_layers=12, num_decoder_layers=12, num_heads=8, num_attributes=8, use_gating=False, use_mixing=True, pairing_strategy='cyclic', pairing_seed=1234, ffn_dim=2048, max_seq_len=512, dropout=0.1, vocab_size=32000, learning_rate=0.0002, weight_decay=0.01, warmup_steps=4000, max_steps=200000, batch_size=16, gradient_accumulation=1, max_grad_norm=1.0, label_smoothing=0.1, eval_every=1000, save_every=10000, patience=3, eval_by_em=False, dataset='gsm8k', nas_dir='/nas/Dataset/nlp', max_src_len=256, max_tgt_len=32, seed=44, num_workers=4, fp16=False, output_dir='/nas/Dataset/experiments/relational-attention/muhiddin_outputs/rel_125m_gsm8k_ablation_no_gating_s44_v2fixed', log_every=100, copy_mechanism=False, num_copy_heads=1)
2026-09-12 09:35:45 | INFO | step=0 loss=10.4402 lr=0.00e+00 elapsed=1s
2026-09-12 09:36:19 | INFO | step=100 loss=8.2676 lr=5.00e-06 elapsed=35s
2026-09-12 09:36:53 | INFO | step=200 loss=7.6484 lr=1.00e-05 elapsed=69s
2026-09-12 09:37:27 | INFO | step=300 loss=6.7988 lr=1.50e-05 elapsed=103s
2026-09-12 09:38:01 | INFO | step=400 loss=5.2151 lr=2.00e-05 elapsed=136s
2026-09-12 09:38:35 | INFO | step=500 loss=3.9725 lr=2.50e-05 elapsed=170s
2026-09-12 09:39:08 | INFO | step=600 loss=3.3967 lr=3.00e-05 elapsed=204s
2026-09-12 09:39:42 | INFO | step=700 loss=3.0148 lr=3.50e-05 elapsed=238s
2026-09-12 09:40:16 | INFO | step=800 loss=2.5031 lr=4.00e-05 elapsed=272s
2026-09-12 09:40:50 | INFO | step=900 loss=2.8850 lr=4.50e-05 elapsed=306s
2026-09-12 09:41:24 | INFO | step=1000 loss=3.1690 lr=5.00e-05 elapsed=339s
2026-09-12 09:41:27 | INFO | [eval] step=1000 dev_loss=4.0873
2026-09-12 09:41:44 | INFO |   -> New best model saved (dev_loss=4.0873)
2026-09-12 09:42:18 | INFO | step=1100 loss=3.7771 lr=5.50e-05 elapsed=393s
2026-09-12 09:42:51 | INFO | step=1200 loss=2.6730 lr=6.00e-05 elapsed=427s
2026-09-12 09:43:25 | INFO | step=1300 loss=3.1020 lr=6.50e-05 elapsed=461s
2026-09-12 09:43:59 | INFO | step=1400 loss=2.6486 lr=7.00e-05 elapsed=494s
2026-09-12 09:44:33 | INFO | step=1500 loss=3.0711 lr=7.50e-05 elapsed=528s
2026-09-12 09:45:07 | INFO | step=1600 loss=2.8477 lr=8.00e-05 elapsed=562s
2026-09-12 09:45:40 | INFO | step=1700 loss=2.9053 lr=8.50e-05 elapsed=596s
2026-09-12 09:46:14 | INFO | step=1800 loss=2.5503 lr=9.00e-05 elapsed=630s
2026-09-12 09:46:48 | INFO | step=1900 loss=2.4383 lr=9.50e-05 elapsed=664s
2026-09-12 09:47:22 | INFO | step=2000 loss=3.2152 lr=1.00e-04 elapsed=698s
2026-09-12 09:47:25 | INFO | [eval] step=2000 dev_loss=4.3480
2026-09-12 09:47:59 | INFO | step=2100 loss=2.8533 lr=1.05e-04 elapsed=734s
2026-09-12 09:48:32 | INFO | step=2200 loss=2.7031 lr=1.10e-04 elapsed=768s
2026-09-12 09:49:06 | INFO | step=2300 loss=2.4623 lr=1.15e-04 elapsed=802s
2026-09-12 09:49:40 | INFO | step=2400 loss=2.6227 lr=1.20e-04 elapsed=836s
2026-09-12 09:50:14 | INFO | step=2500 loss=2.3822 lr=1.25e-04 elapsed=869s
2026-09-12 09:50:47 | INFO | step=2600 loss=2.7340 lr=1.30e-04 elapsed=903s
2026-09-12 09:51:21 | INFO | step=2700 loss=2.8441 lr=1.35e-04 elapsed=937s
2026-09-12 09:51:55 | INFO | step=2800 loss=2.6976 lr=1.40e-04 elapsed=971s
2026-09-12 09:52:29 | INFO | step=2900 loss=2.4575 lr=1.45e-04 elapsed=1005s
2026-09-12 09:53:03 | INFO | step=3000 loss=2.4332 lr=1.50e-04 elapsed=1039s
2026-09-12 09:53:06 | INFO | [eval] step=3000 dev_loss=4.5672
2026-09-12 09:53:40 | INFO | step=3100 loss=2.5948 lr=1.55e-04 elapsed=1076s
2026-09-12 09:54:14 | INFO | step=3200 loss=2.5478 lr=1.60e-04 elapsed=1109s
2026-09-12 09:54:48 | INFO | step=3300 loss=2.2762 lr=1.65e-04 elapsed=1143s
2026-09-12 09:55:21 | INFO | step=3400 loss=2.4449 lr=1.70e-04 elapsed=1177s
2026-09-12 09:55:55 | INFO | step=3500 loss=2.4644 lr=1.75e-04 elapsed=1211s
2026-09-12 09:56:29 | INFO | step=3600 loss=2.3683 lr=1.80e-04 elapsed=1244s
2026-09-12 09:57:03 | INFO | step=3700 loss=2.7369 lr=1.85e-04 elapsed=1278s
2026-09-12 09:57:37 | INFO | step=3800 loss=2.6003 lr=1.90e-04 elapsed=1312s
2026-09-12 09:58:10 | INFO | step=3900 loss=3.0553 lr=1.95e-04 elapsed=1346s
2026-09-12 09:58:44 | INFO | step=4000 loss=2.9486 lr=2.00e-04 elapsed=1380s
2026-09-12 09:58:47 | INFO | [eval] step=4000 dev_loss=4.6147
2026-09-12 09:58:47 | INFO | Early stopping triggered.
2026-09-12 09:58:47 | INFO | Training complete. Best dev loss: 4.0873
