2026-09-12 10:03:24 | INFO | Device: cuda
2026-09-12 10:03:26 | INFO | Model: relational, k=8, params=464.5M
2026-09-12 10:03:27 | INFO | Training on 7473 examples, eval on 1319
2026-09-12 10:03:27 | INFO | Config: TrainingConfig(model_type='relational', hidden_dim=512, num_encoder_layers=12, num_decoder_layers=12, num_heads=8, num_attributes=8, use_gating=True, use_mixing=True, pairing_strategy='random_fixed', pairing_seed=1234, ffn_dim=2048, max_seq_len=512, dropout=0.1, vocab_size=32000, learning_rate=0.0002, weight_decay=0.01, warmup_steps=4000, max_steps=200000, batch_size=32, gradient_accumulation=1, max_grad_norm=1.0, label_smoothing=0.1, eval_every=1000, save_every=10000, patience=3, eval_by_em=False, dataset='gsm8k', nas_dir='/nas/Dataset/nlp', max_src_len=256, max_tgt_len=32, seed=44, num_workers=4, fp16=False, output_dir='/nas/Dataset/experiments/relational-attention/muhiddin_outputs/rel_125m_gsm8k_ablation_random_fixed_s44', log_every=100, copy_mechanism=False, num_copy_heads=1)
2026-09-12 10:03:28 | INFO | step=0 loss=10.3844 lr=0.00e+00 elapsed=1s
2026-09-12 10:04:23 | INFO | step=100 loss=8.4013 lr=5.00e-06 elapsed=56s
2026-09-12 10:05:18 | INFO | step=200 loss=7.7146 lr=1.00e-05 elapsed=111s
2026-09-12 10:06:13 | INFO | step=300 loss=6.6839 lr=1.50e-05 elapsed=166s
2026-09-12 10:07:08 | INFO | step=400 loss=5.3164 lr=2.00e-05 elapsed=221s
2026-09-12 10:08:03 | INFO | step=500 loss=3.8234 lr=2.50e-05 elapsed=276s
2026-09-12 10:08:57 | INFO | step=600 loss=3.3020 lr=3.00e-05 elapsed=330s
2026-09-12 10:09:52 | INFO | step=700 loss=2.8320 lr=3.50e-05 elapsed=385s
2026-09-12 10:10:47 | INFO | step=800 loss=2.4454 lr=4.00e-05 elapsed=440s
2026-09-12 10:11:42 | INFO | step=900 loss=3.1032 lr=4.50e-05 elapsed=495s
2026-09-12 10:12:37 | INFO | step=1000 loss=3.0769 lr=5.00e-05 elapsed=550s
2026-09-12 10:12:40 | INFO | [eval] step=1000 dev_loss=4.0513
2026-09-12 10:12:57 | INFO |   -> New best model saved (dev_loss=4.0513)
2026-09-12 10:13:51 | INFO | step=1100 loss=3.0204 lr=5.50e-05 elapsed=624s
2026-09-12 10:14:45 | INFO | step=1200 loss=2.6982 lr=6.00e-05 elapsed=678s
2026-09-12 10:15:39 | INFO | step=1300 loss=2.4403 lr=6.50e-05 elapsed=733s
2026-09-12 10:16:34 | INFO | step=1400 loss=2.6136 lr=7.00e-05 elapsed=787s
2026-09-12 10:17:28 | INFO | step=1500 loss=2.4129 lr=7.50e-05 elapsed=841s
2026-09-12 10:18:23 | INFO | step=1600 loss=2.4553 lr=8.00e-05 elapsed=896s
2026-09-12 10:19:18 | INFO | step=1700 loss=2.5920 lr=8.50e-05 elapsed=951s
2026-09-12 10:20:12 | INFO | step=1800 loss=2.3640 lr=9.00e-05 elapsed=1005s
2026-09-12 10:21:06 | INFO | step=1900 loss=2.2288 lr=9.50e-05 elapsed=1059s
2026-09-12 10:22:00 | INFO | step=2000 loss=2.2597 lr=1.00e-04 elapsed=1113s
2026-09-12 10:22:03 | INFO | [eval] step=2000 dev_loss=4.5698
2026-09-12 10:22:58 | INFO | step=2100 loss=2.3501 lr=1.05e-04 elapsed=1172s
2026-09-12 10:23:53 | INFO | step=2200 loss=2.3058 lr=1.10e-04 elapsed=1226s
2026-09-12 10:24:47 | INFO | step=2300 loss=2.2482 lr=1.15e-04 elapsed=1280s
2026-09-12 10:25:42 | INFO | step=2400 loss=2.2571 lr=1.20e-04 elapsed=1335s
2026-09-12 10:26:36 | INFO | step=2500 loss=2.4049 lr=1.25e-04 elapsed=1389s
2026-09-12 10:27:32 | INFO | step=2600 loss=2.2608 lr=1.30e-04 elapsed=1445s
2026-09-12 10:28:27 | INFO | step=2700 loss=2.1923 lr=1.35e-04 elapsed=1500s
2026-09-12 10:29:22 | INFO | step=2800 loss=2.3722 lr=1.40e-04 elapsed=1555s
2026-09-12 10:30:16 | INFO | step=2900 loss=2.3826 lr=1.45e-04 elapsed=1609s
2026-09-12 10:31:10 | INFO | step=3000 loss=2.1206 lr=1.50e-04 elapsed=1663s
2026-09-12 10:31:13 | INFO | [eval] step=3000 dev_loss=5.2385
2026-09-12 10:32:09 | INFO | step=3100 loss=1.9428 lr=1.55e-04 elapsed=1722s
2026-09-12 10:33:02 | INFO | step=3200 loss=2.0395 lr=1.60e-04 elapsed=1775s
2026-09-12 10:33:57 | INFO | step=3300 loss=1.7561 lr=1.65e-04 elapsed=1830s
2026-09-12 10:34:51 | INFO | step=3400 loss=1.6339 lr=1.70e-04 elapsed=1884s
2026-09-12 10:35:45 | INFO | step=3500 loss=1.9348 lr=1.75e-04 elapsed=1938s
2026-09-12 10:36:41 | INFO | step=3600 loss=1.7647 lr=1.80e-04 elapsed=1994s
2026-09-12 10:37:36 | INFO | step=3700 loss=1.6677 lr=1.85e-04 elapsed=2049s
2026-09-12 10:38:30 | INFO | step=3800 loss=2.1952 lr=1.90e-04 elapsed=2103s
2026-09-12 10:39:24 | INFO | step=3900 loss=1.7328 lr=1.95e-04 elapsed=2157s
2026-09-12 10:40:20 | INFO | step=4000 loss=1.9560 lr=2.00e-04 elapsed=2213s
2026-09-12 10:40:23 | INFO | [eval] step=4000 dev_loss=5.5035
2026-09-12 10:40:23 | INFO | Early stopping triggered.
2026-09-12 10:40:23 | INFO | Training complete. Best dev loss: 4.0513
