2026-09-14 23:38:52 | INFO | Device: cuda
2026-09-14 23:38:53 | INFO | COGS train: 68511 examples after entity augmentation (13702×5)
2026-09-14 23:38:56 | INFO | Model: standard, k=1, params=614.2M
2026-09-14 23:38:57 | INFO | Training on 68511 examples, eval on 3000
2026-09-14 23:38:57 | INFO | Config: TrainingConfig(model_type='standard', hidden_dim=512, num_encoder_layers=12, num_decoder_layers=12, num_heads=8, num_attributes=1, use_gating=True, use_mixing=True, pairing_strategy='cyclic', pairing_seed=1234, ffn_dim=2048, max_seq_len=512, dropout=0.1, vocab_size=32000, learning_rate=0.0002, weight_decay=0.01, warmup_steps=4000, max_steps=100000, batch_size=4, gradient_accumulation=4, max_grad_norm=1.0, label_smoothing=0.1, eval_every=1000, save_every=10000, patience=20, eval_by_em=True, dataset='cogs', nas_dir='/nas/Dataset/nlp', max_src_len=256, max_tgt_len=256, seed=43, num_workers=4, fp16=False, output_dir='/nas/Dataset/experiments/relational-attention/muhiddin_outputs/standard_125m_cogs_copy_v2_s43', log_every=100, copy_mechanism=True, num_copy_heads=1)
2026-09-14 23:38:58 | INFO | step=0 loss=10.7266 lr=0.00e+00 elapsed=1s
2026-09-14 23:39:26 | INFO | step=100 loss=9.0603 lr=5.00e-06 elapsed=28s
2026-09-14 23:39:53 | INFO | step=200 loss=8.3926 lr=1.00e-05 elapsed=56s
2026-09-14 23:40:21 | INFO | step=300 loss=7.4292 lr=1.50e-05 elapsed=84s
2026-09-14 23:40:48 | INFO | step=400 loss=6.7415 lr=2.00e-05 elapsed=111s
2026-09-14 23:41:16 | INFO | step=500 loss=5.8652 lr=2.50e-05 elapsed=139s
2026-09-14 23:41:44 | INFO | step=600 loss=5.2228 lr=3.00e-05 elapsed=166s
2026-09-14 23:42:11 | INFO | step=700 loss=4.6608 lr=3.50e-05 elapsed=194s
2026-09-14 23:42:39 | INFO | step=800 loss=3.9091 lr=4.00e-05 elapsed=222s
2026-09-14 23:43:06 | INFO | step=900 loss=3.2060 lr=4.50e-05 elapsed=249s
2026-09-14 23:43:34 | INFO | step=1000 loss=2.3218 lr=5.00e-05 elapsed=277s
2026-09-14 23:43:58 | INFO | [eval] step=1000 dev_loss=3.2686
2026-09-14 23:46:59 | INFO |   EM on dev subset (200 samples): 0.00%
2026-09-14 23:47:22 | INFO |   -> New best model saved (dev_loss=3.2686)
2026-09-14 23:47:50 | INFO | step=1100 loss=1.8043 lr=5.50e-05 elapsed=533s
2026-09-14 23:48:18 | INFO | step=1200 loss=1.0843 lr=6.00e-05 elapsed=561s
2026-09-14 23:48:46 | INFO | step=1300 loss=0.9008 lr=6.50e-05 elapsed=589s
2026-09-14 23:49:14 | INFO | step=1400 loss=0.5258 lr=7.00e-05 elapsed=616s
2026-09-14 23:49:41 | INFO | step=1500 loss=0.5553 lr=7.50e-05 elapsed=644s
2026-09-14 23:50:09 | INFO | step=1600 loss=0.5404 lr=8.00e-05 elapsed=672s
2026-09-14 23:50:37 | INFO | step=1700 loss=0.4148 lr=8.50e-05 elapsed=700s
2026-09-14 23:51:05 | INFO | step=1800 loss=0.2840 lr=9.00e-05 elapsed=727s
2026-09-14 23:51:32 | INFO | step=1900 loss=0.2694 lr=9.50e-05 elapsed=755s
2026-09-14 23:52:00 | INFO | step=2000 loss=0.2782 lr=1.00e-04 elapsed=783s
2026-09-14 23:52:24 | INFO | [eval] step=2000 dev_loss=1.8119
2026-09-14 23:53:45 | INFO |   EM on dev subset (200 samples): 3.00%
2026-09-14 23:54:08 | INFO |   -> New best model saved (dev_loss=1.8119)
2026-09-14 23:54:36 | INFO | step=2100 loss=0.2034 lr=1.05e-04 elapsed=939s
2026-09-14 23:55:04 | INFO | step=2200 loss=0.6260 lr=1.10e-04 elapsed=967s
2026-09-14 23:55:31 | INFO | step=2300 loss=0.2355 lr=1.15e-04 elapsed=994s
2026-09-14 23:55:59 | INFO | step=2400 loss=0.1368 lr=1.20e-04 elapsed=1021s
2026-09-14 23:56:26 | INFO | step=2500 loss=0.1472 lr=1.25e-04 elapsed=1049s
2026-09-14 23:56:54 | INFO | step=2600 loss=0.2029 lr=1.30e-04 elapsed=1077s
2026-09-14 23:57:22 | INFO | step=2700 loss=0.2694 lr=1.35e-04 elapsed=1105s
2026-09-14 23:57:50 | INFO | step=2800 loss=0.1140 lr=1.40e-04 elapsed=1133s
2026-09-14 23:58:18 | INFO | step=2900 loss=0.1253 lr=1.45e-04 elapsed=1161s
2026-09-14 23:58:46 | INFO | step=3000 loss=0.1113 lr=1.50e-04 elapsed=1189s
2026-09-14 23:59:10 | INFO | [eval] step=3000 dev_loss=1.9732
2026-09-15 00:00:40 | INFO |   EM on dev subset (200 samples): 0.00%
2026-09-15 00:01:08 | INFO | step=3100 loss=0.1170 lr=1.55e-04 elapsed=1331s
2026-09-15 00:01:36 | INFO | step=3200 loss=0.1301 lr=1.60e-04 elapsed=1359s
2026-09-15 00:02:04 | INFO | step=3300 loss=0.2711 lr=1.65e-04 elapsed=1387s
2026-09-15 00:02:32 | INFO | step=3400 loss=0.7884 lr=1.70e-04 elapsed=1414s
2026-09-15 00:02:59 | INFO | step=3500 loss=0.1119 lr=1.75e-04 elapsed=1442s
2026-09-15 00:03:27 | INFO | step=3600 loss=0.1508 lr=1.80e-04 elapsed=1470s
2026-09-15 00:03:55 | INFO | step=3700 loss=0.0696 lr=1.85e-04 elapsed=1498s
2026-09-15 00:04:22 | INFO | step=3800 loss=0.1039 lr=1.90e-04 elapsed=1525s
2026-09-15 00:04:50 | INFO | step=3900 loss=0.1267 lr=1.95e-04 elapsed=1553s
2026-09-15 00:05:17 | INFO | step=4000 loss=0.0592 lr=2.00e-04 elapsed=1580s
2026-09-15 00:05:41 | INFO | [eval] step=4000 dev_loss=2.0532
2026-09-15 00:08:12 | INFO |   EM on dev subset (200 samples): 0.00%
2026-09-15 00:08:40 | INFO | step=4100 loss=0.0267 lr=2.00e-04 elapsed=1783s
2026-09-15 00:09:08 | INFO | step=4200 loss=0.0901 lr=2.00e-04 elapsed=1811s
2026-09-15 00:09:36 | INFO | step=4300 loss=0.0156 lr=2.00e-04 elapsed=1839s
2026-09-15 00:10:04 | INFO | step=4400 loss=0.1091 lr=2.00e-04 elapsed=1867s
2026-09-15 00:10:32 | INFO | step=4500 loss=0.0758 lr=2.00e-04 elapsed=1894s
2026-09-15 00:10:59 | INFO | step=4600 loss=0.0710 lr=2.00e-04 elapsed=1922s
2026-09-15 00:11:27 | INFO | step=4700 loss=0.0141 lr=2.00e-04 elapsed=1950s
2026-09-15 00:11:55 | INFO | step=4800 loss=0.0879 lr=2.00e-04 elapsed=1978s
2026-09-15 00:12:23 | INFO | step=4900 loss=0.1438 lr=2.00e-04 elapsed=2006s
2026-09-15 00:12:51 | INFO | step=5000 loss=0.1333 lr=2.00e-04 elapsed=2034s
2026-09-15 00:13:15 | INFO | [eval] step=5000 dev_loss=2.0877
2026-09-15 00:14:35 | INFO |   EM on dev subset (200 samples): 0.00%
2026-09-15 00:15:03 | INFO | step=5100 loss=0.1979 lr=2.00e-04 elapsed=2166s
2026-09-15 00:15:31 | INFO | step=5200 loss=0.0930 lr=2.00e-04 elapsed=2194s
2026-09-15 00:15:59 | INFO | step=5300 loss=0.0379 lr=2.00e-04 elapsed=2222s
2026-09-15 00:16:27 | INFO | step=5400 loss=0.0972 lr=2.00e-04 elapsed=2249s
2026-09-15 00:16:54 | INFO | step=5500 loss=0.0307 lr=2.00e-04 elapsed=2277s
2026-09-15 00:17:22 | INFO | step=5600 loss=0.0917 lr=2.00e-04 elapsed=2305s
2026-09-15 00:17:50 | INFO | step=5700 loss=0.1141 lr=2.00e-04 elapsed=2333s
2026-09-15 00:18:18 | INFO | step=5800 loss=0.0541 lr=2.00e-04 elapsed=2361s
2026-09-15 00:18:46 | INFO | step=5900 loss=0.0572 lr=2.00e-04 elapsed=2389s
2026-09-15 00:19:14 | INFO | step=6000 loss=0.1049 lr=2.00e-04 elapsed=2416s
2026-09-15 00:19:38 | INFO | [eval] step=6000 dev_loss=2.0885
2026-09-15 00:21:36 | INFO |   EM on dev subset (200 samples): 0.50%
2026-09-15 00:22:04 | INFO | step=6100 loss=0.0363 lr=2.00e-04 elapsed=2586s
2026-09-15 00:22:31 | INFO | step=6200 loss=0.2005 lr=2.00e-04 elapsed=2614s
2026-09-15 00:22:59 | INFO | step=6300 loss=0.0593 lr=2.00e-04 elapsed=2642s
2026-09-15 00:23:27 | INFO | step=6400 loss=0.0674 lr=2.00e-04 elapsed=2670s
2026-09-15 00:23:54 | INFO | step=6500 loss=0.0804 lr=2.00e-04 elapsed=2697s
2026-09-15 00:24:22 | INFO | step=6600 loss=0.0901 lr=2.00e-04 elapsed=2725s
2026-09-15 00:24:50 | INFO | step=6700 loss=0.2323 lr=2.00e-04 elapsed=2753s
2026-09-15 00:25:17 | INFO | step=6800 loss=0.0394 lr=2.00e-04 elapsed=2780s
2026-09-15 00:25:45 | INFO | step=6900 loss=0.0880 lr=2.00e-04 elapsed=2808s
2026-09-15 00:26:13 | INFO | step=7000 loss=0.2491 lr=2.00e-04 elapsed=2836s
2026-09-15 00:26:38 | INFO | [eval] step=7000 dev_loss=2.0942
2026-09-15 00:29:45 | INFO |   EM on dev subset (200 samples): 0.50%
2026-09-15 00:30:13 | INFO | step=7100 loss=0.0860 lr=1.99e-04 elapsed=3076s
2026-09-15 00:30:41 | INFO | step=7200 loss=0.0171 lr=1.99e-04 elapsed=3104s
2026-09-15 00:31:09 | INFO | step=7300 loss=0.0276 lr=1.99e-04 elapsed=3131s
2026-09-15 00:31:36 | INFO | step=7400 loss=0.0613 lr=1.99e-04 elapsed=3159s
2026-09-15 00:32:04 | INFO | step=7500 loss=0.0490 lr=1.99e-04 elapsed=3187s
2026-09-15 00:32:32 | INFO | step=7600 loss=0.0208 lr=1.99e-04 elapsed=3215s
2026-09-15 00:32:59 | INFO | step=7700 loss=0.0395 lr=1.99e-04 elapsed=3242s
2026-09-15 00:33:26 | INFO | step=7800 loss=0.0030 lr=1.99e-04 elapsed=3269s
2026-09-15 00:33:54 | INFO | step=7900 loss=0.0892 lr=1.99e-04 elapsed=3297s
2026-09-15 00:34:22 | INFO | step=8000 loss=0.0243 lr=1.99e-04 elapsed=3325s
2026-09-15 00:34:46 | INFO | [eval] step=8000 dev_loss=2.1051
2026-09-15 00:36:40 | INFO |   EM on dev subset (200 samples): 0.00%
2026-09-15 00:37:08 | INFO | step=8100 loss=0.0715 lr=1.99e-04 elapsed=3491s
2026-09-15 00:37:36 | INFO | step=8200 loss=0.2184 lr=1.99e-04 elapsed=3519s
2026-09-15 00:38:04 | INFO | step=8300 loss=0.0878 lr=1.99e-04 elapsed=3547s
2026-09-15 00:38:32 | INFO | step=8400 loss=0.1627 lr=1.99e-04 elapsed=3575s
2026-09-15 00:39:00 | INFO | step=8500 loss=0.0683 lr=1.99e-04 elapsed=3603s
2026-09-15 00:39:28 | INFO | step=8600 loss=0.0188 lr=1.99e-04 elapsed=3631s
2026-09-15 00:39:56 | INFO | step=8700 loss=0.0363 lr=1.99e-04 elapsed=3658s
2026-09-15 00:40:23 | INFO | step=8800 loss=0.0033 lr=1.99e-04 elapsed=3686s
2026-09-15 00:40:51 | INFO | step=8900 loss=0.2264 lr=1.99e-04 elapsed=3714s
2026-09-15 00:41:19 | INFO | step=9000 loss=0.0456 lr=1.99e-04 elapsed=3742s
2026-09-15 00:41:43 | INFO | [eval] step=9000 dev_loss=2.1069
2026-09-15 00:44:02 | INFO |   EM on dev subset (200 samples): 0.00%
2026-09-15 00:44:30 | INFO | step=9100 loss=0.0308 lr=1.99e-04 elapsed=3933s
2026-09-15 00:44:58 | INFO | step=9200 loss=0.0302 lr=1.99e-04 elapsed=3961s
2026-09-15 00:45:26 | INFO | step=9300 loss=0.0100 lr=1.98e-04 elapsed=3989s
2026-09-15 00:45:54 | INFO | step=9400 loss=0.0233 lr=1.98e-04 elapsed=4017s
2026-09-15 00:46:22 | INFO | step=9500 loss=0.0961 lr=1.98e-04 elapsed=4045s
2026-09-15 00:46:50 | INFO | step=9600 loss=0.0571 lr=1.98e-04 elapsed=4073s
2026-09-15 00:47:18 | INFO | step=9700 loss=0.0726 lr=1.98e-04 elapsed=4101s
2026-09-15 00:47:46 | INFO | step=9800 loss=0.0184 lr=1.98e-04 elapsed=4129s
2026-09-15 00:48:13 | INFO | step=9900 loss=0.0166 lr=1.98e-04 elapsed=4156s
2026-09-15 00:48:41 | INFO | step=10000 loss=0.0286 lr=1.98e-04 elapsed=4184s
2026-09-15 00:49:06 | INFO | [eval] step=10000 dev_loss=2.0934
2026-09-15 00:51:43 | INFO |   EM on dev subset (200 samples): 1.50%
2026-09-15 00:52:34 | INFO | step=10100 loss=0.0168 lr=1.98e-04 elapsed=4417s
2026-09-15 00:53:02 | INFO | step=10200 loss=0.1185 lr=1.98e-04 elapsed=4445s
2026-09-15 00:53:30 | INFO | step=10300 loss=0.0260 lr=1.98e-04 elapsed=4473s
2026-09-15 00:53:58 | INFO | step=10400 loss=0.0694 lr=1.98e-04 elapsed=4501s
2026-09-15 00:54:26 | INFO | step=10500 loss=0.0099 lr=1.98e-04 elapsed=4529s
2026-09-15 00:54:54 | INFO | step=10600 loss=0.0643 lr=1.98e-04 elapsed=4557s
2026-09-15 00:55:22 | INFO | step=10700 loss=0.0116 lr=1.98e-04 elapsed=4584s
2026-09-15 00:55:49 | INFO | step=10800 loss=0.0076 lr=1.98e-04 elapsed=4612s
2026-09-15 00:56:17 | INFO | step=10900 loss=0.0070 lr=1.97e-04 elapsed=4640s
2026-09-15 00:56:45 | INFO | step=11000 loss=0.0405 lr=1.97e-04 elapsed=4668s
2026-09-15 00:57:10 | INFO | [eval] step=11000 dev_loss=2.0973
2026-09-15 00:59:13 | INFO |   EM on dev subset (200 samples): 1.00%
2026-09-15 00:59:41 | INFO | step=11100 loss=0.1285 lr=1.97e-04 elapsed=4844s
2026-09-15 01:00:09 | INFO | step=11200 loss=0.0125 lr=1.97e-04 elapsed=4872s
2026-09-15 01:00:36 | INFO | step=11300 loss=0.0386 lr=1.97e-04 elapsed=4899s
2026-09-15 01:01:03 | INFO | step=11400 loss=0.0153 lr=1.97e-04 elapsed=4926s
2026-09-15 01:01:31 | INFO | step=11500 loss=0.0906 lr=1.97e-04 elapsed=4953s
2026-09-15 01:01:58 | INFO | step=11600 loss=0.0095 lr=1.97e-04 elapsed=4981s
2026-09-15 01:02:26 | INFO | step=11700 loss=0.0159 lr=1.97e-04 elapsed=5009s
2026-09-15 01:02:54 | INFO | step=11800 loss=0.0410 lr=1.97e-04 elapsed=5037s
2026-09-15 01:03:22 | INFO | step=11900 loss=0.0645 lr=1.97e-04 elapsed=5065s
2026-09-15 01:03:50 | INFO | step=12000 loss=0.1307 lr=1.97e-04 elapsed=5093s
2026-09-15 01:04:14 | INFO | [eval] step=12000 dev_loss=2.0960
2026-09-15 01:06:55 | INFO |   EM on dev subset (200 samples): 0.50%
2026-09-15 01:07:24 | INFO | step=12100 loss=0.1244 lr=1.97e-04 elapsed=5306s
2026-09-15 01:07:51 | INFO | step=12200 loss=0.0187 lr=1.96e-04 elapsed=5334s
2026-09-15 01:08:19 | INFO | step=12300 loss=0.0040 lr=1.96e-04 elapsed=5362s
2026-09-15 01:08:47 | INFO | step=12400 loss=0.0525 lr=1.96e-04 elapsed=5390s
2026-09-15 01:09:15 | INFO | step=12500 loss=0.1392 lr=1.96e-04 elapsed=5418s
2026-09-15 01:09:43 | INFO | step=12600 loss=0.0144 lr=1.96e-04 elapsed=5446s
2026-09-15 01:10:11 | INFO | step=12700 loss=0.0338 lr=1.96e-04 elapsed=5473s
2026-09-15 01:10:38 | INFO | step=12800 loss=0.0298 lr=1.96e-04 elapsed=5501s
2026-09-15 01:11:05 | INFO | step=12900 loss=0.0702 lr=1.96e-04 elapsed=5528s
2026-09-15 01:11:33 | INFO | step=13000 loss=0.0095 lr=1.96e-04 elapsed=5556s
2026-09-15 01:11:58 | INFO | [eval] step=13000 dev_loss=2.0855
2026-09-15 01:13:57 | INFO |   EM on dev subset (200 samples): 1.50%
2026-09-15 01:14:25 | INFO | step=13100 loss=0.0455 lr=1.96e-04 elapsed=5727s
2026-09-15 01:14:53 | INFO | step=13200 loss=0.2295 lr=1.96e-04 elapsed=5756s
2026-09-15 01:15:21 | INFO | step=13300 loss=0.0169 lr=1.95e-04 elapsed=5783s
2026-09-15 01:15:48 | INFO | step=13400 loss=0.0102 lr=1.95e-04 elapsed=5811s
2026-09-15 01:16:16 | INFO | step=13500 loss=0.0320 lr=1.95e-04 elapsed=5839s
2026-09-15 01:16:44 | INFO | step=13600 loss=0.0236 lr=1.95e-04 elapsed=5867s
2026-09-15 01:17:12 | INFO | step=13700 loss=0.0873 lr=1.95e-04 elapsed=5895s
2026-09-15 01:17:40 | INFO | step=13800 loss=0.0968 lr=1.95e-04 elapsed=5923s
2026-09-15 01:18:08 | INFO | step=13900 loss=0.0598 lr=1.95e-04 elapsed=5951s
2026-09-15 01:18:36 | INFO | step=14000 loss=0.0385 lr=1.95e-04 elapsed=5978s
2026-09-15 01:19:00 | INFO | [eval] step=14000 dev_loss=2.0889
2026-09-15 01:21:47 | INFO |   EM on dev subset (200 samples): 1.50%
2026-09-15 01:22:15 | INFO | step=14100 loss=0.0039 lr=1.95e-04 elapsed=6197s
2026-09-15 01:22:42 | INFO | step=14200 loss=0.0150 lr=1.94e-04 elapsed=6225s
2026-09-15 01:23:10 | INFO | step=14300 loss=0.0033 lr=1.94e-04 elapsed=6253s
2026-09-15 01:23:38 | INFO | step=14400 loss=0.0060 lr=1.94e-04 elapsed=6281s
2026-09-15 01:24:06 | INFO | step=14500 loss=0.0345 lr=1.94e-04 elapsed=6309s
2026-09-15 01:24:34 | INFO | step=14600 loss=0.1231 lr=1.94e-04 elapsed=6337s
2026-09-15 01:25:02 | INFO | step=14700 loss=0.0275 lr=1.94e-04 elapsed=6364s
2026-09-15 01:25:29 | INFO | step=14800 loss=0.0054 lr=1.94e-04 elapsed=6392s
2026-09-15 01:25:57 | INFO | step=14900 loss=0.0131 lr=1.94e-04 elapsed=6420s
2026-09-15 01:26:25 | INFO | step=15000 loss=0.0083 lr=1.94e-04 elapsed=6448s
2026-09-15 01:26:49 | INFO | [eval] step=15000 dev_loss=2.0924
2026-09-15 01:28:52 | INFO |   EM on dev subset (200 samples): 2.00%
2026-09-15 01:29:20 | INFO | step=15100 loss=0.0868 lr=1.93e-04 elapsed=6622s
2026-09-15 01:29:47 | INFO | step=15200 loss=0.0083 lr=1.93e-04 elapsed=6650s
2026-09-15 01:30:15 | INFO | step=15300 loss=0.0098 lr=1.93e-04 elapsed=6678s
2026-09-15 01:30:43 | INFO | step=15400 loss=0.0227 lr=1.93e-04 elapsed=6706s
2026-09-15 01:31:11 | INFO | step=15500 loss=0.0349 lr=1.93e-04 elapsed=6734s
2026-09-15 01:31:39 | INFO | step=15600 loss=0.0699 lr=1.93e-04 elapsed=6762s
2026-09-15 01:32:07 | INFO | step=15700 loss=0.1018 lr=1.93e-04 elapsed=6789s
2026-09-15 01:32:34 | INFO | step=15800 loss=0.0086 lr=1.93e-04 elapsed=6817s
2026-09-15 01:33:02 | INFO | step=15900 loss=0.0282 lr=1.93e-04 elapsed=6845s
2026-09-15 01:33:30 | INFO | step=16000 loss=0.0893 lr=1.92e-04 elapsed=6873s
2026-09-15 01:33:55 | INFO | [eval] step=16000 dev_loss=2.0948
2026-09-15 01:36:46 | INFO |   EM on dev subset (200 samples): 0.00%
2026-09-15 01:37:15 | INFO | step=16100 loss=0.0782 lr=1.92e-04 elapsed=7097s
2026-09-15 01:37:42 | INFO | step=16200 loss=0.0769 lr=1.92e-04 elapsed=7125s
2026-09-15 01:38:10 | INFO | step=16300 loss=0.0079 lr=1.92e-04 elapsed=7152s
2026-09-15 01:38:37 | INFO | step=16400 loss=0.0664 lr=1.92e-04 elapsed=7180s
2026-09-15 01:39:05 | INFO | step=16500 loss=0.0133 lr=1.92e-04 elapsed=7208s
2026-09-15 01:39:33 | INFO | step=16600 loss=0.0084 lr=1.92e-04 elapsed=7236s
2026-09-15 01:40:01 | INFO | step=16700 loss=0.0191 lr=1.91e-04 elapsed=7264s
2026-09-15 01:40:29 | INFO | step=16800 loss=0.0640 lr=1.91e-04 elapsed=7291s
2026-09-15 01:40:57 | INFO | step=16900 loss=0.1284 lr=1.91e-04 elapsed=7319s
2026-09-15 01:41:24 | INFO | step=17000 loss=0.0081 lr=1.91e-04 elapsed=7347s
2026-09-15 01:41:49 | INFO | [eval] step=17000 dev_loss=2.0935
2026-09-15 01:43:26 | INFO |   EM on dev subset (200 samples): 0.00%
2026-09-15 01:43:54 | INFO | step=17100 loss=0.0311 lr=1.91e-04 elapsed=7496s
2026-09-15 01:44:22 | INFO | step=17200 loss=0.1544 lr=1.91e-04 elapsed=7524s
2026-09-15 01:44:49 | INFO | step=17300 loss=0.0903 lr=1.91e-04 elapsed=7552s
2026-09-15 01:45:17 | INFO | step=17400 loss=0.0615 lr=1.91e-04 elapsed=7580s
2026-09-15 01:45:45 | INFO | step=17500 loss=0.0078 lr=1.90e-04 elapsed=7608s
2026-09-15 01:46:13 | INFO | step=17600 loss=0.0428 lr=1.90e-04 elapsed=7636s
2026-09-15 01:46:41 | INFO | step=17700 loss=0.0204 lr=1.90e-04 elapsed=7664s
2026-09-15 01:47:09 | INFO | step=17800 loss=0.0659 lr=1.90e-04 elapsed=7692s
2026-09-15 01:47:36 | INFO | step=17900 loss=0.0747 lr=1.90e-04 elapsed=7719s
2026-09-15 01:48:03 | INFO | step=18000 loss=0.0541 lr=1.90e-04 elapsed=7746s
2026-09-15 01:48:28 | INFO | [eval] step=18000 dev_loss=2.0941
2026-09-15 01:50:20 | INFO |   EM on dev subset (200 samples): 0.50%
2026-09-15 01:50:48 | INFO | step=18100 loss=0.0159 lr=1.90e-04 elapsed=7911s
2026-09-15 01:51:17 | INFO | step=18200 loss=0.0089 lr=1.89e-04 elapsed=7939s
2026-09-15 01:51:44 | INFO | step=18300 loss=0.0331 lr=1.89e-04 elapsed=7967s
2026-09-15 01:52:12 | INFO | step=18400 loss=0.2234 lr=1.89e-04 elapsed=7995s
2026-09-15 01:52:40 | INFO | step=18500 loss=0.0398 lr=1.89e-04 elapsed=8023s
2026-09-15 01:53:08 | INFO | step=18600 loss=0.0506 lr=1.89e-04 elapsed=8051s
2026-09-15 01:53:36 | INFO | step=18700 loss=0.0484 lr=1.89e-04 elapsed=8079s
2026-09-15 01:54:04 | INFO | step=18800 loss=0.0084 lr=1.88e-04 elapsed=8107s
2026-09-15 01:54:32 | INFO | step=18900 loss=0.2236 lr=1.88e-04 elapsed=8135s
2026-09-15 01:55:00 | INFO | step=19000 loss=0.0496 lr=1.88e-04 elapsed=8162s
2026-09-15 01:55:24 | INFO | [eval] step=19000 dev_loss=2.0892
2026-09-15 01:57:01 | INFO |   EM on dev subset (200 samples): 1.50%
2026-09-15 01:57:29 | INFO | step=19100 loss=0.0213 lr=1.88e-04 elapsed=8311s
2026-09-15 01:57:57 | INFO | step=19200 loss=0.0587 lr=1.88e-04 elapsed=8339s
2026-09-15 01:58:24 | INFO | step=19300 loss=0.0347 lr=1.88e-04 elapsed=8367s
2026-09-15 01:58:52 | INFO | step=19400 loss=0.0527 lr=1.88e-04 elapsed=8395s
2026-09-15 01:59:20 | INFO | step=19500 loss=0.0424 lr=1.87e-04 elapsed=8423s
2026-09-15 01:59:48 | INFO | step=19600 loss=0.0509 lr=1.87e-04 elapsed=8451s
2026-09-15 02:00:16 | INFO | step=19700 loss=0.0290 lr=1.87e-04 elapsed=8478s
2026-09-15 02:00:43 | INFO | step=19800 loss=0.0211 lr=1.87e-04 elapsed=8506s
2026-09-15 02:01:11 | INFO | step=19900 loss=0.0255 lr=1.87e-04 elapsed=8534s
2026-09-15 02:01:39 | INFO | step=20000 loss=0.2778 lr=1.87e-04 elapsed=8562s
2026-09-15 02:02:03 | INFO | [eval] step=20000 dev_loss=2.0894
2026-09-15 02:05:10 | INFO |   EM on dev subset (200 samples): 0.00%
2026-09-15 02:06:00 | INFO | step=20100 loss=0.1634 lr=1.86e-04 elapsed=8823s
2026-09-15 02:06:28 | INFO | step=20200 loss=0.0410 lr=1.86e-04 elapsed=8850s
2026-09-15 02:06:55 | INFO | step=20300 loss=0.0025 lr=1.86e-04 elapsed=8878s
2026-09-15 02:07:23 | INFO | step=20400 loss=0.0247 lr=1.86e-04 elapsed=8906s
2026-09-15 02:07:51 | INFO | step=20500 loss=0.0112 lr=1.86e-04 elapsed=8934s
2026-09-15 02:08:19 | INFO | step=20600 loss=0.0052 lr=1.86e-04 elapsed=8962s
2026-09-15 02:08:47 | INFO | step=20700 loss=0.0412 lr=1.85e-04 elapsed=8990s
2026-09-15 02:09:15 | INFO | step=20800 loss=0.1133 lr=1.85e-04 elapsed=9018s
2026-09-15 02:09:43 | INFO | step=20900 loss=0.0524 lr=1.85e-04 elapsed=9046s
2026-09-15 02:10:11 | INFO | step=21000 loss=0.0020 lr=1.85e-04 elapsed=9074s
2026-09-15 02:10:35 | INFO | [eval] step=21000 dev_loss=2.0883
2026-09-15 02:12:14 | INFO |   EM on dev subset (200 samples): 1.50%
2026-09-15 02:12:42 | INFO | step=21100 loss=0.0194 lr=1.85e-04 elapsed=9225s
2026-09-15 02:13:10 | INFO | step=21200 loss=0.0135 lr=1.85e-04 elapsed=9252s
2026-09-15 02:13:38 | INFO | step=21300 loss=0.0177 lr=1.84e-04 elapsed=9280s
2026-09-15 02:14:06 | INFO | step=21400 loss=0.0032 lr=1.84e-04 elapsed=9308s
2026-09-15 02:14:33 | INFO | step=21500 loss=0.0277 lr=1.84e-04 elapsed=9336s
2026-09-15 02:15:01 | INFO | step=21600 loss=0.0058 lr=1.84e-04 elapsed=9364s
2026-09-15 02:15:28 | INFO | step=21700 loss=0.0848 lr=1.84e-04 elapsed=9391s
2026-09-15 02:15:56 | INFO | step=21800 loss=0.0023 lr=1.84e-04 elapsed=9419s
2026-09-15 02:16:24 | INFO | step=21900 loss=0.0260 lr=1.83e-04 elapsed=9447s
2026-09-15 02:16:52 | INFO | step=22000 loss=0.0103 lr=1.83e-04 elapsed=9475s
2026-09-15 02:17:16 | INFO | [eval] step=22000 dev_loss=2.0863
2026-09-15 02:18:43 | INFO |   EM on dev subset (200 samples): 2.50%
2026-09-15 02:18:43 | INFO | Early stopping triggered.
2026-09-15 02:18:43 | INFO | Training complete. Best dev loss: 1.8119
