[GPU1 EXTRA SEEDS (STD) CHAIN START] 2026. 09. 12. (토) 13:53:46 KST
[TRAIN START std s45 bs=32] 2026. 09. 12. (토) 13:53:46 KST
[TRAIN DONE std s45 rc=1] 2026. 09. 12. (토) 13:54:03 KST
[TRAIN START std s46 bs=32] 2026. 09. 12. (토) 13:54:03 KST
[TRAIN DONE std s46 rc=1] 2026. 09. 12. (토) 13:54:12 KST
[TRAIN START std s47 bs=32] 2026. 09. 12. (토) 13:54:12 KST
[TRAIN DONE std s47 rc=1] 2026. 09. 12. (토) 13:54:25 KST
[TRAIN START std s48 bs=32] 2026. 09. 12. (토) 13:54:25 KST
[TRAIN DONE std s48 rc=1] 2026. 09. 12. (토) 13:54:33 KST
[TRAIN START std s49 bs=32] 2026. 09. 12. (토) 13:54:33 KST
[TRAIN DONE std s49 rc=1] 2026. 09. 12. (토) 13:54:40 KST
[GPU1 EXTRA SEEDS (STD) CHAIN DONE] 2026. 09. 12. (토) 13:54:40 KST
[GPU1 EXTRA SEEDS (STD) CHAIN START] 2026. 09. 12. (토) 13:57:38 KST
[TRAIN START std s45 bs=32] 2026. 09. 12. (토) 13:57:38 KST
[TRAIN DONE std s45 rc=1] 2026. 09. 12. (토) 13:57:55 KST
[TRAIN START std s46 bs=32] 2026. 09. 12. (토) 13:57:55 KST
[TRAIN DONE std s46 rc=1] 2026. 09. 12. (토) 13:58:04 KST
[TRAIN START std s47 bs=32] 2026. 09. 12. (토) 13:58:04 KST
[TRAIN DONE std s47 rc=1] 2026. 09. 12. (토) 13:58:17 KST
[TRAIN START std s48 bs=32] 2026. 09. 12. (토) 13:58:17 KST
[TRAIN DONE std s48 rc=1] 2026. 09. 12. (토) 13:58:26 KST
[TRAIN START std s49 bs=32] 2026. 09. 12. (토) 13:58:26 KST
[TRAIN DONE std s49 rc=1] 2026. 09. 12. (토) 13:58:33 KST
[GPU1 EXTRA SEEDS (STD) CHAIN DONE] 2026. 09. 12. (토) 13:58:33 KST
[GPU1 EXTRA SEEDS (STD) CHAIN START] 2026. 09. 12. (토) 14:01:40 KST
[TRAIN START std s45 bs=16] 2026. 09. 12. (토) 14:01:40 KST
[TRAIN DONE std s45 rc=0] 2026. 09. 12. (토) 17:01:38 KST
[EVAL START std s45] 2026. 09. 12. (토) 17:01:38 KST
[EVAL DONE std s45 rc=0] 2026. 09. 12. (토) 17:01:54 KST
[TRAIN START std s46 bs=16] 2026. 09. 12. (토) 17:01:54 KST
[TRAIN DONE std s46 rc=0] 2026. 09. 12. (토) 20:01:41 KST
[EVAL START std s46] 2026. 09. 12. (토) 20:01:41 KST
[EVAL DONE std s46 rc=0] 2026. 09. 12. (토) 20:01:56 KST
[TRAIN START std s47 bs=16] 2026. 09. 12. (토) 20:01:56 KST
[TRAIN DONE std s47 rc=0] 2026. 09. 12. (토) 23:02:02 KST
[EVAL START std s47] 2026. 09. 12. (토) 23:02:02 KST
[EVAL DONE std s47 rc=0] 2026. 09. 12. (토) 23:02:17 KST
[TRAIN START std s48 bs=16] 2026. 09. 12. (토) 23:02:17 KST
[TRAIN DONE std s48 rc=0] 2026. 09. 13. (일) 02:02:55 KST
[EVAL START std s48] 2026. 09. 13. (일) 02:02:55 KST
[EVAL DONE std s48 rc=0] 2026. 09. 13. (일) 02:03:11 KST
[TRAIN START std s49 bs=16] 2026. 09. 13. (일) 02:03:11 KST
[TRAIN DONE std s49 rc=0] 2026. 09. 13. (일) 05:03:19 KST
[EVAL START std s49] 2026. 09. 13. (일) 05:03:19 KST
[EVAL DONE std s49 rc=0] 2026. 09. 13. (일) 05:03:35 KST
[GPU1 EXTRA SEEDS (STD) CHAIN DONE] 2026. 09. 13. (일) 05:03:35 KST
