2026-09-12 09:26:06 | INFO | Device: cuda
2026-09-12 09:26:08 | INFO | Model: relational, k=8, params=464.5M
2026-09-12 09:26:09 | INFO | Training on 7473 examples, eval on 1319
2026-09-12 09:26:09 | INFO | Config: TrainingConfig(model_type='relational', hidden_dim=512, num_encoder_layers=12, num_decoder_layers=12, num_heads=8, num_attributes=8, use_gating=True, use_mixing=True, pairing_strategy='random_fixed', pairing_seed=1234, ffn_dim=2048, max_seq_len=512, dropout=0.1, vocab_size=32000, learning_rate=0.0002, weight_decay=0.01, warmup_steps=4000, max_steps=200000, batch_size=32, gradient_accumulation=1, max_grad_norm=1.0, label_smoothing=0.1, eval_every=1000, save_every=10000, patience=3, eval_by_em=False, dataset='gsm8k', nas_dir='/nas/Dataset/nlp', max_src_len=256, max_tgt_len=32, seed=43, num_workers=4, fp16=False, output_dir='/nas/Dataset/experiments/relational-attention/muhiddin_outputs/rel_125m_gsm8k_ablation_random_fixed_s43', log_every=100, copy_mechanism=False, num_copy_heads=1)
2026-09-12 09:26:10 | INFO | step=0 loss=10.3950 lr=0.00e+00 elapsed=1s
2026-09-12 09:27:05 | INFO | step=100 loss=8.4124 lr=5.00e-06 elapsed=56s
2026-09-12 09:28:01 | INFO | step=200 loss=7.7412 lr=1.00e-05 elapsed=112s
2026-09-12 09:28:55 | INFO | step=300 loss=6.6996 lr=1.50e-05 elapsed=166s
2026-09-12 09:29:51 | INFO | step=400 loss=5.4124 lr=2.00e-05 elapsed=222s
2026-09-12 09:30:46 | INFO | step=500 loss=4.1921 lr=2.50e-05 elapsed=277s
2026-09-12 09:31:41 | INFO | step=600 loss=3.2737 lr=3.00e-05 elapsed=332s
2026-09-12 09:32:36 | INFO | step=700 loss=2.7698 lr=3.50e-05 elapsed=387s
2026-09-12 09:33:31 | INFO | step=800 loss=2.6440 lr=4.00e-05 elapsed=442s
2026-09-12 09:34:26 | INFO | step=900 loss=2.7397 lr=4.50e-05 elapsed=497s
2026-09-12 09:35:21 | INFO | step=1000 loss=3.0782 lr=5.00e-05 elapsed=552s
2026-09-12 09:35:24 | INFO | [eval] step=1000 dev_loss=4.0810
2026-09-12 09:35:40 | INFO |   -> New best model saved (dev_loss=4.0810)
2026-09-12 09:36:35 | INFO | step=1100 loss=2.8317 lr=5.50e-05 elapsed=626s
2026-09-12 09:37:31 | INFO | step=1200 loss=2.5211 lr=6.00e-05 elapsed=682s
2026-09-12 09:38:26 | INFO | step=1300 loss=2.5191 lr=6.50e-05 elapsed=737s
2026-09-12 09:39:20 | INFO | step=1400 loss=2.5600 lr=7.00e-05 elapsed=791s
2026-09-12 09:40:15 | INFO | step=1500 loss=2.5300 lr=7.50e-05 elapsed=846s
2026-09-12 09:41:10 | INFO | step=1600 loss=2.7222 lr=8.00e-05 elapsed=901s
2026-09-12 09:42:04 | INFO | step=1700 loss=2.5500 lr=8.50e-05 elapsed=954s
2026-09-12 09:42:59 | INFO | step=1800 loss=2.3400 lr=9.00e-05 elapsed=1010s
2026-09-12 09:43:53 | INFO | step=1900 loss=2.4852 lr=9.50e-05 elapsed=1064s
2026-09-12 09:44:47 | INFO | step=2000 loss=2.4416 lr=1.00e-04 elapsed=1118s
2026-09-12 09:44:50 | INFO | [eval] step=2000 dev_loss=4.4818
2026-09-12 09:45:45 | INFO | step=2100 loss=2.5664 lr=1.05e-04 elapsed=1176s
2026-09-12 09:46:38 | INFO | step=2200 loss=2.3088 lr=1.10e-04 elapsed=1229s
2026-09-12 09:47:34 | INFO | step=2300 loss=2.3023 lr=1.15e-04 elapsed=1285s
2026-09-12 09:48:27 | INFO | step=2400 loss=2.2436 lr=1.20e-04 elapsed=1338s
2026-09-12 09:49:22 | INFO | step=2500 loss=2.2254 lr=1.25e-04 elapsed=1393s
2026-09-12 09:50:16 | INFO | step=2600 loss=2.3450 lr=1.30e-04 elapsed=1447s
2026-09-12 09:51:10 | INFO | step=2700 loss=2.3820 lr=1.35e-04 elapsed=1501s
2026-09-12 09:52:05 | INFO | step=2800 loss=2.4711 lr=1.40e-04 elapsed=1556s
2026-09-12 09:53:00 | INFO | step=2900 loss=2.5857 lr=1.45e-04 elapsed=1611s
2026-09-12 09:53:54 | INFO | step=3000 loss=1.9907 lr=1.50e-04 elapsed=1665s
2026-09-12 09:53:57 | INFO | [eval] step=3000 dev_loss=5.1097
2026-09-12 09:54:52 | INFO | step=3100 loss=2.1010 lr=1.55e-04 elapsed=1723s
2026-09-12 09:55:47 | INFO | step=3200 loss=2.0784 lr=1.60e-04 elapsed=1778s
2026-09-12 09:56:41 | INFO | step=3300 loss=1.9646 lr=1.65e-04 elapsed=1832s
2026-09-12 09:57:37 | INFO | step=3400 loss=1.8958 lr=1.70e-04 elapsed=1888s
2026-09-12 09:58:31 | INFO | step=3500 loss=1.9857 lr=1.75e-04 elapsed=1942s
2026-09-12 09:59:27 | INFO | step=3600 loss=2.0645 lr=1.80e-04 elapsed=1998s
2026-09-12 10:00:21 | INFO | step=3700 loss=2.1933 lr=1.85e-04 elapsed=2052s
2026-09-12 10:01:16 | INFO | step=3800 loss=1.9345 lr=1.90e-04 elapsed=2107s
2026-09-12 10:02:11 | INFO | step=3900 loss=1.9731 lr=1.95e-04 elapsed=2162s
2026-09-12 10:03:06 | INFO | step=4000 loss=2.0856 lr=2.00e-04 elapsed=2217s
2026-09-12 10:03:10 | INFO | [eval] step=4000 dev_loss=5.6863
2026-09-12 10:03:10 | INFO | Early stopping triggered.
2026-09-12 10:03:10 | INFO | Training complete. Best dev loss: 4.0810
