2026-09-21 23:09:13 | INFO | Device: cuda
2026-09-21 23:09:14 | INFO | COGS train: 68511 examples after entity augmentation (13702×5)
2026-09-21 23:09:16 | INFO | Model: standard, k=1, params=465.0M
2026-09-21 23:09:17 | INFO | Training on 68511 examples, eval on 3000
2026-09-21 23:09:17 | INFO | Config: TrainingConfig(model_type='standard', hidden_dim=512, num_encoder_layers=12, num_decoder_layers=12, num_heads=8, num_attributes=1, use_gating=False, use_mixing=False, pairing_strategy='cyclic', pairing_seed=1234, use_composed_join=False, use_true_standard=True, ffn_dim=15979, max_seq_len=512, dropout=0.1, vocab_size=32000, learning_rate=0.0002, weight_decay=0.01, warmup_steps=4000, max_steps=100000, batch_size=4, gradient_accumulation=4, max_grad_norm=1.0, label_smoothing=0.1, eval_every=1000, save_every=10000, patience=20, eval_by_em=True, dataset='cogs', nas_dir='/nas/Dataset/nlp', max_src_len=256, max_tgt_len=256, seed=45, num_workers=4, fp16=False, output_dir='/nas/Dataset/experiments/relational-attention/muhiddin_outputs/true_std_matched_cogs_s45', log_every=100, copy_mechanism=True, num_copy_heads=1)
2026-09-21 23:09:17 | INFO | step=0 loss=9.9160 lr=0.00e+00 elapsed=0s
2026-09-21 23:09:23 | INFO | step=100 loss=9.1165 lr=5.00e-06 elapsed=6s
2026-09-21 23:09:28 | INFO | step=200 loss=8.3355 lr=1.00e-05 elapsed=11s
2026-09-21 23:09:33 | INFO | step=300 loss=7.7825 lr=1.50e-05 elapsed=16s
2026-09-21 23:09:39 | INFO | step=400 loss=6.7981 lr=2.00e-05 elapsed=22s
2026-09-21 23:09:44 | INFO | step=500 loss=6.2061 lr=2.50e-05 elapsed=27s
2026-09-21 23:09:50 | INFO | step=600 loss=5.6019 lr=3.00e-05 elapsed=32s
2026-09-21 23:09:55 | INFO | step=700 loss=4.9127 lr=3.50e-05 elapsed=38s
2026-09-21 23:10:00 | INFO | step=800 loss=4.1289 lr=4.00e-05 elapsed=43s
2026-09-21 23:10:06 | INFO | step=900 loss=3.5170 lr=4.50e-05 elapsed=49s
2026-09-21 23:10:11 | INFO | step=1000 loss=2.5763 lr=5.00e-05 elapsed=54s
2026-09-21 23:10:19 | INFO | [eval] step=1000 dev_loss=3.4502
2026-09-21 23:11:23 | INFO |   EM on dev subset (200 samples): 0.00%
2026-09-21 23:11:40 | INFO |   -> New best model saved (dev_loss=3.4502)
2026-09-21 23:11:45 | INFO | step=1100 loss=1.8004 lr=5.50e-05 elapsed=148s
2026-09-21 23:11:51 | INFO | step=1200 loss=1.4061 lr=6.00e-05 elapsed=153s
2026-09-21 23:11:56 | INFO | step=1300 loss=1.0642 lr=6.50e-05 elapsed=159s
2026-09-21 23:12:01 | INFO | step=1400 loss=0.7632 lr=7.00e-05 elapsed=164s
2026-09-21 23:12:07 | INFO | step=1500 loss=0.6786 lr=7.50e-05 elapsed=169s
2026-09-21 23:12:12 | INFO | step=1600 loss=0.6450 lr=8.00e-05 elapsed=175s
2026-09-21 23:12:17 | INFO | step=1700 loss=0.7725 lr=8.50e-05 elapsed=180s
2026-09-21 23:12:23 | INFO | step=1800 loss=0.4459 lr=9.00e-05 elapsed=185s
2026-09-21 23:12:28 | INFO | step=1900 loss=0.3926 lr=9.50e-05 elapsed=191s
2026-09-21 23:12:33 | INFO | step=2000 loss=0.4285 lr=1.00e-04 elapsed=196s
2026-09-21 23:12:41 | INFO | [eval] step=2000 dev_loss=1.8879
2026-09-21 23:13:02 | INFO |   EM on dev subset (200 samples): 0.00%
2026-09-21 23:13:08 | INFO | step=2100 loss=0.3106 lr=1.05e-04 elapsed=230s
2026-09-21 23:13:13 | INFO | step=2200 loss=0.2901 lr=1.10e-04 elapsed=236s
2026-09-21 23:13:18 | INFO | step=2300 loss=0.2758 lr=1.15e-04 elapsed=241s
2026-09-21 23:13:23 | INFO | step=2400 loss=0.3411 lr=1.20e-04 elapsed=246s
2026-09-21 23:13:29 | INFO | step=2500 loss=0.3718 lr=1.25e-04 elapsed=252s
2026-09-21 23:13:34 | INFO | step=2600 loss=0.3783 lr=1.30e-04 elapsed=257s
2026-09-21 23:13:40 | INFO | step=2700 loss=0.2545 lr=1.35e-04 elapsed=262s
2026-09-21 23:13:45 | INFO | step=2800 loss=0.1750 lr=1.40e-04 elapsed=268s
2026-09-21 23:13:50 | INFO | step=2900 loss=0.1237 lr=1.45e-04 elapsed=273s
2026-09-21 23:13:56 | INFO | step=3000 loss=0.1812 lr=1.50e-04 elapsed=279s
2026-09-21 23:14:03 | INFO | [eval] step=3000 dev_loss=1.9997
2026-09-21 23:14:26 | INFO |   EM on dev subset (200 samples): 0.00%
2026-09-21 23:14:32 | INFO | step=3100 loss=0.2638 lr=1.55e-04 elapsed=315s
2026-09-21 23:14:37 | INFO | step=3200 loss=0.1642 lr=1.60e-04 elapsed=320s
2026-09-21 23:14:43 | INFO | step=3300 loss=0.2200 lr=1.65e-04 elapsed=326s
2026-09-21 23:14:48 | INFO | step=3400 loss=0.2653 lr=1.70e-04 elapsed=331s
2026-09-21 23:14:53 | INFO | step=3500 loss=0.1569 lr=1.75e-04 elapsed=336s
2026-09-21 23:14:59 | INFO | step=3600 loss=0.0937 lr=1.80e-04 elapsed=342s
2026-09-21 23:15:04 | INFO | step=3700 loss=0.1902 lr=1.85e-04 elapsed=347s
2026-09-21 23:15:10 | INFO | step=3800 loss=0.0762 lr=1.90e-04 elapsed=352s
2026-09-21 23:15:15 | INFO | step=3900 loss=0.1860 lr=1.95e-04 elapsed=358s
2026-09-21 23:15:20 | INFO | step=4000 loss=0.1390 lr=2.00e-04 elapsed=363s
2026-09-21 23:15:28 | INFO | [eval] step=4000 dev_loss=2.0851
2026-09-21 23:16:19 | INFO |   EM on dev subset (200 samples): 0.00%
2026-09-21 23:16:24 | INFO | step=4100 loss=0.1304 lr=2.00e-04 elapsed=427s
2026-09-21 23:16:29 | INFO | step=4200 loss=0.1285 lr=2.00e-04 elapsed=432s
2026-09-21 23:16:35 | INFO | step=4300 loss=0.1323 lr=2.00e-04 elapsed=438s
2026-09-21 23:16:40 | INFO | step=4400 loss=0.1140 lr=2.00e-04 elapsed=443s
2026-09-21 23:16:46 | INFO | step=4500 loss=0.0356 lr=2.00e-04 elapsed=448s
2026-09-21 23:16:51 | INFO | step=4600 loss=0.0898 lr=2.00e-04 elapsed=454s
2026-09-21 23:16:56 | INFO | step=4700 loss=0.3920 lr=2.00e-04 elapsed=459s
2026-09-21 23:17:02 | INFO | step=4800 loss=0.0411 lr=2.00e-04 elapsed=464s
2026-09-21 23:17:07 | INFO | step=4900 loss=0.2181 lr=2.00e-04 elapsed=470s
2026-09-21 23:17:12 | INFO | step=5000 loss=0.0624 lr=2.00e-04 elapsed=475s
2026-09-21 23:17:20 | INFO | [eval] step=5000 dev_loss=2.0916
2026-09-21 23:17:57 | INFO |   EM on dev subset (200 samples): 0.00%
2026-09-21 23:18:02 | INFO | step=5100 loss=0.0872 lr=2.00e-04 elapsed=525s
2026-09-21 23:18:08 | INFO | step=5200 loss=0.1047 lr=2.00e-04 elapsed=530s
2026-09-21 23:18:13 | INFO | step=5300 loss=0.0671 lr=2.00e-04 elapsed=536s
2026-09-21 23:18:18 | INFO | step=5400 loss=0.0530 lr=2.00e-04 elapsed=541s
2026-09-21 23:18:24 | INFO | step=5500 loss=0.1006 lr=2.00e-04 elapsed=546s
2026-09-21 23:18:29 | INFO | step=5600 loss=0.0272 lr=2.00e-04 elapsed=552s
2026-09-21 23:18:34 | INFO | step=5700 loss=0.0130 lr=2.00e-04 elapsed=557s
2026-09-21 23:18:40 | INFO | step=5800 loss=0.0892 lr=2.00e-04 elapsed=563s
2026-09-21 23:18:45 | INFO | step=5900 loss=0.0095 lr=2.00e-04 elapsed=568s
2026-09-21 23:18:50 | INFO | step=6000 loss=0.0194 lr=2.00e-04 elapsed=573s
2026-09-21 23:18:58 | INFO | [eval] step=6000 dev_loss=2.0851
2026-09-21 23:19:38 | INFO |   EM on dev subset (200 samples): 0.50%
2026-09-21 23:19:55 | INFO |   -> New best model saved (dev_loss=2.0851)
2026-09-21 23:20:01 | INFO | step=6100 loss=0.0713 lr=2.00e-04 elapsed=643s
2026-09-21 23:20:06 | INFO | step=6200 loss=0.0334 lr=2.00e-04 elapsed=649s
2026-09-21 23:20:11 | INFO | step=6300 loss=0.0224 lr=2.00e-04 elapsed=654s
2026-09-21 23:20:17 | INFO | step=6400 loss=0.1409 lr=2.00e-04 elapsed=660s
2026-09-21 23:20:22 | INFO | step=6500 loss=0.0295 lr=2.00e-04 elapsed=665s
2026-09-21 23:20:27 | INFO | step=6600 loss=0.0292 lr=2.00e-04 elapsed=670s
2026-09-21 23:20:33 | INFO | step=6700 loss=0.0624 lr=2.00e-04 elapsed=676s
2026-09-21 23:20:38 | INFO | step=6800 loss=0.0390 lr=2.00e-04 elapsed=681s
2026-09-21 23:20:43 | INFO | step=6900 loss=0.0079 lr=2.00e-04 elapsed=686s
2026-09-21 23:20:49 | INFO | step=7000 loss=0.0048 lr=2.00e-04 elapsed=692s
2026-09-21 23:20:56 | INFO | [eval] step=7000 dev_loss=2.0742
2026-09-21 23:21:24 | INFO |   EM on dev subset (200 samples): 2.00%
2026-09-21 23:21:42 | INFO |   -> New best model saved (dev_loss=2.0742)
2026-09-21 23:21:47 | INFO | step=7100 loss=0.0616 lr=1.99e-04 elapsed=750s
2026-09-21 23:21:53 | INFO | step=7200 loss=0.0487 lr=1.99e-04 elapsed=755s
2026-09-21 23:21:58 | INFO | step=7300 loss=0.1509 lr=1.99e-04 elapsed=761s
2026-09-21 23:22:03 | INFO | step=7400 loss=0.0187 lr=1.99e-04 elapsed=766s
2026-09-21 23:22:09 | INFO | step=7500 loss=0.0208 lr=1.99e-04 elapsed=771s
2026-09-21 23:22:14 | INFO | step=7600 loss=0.0060 lr=1.99e-04 elapsed=777s
2026-09-21 23:22:19 | INFO | step=7700 loss=0.0160 lr=1.99e-04 elapsed=782s
2026-09-21 23:22:25 | INFO | step=7800 loss=0.0351 lr=1.99e-04 elapsed=788s
2026-09-21 23:22:30 | INFO | step=7900 loss=0.0032 lr=1.99e-04 elapsed=793s
2026-09-21 23:22:35 | INFO | step=8000 loss=0.0030 lr=1.99e-04 elapsed=798s
2026-09-21 23:22:43 | INFO | [eval] step=8000 dev_loss=2.0818
2026-09-21 23:23:33 | INFO |   EM on dev subset (200 samples): 2.00%
2026-09-21 23:23:38 | INFO | step=8100 loss=0.0117 lr=1.99e-04 elapsed=861s
2026-09-21 23:23:44 | INFO | step=8200 loss=0.0413 lr=1.99e-04 elapsed=866s
2026-09-21 23:23:49 | INFO | step=8300 loss=0.0135 lr=1.99e-04 elapsed=872s
2026-09-21 23:23:54 | INFO | step=8400 loss=0.0170 lr=1.99e-04 elapsed=877s
2026-09-21 23:24:00 | INFO | step=8500 loss=0.0738 lr=1.99e-04 elapsed=883s
2026-09-21 23:24:05 | INFO | step=8600 loss=0.0225 lr=1.99e-04 elapsed=888s
2026-09-21 23:24:10 | INFO | step=8700 loss=0.0194 lr=1.99e-04 elapsed=893s
2026-09-21 23:24:16 | INFO | step=8800 loss=0.0069 lr=1.99e-04 elapsed=899s
2026-09-21 23:24:21 | INFO | step=8900 loss=0.0038 lr=1.99e-04 elapsed=904s
2026-09-21 23:24:26 | INFO | step=9000 loss=0.0447 lr=1.99e-04 elapsed=909s
2026-09-21 23:24:34 | INFO | [eval] step=9000 dev_loss=2.0807
2026-09-21 23:25:00 | INFO |   EM on dev subset (200 samples): 2.00%
2026-09-21 23:25:05 | INFO | step=9100 loss=0.0077 lr=1.99e-04 elapsed=948s
2026-09-21 23:25:10 | INFO | step=9200 loss=0.0046 lr=1.99e-04 elapsed=953s
2026-09-21 23:25:16 | INFO | step=9300 loss=0.0096 lr=1.98e-04 elapsed=958s
2026-09-21 23:25:21 | INFO | step=9400 loss=0.0289 lr=1.98e-04 elapsed=964s
2026-09-21 23:25:26 | INFO | step=9500 loss=0.0011 lr=1.98e-04 elapsed=969s
2026-09-21 23:25:32 | INFO | step=9600 loss=0.0062 lr=1.98e-04 elapsed=975s
2026-09-21 23:25:37 | INFO | step=9700 loss=0.0224 lr=1.98e-04 elapsed=980s
2026-09-21 23:25:43 | INFO | step=9800 loss=0.0230 lr=1.98e-04 elapsed=985s
2026-09-21 23:25:48 | INFO | step=9900 loss=0.0142 lr=1.98e-04 elapsed=991s
2026-09-21 23:25:53 | INFO | step=10000 loss=0.0016 lr=1.98e-04 elapsed=996s
2026-09-21 23:26:01 | INFO | [eval] step=10000 dev_loss=2.0861
2026-09-21 23:26:29 | INFO |   EM on dev subset (200 samples): 1.50%
2026-09-21 23:26:51 | INFO | step=10100 loss=0.0343 lr=1.98e-04 elapsed=1054s
2026-09-21 23:26:57 | INFO | step=10200 loss=0.0052 lr=1.98e-04 elapsed=1059s
2026-09-21 23:27:02 | INFO | step=10300 loss=0.0100 lr=1.98e-04 elapsed=1065s
2026-09-21 23:27:07 | INFO | step=10400 loss=0.0017 lr=1.98e-04 elapsed=1070s
2026-09-21 23:27:13 | INFO | step=10500 loss=0.0223 lr=1.98e-04 elapsed=1075s
2026-09-21 23:27:18 | INFO | step=10600 loss=0.0111 lr=1.98e-04 elapsed=1081s
2026-09-21 23:27:23 | INFO | step=10700 loss=0.0105 lr=1.98e-04 elapsed=1086s
2026-09-21 23:27:29 | INFO | step=10800 loss=0.0088 lr=1.98e-04 elapsed=1092s
2026-09-21 23:27:34 | INFO | step=10900 loss=0.0250 lr=1.97e-04 elapsed=1097s
2026-09-21 23:27:39 | INFO | step=11000 loss=0.0456 lr=1.97e-04 elapsed=1102s
2026-09-21 23:27:47 | INFO | [eval] step=11000 dev_loss=2.0859
2026-09-21 23:28:17 | INFO |   EM on dev subset (200 samples): 1.50%
2026-09-21 23:28:22 | INFO | step=11100 loss=0.0070 lr=1.97e-04 elapsed=1145s
2026-09-21 23:28:27 | INFO | step=11200 loss=0.0016 lr=1.97e-04 elapsed=1150s
2026-09-21 23:28:33 | INFO | step=11300 loss=0.0213 lr=1.97e-04 elapsed=1155s
2026-09-21 23:28:38 | INFO | step=11400 loss=0.0998 lr=1.97e-04 elapsed=1161s
2026-09-21 23:28:43 | INFO | step=11500 loss=0.0175 lr=1.97e-04 elapsed=1166s
2026-09-21 23:28:49 | INFO | step=11600 loss=0.0014 lr=1.97e-04 elapsed=1171s
2026-09-21 23:28:54 | INFO | step=11700 loss=0.0017 lr=1.97e-04 elapsed=1177s
2026-09-21 23:28:59 | INFO | step=11800 loss=0.0019 lr=1.97e-04 elapsed=1182s
2026-09-21 23:29:05 | INFO | step=11900 loss=0.0855 lr=1.97e-04 elapsed=1188s
2026-09-21 23:29:10 | INFO | step=12000 loss=0.0016 lr=1.97e-04 elapsed=1193s
2026-09-21 23:29:18 | INFO | [eval] step=12000 dev_loss=2.0781
2026-09-21 23:29:44 | INFO |   EM on dev subset (200 samples): 2.50%
2026-09-21 23:30:02 | INFO |   -> New best model saved (dev_loss=2.0781)
2026-09-21 23:30:07 | INFO | step=12100 loss=0.0031 lr=1.97e-04 elapsed=1250s
2026-09-21 23:30:12 | INFO | step=12200 loss=0.0140 lr=1.96e-04 elapsed=1255s
2026-09-21 23:30:17 | INFO | step=12300 loss=0.0431 lr=1.96e-04 elapsed=1260s
2026-09-21 23:30:23 | INFO | step=12400 loss=0.0050 lr=1.96e-04 elapsed=1266s
2026-09-21 23:30:28 | INFO | step=12500 loss=0.0291 lr=1.96e-04 elapsed=1271s
2026-09-21 23:30:33 | INFO | step=12600 loss=0.0635 lr=1.96e-04 elapsed=1276s
2026-09-21 23:30:39 | INFO | step=12700 loss=0.0165 lr=1.96e-04 elapsed=1282s
2026-09-21 23:30:44 | INFO | step=12800 loss=0.0011 lr=1.96e-04 elapsed=1287s
2026-09-21 23:30:50 | INFO | step=12900 loss=0.0030 lr=1.96e-04 elapsed=1293s
2026-09-21 23:30:55 | INFO | step=13000 loss=0.0323 lr=1.96e-04 elapsed=1298s
2026-09-21 23:31:03 | INFO | [eval] step=13000 dev_loss=2.0800
2026-09-21 23:31:31 | INFO |   EM on dev subset (200 samples): 2.50%
2026-09-21 23:31:36 | INFO | step=13100 loss=0.0238 lr=1.96e-04 elapsed=1339s
2026-09-21 23:31:42 | INFO | step=13200 loss=0.0596 lr=1.96e-04 elapsed=1344s
2026-09-21 23:31:47 | INFO | step=13300 loss=0.0009 lr=1.95e-04 elapsed=1350s
2026-09-21 23:31:52 | INFO | step=13400 loss=0.0118 lr=1.95e-04 elapsed=1355s
2026-09-21 23:31:58 | INFO | step=13500 loss=0.0009 lr=1.95e-04 elapsed=1360s
2026-09-21 23:32:03 | INFO | step=13600 loss=0.0007 lr=1.95e-04 elapsed=1366s
2026-09-21 23:32:08 | INFO | step=13700 loss=0.0295 lr=1.95e-04 elapsed=1371s
2026-09-21 23:32:14 | INFO | step=13800 loss=0.0516 lr=1.95e-04 elapsed=1377s
2026-09-21 23:32:19 | INFO | step=13900 loss=0.0017 lr=1.95e-04 elapsed=1382s
2026-09-21 23:32:25 | INFO | step=14000 loss=0.0013 lr=1.95e-04 elapsed=1387s
2026-09-21 23:32:32 | INFO | [eval] step=14000 dev_loss=2.0780
2026-09-21 23:33:01 | INFO |   EM on dev subset (200 samples): 4.00%
2026-09-21 23:33:18 | INFO |   -> New best model saved (dev_loss=2.0780)
2026-09-21 23:33:24 | INFO | step=14100 loss=0.0010 lr=1.95e-04 elapsed=1447s
2026-09-21 23:33:29 | INFO | step=14200 loss=0.0214 lr=1.94e-04 elapsed=1452s
2026-09-21 23:33:35 | INFO | step=14300 loss=0.0105 lr=1.94e-04 elapsed=1457s
2026-09-21 23:33:40 | INFO | step=14400 loss=0.0011 lr=1.94e-04 elapsed=1463s
2026-09-21 23:33:45 | INFO | step=14500 loss=0.0086 lr=1.94e-04 elapsed=1468s
2026-09-21 23:33:51 | INFO | step=14600 loss=0.0007 lr=1.94e-04 elapsed=1473s
2026-09-21 23:33:56 | INFO | step=14700 loss=0.0237 lr=1.94e-04 elapsed=1479s
2026-09-21 23:34:01 | INFO | step=14800 loss=0.0542 lr=1.94e-04 elapsed=1484s
2026-09-21 23:34:07 | INFO | step=14900 loss=0.0004 lr=1.94e-04 elapsed=1489s
2026-09-21 23:34:12 | INFO | step=15000 loss=0.0160 lr=1.94e-04 elapsed=1495s
2026-09-21 23:34:19 | INFO | [eval] step=15000 dev_loss=2.0819
2026-09-21 23:34:52 | INFO |   EM on dev subset (200 samples): 2.00%
2026-09-21 23:34:57 | INFO | step=15100 loss=0.0120 lr=1.93e-04 elapsed=1540s
2026-09-21 23:35:03 | INFO | step=15200 loss=0.0009 lr=1.93e-04 elapsed=1546s
2026-09-21 23:35:08 | INFO | step=15300 loss=0.0019 lr=1.93e-04 elapsed=1551s
2026-09-21 23:35:14 | INFO | step=15400 loss=0.0334 lr=1.93e-04 elapsed=1556s
2026-09-21 23:35:19 | INFO | step=15500 loss=0.0247 lr=1.93e-04 elapsed=1562s
2026-09-21 23:35:24 | INFO | step=15600 loss=0.0279 lr=1.93e-04 elapsed=1567s
2026-09-21 23:35:30 | INFO | step=15700 loss=0.0018 lr=1.93e-04 elapsed=1573s
2026-09-21 23:35:35 | INFO | step=15800 loss=0.0004 lr=1.93e-04 elapsed=1578s
2026-09-21 23:35:40 | INFO | step=15900 loss=0.0151 lr=1.93e-04 elapsed=1583s
2026-09-21 23:35:46 | INFO | step=16000 loss=0.0066 lr=1.92e-04 elapsed=1589s
2026-09-21 23:35:53 | INFO | [eval] step=16000 dev_loss=2.0786
2026-09-21 23:36:23 | INFO |   EM on dev subset (200 samples): 2.50%
2026-09-21 23:36:28 | INFO | step=16100 loss=0.0578 lr=1.92e-04 elapsed=1631s
2026-09-21 23:36:33 | INFO | step=16200 loss=0.0368 lr=1.92e-04 elapsed=1636s
2026-09-21 23:36:39 | INFO | step=16300 loss=0.0015 lr=1.92e-04 elapsed=1642s
2026-09-21 23:36:44 | INFO | step=16400 loss=0.0099 lr=1.92e-04 elapsed=1647s
2026-09-21 23:36:49 | INFO | step=16500 loss=0.0008 lr=1.92e-04 elapsed=1652s
2026-09-21 23:36:55 | INFO | step=16600 loss=0.0013 lr=1.92e-04 elapsed=1658s
2026-09-21 23:37:00 | INFO | step=16700 loss=0.0021 lr=1.91e-04 elapsed=1663s
2026-09-21 23:37:06 | INFO | step=16800 loss=0.0013 lr=1.91e-04 elapsed=1668s
2026-09-21 23:37:11 | INFO | step=16900 loss=0.0012 lr=1.91e-04 elapsed=1674s
2026-09-21 23:37:16 | INFO | step=17000 loss=0.0066 lr=1.91e-04 elapsed=1679s
2026-09-21 23:37:24 | INFO | [eval] step=17000 dev_loss=2.0808
2026-09-21 23:37:51 | INFO |   EM on dev subset (200 samples): 2.00%
2026-09-21 23:37:57 | INFO | step=17100 loss=0.0017 lr=1.91e-04 elapsed=1719s
2026-09-21 23:38:02 | INFO | step=17200 loss=0.0011 lr=1.91e-04 elapsed=1725s
2026-09-21 23:38:07 | INFO | step=17300 loss=0.0107 lr=1.91e-04 elapsed=1730s
2026-09-21 23:38:13 | INFO | step=17400 loss=0.0011 lr=1.91e-04 elapsed=1736s
2026-09-21 23:38:18 | INFO | step=17500 loss=0.0058 lr=1.90e-04 elapsed=1741s
2026-09-21 23:38:24 | INFO | step=17600 loss=0.0038 lr=1.90e-04 elapsed=1746s
2026-09-21 23:38:29 | INFO | step=17700 loss=0.0262 lr=1.90e-04 elapsed=1752s
2026-09-21 23:38:34 | INFO | step=17800 loss=0.0029 lr=1.90e-04 elapsed=1757s
2026-09-21 23:38:40 | INFO | step=17900 loss=0.0345 lr=1.90e-04 elapsed=1762s
2026-09-21 23:38:45 | INFO | step=18000 loss=0.0018 lr=1.90e-04 elapsed=1768s
2026-09-21 23:38:53 | INFO | [eval] step=18000 dev_loss=2.0784
2026-09-21 23:39:27 | INFO |   EM on dev subset (200 samples): 3.50%
2026-09-21 23:39:32 | INFO | step=18100 loss=0.0127 lr=1.90e-04 elapsed=1815s
2026-09-21 23:39:38 | INFO | step=18200 loss=0.0045 lr=1.89e-04 elapsed=1821s
2026-09-21 23:39:43 | INFO | step=18300 loss=0.0002 lr=1.89e-04 elapsed=1826s
2026-09-21 23:39:48 | INFO | step=18400 loss=0.0276 lr=1.89e-04 elapsed=1831s
2026-09-21 23:39:54 | INFO | step=18500 loss=0.0208 lr=1.89e-04 elapsed=1837s
2026-09-21 23:39:59 | INFO | step=18600 loss=0.0006 lr=1.89e-04 elapsed=1842s
2026-09-21 23:40:05 | INFO | step=18700 loss=0.0019 lr=1.89e-04 elapsed=1847s
2026-09-21 23:40:10 | INFO | step=18800 loss=0.0001 lr=1.88e-04 elapsed=1853s
2026-09-21 23:40:15 | INFO | step=18900 loss=0.0009 lr=1.88e-04 elapsed=1858s
2026-09-21 23:40:21 | INFO | step=19000 loss=0.0003 lr=1.88e-04 elapsed=1863s
2026-09-21 23:40:28 | INFO | [eval] step=19000 dev_loss=2.0779
2026-09-21 23:41:04 | INFO |   EM on dev subset (200 samples): 4.00%
2026-09-21 23:41:09 | INFO | step=19100 loss=0.0046 lr=1.88e-04 elapsed=1912s
2026-09-21 23:41:14 | INFO | step=19200 loss=0.0008 lr=1.88e-04 elapsed=1917s
2026-09-21 23:41:20 | INFO | step=19300 loss=0.0019 lr=1.88e-04 elapsed=1923s
2026-09-21 23:41:25 | INFO | step=19400 loss=0.0013 lr=1.88e-04 elapsed=1928s
2026-09-21 23:41:31 | INFO | step=19500 loss=0.0009 lr=1.87e-04 elapsed=1933s
2026-09-21 23:41:36 | INFO | step=19600 loss=0.0026 lr=1.87e-04 elapsed=1939s
2026-09-21 23:41:41 | INFO | step=19700 loss=0.0259 lr=1.87e-04 elapsed=1944s
2026-09-21 23:41:47 | INFO | step=19800 loss=0.0023 lr=1.87e-04 elapsed=1950s
2026-09-21 23:41:52 | INFO | step=19900 loss=0.0069 lr=1.87e-04 elapsed=1955s
2026-09-21 23:41:57 | INFO | step=20000 loss=0.0009 lr=1.87e-04 elapsed=1960s
2026-09-21 23:42:05 | INFO | [eval] step=20000 dev_loss=2.0772
2026-09-21 23:42:34 | INFO |   EM on dev subset (200 samples): 2.50%
2026-09-21 23:42:57 | INFO | step=20100 loss=0.0133 lr=1.86e-04 elapsed=2020s
2026-09-21 23:43:02 | INFO | step=20200 loss=0.0016 lr=1.86e-04 elapsed=2025s
2026-09-21 23:43:07 | INFO | step=20300 loss=0.0159 lr=1.86e-04 elapsed=2030s
2026-09-21 23:43:13 | INFO | step=20400 loss=0.0039 lr=1.86e-04 elapsed=2036s
2026-09-21 23:43:18 | INFO | step=20500 loss=0.0047 lr=1.86e-04 elapsed=2041s
2026-09-21 23:43:23 | INFO | step=20600 loss=0.0009 lr=1.86e-04 elapsed=2046s
2026-09-21 23:43:29 | INFO | step=20700 loss=0.0489 lr=1.85e-04 elapsed=2052s
2026-09-21 23:43:34 | INFO | step=20800 loss=0.0935 lr=1.85e-04 elapsed=2057s
2026-09-21 23:43:39 | INFO | step=20900 loss=0.0004 lr=1.85e-04 elapsed=2062s
2026-09-21 23:43:45 | INFO | step=21000 loss=0.0002 lr=1.85e-04 elapsed=2068s
2026-09-21 23:43:52 | INFO | [eval] step=21000 dev_loss=2.0773
2026-09-21 23:44:22 | INFO |   EM on dev subset (200 samples): 3.50%
2026-09-21 23:44:28 | INFO | step=21100 loss=0.0892 lr=1.85e-04 elapsed=2111s
2026-09-21 23:44:33 | INFO | step=21200 loss=0.0021 lr=1.85e-04 elapsed=2116s
2026-09-21 23:44:39 | INFO | step=21300 loss=0.0002 lr=1.84e-04 elapsed=2122s
2026-09-21 23:44:44 | INFO | step=21400 loss=0.0158 lr=1.84e-04 elapsed=2127s
2026-09-21 23:44:50 | INFO | step=21500 loss=0.0003 lr=1.84e-04 elapsed=2132s
2026-09-21 23:44:55 | INFO | step=21600 loss=0.0030 lr=1.84e-04 elapsed=2138s
2026-09-21 23:45:00 | INFO | step=21700 loss=0.0265 lr=1.84e-04 elapsed=2143s
2026-09-21 23:45:05 | INFO | step=21800 loss=0.0022 lr=1.84e-04 elapsed=2148s
2026-09-21 23:45:11 | INFO | step=21900 loss=0.0155 lr=1.83e-04 elapsed=2154s
2026-09-21 23:45:16 | INFO | step=22000 loss=0.0010 lr=1.83e-04 elapsed=2159s
2026-09-21 23:45:24 | INFO | [eval] step=22000 dev_loss=2.0767
2026-09-21 23:45:53 | INFO |   EM on dev subset (200 samples): 5.00%
2026-09-21 23:46:10 | INFO |   -> New best model saved (dev_loss=2.0767)
2026-09-21 23:46:16 | INFO | step=22100 loss=0.0004 lr=1.83e-04 elapsed=2218s
2026-09-21 23:46:21 | INFO | step=22200 loss=0.0011 lr=1.83e-04 elapsed=2224s
2026-09-21 23:46:26 | INFO | step=22300 loss=0.0001 lr=1.83e-04 elapsed=2229s
2026-09-21 23:46:32 | INFO | step=22400 loss=0.0006 lr=1.82e-04 elapsed=2234s
2026-09-21 23:46:37 | INFO | step=22500 loss=0.0003 lr=1.82e-04 elapsed=2240s
2026-09-21 23:46:42 | INFO | step=22600 loss=0.0218 lr=1.82e-04 elapsed=2245s
2026-09-21 23:46:48 | INFO | step=22700 loss=0.0017 lr=1.82e-04 elapsed=2250s
2026-09-21 23:46:53 | INFO | step=22800 loss=0.0098 lr=1.82e-04 elapsed=2256s
2026-09-21 23:46:58 | INFO | step=22900 loss=0.0002 lr=1.81e-04 elapsed=2261s
2026-09-21 23:47:04 | INFO | step=23000 loss=0.0002 lr=1.81e-04 elapsed=2267s
2026-09-21 23:47:11 | INFO | [eval] step=23000 dev_loss=2.0753
2026-09-21 23:47:40 | INFO |   EM on dev subset (200 samples): 5.50%
2026-09-21 23:47:57 | INFO |   -> New best model saved (dev_loss=2.0753)
2026-09-21 23:48:02 | INFO | step=23100 loss=0.0008 lr=1.81e-04 elapsed=2325s
2026-09-21 23:48:08 | INFO | step=23200 loss=0.0035 lr=1.81e-04 elapsed=2331s
2026-09-21 23:48:13 | INFO | step=23300 loss=0.0003 lr=1.81e-04 elapsed=2336s
2026-09-21 23:48:18 | INFO | step=23400 loss=0.1119 lr=1.81e-04 elapsed=2341s
2026-09-21 23:48:24 | INFO | step=23500 loss=0.0006 lr=1.80e-04 elapsed=2347s
2026-09-21 23:48:29 | INFO | step=23600 loss=0.0115 lr=1.80e-04 elapsed=2352s
2026-09-21 23:48:35 | INFO | step=23700 loss=0.0226 lr=1.80e-04 elapsed=2357s
2026-09-21 23:48:40 | INFO | step=23800 loss=0.0001 lr=1.80e-04 elapsed=2363s
2026-09-21 23:48:45 | INFO | step=23900 loss=0.0029 lr=1.80e-04 elapsed=2368s
2026-09-21 23:48:51 | INFO | step=24000 loss=0.0008 lr=1.79e-04 elapsed=2373s
2026-09-21 23:48:58 | INFO | [eval] step=24000 dev_loss=2.0767
2026-09-21 23:49:27 | INFO |   EM on dev subset (200 samples): 4.50%
2026-09-21 23:49:32 | INFO | step=24100 loss=0.0002 lr=1.79e-04 elapsed=2415s
2026-09-21 23:49:37 | INFO | step=24200 loss=0.0044 lr=1.79e-04 elapsed=2420s
2026-09-21 23:49:43 | INFO | step=24300 loss=0.0003 lr=1.79e-04 elapsed=2426s
2026-09-21 23:49:48 | INFO | step=24400 loss=0.0004 lr=1.79e-04 elapsed=2431s
2026-09-21 23:49:54 | INFO | step=24500 loss=0.0020 lr=1.78e-04 elapsed=2436s
2026-09-21 23:49:59 | INFO | step=24600 loss=0.0002 lr=1.78e-04 elapsed=2442s
2026-09-21 23:50:04 | INFO | step=24700 loss=0.0006 lr=1.78e-04 elapsed=2447s
2026-09-21 23:50:10 | INFO | step=24800 loss=0.0020 lr=1.78e-04 elapsed=2452s
2026-09-21 23:50:15 | INFO | step=24900 loss=0.0014 lr=1.78e-04 elapsed=2458s
2026-09-21 23:50:20 | INFO | step=25000 loss=0.0032 lr=1.77e-04 elapsed=2463s
2026-09-21 23:50:28 | INFO | [eval] step=25000 dev_loss=2.0760
2026-09-21 23:50:57 | INFO |   EM on dev subset (200 samples): 5.00%
2026-09-21 23:51:02 | INFO | step=25100 loss=0.0008 lr=1.77e-04 elapsed=2505s
2026-09-21 23:51:07 | INFO | step=25200 loss=0.0003 lr=1.77e-04 elapsed=2510s
2026-09-21 23:51:13 | INFO | step=25300 loss=0.0048 lr=1.77e-04 elapsed=2516s
2026-09-21 23:51:18 | INFO | step=25400 loss=0.0003 lr=1.76e-04 elapsed=2521s
2026-09-21 23:51:24 | INFO | step=25500 loss=0.0115 lr=1.76e-04 elapsed=2527s
2026-09-21 23:51:29 | INFO | step=25600 loss=0.0007 lr=1.76e-04 elapsed=2532s
2026-09-21 23:51:34 | INFO | step=25700 loss=0.0016 lr=1.76e-04 elapsed=2537s
2026-09-21 23:51:40 | INFO | step=25800 loss=0.0004 lr=1.76e-04 elapsed=2543s
2026-09-21 23:51:45 | INFO | step=25900 loss=0.0009 lr=1.75e-04 elapsed=2548s
2026-09-21 23:51:50 | INFO | step=26000 loss=0.0006 lr=1.75e-04 elapsed=2553s
2026-09-21 23:51:58 | INFO | [eval] step=26000 dev_loss=2.0769
2026-09-21 23:52:35 | INFO |   EM on dev subset (200 samples): 4.50%
2026-09-21 23:52:40 | INFO | step=26100 loss=0.0074 lr=1.75e-04 elapsed=2603s
2026-09-21 23:52:46 | INFO | step=26200 loss=0.0219 lr=1.75e-04 elapsed=2608s
2026-09-21 23:52:51 | INFO | step=26300 loss=0.0004 lr=1.75e-04 elapsed=2614s
2026-09-21 23:52:56 | INFO | step=26400 loss=0.0230 lr=1.74e-04 elapsed=2619s
2026-09-21 23:53:02 | INFO | step=26500 loss=0.0004 lr=1.74e-04 elapsed=2624s
2026-09-21 23:53:07 | INFO | step=26600 loss=0.0006 lr=1.74e-04 elapsed=2630s
2026-09-21 23:53:12 | INFO | step=26700 loss=0.0050 lr=1.74e-04 elapsed=2635s
2026-09-21 23:53:18 | INFO | step=26800 loss=0.0023 lr=1.73e-04 elapsed=2641s
2026-09-21 23:53:23 | INFO | step=26900 loss=0.0009 lr=1.73e-04 elapsed=2646s
2026-09-21 23:53:28 | INFO | step=27000 loss=0.0007 lr=1.73e-04 elapsed=2651s
2026-09-21 23:53:36 | INFO | [eval] step=27000 dev_loss=2.0776
2026-09-21 23:54:05 | INFO |   EM on dev subset (200 samples): 5.50%
2026-09-21 23:54:10 | INFO | step=27100 loss=0.0007 lr=1.73e-04 elapsed=2693s
2026-09-21 23:54:16 | INFO | step=27200 loss=0.0060 lr=1.73e-04 elapsed=2699s
2026-09-21 23:54:21 | INFO | step=27300 loss=0.0001 lr=1.72e-04 elapsed=2704s
2026-09-21 23:54:27 | INFO | step=27400 loss=0.0053 lr=1.72e-04 elapsed=2709s
2026-09-21 23:54:32 | INFO | step=27500 loss=0.0039 lr=1.72e-04 elapsed=2715s
2026-09-21 23:54:37 | INFO | step=27600 loss=0.0471 lr=1.72e-04 elapsed=2720s
2026-09-21 23:54:43 | INFO | step=27700 loss=0.0004 lr=1.71e-04 elapsed=2726s
2026-09-21 23:54:48 | INFO | step=27800 loss=0.0047 lr=1.71e-04 elapsed=2731s
2026-09-21 23:54:54 | INFO | step=27900 loss=0.0029 lr=1.71e-04 elapsed=2736s
2026-09-21 23:54:59 | INFO | step=28000 loss=0.0134 lr=1.71e-04 elapsed=2742s
2026-09-21 23:55:06 | INFO | [eval] step=28000 dev_loss=2.0765
2026-09-21 23:55:35 | INFO |   EM on dev subset (200 samples): 4.00%
2026-09-21 23:55:40 | INFO | step=28100 loss=0.0143 lr=1.70e-04 elapsed=2783s
2026-09-21 23:55:45 | INFO | step=28200 loss=0.0004 lr=1.70e-04 elapsed=2788s
2026-09-21 23:55:51 | INFO | step=28300 loss=0.0035 lr=1.70e-04 elapsed=2793s
2026-09-21 23:55:56 | INFO | step=28400 loss=0.0295 lr=1.70e-04 elapsed=2799s
2026-09-21 23:56:01 | INFO | step=28500 loss=0.0012 lr=1.70e-04 elapsed=2804s
2026-09-21 23:56:07 | INFO | step=28600 loss=0.0023 lr=1.69e-04 elapsed=2810s
2026-09-21 23:56:12 | INFO | step=28700 loss=0.0008 lr=1.69e-04 elapsed=2815s
2026-09-21 23:56:18 | INFO | step=28800 loss=0.0017 lr=1.69e-04 elapsed=2820s
2026-09-21 23:56:23 | INFO | step=28900 loss=0.0001 lr=1.69e-04 elapsed=2826s
2026-09-21 23:56:28 | INFO | step=29000 loss=0.0041 lr=1.68e-04 elapsed=2831s
2026-09-21 23:56:36 | INFO | [eval] step=29000 dev_loss=2.0741
2026-09-21 23:57:05 | INFO |   EM on dev subset (200 samples): 5.50%
2026-09-21 23:57:11 | INFO | step=29100 loss=0.0001 lr=1.68e-04 elapsed=2874s
2026-09-21 23:57:16 | INFO | step=29200 loss=0.0007 lr=1.68e-04 elapsed=2879s
2026-09-21 23:57:22 | INFO | step=29300 loss=0.0004 lr=1.68e-04 elapsed=2884s
2026-09-21 23:57:27 | INFO | step=29400 loss=0.0030 lr=1.67e-04 elapsed=2890s
2026-09-21 23:57:32 | INFO | step=29500 loss=0.0011 lr=1.67e-04 elapsed=2895s
2026-09-21 23:57:38 | INFO | step=29600 loss=0.0024 lr=1.67e-04 elapsed=2900s
2026-09-21 23:57:43 | INFO | step=29700 loss=0.0008 lr=1.67e-04 elapsed=2906s
2026-09-21 23:57:48 | INFO | step=29800 loss=0.0007 lr=1.66e-04 elapsed=2911s
2026-09-21 23:57:54 | INFO | step=29900 loss=0.0012 lr=1.66e-04 elapsed=2916s
2026-09-21 23:57:59 | INFO | step=30000 loss=0.0021 lr=1.66e-04 elapsed=2922s
2026-09-21 23:58:07 | INFO | [eval] step=30000 dev_loss=2.0748
2026-09-21 23:58:35 | INFO |   EM on dev subset (200 samples): 4.50%
2026-09-21 23:58:57 | INFO | step=30100 loss=0.0008 lr=1.66e-04 elapsed=2980s
2026-09-21 23:59:03 | INFO | step=30200 loss=0.0001 lr=1.65e-04 elapsed=2985s
2026-09-21 23:59:08 | INFO | step=30300 loss=0.0070 lr=1.65e-04 elapsed=2991s
2026-09-21 23:59:13 | INFO | step=30400 loss=0.0015 lr=1.65e-04 elapsed=2996s
2026-09-21 23:59:19 | INFO | step=30500 loss=0.0040 lr=1.65e-04 elapsed=3001s
2026-09-21 23:59:24 | INFO | step=30600 loss=0.0004 lr=1.64e-04 elapsed=3007s
2026-09-21 23:59:29 | INFO | step=30700 loss=0.0039 lr=1.64e-04 elapsed=3012s
2026-09-21 23:59:35 | INFO | step=30800 loss=0.0001 lr=1.64e-04 elapsed=3018s
2026-09-21 23:59:40 | INFO | step=30900 loss=0.0003 lr=1.64e-04 elapsed=3023s
2026-09-21 23:59:45 | INFO | step=31000 loss=0.0003 lr=1.63e-04 elapsed=3028s
2026-09-21 23:59:53 | INFO | [eval] step=31000 dev_loss=2.0743
2026-09-22 00:00:22 | INFO |   EM on dev subset (200 samples): 6.00%
2026-09-22 00:00:39 | INFO |   -> New best model saved (dev_loss=2.0743)
2026-09-22 00:00:45 | INFO | step=31100 loss=0.0002 lr=1.63e-04 elapsed=3088s
2026-09-22 00:00:50 | INFO | step=31200 loss=0.0001 lr=1.63e-04 elapsed=3093s
2026-09-22 00:00:56 | INFO | step=31300 loss=0.0180 lr=1.63e-04 elapsed=3098s
2026-09-22 00:01:01 | INFO | step=31400 loss=0.0002 lr=1.62e-04 elapsed=3104s
2026-09-22 00:01:06 | INFO | step=31500 loss=0.0012 lr=1.62e-04 elapsed=3109s
2026-09-22 00:01:11 | INFO | step=31600 loss=0.0107 lr=1.62e-04 elapsed=3114s
2026-09-22 00:01:17 | INFO | step=31700 loss=0.0485 lr=1.62e-04 elapsed=3120s
2026-09-22 00:01:22 | INFO | step=31800 loss=0.0012 lr=1.61e-04 elapsed=3125s
2026-09-22 00:01:27 | INFO | step=31900 loss=0.0001 lr=1.61e-04 elapsed=3130s
2026-09-22 00:01:33 | INFO | step=32000 loss=0.0112 lr=1.61e-04 elapsed=3136s
2026-09-22 00:01:40 | INFO | [eval] step=32000 dev_loss=2.0748
2026-09-22 00:02:17 | INFO |   EM on dev subset (200 samples): 6.00%
2026-09-22 00:02:23 | INFO | step=32100 loss=0.0003 lr=1.61e-04 elapsed=3186s
2026-09-22 00:02:28 | INFO | step=32200 loss=0.0595 lr=1.60e-04 elapsed=3191s
2026-09-22 00:02:33 | INFO | step=32300 loss=0.0018 lr=1.60e-04 elapsed=3196s
2026-09-22 00:02:39 | INFO | step=32400 loss=0.0001 lr=1.60e-04 elapsed=3202s
2026-09-22 00:02:44 | INFO | step=32500 loss=0.0381 lr=1.60e-04 elapsed=3207s
2026-09-22 00:02:49 | INFO | step=32600 loss=0.0001 lr=1.59e-04 elapsed=3212s
2026-09-22 00:02:55 | INFO | step=32700 loss=0.0011 lr=1.59e-04 elapsed=3218s
2026-09-22 00:03:00 | INFO | step=32800 loss=0.0066 lr=1.59e-04 elapsed=3223s
2026-09-22 00:03:06 | INFO | step=32900 loss=0.0000 lr=1.59e-04 elapsed=3228s
2026-09-22 00:03:11 | INFO | step=33000 loss=0.0001 lr=1.58e-04 elapsed=3234s
2026-09-22 00:03:18 | INFO | [eval] step=33000 dev_loss=2.0753
2026-09-22 00:03:47 | INFO |   EM on dev subset (200 samples): 6.00%
2026-09-22 00:03:53 | INFO | step=33100 loss=0.0001 lr=1.58e-04 elapsed=3276s
2026-09-22 00:03:58 | INFO | step=33200 loss=0.0256 lr=1.58e-04 elapsed=3281s
2026-09-22 00:04:04 | INFO | step=33300 loss=0.0006 lr=1.57e-04 elapsed=3286s
2026-09-22 00:04:09 | INFO | step=33400 loss=0.0001 lr=1.57e-04 elapsed=3292s
2026-09-22 00:04:14 | INFO | step=33500 loss=0.0001 lr=1.57e-04 elapsed=3297s
2026-09-22 00:04:20 | INFO | step=33600 loss=0.0059 lr=1.57e-04 elapsed=3302s
2026-09-22 00:04:25 | INFO | step=33700 loss=0.0004 lr=1.56e-04 elapsed=3308s
2026-09-22 00:04:30 | INFO | step=33800 loss=0.0021 lr=1.56e-04 elapsed=3313s
2026-09-22 00:04:36 | INFO | step=33900 loss=0.0112 lr=1.56e-04 elapsed=3318s
2026-09-22 00:04:41 | INFO | step=34000 loss=0.0219 lr=1.56e-04 elapsed=3324s
2026-09-22 00:04:48 | INFO | [eval] step=34000 dev_loss=2.0741
2026-09-22 00:05:17 | INFO |   EM on dev subset (200 samples): 6.00%
2026-09-22 00:05:22 | INFO | step=34100 loss=0.0002 lr=1.55e-04 elapsed=3365s
2026-09-22 00:05:28 | INFO | step=34200 loss=0.0000 lr=1.55e-04 elapsed=3371s
2026-09-22 00:05:33 | INFO | step=34300 loss=0.0001 lr=1.55e-04 elapsed=3376s
2026-09-22 00:05:39 | INFO | step=34400 loss=0.0019 lr=1.54e-04 elapsed=3381s
2026-09-22 00:05:44 | INFO | step=34500 loss=0.0001 lr=1.54e-04 elapsed=3387s
2026-09-22 00:05:50 | INFO | step=34600 loss=0.0018 lr=1.54e-04 elapsed=3392s
2026-09-22 00:05:55 | INFO | step=34700 loss=0.0009 lr=1.54e-04 elapsed=3398s
2026-09-22 00:06:00 | INFO | step=34800 loss=0.0059 lr=1.53e-04 elapsed=3403s
2026-09-22 00:06:06 | INFO | step=34900 loss=0.0001 lr=1.53e-04 elapsed=3409s
2026-09-22 00:06:11 | INFO | step=35000 loss=0.0018 lr=1.53e-04 elapsed=3414s
2026-09-22 00:06:19 | INFO | [eval] step=35000 dev_loss=2.0744
2026-09-22 00:06:48 | INFO |   EM on dev subset (200 samples): 6.00%
2026-09-22 00:06:53 | INFO | step=35100 loss=0.0001 lr=1.53e-04 elapsed=3456s
2026-09-22 00:06:58 | INFO | step=35200 loss=0.0002 lr=1.52e-04 elapsed=3461s
2026-09-22 00:07:04 | INFO | step=35300 loss=0.0001 lr=1.52e-04 elapsed=3466s
2026-09-22 00:07:09 | INFO | step=35400 loss=0.0258 lr=1.52e-04 elapsed=3472s
2026-09-22 00:07:14 | INFO | step=35500 loss=0.0007 lr=1.51e-04 elapsed=3477s
2026-09-22 00:07:20 | INFO | step=35600 loss=0.0162 lr=1.51e-04 elapsed=3482s
2026-09-22 00:07:25 | INFO | step=35700 loss=0.0010 lr=1.51e-04 elapsed=3488s
2026-09-22 00:07:30 | INFO | step=35800 loss=0.0219 lr=1.51e-04 elapsed=3493s
2026-09-22 00:07:36 | INFO | step=35900 loss=0.0002 lr=1.50e-04 elapsed=3499s
2026-09-22 00:07:41 | INFO | step=36000 loss=0.0235 lr=1.50e-04 elapsed=3504s
2026-09-22 00:07:49 | INFO | [eval] step=36000 dev_loss=2.0754
2026-09-22 00:08:19 | INFO |   EM on dev subset (200 samples): 6.00%
2026-09-22 00:08:24 | INFO | step=36100 loss=0.0006 lr=1.50e-04 elapsed=3547s
2026-09-22 00:08:29 | INFO | step=36200 loss=0.0003 lr=1.49e-04 elapsed=3552s
2026-09-22 00:08:35 | INFO | step=36300 loss=0.0045 lr=1.49e-04 elapsed=3558s
2026-09-22 00:08:40 | INFO | step=36400 loss=0.0003 lr=1.49e-04 elapsed=3563s
2026-09-22 00:08:46 | INFO | step=36500 loss=0.0023 lr=1.49e-04 elapsed=3568s
2026-09-22 00:08:51 | INFO | step=36600 loss=0.0092 lr=1.48e-04 elapsed=3574s
2026-09-22 00:08:56 | INFO | step=36700 loss=0.0004 lr=1.48e-04 elapsed=3579s
2026-09-22 00:09:02 | INFO | step=36800 loss=0.0063 lr=1.48e-04 elapsed=3584s
2026-09-22 00:09:07 | INFO | step=36900 loss=0.0001 lr=1.47e-04 elapsed=3590s
2026-09-22 00:09:12 | INFO | step=37000 loss=0.0002 lr=1.47e-04 elapsed=3595s
2026-09-22 00:09:20 | INFO | [eval] step=37000 dev_loss=2.0750
2026-09-22 00:09:50 | INFO |   EM on dev subset (200 samples): 6.00%
2026-09-22 00:09:55 | INFO | step=37100 loss=0.0010 lr=1.47e-04 elapsed=3638s
2026-09-22 00:10:00 | INFO | step=37200 loss=0.0000 lr=1.47e-04 elapsed=3643s
2026-09-22 00:10:06 | INFO | step=37300 loss=0.0003 lr=1.46e-04 elapsed=3649s
2026-09-22 00:10:11 | INFO | step=37400 loss=0.0018 lr=1.46e-04 elapsed=3654s
2026-09-22 00:10:17 | INFO | step=37500 loss=0.0000 lr=1.46e-04 elapsed=3659s
2026-09-22 00:10:22 | INFO | step=37600 loss=0.0028 lr=1.45e-04 elapsed=3665s
2026-09-22 00:10:27 | INFO | step=37700 loss=0.0000 lr=1.45e-04 elapsed=3670s
2026-09-22 00:10:33 | INFO | step=37800 loss=0.0202 lr=1.45e-04 elapsed=3675s
2026-09-22 00:10:38 | INFO | step=37900 loss=0.0006 lr=1.45e-04 elapsed=3681s
2026-09-22 00:10:43 | INFO | step=38000 loss=0.0077 lr=1.44e-04 elapsed=3686s
2026-09-22 00:10:51 | INFO | [eval] step=38000 dev_loss=2.0747
2026-09-22 00:11:20 | INFO |   EM on dev subset (200 samples): 5.50%
2026-09-22 00:11:25 | INFO | step=38100 loss=0.0010 lr=1.44e-04 elapsed=3728s
2026-09-22 00:11:31 | INFO | step=38200 loss=0.0000 lr=1.44e-04 elapsed=3733s
2026-09-22 00:11:36 | INFO | step=38300 loss=0.0001 lr=1.43e-04 elapsed=3739s
2026-09-22 00:11:41 | INFO | step=38400 loss=0.0004 lr=1.43e-04 elapsed=3744s
2026-09-22 00:11:47 | INFO | step=38500 loss=0.0000 lr=1.43e-04 elapsed=3749s
2026-09-22 00:11:52 | INFO | step=38600 loss=0.0018 lr=1.42e-04 elapsed=3755s
2026-09-22 00:11:57 | INFO | step=38700 loss=0.0108 lr=1.42e-04 elapsed=3760s
2026-09-22 00:12:03 | INFO | step=38800 loss=0.0001 lr=1.42e-04 elapsed=3766s
2026-09-22 00:12:08 | INFO | step=38900 loss=0.0101 lr=1.42e-04 elapsed=3771s
2026-09-22 00:12:13 | INFO | step=39000 loss=0.0006 lr=1.41e-04 elapsed=3776s
2026-09-22 00:12:21 | INFO | [eval] step=39000 dev_loss=2.0742
2026-09-22 00:13:02 | INFO |   EM on dev subset (200 samples): 5.00%
2026-09-22 00:13:08 | INFO | step=39100 loss=0.0040 lr=1.41e-04 elapsed=3831s
2026-09-22 00:13:13 | INFO | step=39200 loss=0.0011 lr=1.41e-04 elapsed=3836s
2026-09-22 00:13:18 | INFO | step=39300 loss=0.0000 lr=1.40e-04 elapsed=3841s
2026-09-22 00:13:24 | INFO | step=39400 loss=0.0408 lr=1.40e-04 elapsed=3847s
2026-09-22 00:13:29 | INFO | step=39500 loss=0.0000 lr=1.40e-04 elapsed=3852s
2026-09-22 00:13:35 | INFO | step=39600 loss=0.0001 lr=1.39e-04 elapsed=3857s
2026-09-22 00:13:40 | INFO | step=39700 loss=0.0008 lr=1.39e-04 elapsed=3863s
2026-09-22 00:13:45 | INFO | step=39800 loss=0.0200 lr=1.39e-04 elapsed=3868s
2026-09-22 00:13:51 | INFO | step=39900 loss=0.0312 lr=1.39e-04 elapsed=3873s
2026-09-22 00:13:56 | INFO | step=40000 loss=0.0014 lr=1.38e-04 elapsed=3879s
2026-09-22 00:14:04 | INFO | [eval] step=40000 dev_loss=2.0754
2026-09-22 00:14:39 | INFO |   EM on dev subset (200 samples): 5.50%
2026-09-22 00:15:02 | INFO | step=40100 loss=0.0001 lr=1.38e-04 elapsed=3945s
2026-09-22 00:15:07 | INFO | step=40200 loss=0.0200 lr=1.38e-04 elapsed=3950s
2026-09-22 00:15:12 | INFO | step=40300 loss=0.0001 lr=1.37e-04 elapsed=3955s
2026-09-22 00:15:18 | INFO | step=40400 loss=0.0016 lr=1.37e-04 elapsed=3961s
2026-09-22 00:15:23 | INFO | step=40500 loss=0.0000 lr=1.37e-04 elapsed=3966s
2026-09-22 00:15:28 | INFO | step=40600 loss=0.0060 lr=1.36e-04 elapsed=3971s
2026-09-22 00:15:34 | INFO | step=40700 loss=0.0062 lr=1.36e-04 elapsed=3977s
2026-09-22 00:15:39 | INFO | step=40800 loss=0.0000 lr=1.36e-04 elapsed=3982s
2026-09-22 00:15:45 | INFO | step=40900 loss=0.0001 lr=1.36e-04 elapsed=3987s
2026-09-22 00:15:50 | INFO | step=41000 loss=0.0002 lr=1.35e-04 elapsed=3993s
2026-09-22 00:15:57 | INFO | [eval] step=41000 dev_loss=2.0738
2026-09-22 00:16:33 | INFO |   EM on dev subset (200 samples): 6.00%
2026-09-22 00:16:38 | INFO | step=41100 loss=0.0000 lr=1.35e-04 elapsed=4041s
2026-09-22 00:16:44 | INFO | step=41200 loss=0.0022 lr=1.35e-04 elapsed=4047s
2026-09-22 00:16:49 | INFO | step=41300 loss=0.0268 lr=1.34e-04 elapsed=4052s
2026-09-22 00:16:54 | INFO | step=41400 loss=0.0038 lr=1.34e-04 elapsed=4057s
2026-09-22 00:17:00 | INFO | step=41500 loss=0.0174 lr=1.34e-04 elapsed=4063s
2026-09-22 00:17:05 | INFO | step=41600 loss=0.0002 lr=1.33e-04 elapsed=4068s
2026-09-22 00:17:11 | INFO | step=41700 loss=0.0001 lr=1.33e-04 elapsed=4073s
2026-09-22 00:17:16 | INFO | step=41800 loss=0.0000 lr=1.33e-04 elapsed=4079s
2026-09-22 00:17:21 | INFO | step=41900 loss=0.0108 lr=1.32e-04 elapsed=4084s
2026-09-22 00:17:27 | INFO | step=42000 loss=0.0002 lr=1.32e-04 elapsed=4089s
2026-09-22 00:17:34 | INFO | [eval] step=42000 dev_loss=2.0738
2026-09-22 00:18:03 | INFO |   EM on dev subset (200 samples): 6.00%
2026-09-22 00:18:08 | INFO | step=42100 loss=0.0001 lr=1.32e-04 elapsed=4131s
2026-09-22 00:18:14 | INFO | step=42200 loss=0.0001 lr=1.32e-04 elapsed=4137s
2026-09-22 00:18:19 | INFO | step=42300 loss=0.0001 lr=1.31e-04 elapsed=4142s
2026-09-22 00:18:24 | INFO | step=42400 loss=0.0001 lr=1.31e-04 elapsed=4147s
2026-09-22 00:18:30 | INFO | step=42500 loss=0.0223 lr=1.31e-04 elapsed=4153s
2026-09-22 00:18:35 | INFO | step=42600 loss=0.0008 lr=1.30e-04 elapsed=4158s
2026-09-22 00:18:41 | INFO | step=42700 loss=0.0000 lr=1.30e-04 elapsed=4163s
2026-09-22 00:18:46 | INFO | step=42800 loss=0.0001 lr=1.30e-04 elapsed=4169s
2026-09-22 00:18:51 | INFO | step=42900 loss=0.0024 lr=1.29e-04 elapsed=4174s
2026-09-22 00:18:57 | INFO | step=43000 loss=0.0004 lr=1.29e-04 elapsed=4180s
2026-09-22 00:19:04 | INFO | [eval] step=43000 dev_loss=2.0746
2026-09-22 00:19:33 | INFO |   EM on dev subset (200 samples): 4.50%
2026-09-22 00:19:38 | INFO | step=43100 loss=0.0116 lr=1.29e-04 elapsed=4221s
2026-09-22 00:19:43 | INFO | step=43200 loss=0.0001 lr=1.28e-04 elapsed=4226s
2026-09-22 00:19:49 | INFO | step=43300 loss=0.0007 lr=1.28e-04 elapsed=4232s
2026-09-22 00:19:54 | INFO | step=43400 loss=0.0004 lr=1.28e-04 elapsed=4237s
2026-09-22 00:20:00 | INFO | step=43500 loss=0.0005 lr=1.27e-04 elapsed=4242s
2026-09-22 00:20:05 | INFO | step=43600 loss=0.0003 lr=1.27e-04 elapsed=4248s
2026-09-22 00:20:10 | INFO | step=43700 loss=0.0001 lr=1.27e-04 elapsed=4253s
2026-09-22 00:20:16 | INFO | step=43800 loss=0.0001 lr=1.27e-04 elapsed=4258s
2026-09-22 00:20:21 | INFO | step=43900 loss=0.0024 lr=1.26e-04 elapsed=4264s
2026-09-22 00:20:26 | INFO | step=44000 loss=0.0000 lr=1.26e-04 elapsed=4269s
2026-09-22 00:20:34 | INFO | [eval] step=44000 dev_loss=2.0744
2026-09-22 00:21:10 | INFO |   EM on dev subset (200 samples): 5.00%
2026-09-22 00:21:16 | INFO | step=44100 loss=0.0002 lr=1.26e-04 elapsed=4319s
2026-09-22 00:21:21 | INFO | step=44200 loss=0.0000 lr=1.25e-04 elapsed=4324s
2026-09-22 00:21:27 | INFO | step=44300 loss=0.0001 lr=1.25e-04 elapsed=4329s
2026-09-22 00:21:32 | INFO | step=44400 loss=0.0069 lr=1.25e-04 elapsed=4335s
2026-09-22 00:21:37 | INFO | step=44500 loss=0.0002 lr=1.24e-04 elapsed=4340s
2026-09-22 00:21:43 | INFO | step=44600 loss=0.0001 lr=1.24e-04 elapsed=4345s
2026-09-22 00:21:48 | INFO | step=44700 loss=0.0000 lr=1.24e-04 elapsed=4351s
2026-09-22 00:21:53 | INFO | step=44800 loss=0.0001 lr=1.23e-04 elapsed=4356s
2026-09-22 00:21:59 | INFO | step=44900 loss=0.0083 lr=1.23e-04 elapsed=4362s
2026-09-22 00:22:04 | INFO | step=45000 loss=0.0001 lr=1.23e-04 elapsed=4367s
2026-09-22 00:22:12 | INFO | [eval] step=45000 dev_loss=2.0742
2026-09-22 00:22:41 | INFO |   EM on dev subset (200 samples): 5.50%
2026-09-22 00:22:46 | INFO | step=45100 loss=0.0003 lr=1.22e-04 elapsed=4409s
2026-09-22 00:22:51 | INFO | step=45200 loss=0.0001 lr=1.22e-04 elapsed=4414s
2026-09-22 00:22:57 | INFO | step=45300 loss=0.0013 lr=1.22e-04 elapsed=4419s
2026-09-22 00:23:02 | INFO | step=45400 loss=0.0001 lr=1.21e-04 elapsed=4425s
2026-09-22 00:23:07 | INFO | step=45500 loss=0.0002 lr=1.21e-04 elapsed=4430s
2026-09-22 00:23:13 | INFO | step=45600 loss=0.0000 lr=1.21e-04 elapsed=4435s
2026-09-22 00:23:18 | INFO | step=45700 loss=0.0110 lr=1.20e-04 elapsed=4441s
2026-09-22 00:23:23 | INFO | step=45800 loss=0.0010 lr=1.20e-04 elapsed=4446s
2026-09-22 00:23:29 | INFO | step=45900 loss=0.0000 lr=1.20e-04 elapsed=4451s
2026-09-22 00:23:34 | INFO | step=46000 loss=0.0193 lr=1.20e-04 elapsed=4457s
2026-09-22 00:23:42 | INFO | [eval] step=46000 dev_loss=2.0736
2026-09-22 00:24:11 | INFO |   EM on dev subset (200 samples): 6.00%
2026-09-22 00:24:17 | INFO | step=46100 loss=0.0068 lr=1.19e-04 elapsed=4499s
2026-09-22 00:24:22 | INFO | step=46200 loss=0.0012 lr=1.19e-04 elapsed=4505s
2026-09-22 00:24:27 | INFO | step=46300 loss=0.0000 lr=1.19e-04 elapsed=4510s
2026-09-22 00:24:33 | INFO | step=46400 loss=0.0001 lr=1.18e-04 elapsed=4515s
2026-09-22 00:24:38 | INFO | step=46500 loss=0.0000 lr=1.18e-04 elapsed=4521s
2026-09-22 00:24:43 | INFO | step=46600 loss=0.0017 lr=1.18e-04 elapsed=4526s
2026-09-22 00:24:49 | INFO | step=46700 loss=0.0000 lr=1.17e-04 elapsed=4532s
2026-09-22 00:24:54 | INFO | step=46800 loss=0.0000 lr=1.17e-04 elapsed=4537s
2026-09-22 00:25:00 | INFO | step=46900 loss=0.0005 lr=1.17e-04 elapsed=4542s
2026-09-22 00:25:05 | INFO | step=47000 loss=0.0001 lr=1.16e-04 elapsed=4548s
2026-09-22 00:25:12 | INFO | [eval] step=47000 dev_loss=2.0740
2026-09-22 00:25:41 | INFO |   EM on dev subset (200 samples): 6.00%
2026-09-22 00:25:47 | INFO | step=47100 loss=0.0000 lr=1.16e-04 elapsed=4589s
2026-09-22 00:25:52 | INFO | step=47200 loss=0.0001 lr=1.16e-04 elapsed=4595s
2026-09-22 00:25:57 | INFO | step=47300 loss=0.0000 lr=1.15e-04 elapsed=4600s
2026-09-22 00:26:03 | INFO | step=47400 loss=0.0000 lr=1.15e-04 elapsed=4605s
2026-09-22 00:26:08 | INFO | step=47500 loss=0.0001 lr=1.15e-04 elapsed=4611s
2026-09-22 00:26:13 | INFO | step=47600 loss=0.0000 lr=1.14e-04 elapsed=4616s
2026-09-22 00:26:19 | INFO | step=47700 loss=0.0003 lr=1.14e-04 elapsed=4622s
2026-09-22 00:26:24 | INFO | step=47800 loss=0.0000 lr=1.14e-04 elapsed=4627s
2026-09-22 00:26:29 | INFO | step=47900 loss=0.0037 lr=1.13e-04 elapsed=4632s
2026-09-22 00:26:35 | INFO | step=48000 loss=0.0000 lr=1.13e-04 elapsed=4638s
2026-09-22 00:26:42 | INFO | [eval] step=48000 dev_loss=2.0735
2026-09-22 00:27:12 | INFO |   EM on dev subset (200 samples): 6.00%
2026-09-22 00:27:18 | INFO | step=48100 loss=0.0163 lr=1.13e-04 elapsed=4680s
2026-09-22 00:27:23 | INFO | step=48200 loss=0.0000 lr=1.12e-04 elapsed=4686s
2026-09-22 00:27:28 | INFO | step=48300 loss=0.0005 lr=1.12e-04 elapsed=4691s
2026-09-22 00:27:34 | INFO | step=48400 loss=0.0003 lr=1.12e-04 elapsed=4697s
2026-09-22 00:27:39 | INFO | step=48500 loss=0.0031 lr=1.11e-04 elapsed=4702s
2026-09-22 00:27:45 | INFO | step=48600 loss=0.0001 lr=1.11e-04 elapsed=4707s
2026-09-22 00:27:50 | INFO | step=48700 loss=0.0001 lr=1.11e-04 elapsed=4713s
2026-09-22 00:27:55 | INFO | step=48800 loss=0.0000 lr=1.10e-04 elapsed=4718s
2026-09-22 00:28:01 | INFO | step=48900 loss=0.0000 lr=1.10e-04 elapsed=4723s
2026-09-22 00:28:06 | INFO | step=49000 loss=0.0000 lr=1.10e-04 elapsed=4729s
2026-09-22 00:28:13 | INFO | [eval] step=49000 dev_loss=2.0735
2026-09-22 00:28:44 | INFO |   EM on dev subset (200 samples): 5.50%
2026-09-22 00:28:49 | INFO | step=49100 loss=0.0000 lr=1.09e-04 elapsed=4772s
2026-09-22 00:28:54 | INFO | step=49200 loss=0.0000 lr=1.09e-04 elapsed=4777s
2026-09-22 00:29:00 | INFO | step=49300 loss=0.0000 lr=1.09e-04 elapsed=4783s
2026-09-22 00:29:05 | INFO | step=49400 loss=0.0001 lr=1.08e-04 elapsed=4788s
2026-09-22 00:29:11 | INFO | step=49500 loss=0.0000 lr=1.08e-04 elapsed=4793s
2026-09-22 00:29:16 | INFO | step=49600 loss=0.0003 lr=1.08e-04 elapsed=4799s
2026-09-22 00:29:21 | INFO | step=49700 loss=0.0105 lr=1.08e-04 elapsed=4804s
2026-09-22 00:29:27 | INFO | step=49800 loss=0.0001 lr=1.07e-04 elapsed=4809s
2026-09-22 00:29:32 | INFO | step=49900 loss=0.0000 lr=1.07e-04 elapsed=4815s
2026-09-22 00:29:37 | INFO | step=50000 loss=0.0000 lr=1.07e-04 elapsed=4820s
2026-09-22 00:29:45 | INFO | [eval] step=50000 dev_loss=2.0741
2026-09-22 00:30:13 | INFO |   EM on dev subset (200 samples): 6.00%
2026-09-22 00:30:36 | INFO | step=50100 loss=0.0120 lr=1.06e-04 elapsed=4878s
2026-09-22 00:30:41 | INFO | step=50200 loss=0.0000 lr=1.06e-04 elapsed=4884s
2026-09-22 00:30:46 | INFO | step=50300 loss=0.0000 lr=1.06e-04 elapsed=4889s
2026-09-22 00:30:52 | INFO | step=50400 loss=0.0003 lr=1.05e-04 elapsed=4894s
2026-09-22 00:30:57 | INFO | step=50500 loss=0.0000 lr=1.05e-04 elapsed=4900s
2026-09-22 00:31:02 | INFO | step=50600 loss=0.0001 lr=1.05e-04 elapsed=4905s
2026-09-22 00:31:08 | INFO | step=50700 loss=0.0000 lr=1.04e-04 elapsed=4910s
2026-09-22 00:31:13 | INFO | step=50800 loss=0.0000 lr=1.04e-04 elapsed=4916s
2026-09-22 00:31:18 | INFO | step=50900 loss=0.0000 lr=1.04e-04 elapsed=4921s
2026-09-22 00:31:24 | INFO | step=51000 loss=0.0000 lr=1.03e-04 elapsed=4926s
2026-09-22 00:31:31 | INFO | [eval] step=51000 dev_loss=2.0738
2026-09-22 00:32:09 | INFO |   EM on dev subset (200 samples): 6.00%
2026-09-22 00:32:09 | INFO | Early stopping triggered.
2026-09-22 00:32:09 | INFO | Training complete. Best dev loss: 2.0743
