[GPU1 COGS COPY CHAIN START arch=std] 2026. 09. 14. (월) 04:39:44 KST
[TRAIN START std_copy s42 bs=4] 2026. 09. 14. (월) 04:39:44 KST
[TRAIN DONE std_copy s42 rc=0] 2026. 09. 14. (월) 15:18:57 KST
[EVAL START std_copy s42 dev] 2026. 09. 14. (월) 15:18:57 KST
[EVAL DONE std_copy s42 dev rc=0] 2026. 09. 14. (월) 16:04:48 KST
[EVAL START std_copy s42 gen] 2026. 09. 14. (월) 16:04:48 KST
[EVAL DONE std_copy s42 gen rc=0] 2026. 09. 14. (월) 23:38:52 KST
[TRAIN START std_copy s43 bs=4] 2026. 09. 14. (월) 23:38:52 KST
[TRAIN DONE std_copy s43 rc=0] 2026. 09. 15. (화) 02:18:44 KST
[EVAL START std_copy s43 dev] 2026. 09. 15. (화) 02:18:44 KST
[EVAL DONE std_copy s43 dev rc=0] 2026. 09. 15. (화) 03:03:57 KST
[EVAL START std_copy s43 gen] 2026. 09. 15. (화) 03:03:57 KST
[EVAL DONE std_copy s43 gen rc=0] 2026. 09. 15. (화) 09:44:08 KST
[TRAIN START std_copy s44 bs=4] 2026. 09. 15. (화) 09:44:08 KST
[TRAIN DONE std_copy s44 rc=0] 2026. 09. 15. (화) 22:44:26 KST
[EVAL START std_copy s44 dev] 2026. 09. 15. (화) 22:44:26 KST
[EVAL DONE std_copy s44 dev rc=0] 2026. 09. 15. (화) 23:30:37 KST
[EVAL START std_copy s44 gen] 2026. 09. 15. (화) 23:30:37 KST
[EVAL DONE std_copy s44 gen rc=0] 2026. 09. 16. (수) 06:38:25 KST
[GPU1 COGS COPY CHAIN DONE arch=std] 2026. 09. 16. (수) 06:38:25 KST
