2026-09-22 02:14:41 | INFO | Device: cuda
2026-09-22 02:14:42 | INFO | COGS train: 68511 examples after entity augmentation (13702×5)
2026-09-22 02:14:44 | INFO | Model: standard, k=1, params=465.0M
2026-09-22 02:14:45 | INFO | Training on 68511 examples, eval on 3000
2026-09-22 02:14:45 | INFO | Config: TrainingConfig(model_type='standard', hidden_dim=512, num_encoder_layers=12, num_decoder_layers=12, num_heads=8, num_attributes=1, use_gating=False, use_mixing=False, pairing_strategy='cyclic', pairing_seed=1234, use_composed_join=False, use_true_standard=True, ffn_dim=15979, max_seq_len=512, dropout=0.1, vocab_size=32000, learning_rate=0.0002, weight_decay=0.01, warmup_steps=4000, max_steps=100000, batch_size=4, gradient_accumulation=4, max_grad_norm=1.0, label_smoothing=0.1, eval_every=1000, save_every=10000, patience=20, eval_by_em=True, dataset='cogs', nas_dir='/nas/Dataset/nlp', max_src_len=256, max_tgt_len=256, seed=46, num_workers=4, fp16=False, output_dir='/nas/Dataset/experiments/relational-attention/muhiddin_outputs/true_std_matched_cogs_s46', log_every=100, copy_mechanism=True, num_copy_heads=1)
2026-09-22 02:14:45 | INFO | step=0 loss=10.0563 lr=0.00e+00 elapsed=0s
2026-09-22 02:14:51 | INFO | step=100 loss=9.0856 lr=5.00e-06 elapsed=6s
2026-09-22 02:14:56 | INFO | step=200 loss=8.3416 lr=1.00e-05 elapsed=11s
2026-09-22 02:15:01 | INFO | step=300 loss=7.7828 lr=1.50e-05 elapsed=16s
2026-09-22 02:15:07 | INFO | step=400 loss=6.8980 lr=2.00e-05 elapsed=22s
2026-09-22 02:15:12 | INFO | step=500 loss=6.0141 lr=2.50e-05 elapsed=27s
2026-09-22 02:15:18 | INFO | step=600 loss=5.4853 lr=3.00e-05 elapsed=32s
2026-09-22 02:15:23 | INFO | step=700 loss=4.9296 lr=3.50e-05 elapsed=38s
2026-09-22 02:15:28 | INFO | step=800 loss=4.2907 lr=4.00e-05 elapsed=43s
2026-09-22 02:15:34 | INFO | step=900 loss=3.5078 lr=4.50e-05 elapsed=49s
2026-09-22 02:15:39 | INFO | step=1000 loss=2.7538 lr=5.00e-05 elapsed=54s
2026-09-22 02:15:47 | INFO | [eval] step=1000 dev_loss=3.4762
2026-09-22 02:16:17 | INFO |   EM on dev subset (200 samples): 0.00%
2026-09-22 02:16:34 | INFO |   -> New best model saved (dev_loss=3.4762)
2026-09-22 02:16:39 | INFO | step=1100 loss=1.9389 lr=5.50e-05 elapsed=114s
2026-09-22 02:16:44 | INFO | step=1200 loss=1.3298 lr=6.00e-05 elapsed=119s
2026-09-22 02:16:50 | INFO | step=1300 loss=0.9807 lr=6.50e-05 elapsed=125s
2026-09-22 02:16:55 | INFO | step=1400 loss=0.7784 lr=7.00e-05 elapsed=130s
2026-09-22 02:17:00 | INFO | step=1500 loss=0.5556 lr=7.50e-05 elapsed=135s
2026-09-22 02:17:06 | INFO | step=1600 loss=0.4728 lr=8.00e-05 elapsed=140s
2026-09-22 02:17:11 | INFO | step=1700 loss=0.6506 lr=8.50e-05 elapsed=146s
2026-09-22 02:17:16 | INFO | step=1800 loss=0.4123 lr=9.00e-05 elapsed=151s
2026-09-22 02:17:22 | INFO | step=1900 loss=0.3867 lr=9.50e-05 elapsed=157s
2026-09-22 02:17:27 | INFO | step=2000 loss=0.3160 lr=1.00e-04 elapsed=162s
2026-09-22 02:17:34 | INFO | [eval] step=2000 dev_loss=1.8841
2026-09-22 02:18:04 | INFO |   EM on dev subset (200 samples): 0.00%
2026-09-22 02:18:10 | INFO | step=2100 loss=0.4164 lr=1.05e-04 elapsed=205s
2026-09-22 02:18:15 | INFO | step=2200 loss=0.2753 lr=1.10e-04 elapsed=210s
2026-09-22 02:18:20 | INFO | step=2300 loss=0.3329 lr=1.15e-04 elapsed=215s
2026-09-22 02:18:26 | INFO | step=2400 loss=0.3757 lr=1.20e-04 elapsed=221s
2026-09-22 02:18:31 | INFO | step=2500 loss=0.2831 lr=1.25e-04 elapsed=226s
2026-09-22 02:18:37 | INFO | step=2600 loss=0.3078 lr=1.30e-04 elapsed=231s
2026-09-22 02:18:42 | INFO | step=2700 loss=0.2958 lr=1.35e-04 elapsed=237s
2026-09-22 02:18:47 | INFO | step=2800 loss=0.1901 lr=1.40e-04 elapsed=242s
2026-09-22 02:18:53 | INFO | step=2900 loss=0.4142 lr=1.45e-04 elapsed=248s
2026-09-22 02:18:58 | INFO | step=3000 loss=0.1853 lr=1.50e-04 elapsed=253s
2026-09-22 02:19:05 | INFO | [eval] step=3000 dev_loss=2.0224
2026-09-22 02:21:01 | INFO |   EM on dev subset (200 samples): 0.00%
2026-09-22 02:21:06 | INFO | step=3100 loss=0.1286 lr=1.55e-04 elapsed=381s
2026-09-22 02:21:12 | INFO | step=3200 loss=0.2752 lr=1.60e-04 elapsed=386s
2026-09-22 02:21:17 | INFO | step=3300 loss=0.2482 lr=1.65e-04 elapsed=392s
2026-09-22 02:21:22 | INFO | step=3400 loss=0.1140 lr=1.70e-04 elapsed=397s
2026-09-22 02:21:28 | INFO | step=3500 loss=0.1771 lr=1.75e-04 elapsed=403s
2026-09-22 02:21:33 | INFO | step=3600 loss=0.0584 lr=1.80e-04 elapsed=408s
2026-09-22 02:21:38 | INFO | step=3700 loss=0.1399 lr=1.85e-04 elapsed=413s
2026-09-22 02:21:44 | INFO | step=3800 loss=0.1734 lr=1.90e-04 elapsed=419s
2026-09-22 02:21:49 | INFO | step=3900 loss=0.1039 lr=1.95e-04 elapsed=424s
2026-09-22 02:21:54 | INFO | step=4000 loss=0.2104 lr=2.00e-04 elapsed=429s
2026-09-22 02:22:02 | INFO | [eval] step=4000 dev_loss=2.0837
2026-09-22 02:22:38 | INFO |   EM on dev subset (200 samples): 1.00%
2026-09-22 02:22:55 | INFO |   -> New best model saved (dev_loss=2.0837)
2026-09-22 02:23:00 | INFO | step=4100 loss=0.1654 lr=2.00e-04 elapsed=495s
2026-09-22 02:23:05 | INFO | step=4200 loss=0.1883 lr=2.00e-04 elapsed=500s
2026-09-22 02:23:11 | INFO | step=4300 loss=0.1402 lr=2.00e-04 elapsed=506s
2026-09-22 02:23:16 | INFO | step=4400 loss=0.1196 lr=2.00e-04 elapsed=511s
2026-09-22 02:23:21 | INFO | step=4500 loss=0.0452 lr=2.00e-04 elapsed=516s
2026-09-22 02:23:27 | INFO | step=4600 loss=0.0553 lr=2.00e-04 elapsed=522s
2026-09-22 02:23:32 | INFO | step=4700 loss=0.1226 lr=2.00e-04 elapsed=527s
2026-09-22 02:23:37 | INFO | step=4800 loss=0.1613 lr=2.00e-04 elapsed=532s
2026-09-22 02:23:43 | INFO | step=4900 loss=0.0628 lr=2.00e-04 elapsed=538s
2026-09-22 02:23:48 | INFO | step=5000 loss=0.0576 lr=2.00e-04 elapsed=543s
2026-09-22 02:23:56 | INFO | [eval] step=5000 dev_loss=2.0905
2026-09-22 02:24:35 | INFO |   EM on dev subset (200 samples): 0.00%
2026-09-22 02:24:40 | INFO | step=5100 loss=0.0874 lr=2.00e-04 elapsed=595s
2026-09-22 02:24:46 | INFO | step=5200 loss=0.1355 lr=2.00e-04 elapsed=600s
2026-09-22 02:24:51 | INFO | step=5300 loss=0.0669 lr=2.00e-04 elapsed=606s
2026-09-22 02:24:56 | INFO | step=5400 loss=0.0737 lr=2.00e-04 elapsed=611s
2026-09-22 02:25:02 | INFO | step=5500 loss=0.1076 lr=2.00e-04 elapsed=616s
2026-09-22 02:25:07 | INFO | step=5600 loss=0.0460 lr=2.00e-04 elapsed=622s
2026-09-22 02:25:12 | INFO | step=5700 loss=0.0321 lr=2.00e-04 elapsed=627s
2026-09-22 02:25:18 | INFO | step=5800 loss=0.0837 lr=2.00e-04 elapsed=633s
2026-09-22 02:25:23 | INFO | step=5900 loss=0.0383 lr=2.00e-04 elapsed=638s
2026-09-22 02:25:28 | INFO | step=6000 loss=0.1382 lr=2.00e-04 elapsed=643s
2026-09-22 02:25:36 | INFO | [eval] step=6000 dev_loss=2.0757
2026-09-22 02:26:13 | INFO |   EM on dev subset (200 samples): 0.50%
2026-09-22 02:26:18 | INFO | step=6100 loss=0.0547 lr=2.00e-04 elapsed=693s
2026-09-22 02:26:23 | INFO | step=6200 loss=0.0338 lr=2.00e-04 elapsed=698s
2026-09-22 02:26:29 | INFO | step=6300 loss=0.1433 lr=2.00e-04 elapsed=704s
2026-09-22 02:26:34 | INFO | step=6400 loss=0.0201 lr=2.00e-04 elapsed=709s
2026-09-22 02:26:40 | INFO | step=6500 loss=0.0117 lr=2.00e-04 elapsed=714s
2026-09-22 02:26:45 | INFO | step=6600 loss=0.0656 lr=2.00e-04 elapsed=720s
2026-09-22 02:26:50 | INFO | step=6700 loss=0.0855 lr=2.00e-04 elapsed=725s
2026-09-22 02:26:56 | INFO | step=6800 loss=0.0453 lr=2.00e-04 elapsed=731s
2026-09-22 02:27:01 | INFO | step=6900 loss=0.0970 lr=2.00e-04 elapsed=736s
2026-09-22 02:27:06 | INFO | step=7000 loss=0.0065 lr=2.00e-04 elapsed=741s
2026-09-22 02:27:14 | INFO | [eval] step=7000 dev_loss=2.0821
2026-09-22 02:27:42 | INFO |   EM on dev subset (200 samples): 1.50%
2026-09-22 02:27:59 | INFO |   -> New best model saved (dev_loss=2.0821)
2026-09-22 02:28:05 | INFO | step=7100 loss=0.0097 lr=1.99e-04 elapsed=799s
2026-09-22 02:28:10 | INFO | step=7200 loss=0.0460 lr=1.99e-04 elapsed=805s
2026-09-22 02:28:15 | INFO | step=7300 loss=0.0411 lr=1.99e-04 elapsed=810s
2026-09-22 02:28:21 | INFO | step=7400 loss=0.0103 lr=1.99e-04 elapsed=815s
2026-09-22 02:28:26 | INFO | step=7500 loss=0.0621 lr=1.99e-04 elapsed=821s
2026-09-22 02:28:31 | INFO | step=7600 loss=0.0195 lr=1.99e-04 elapsed=826s
2026-09-22 02:28:37 | INFO | step=7700 loss=0.0501 lr=1.99e-04 elapsed=832s
2026-09-22 02:28:42 | INFO | step=7800 loss=0.0273 lr=1.99e-04 elapsed=837s
2026-09-22 02:28:47 | INFO | step=7900 loss=0.0425 lr=1.99e-04 elapsed=842s
2026-09-22 02:28:53 | INFO | step=8000 loss=0.0112 lr=1.99e-04 elapsed=848s
2026-09-22 02:29:00 | INFO | [eval] step=8000 dev_loss=2.0837
2026-09-22 02:30:13 | INFO |   EM on dev subset (200 samples): 0.50%
2026-09-22 02:30:18 | INFO | step=8100 loss=0.0143 lr=1.99e-04 elapsed=933s
2026-09-22 02:30:24 | INFO | step=8200 loss=0.0182 lr=1.99e-04 elapsed=939s
2026-09-22 02:30:29 | INFO | step=8300 loss=0.0349 lr=1.99e-04 elapsed=944s
2026-09-22 02:30:35 | INFO | step=8400 loss=0.0643 lr=1.99e-04 elapsed=949s
2026-09-22 02:30:40 | INFO | step=8500 loss=0.0177 lr=1.99e-04 elapsed=955s
2026-09-22 02:30:45 | INFO | step=8600 loss=0.0087 lr=1.99e-04 elapsed=960s
2026-09-22 02:30:51 | INFO | step=8700 loss=0.0641 lr=1.99e-04 elapsed=966s
2026-09-22 02:30:56 | INFO | step=8800 loss=0.0083 lr=1.99e-04 elapsed=971s
2026-09-22 02:31:01 | INFO | step=8900 loss=0.0363 lr=1.99e-04 elapsed=976s
2026-09-22 02:31:07 | INFO | step=9000 loss=0.0225 lr=1.99e-04 elapsed=982s
2026-09-22 02:31:14 | INFO | [eval] step=9000 dev_loss=2.0829
2026-09-22 02:31:53 | INFO |   EM on dev subset (200 samples): 1.50%
2026-09-22 02:31:58 | INFO | step=9100 loss=0.0210 lr=1.99e-04 elapsed=1033s
2026-09-22 02:32:04 | INFO | step=9200 loss=0.0338 lr=1.99e-04 elapsed=1039s
2026-09-22 02:32:09 | INFO | step=9300 loss=0.0034 lr=1.98e-04 elapsed=1044s
2026-09-22 02:32:14 | INFO | step=9400 loss=0.0071 lr=1.98e-04 elapsed=1049s
2026-09-22 02:32:20 | INFO | step=9500 loss=0.0901 lr=1.98e-04 elapsed=1055s
2026-09-22 02:32:25 | INFO | step=9600 loss=0.0553 lr=1.98e-04 elapsed=1060s
2026-09-22 02:32:30 | INFO | step=9700 loss=0.0205 lr=1.98e-04 elapsed=1065s
2026-09-22 02:32:36 | INFO | step=9800 loss=0.0097 lr=1.98e-04 elapsed=1071s
2026-09-22 02:32:41 | INFO | step=9900 loss=0.0568 lr=1.98e-04 elapsed=1076s
2026-09-22 02:32:46 | INFO | step=10000 loss=0.0906 lr=1.98e-04 elapsed=1081s
2026-09-22 02:32:54 | INFO | [eval] step=10000 dev_loss=2.0812
2026-09-22 02:33:23 | INFO |   EM on dev subset (200 samples): 1.50%
2026-09-22 02:33:45 | INFO | step=10100 loss=0.0022 lr=1.98e-04 elapsed=1140s
2026-09-22 02:33:51 | INFO | step=10200 loss=0.0221 lr=1.98e-04 elapsed=1146s
2026-09-22 02:33:56 | INFO | step=10300 loss=0.1278 lr=1.98e-04 elapsed=1151s
2026-09-22 02:34:01 | INFO | step=10400 loss=0.0019 lr=1.98e-04 elapsed=1156s
2026-09-22 02:34:07 | INFO | step=10500 loss=0.0014 lr=1.98e-04 elapsed=1162s
2026-09-22 02:34:12 | INFO | step=10600 loss=0.0114 lr=1.98e-04 elapsed=1167s
2026-09-22 02:34:17 | INFO | step=10700 loss=0.0025 lr=1.98e-04 elapsed=1172s
2026-09-22 02:34:23 | INFO | step=10800 loss=0.0030 lr=1.98e-04 elapsed=1178s
2026-09-22 02:34:28 | INFO | step=10900 loss=0.0008 lr=1.97e-04 elapsed=1183s
2026-09-22 02:34:34 | INFO | step=11000 loss=0.0036 lr=1.97e-04 elapsed=1188s
2026-09-22 02:34:41 | INFO | [eval] step=11000 dev_loss=2.0803
2026-09-22 02:35:28 | INFO |   EM on dev subset (200 samples): 2.00%
2026-09-22 02:35:45 | INFO |   -> New best model saved (dev_loss=2.0803)
2026-09-22 02:35:50 | INFO | step=11100 loss=0.0058 lr=1.97e-04 elapsed=1265s
2026-09-22 02:35:56 | INFO | step=11200 loss=0.0055 lr=1.97e-04 elapsed=1271s
2026-09-22 02:36:01 | INFO | step=11300 loss=0.0696 lr=1.97e-04 elapsed=1276s
2026-09-22 02:36:06 | INFO | step=11400 loss=0.0017 lr=1.97e-04 elapsed=1281s
2026-09-22 02:36:12 | INFO | step=11500 loss=0.0299 lr=1.97e-04 elapsed=1287s
2026-09-22 02:36:17 | INFO | step=11600 loss=0.0133 lr=1.97e-04 elapsed=1292s
2026-09-22 02:36:22 | INFO | step=11700 loss=0.0120 lr=1.97e-04 elapsed=1297s
2026-09-22 02:36:28 | INFO | step=11800 loss=0.0586 lr=1.97e-04 elapsed=1303s
2026-09-22 02:36:33 | INFO | step=11900 loss=0.0548 lr=1.97e-04 elapsed=1308s
2026-09-22 02:36:39 | INFO | step=12000 loss=0.0008 lr=1.97e-04 elapsed=1313s
2026-09-22 02:36:46 | INFO | [eval] step=12000 dev_loss=2.0820
2026-09-22 02:37:18 | INFO |   EM on dev subset (200 samples): 2.00%
2026-09-22 02:37:23 | INFO | step=12100 loss=0.0056 lr=1.97e-04 elapsed=1358s
2026-09-22 02:37:29 | INFO | step=12200 loss=0.0035 lr=1.96e-04 elapsed=1363s
2026-09-22 02:37:34 | INFO | step=12300 loss=0.0016 lr=1.96e-04 elapsed=1369s
2026-09-22 02:37:39 | INFO | step=12400 loss=0.0050 lr=1.96e-04 elapsed=1374s
2026-09-22 02:37:45 | INFO | step=12500 loss=0.0210 lr=1.96e-04 elapsed=1380s
2026-09-22 02:37:50 | INFO | step=12600 loss=0.0610 lr=1.96e-04 elapsed=1385s
2026-09-22 02:37:55 | INFO | step=12700 loss=0.0056 lr=1.96e-04 elapsed=1390s
2026-09-22 02:38:01 | INFO | step=12800 loss=0.0010 lr=1.96e-04 elapsed=1396s
2026-09-22 02:38:06 | INFO | step=12900 loss=0.2719 lr=1.96e-04 elapsed=1401s
2026-09-22 02:38:11 | INFO | step=13000 loss=0.0413 lr=1.96e-04 elapsed=1406s
2026-09-22 02:38:19 | INFO | [eval] step=13000 dev_loss=2.0809
2026-09-22 02:38:49 | INFO |   EM on dev subset (200 samples): 2.50%
2026-09-22 02:39:06 | INFO |   -> New best model saved (dev_loss=2.0809)
2026-09-22 02:39:11 | INFO | step=13100 loss=0.0008 lr=1.96e-04 elapsed=1466s
2026-09-22 02:39:17 | INFO | step=13200 loss=0.0135 lr=1.96e-04 elapsed=1472s
2026-09-22 02:39:22 | INFO | step=13300 loss=0.0004 lr=1.95e-04 elapsed=1477s
2026-09-22 02:39:28 | INFO | step=13400 loss=0.0063 lr=1.95e-04 elapsed=1483s
2026-09-22 02:39:33 | INFO | step=13500 loss=0.0088 lr=1.95e-04 elapsed=1488s
2026-09-22 02:39:38 | INFO | step=13600 loss=0.0064 lr=1.95e-04 elapsed=1493s
2026-09-22 02:39:43 | INFO | step=13700 loss=0.0008 lr=1.95e-04 elapsed=1498s
2026-09-22 02:39:49 | INFO | step=13800 loss=0.0042 lr=1.95e-04 elapsed=1504s
2026-09-22 02:39:54 | INFO | step=13900 loss=0.0045 lr=1.95e-04 elapsed=1509s
2026-09-22 02:39:59 | INFO | step=14000 loss=0.0208 lr=1.95e-04 elapsed=1514s
2026-09-22 02:40:07 | INFO | [eval] step=14000 dev_loss=2.0823
2026-09-22 02:40:45 | INFO |   EM on dev subset (200 samples): 1.50%
2026-09-22 02:40:50 | INFO | step=14100 loss=0.0008 lr=1.95e-04 elapsed=1565s
2026-09-22 02:40:56 | INFO | step=14200 loss=0.0379 lr=1.94e-04 elapsed=1571s
2026-09-22 02:41:01 | INFO | step=14300 loss=0.0506 lr=1.94e-04 elapsed=1576s
2026-09-22 02:41:06 | INFO | step=14400 loss=0.0379 lr=1.94e-04 elapsed=1581s
2026-09-22 02:41:12 | INFO | step=14500 loss=0.0028 lr=1.94e-04 elapsed=1587s
2026-09-22 02:41:17 | INFO | step=14600 loss=0.0083 lr=1.94e-04 elapsed=1592s
2026-09-22 02:41:22 | INFO | step=14700 loss=0.0309 lr=1.94e-04 elapsed=1597s
2026-09-22 02:41:28 | INFO | step=14800 loss=0.0235 lr=1.94e-04 elapsed=1603s
2026-09-22 02:41:33 | INFO | step=14900 loss=0.0160 lr=1.94e-04 elapsed=1608s
2026-09-22 02:41:39 | INFO | step=15000 loss=0.0003 lr=1.94e-04 elapsed=1613s
2026-09-22 02:41:46 | INFO | [eval] step=15000 dev_loss=2.0771
2026-09-22 02:42:23 | INFO |   EM on dev subset (200 samples): 3.50%
2026-09-22 02:42:40 | INFO |   -> New best model saved (dev_loss=2.0771)
2026-09-22 02:42:46 | INFO | step=15100 loss=0.0031 lr=1.93e-04 elapsed=1681s
2026-09-22 02:42:51 | INFO | step=15200 loss=0.0087 lr=1.93e-04 elapsed=1686s
2026-09-22 02:42:57 | INFO | step=15300 loss=0.0169 lr=1.93e-04 elapsed=1691s
2026-09-22 02:43:02 | INFO | step=15400 loss=0.0005 lr=1.93e-04 elapsed=1697s
2026-09-22 02:43:07 | INFO | step=15500 loss=0.0027 lr=1.93e-04 elapsed=1702s
2026-09-22 02:43:13 | INFO | step=15600 loss=0.0018 lr=1.93e-04 elapsed=1707s
2026-09-22 02:43:18 | INFO | step=15700 loss=0.0039 lr=1.93e-04 elapsed=1713s
2026-09-22 02:43:23 | INFO | step=15800 loss=0.0372 lr=1.93e-04 elapsed=1718s
2026-09-22 02:43:29 | INFO | step=15900 loss=0.0124 lr=1.93e-04 elapsed=1724s
2026-09-22 02:43:34 | INFO | step=16000 loss=0.0009 lr=1.92e-04 elapsed=1729s
2026-09-22 02:43:42 | INFO | [eval] step=16000 dev_loss=2.0770
2026-09-22 02:44:09 | INFO |   EM on dev subset (200 samples): 3.50%
2026-09-22 02:44:15 | INFO | step=16100 loss=0.0537 lr=1.92e-04 elapsed=1769s
2026-09-22 02:44:20 | INFO | step=16200 loss=0.0029 lr=1.92e-04 elapsed=1775s
2026-09-22 02:44:25 | INFO | step=16300 loss=0.0224 lr=1.92e-04 elapsed=1780s
2026-09-22 02:44:31 | INFO | step=16400 loss=0.0009 lr=1.92e-04 elapsed=1786s
2026-09-22 02:44:36 | INFO | step=16500 loss=0.0261 lr=1.92e-04 elapsed=1791s
2026-09-22 02:44:41 | INFO | step=16600 loss=0.0041 lr=1.92e-04 elapsed=1796s
2026-09-22 02:44:47 | INFO | step=16700 loss=0.0013 lr=1.91e-04 elapsed=1802s
2026-09-22 02:44:52 | INFO | step=16800 loss=0.0839 lr=1.91e-04 elapsed=1807s
2026-09-22 02:44:57 | INFO | step=16900 loss=0.0158 lr=1.91e-04 elapsed=1812s
2026-09-22 02:45:03 | INFO | step=17000 loss=0.0018 lr=1.91e-04 elapsed=1818s
2026-09-22 02:45:10 | INFO | [eval] step=17000 dev_loss=2.0794
2026-09-22 02:45:39 | INFO |   EM on dev subset (200 samples): 3.00%
2026-09-22 02:45:44 | INFO | step=17100 loss=0.0013 lr=1.91e-04 elapsed=1859s
2026-09-22 02:45:50 | INFO | step=17200 loss=0.0079 lr=1.91e-04 elapsed=1865s
2026-09-22 02:45:55 | INFO | step=17300 loss=0.0012 lr=1.91e-04 elapsed=1870s
2026-09-22 02:46:01 | INFO | step=17400 loss=0.0013 lr=1.91e-04 elapsed=1876s
2026-09-22 02:46:06 | INFO | step=17500 loss=0.0015 lr=1.90e-04 elapsed=1881s
2026-09-22 02:46:11 | INFO | step=17600 loss=0.0051 lr=1.90e-04 elapsed=1886s
2026-09-22 02:46:17 | INFO | step=17700 loss=0.0008 lr=1.90e-04 elapsed=1892s
2026-09-22 02:46:22 | INFO | step=17800 loss=0.0012 lr=1.90e-04 elapsed=1897s
2026-09-22 02:46:28 | INFO | step=17900 loss=0.0396 lr=1.90e-04 elapsed=1902s
2026-09-22 02:46:33 | INFO | step=18000 loss=0.0004 lr=1.90e-04 elapsed=1908s
2026-09-22 02:46:40 | INFO | [eval] step=18000 dev_loss=2.0789
2026-09-22 02:47:10 | INFO |   EM on dev subset (200 samples): 3.00%
2026-09-22 02:47:15 | INFO | step=18100 loss=0.0103 lr=1.90e-04 elapsed=1950s
2026-09-22 02:47:20 | INFO | step=18200 loss=0.0018 lr=1.89e-04 elapsed=1955s
2026-09-22 02:47:26 | INFO | step=18300 loss=0.0052 lr=1.89e-04 elapsed=1961s
2026-09-22 02:47:31 | INFO | step=18400 loss=0.0432 lr=1.89e-04 elapsed=1966s
2026-09-22 02:47:36 | INFO | step=18500 loss=0.0017 lr=1.89e-04 elapsed=1971s
2026-09-22 02:47:42 | INFO | step=18600 loss=0.0026 lr=1.89e-04 elapsed=1977s
2026-09-22 02:47:47 | INFO | step=18700 loss=0.0010 lr=1.89e-04 elapsed=1982s
2026-09-22 02:47:52 | INFO | step=18800 loss=0.0014 lr=1.88e-04 elapsed=1987s
2026-09-22 02:47:58 | INFO | step=18900 loss=0.0100 lr=1.88e-04 elapsed=1993s
2026-09-22 02:48:03 | INFO | step=19000 loss=0.0003 lr=1.88e-04 elapsed=1998s
2026-09-22 02:48:10 | INFO | [eval] step=19000 dev_loss=2.0778
2026-09-22 02:48:46 | INFO |   EM on dev subset (200 samples): 4.00%
2026-09-22 02:49:04 | INFO |   -> New best model saved (dev_loss=2.0778)
2026-09-22 02:49:09 | INFO | step=19100 loss=0.0002 lr=1.88e-04 elapsed=2064s
2026-09-22 02:49:15 | INFO | step=19200 loss=0.0059 lr=1.88e-04 elapsed=2070s
2026-09-22 02:49:20 | INFO | step=19300 loss=0.0013 lr=1.88e-04 elapsed=2075s
2026-09-22 02:49:25 | INFO | step=19400 loss=0.0198 lr=1.88e-04 elapsed=2080s
2026-09-22 02:49:31 | INFO | step=19500 loss=0.0016 lr=1.87e-04 elapsed=2086s
2026-09-22 02:49:36 | INFO | step=19600 loss=0.0013 lr=1.87e-04 elapsed=2091s
2026-09-22 02:49:41 | INFO | step=19700 loss=0.0005 lr=1.87e-04 elapsed=2096s
2026-09-22 02:49:47 | INFO | step=19800 loss=0.0025 lr=1.87e-04 elapsed=2102s
2026-09-22 02:49:52 | INFO | step=19900 loss=0.0016 lr=1.87e-04 elapsed=2107s
2026-09-22 02:49:58 | INFO | step=20000 loss=0.0170 lr=1.87e-04 elapsed=2112s
2026-09-22 02:50:05 | INFO | [eval] step=20000 dev_loss=2.0781
2026-09-22 02:50:34 | INFO |   EM on dev subset (200 samples): 3.00%
2026-09-22 02:50:56 | INFO | step=20100 loss=0.0016 lr=1.86e-04 elapsed=2171s
2026-09-22 02:51:02 | INFO | step=20200 loss=0.0007 lr=1.86e-04 elapsed=2176s
2026-09-22 02:51:07 | INFO | step=20300 loss=0.0024 lr=1.86e-04 elapsed=2182s
2026-09-22 02:51:12 | INFO | step=20400 loss=0.0046 lr=1.86e-04 elapsed=2187s
2026-09-22 02:51:18 | INFO | step=20500 loss=0.0084 lr=1.86e-04 elapsed=2193s
2026-09-22 02:51:23 | INFO | step=20600 loss=0.0112 lr=1.86e-04 elapsed=2198s
2026-09-22 02:51:28 | INFO | step=20700 loss=0.0006 lr=1.85e-04 elapsed=2203s
2026-09-22 02:51:34 | INFO | step=20800 loss=0.0013 lr=1.85e-04 elapsed=2208s
2026-09-22 02:51:39 | INFO | step=20900 loss=0.0004 lr=1.85e-04 elapsed=2214s
2026-09-22 02:51:44 | INFO | step=21000 loss=0.0010 lr=1.85e-04 elapsed=2219s
2026-09-22 02:51:52 | INFO | [eval] step=21000 dev_loss=2.0786
2026-09-22 02:52:22 | INFO |   EM on dev subset (200 samples): 3.50%
2026-09-22 02:52:27 | INFO | step=21100 loss=0.0009 lr=1.85e-04 elapsed=2262s
2026-09-22 02:52:32 | INFO | step=21200 loss=0.0010 lr=1.85e-04 elapsed=2267s
2026-09-22 02:52:38 | INFO | step=21300 loss=0.0005 lr=1.84e-04 elapsed=2273s
2026-09-22 02:52:43 | INFO | step=21400 loss=0.0061 lr=1.84e-04 elapsed=2278s
2026-09-22 02:52:48 | INFO | step=21500 loss=0.0001 lr=1.84e-04 elapsed=2283s
2026-09-22 02:52:54 | INFO | step=21600 loss=0.0020 lr=1.84e-04 elapsed=2289s
2026-09-22 02:52:59 | INFO | step=21700 loss=0.0359 lr=1.84e-04 elapsed=2294s
2026-09-22 02:53:04 | INFO | step=21800 loss=0.0014 lr=1.84e-04 elapsed=2299s
2026-09-22 02:53:10 | INFO | step=21900 loss=0.0002 lr=1.83e-04 elapsed=2305s
2026-09-22 02:53:15 | INFO | step=22000 loss=0.0003 lr=1.83e-04 elapsed=2310s
2026-09-22 02:53:23 | INFO | [eval] step=22000 dev_loss=2.0778
2026-09-22 02:53:53 | INFO |   EM on dev subset (200 samples): 4.00%
2026-09-22 02:53:58 | INFO | step=22100 loss=0.0017 lr=1.83e-04 elapsed=2353s
2026-09-22 02:54:03 | INFO | step=22200 loss=0.0002 lr=1.83e-04 elapsed=2358s
2026-09-22 02:54:09 | INFO | step=22300 loss=0.0385 lr=1.83e-04 elapsed=2363s
2026-09-22 02:54:14 | INFO | step=22400 loss=0.0016 lr=1.82e-04 elapsed=2369s
2026-09-22 02:54:19 | INFO | step=22500 loss=0.0018 lr=1.82e-04 elapsed=2374s
2026-09-22 02:54:25 | INFO | step=22600 loss=0.0175 lr=1.82e-04 elapsed=2380s
2026-09-22 02:54:30 | INFO | step=22700 loss=0.0145 lr=1.82e-04 elapsed=2385s
2026-09-22 02:54:35 | INFO | step=22800 loss=0.0001 lr=1.82e-04 elapsed=2390s
2026-09-22 02:54:41 | INFO | step=22900 loss=0.0028 lr=1.81e-04 elapsed=2396s
2026-09-22 02:54:46 | INFO | step=23000 loss=0.0088 lr=1.81e-04 elapsed=2401s
2026-09-22 02:54:53 | INFO | [eval] step=23000 dev_loss=2.0787
2026-09-22 02:55:21 | INFO |   EM on dev subset (200 samples): 3.50%
2026-09-22 02:55:26 | INFO | step=23100 loss=0.0007 lr=1.81e-04 elapsed=2441s
2026-09-22 02:55:32 | INFO | step=23200 loss=0.0204 lr=1.81e-04 elapsed=2447s
2026-09-22 02:55:37 | INFO | step=23300 loss=0.0178 lr=1.81e-04 elapsed=2452s
2026-09-22 02:55:42 | INFO | step=23400 loss=0.0013 lr=1.81e-04 elapsed=2457s
2026-09-22 02:55:48 | INFO | step=23500 loss=0.0005 lr=1.80e-04 elapsed=2463s
2026-09-22 02:55:53 | INFO | step=23600 loss=0.0009 lr=1.80e-04 elapsed=2468s
2026-09-22 02:55:58 | INFO | step=23700 loss=0.0022 lr=1.80e-04 elapsed=2473s
2026-09-22 02:56:04 | INFO | step=23800 loss=0.0260 lr=1.80e-04 elapsed=2479s
2026-09-22 02:56:09 | INFO | step=23900 loss=0.0002 lr=1.80e-04 elapsed=2484s
2026-09-22 02:56:14 | INFO | step=24000 loss=0.0356 lr=1.79e-04 elapsed=2489s
2026-09-22 02:56:22 | INFO | [eval] step=24000 dev_loss=2.0757
2026-09-22 02:56:49 | INFO |   EM on dev subset (200 samples): 4.00%
2026-09-22 02:56:54 | INFO | step=24100 loss=0.0003 lr=1.79e-04 elapsed=2529s
2026-09-22 02:57:00 | INFO | step=24200 loss=0.0040 lr=1.79e-04 elapsed=2534s
2026-09-22 02:57:05 | INFO | step=24300 loss=0.0032 lr=1.79e-04 elapsed=2540s
2026-09-22 02:57:10 | INFO | step=24400 loss=0.0054 lr=1.79e-04 elapsed=2545s
2026-09-22 02:57:16 | INFO | step=24500 loss=0.0001 lr=1.78e-04 elapsed=2551s
2026-09-22 02:57:21 | INFO | step=24600 loss=0.0017 lr=1.78e-04 elapsed=2556s
2026-09-22 02:57:26 | INFO | step=24700 loss=0.0017 lr=1.78e-04 elapsed=2561s
2026-09-22 02:57:32 | INFO | step=24800 loss=0.1232 lr=1.78e-04 elapsed=2567s
2026-09-22 02:57:37 | INFO | step=24900 loss=0.0008 lr=1.78e-04 elapsed=2572s
2026-09-22 02:57:42 | INFO | step=25000 loss=0.0142 lr=1.77e-04 elapsed=2577s
2026-09-22 02:57:50 | INFO | [eval] step=25000 dev_loss=2.0761
2026-09-22 02:58:27 | INFO |   EM on dev subset (200 samples): 4.50%
2026-09-22 02:58:44 | INFO |   -> New best model saved (dev_loss=2.0761)
2026-09-22 02:58:50 | INFO | step=25100 loss=0.0004 lr=1.77e-04 elapsed=2645s
2026-09-22 02:58:55 | INFO | step=25200 loss=0.0004 lr=1.77e-04 elapsed=2650s
2026-09-22 02:59:01 | INFO | step=25300 loss=0.0014 lr=1.77e-04 elapsed=2656s
2026-09-22 02:59:06 | INFO | step=25400 loss=0.0002 lr=1.76e-04 elapsed=2661s
2026-09-22 02:59:11 | INFO | step=25500 loss=0.0007 lr=1.76e-04 elapsed=2666s
2026-09-22 02:59:17 | INFO | step=25600 loss=0.0005 lr=1.76e-04 elapsed=2672s
2026-09-22 02:59:22 | INFO | step=25700 loss=0.0001 lr=1.76e-04 elapsed=2677s
2026-09-22 02:59:27 | INFO | step=25800 loss=0.0008 lr=1.76e-04 elapsed=2682s
2026-09-22 02:59:33 | INFO | step=25900 loss=0.0005 lr=1.75e-04 elapsed=2688s
2026-09-22 02:59:38 | INFO | step=26000 loss=0.0005 lr=1.75e-04 elapsed=2693s
2026-09-22 02:59:46 | INFO | [eval] step=26000 dev_loss=2.0772
2026-09-22 03:00:14 | INFO |   EM on dev subset (200 samples): 3.00%
2026-09-22 03:00:20 | INFO | step=26100 loss=0.0140 lr=1.75e-04 elapsed=2734s
2026-09-22 03:00:25 | INFO | step=26200 loss=0.0027 lr=1.75e-04 elapsed=2740s
2026-09-22 03:00:30 | INFO | step=26300 loss=0.0022 lr=1.75e-04 elapsed=2745s
2026-09-22 03:00:36 | INFO | step=26400 loss=0.0005 lr=1.74e-04 elapsed=2750s
2026-09-22 03:00:41 | INFO | step=26500 loss=0.0411 lr=1.74e-04 elapsed=2756s
2026-09-22 03:00:46 | INFO | step=26600 loss=0.0002 lr=1.74e-04 elapsed=2761s
2026-09-22 03:00:52 | INFO | step=26700 loss=0.0005 lr=1.74e-04 elapsed=2767s
2026-09-22 03:00:57 | INFO | step=26800 loss=0.0446 lr=1.73e-04 elapsed=2772s
2026-09-22 03:01:02 | INFO | step=26900 loss=0.0004 lr=1.73e-04 elapsed=2777s
2026-09-22 03:01:08 | INFO | step=27000 loss=0.0009 lr=1.73e-04 elapsed=2783s
2026-09-22 03:01:15 | INFO | [eval] step=27000 dev_loss=2.0775
2026-09-22 03:01:45 | INFO |   EM on dev subset (200 samples): 4.00%
2026-09-22 03:01:50 | INFO | step=27100 loss=0.0012 lr=1.73e-04 elapsed=2825s
2026-09-22 03:01:56 | INFO | step=27200 loss=0.0002 lr=1.73e-04 elapsed=2831s
2026-09-22 03:02:01 | INFO | step=27300 loss=0.0008 lr=1.72e-04 elapsed=2836s
2026-09-22 03:02:06 | INFO | step=27400 loss=0.0268 lr=1.72e-04 elapsed=2841s
2026-09-22 03:02:12 | INFO | step=27500 loss=0.0004 lr=1.72e-04 elapsed=2847s
2026-09-22 03:02:17 | INFO | step=27600 loss=0.0016 lr=1.72e-04 elapsed=2852s
2026-09-22 03:02:22 | INFO | step=27700 loss=0.0002 lr=1.71e-04 elapsed=2857s
2026-09-22 03:02:28 | INFO | step=27800 loss=0.0003 lr=1.71e-04 elapsed=2863s
2026-09-22 03:02:33 | INFO | step=27900 loss=0.0003 lr=1.71e-04 elapsed=2868s
2026-09-22 03:02:38 | INFO | step=28000 loss=0.0004 lr=1.71e-04 elapsed=2873s
2026-09-22 03:02:46 | INFO | [eval] step=28000 dev_loss=2.0757
2026-09-22 03:03:14 | INFO |   EM on dev subset (200 samples): 5.50%
2026-09-22 03:03:32 | INFO |   -> New best model saved (dev_loss=2.0757)
2026-09-22 03:03:37 | INFO | step=28100 loss=0.0003 lr=1.70e-04 elapsed=2932s
2026-09-22 03:03:43 | INFO | step=28200 loss=0.0061 lr=1.70e-04 elapsed=2938s
2026-09-22 03:03:48 | INFO | step=28300 loss=0.0029 lr=1.70e-04 elapsed=2943s
2026-09-22 03:03:53 | INFO | step=28400 loss=0.0007 lr=1.70e-04 elapsed=2948s
2026-09-22 03:03:59 | INFO | step=28500 loss=0.0005 lr=1.70e-04 elapsed=2954s
2026-09-22 03:04:04 | INFO | step=28600 loss=0.0006 lr=1.69e-04 elapsed=2959s
2026-09-22 03:04:09 | INFO | step=28700 loss=0.0018 lr=1.69e-04 elapsed=2964s
2026-09-22 03:04:15 | INFO | step=28800 loss=0.0063 lr=1.69e-04 elapsed=2970s
2026-09-22 03:04:20 | INFO | step=28900 loss=0.0079 lr=1.69e-04 elapsed=2975s
2026-09-22 03:04:25 | INFO | step=29000 loss=0.0009 lr=1.68e-04 elapsed=2980s
2026-09-22 03:04:33 | INFO | [eval] step=29000 dev_loss=2.0742
2026-09-22 03:05:01 | INFO |   EM on dev subset (200 samples): 5.50%
2026-09-22 03:05:07 | INFO | step=29100 loss=0.0186 lr=1.68e-04 elapsed=3022s
2026-09-22 03:05:12 | INFO | step=29200 loss=0.0001 lr=1.68e-04 elapsed=3027s
2026-09-22 03:05:17 | INFO | step=29300 loss=0.0006 lr=1.68e-04 elapsed=3032s
2026-09-22 03:05:23 | INFO | step=29400 loss=0.0075 lr=1.67e-04 elapsed=3038s
2026-09-22 03:05:28 | INFO | step=29500 loss=0.0016 lr=1.67e-04 elapsed=3043s
2026-09-22 03:05:33 | INFO | step=29600 loss=0.0015 lr=1.67e-04 elapsed=3048s
2026-09-22 03:05:39 | INFO | step=29700 loss=0.0002 lr=1.67e-04 elapsed=3054s
2026-09-22 03:05:44 | INFO | step=29800 loss=0.0010 lr=1.66e-04 elapsed=3059s
2026-09-22 03:05:49 | INFO | step=29900 loss=0.0000 lr=1.66e-04 elapsed=3064s
2026-09-22 03:05:55 | INFO | step=30000 loss=0.0279 lr=1.66e-04 elapsed=3070s
2026-09-22 03:06:02 | INFO | [eval] step=30000 dev_loss=2.0761
2026-09-22 03:06:31 | INFO |   EM on dev subset (200 samples): 4.00%
2026-09-22 03:06:54 | INFO | step=30100 loss=0.0005 lr=1.66e-04 elapsed=3129s
2026-09-22 03:06:59 | INFO | step=30200 loss=0.0004 lr=1.65e-04 elapsed=3134s
2026-09-22 03:07:04 | INFO | step=30300 loss=0.0004 lr=1.65e-04 elapsed=3139s
2026-09-22 03:07:10 | INFO | step=30400 loss=0.0011 lr=1.65e-04 elapsed=3145s
2026-09-22 03:07:15 | INFO | step=30500 loss=0.0081 lr=1.65e-04 elapsed=3150s
2026-09-22 03:07:20 | INFO | step=30600 loss=0.0002 lr=1.64e-04 elapsed=3155s
2026-09-22 03:07:26 | INFO | step=30700 loss=0.0003 lr=1.64e-04 elapsed=3161s
2026-09-22 03:07:31 | INFO | step=30800 loss=0.0002 lr=1.64e-04 elapsed=3166s
2026-09-22 03:07:37 | INFO | step=30900 loss=0.0003 lr=1.64e-04 elapsed=3171s
2026-09-22 03:07:42 | INFO | step=31000 loss=0.0013 lr=1.63e-04 elapsed=3177s
2026-09-22 03:07:49 | INFO | [eval] step=31000 dev_loss=2.0766
2026-09-22 03:08:18 | INFO |   EM on dev subset (200 samples): 4.00%
2026-09-22 03:08:24 | INFO | step=31100 loss=0.0001 lr=1.63e-04 elapsed=3219s
2026-09-22 03:08:29 | INFO | step=31200 loss=0.0000 lr=1.63e-04 elapsed=3224s
2026-09-22 03:08:35 | INFO | step=31300 loss=0.0223 lr=1.63e-04 elapsed=3230s
2026-09-22 03:08:40 | INFO | step=31400 loss=0.0004 lr=1.62e-04 elapsed=3235s
2026-09-22 03:08:45 | INFO | step=31500 loss=0.0011 lr=1.62e-04 elapsed=3240s
2026-09-22 03:08:51 | INFO | step=31600 loss=0.0006 lr=1.62e-04 elapsed=3246s
2026-09-22 03:08:56 | INFO | step=31700 loss=0.0001 lr=1.62e-04 elapsed=3251s
2026-09-22 03:09:02 | INFO | step=31800 loss=0.0040 lr=1.61e-04 elapsed=3256s
2026-09-22 03:09:07 | INFO | step=31900 loss=0.0005 lr=1.61e-04 elapsed=3262s
2026-09-22 03:09:12 | INFO | step=32000 loss=0.0000 lr=1.61e-04 elapsed=3267s
2026-09-22 03:09:20 | INFO | [eval] step=32000 dev_loss=2.0744
2026-09-22 03:09:51 | INFO |   EM on dev subset (200 samples): 4.50%
2026-09-22 03:09:56 | INFO | step=32100 loss=0.0011 lr=1.61e-04 elapsed=3311s
2026-09-22 03:10:01 | INFO | step=32200 loss=0.0101 lr=1.60e-04 elapsed=3316s
2026-09-22 03:10:07 | INFO | step=32300 loss=0.0003 lr=1.60e-04 elapsed=3322s
2026-09-22 03:10:12 | INFO | step=32400 loss=0.0213 lr=1.60e-04 elapsed=3327s
2026-09-22 03:10:18 | INFO | step=32500 loss=0.0004 lr=1.60e-04 elapsed=3332s
2026-09-22 03:10:23 | INFO | step=32600 loss=0.0006 lr=1.59e-04 elapsed=3338s
2026-09-22 03:10:28 | INFO | step=32700 loss=0.0003 lr=1.59e-04 elapsed=3343s
2026-09-22 03:10:34 | INFO | step=32800 loss=0.0290 lr=1.59e-04 elapsed=3349s
2026-09-22 03:10:39 | INFO | step=32900 loss=0.0018 lr=1.59e-04 elapsed=3354s
2026-09-22 03:10:44 | INFO | step=33000 loss=0.0011 lr=1.58e-04 elapsed=3359s
2026-09-22 03:10:52 | INFO | [eval] step=33000 dev_loss=2.0753
2026-09-22 03:11:30 | INFO |   EM on dev subset (200 samples): 5.00%
2026-09-22 03:11:35 | INFO | step=33100 loss=0.0003 lr=1.58e-04 elapsed=3410s
2026-09-22 03:11:41 | INFO | step=33200 loss=0.0019 lr=1.58e-04 elapsed=3415s
2026-09-22 03:11:46 | INFO | step=33300 loss=0.0001 lr=1.57e-04 elapsed=3421s
2026-09-22 03:11:51 | INFO | step=33400 loss=0.0028 lr=1.57e-04 elapsed=3426s
2026-09-22 03:11:57 | INFO | step=33500 loss=0.1687 lr=1.57e-04 elapsed=3431s
2026-09-22 03:12:02 | INFO | step=33600 loss=0.0013 lr=1.57e-04 elapsed=3437s
2026-09-22 03:12:07 | INFO | step=33700 loss=0.0003 lr=1.56e-04 elapsed=3442s
2026-09-22 03:12:13 | INFO | step=33800 loss=0.0001 lr=1.56e-04 elapsed=3448s
2026-09-22 03:12:18 | INFO | step=33900 loss=0.0188 lr=1.56e-04 elapsed=3453s
2026-09-22 03:12:23 | INFO | step=34000 loss=0.0081 lr=1.56e-04 elapsed=3458s
2026-09-22 03:12:31 | INFO | [eval] step=34000 dev_loss=2.0766
2026-09-22 03:13:07 | INFO |   EM on dev subset (200 samples): 3.00%
2026-09-22 03:13:13 | INFO | step=34100 loss=0.0003 lr=1.55e-04 elapsed=3508s
2026-09-22 03:13:18 | INFO | step=34200 loss=0.0006 lr=1.55e-04 elapsed=3513s
2026-09-22 03:13:23 | INFO | step=34300 loss=0.0041 lr=1.55e-04 elapsed=3518s
2026-09-22 03:13:29 | INFO | step=34400 loss=0.0173 lr=1.54e-04 elapsed=3524s
2026-09-22 03:13:34 | INFO | step=34500 loss=0.0002 lr=1.54e-04 elapsed=3529s
2026-09-22 03:13:39 | INFO | step=34600 loss=0.0183 lr=1.54e-04 elapsed=3534s
2026-09-22 03:13:45 | INFO | step=34700 loss=0.0001 lr=1.54e-04 elapsed=3540s
2026-09-22 03:13:50 | INFO | step=34800 loss=0.0000 lr=1.53e-04 elapsed=3545s
2026-09-22 03:13:56 | INFO | step=34900 loss=0.0004 lr=1.53e-04 elapsed=3551s
2026-09-22 03:14:01 | INFO | step=35000 loss=0.0004 lr=1.53e-04 elapsed=3556s
2026-09-22 03:14:09 | INFO | [eval] step=35000 dev_loss=2.0742
2026-09-22 03:14:39 | INFO |   EM on dev subset (200 samples): 6.50%
2026-09-22 03:14:56 | INFO |   -> New best model saved (dev_loss=2.0742)
2026-09-22 03:15:02 | INFO | step=35100 loss=0.0005 lr=1.53e-04 elapsed=3616s
2026-09-22 03:15:07 | INFO | step=35200 loss=0.0439 lr=1.52e-04 elapsed=3622s
2026-09-22 03:15:12 | INFO | step=35300 loss=0.0023 lr=1.52e-04 elapsed=3627s
2026-09-22 03:15:17 | INFO | step=35400 loss=0.0000 lr=1.52e-04 elapsed=3632s
2026-09-22 03:15:23 | INFO | step=35500 loss=0.0002 lr=1.51e-04 elapsed=3638s
2026-09-22 03:15:28 | INFO | step=35600 loss=0.0000 lr=1.51e-04 elapsed=3643s
2026-09-22 03:15:33 | INFO | step=35700 loss=0.0011 lr=1.51e-04 elapsed=3648s
2026-09-22 03:15:39 | INFO | step=35800 loss=0.0014 lr=1.51e-04 elapsed=3654s
2026-09-22 03:15:44 | INFO | step=35900 loss=0.0145 lr=1.50e-04 elapsed=3659s
2026-09-22 03:15:49 | INFO | step=36000 loss=0.0228 lr=1.50e-04 elapsed=3664s
2026-09-22 03:15:57 | INFO | [eval] step=36000 dev_loss=2.0744
2026-09-22 03:16:27 | INFO |   EM on dev subset (200 samples): 6.00%
2026-09-22 03:16:32 | INFO | step=36100 loss=0.0044 lr=1.50e-04 elapsed=3707s
2026-09-22 03:16:37 | INFO | step=36200 loss=0.0003 lr=1.49e-04 elapsed=3712s
2026-09-22 03:16:43 | INFO | step=36300 loss=0.0003 lr=1.49e-04 elapsed=3718s
2026-09-22 03:16:48 | INFO | step=36400 loss=0.0000 lr=1.49e-04 elapsed=3723s
2026-09-22 03:16:54 | INFO | step=36500 loss=0.0506 lr=1.49e-04 elapsed=3728s
2026-09-22 03:16:59 | INFO | step=36600 loss=0.0003 lr=1.48e-04 elapsed=3734s
2026-09-22 03:17:04 | INFO | step=36700 loss=0.0015 lr=1.48e-04 elapsed=3739s
2026-09-22 03:17:10 | INFO | step=36800 loss=0.0015 lr=1.48e-04 elapsed=3745s
2026-09-22 03:17:15 | INFO | step=36900 loss=0.0001 lr=1.47e-04 elapsed=3750s
2026-09-22 03:17:20 | INFO | step=37000 loss=0.0278 lr=1.47e-04 elapsed=3755s
2026-09-22 03:17:28 | INFO | [eval] step=37000 dev_loss=2.0764
2026-09-22 03:17:58 | INFO |   EM on dev subset (200 samples): 5.50%
2026-09-22 03:18:03 | INFO | step=37100 loss=0.0001 lr=1.47e-04 elapsed=3798s
2026-09-22 03:18:08 | INFO | step=37200 loss=0.0017 lr=1.47e-04 elapsed=3803s
2026-09-22 03:18:14 | INFO | step=37300 loss=0.0006 lr=1.46e-04 elapsed=3808s
2026-09-22 03:18:19 | INFO | step=37400 loss=0.0000 lr=1.46e-04 elapsed=3814s
2026-09-22 03:18:24 | INFO | step=37500 loss=0.0043 lr=1.46e-04 elapsed=3819s
2026-09-22 03:18:30 | INFO | step=37600 loss=0.0001 lr=1.45e-04 elapsed=3824s
2026-09-22 03:18:35 | INFO | step=37700 loss=0.0001 lr=1.45e-04 elapsed=3830s
2026-09-22 03:18:40 | INFO | step=37800 loss=0.0001 lr=1.45e-04 elapsed=3835s
2026-09-22 03:18:46 | INFO | step=37900 loss=0.0003 lr=1.45e-04 elapsed=3841s
2026-09-22 03:18:51 | INFO | step=38000 loss=0.1457 lr=1.44e-04 elapsed=3846s
2026-09-22 03:18:58 | INFO | [eval] step=38000 dev_loss=2.0740
2026-09-22 03:19:28 | INFO |   EM on dev subset (200 samples): 5.00%
2026-09-22 03:19:34 | INFO | step=38100 loss=0.0002 lr=1.44e-04 elapsed=3889s
2026-09-22 03:19:39 | INFO | step=38200 loss=0.0005 lr=1.44e-04 elapsed=3894s
2026-09-22 03:19:44 | INFO | step=38300 loss=0.0001 lr=1.43e-04 elapsed=3899s
2026-09-22 03:19:50 | INFO | step=38400 loss=0.0226 lr=1.43e-04 elapsed=3905s
2026-09-22 03:19:55 | INFO | step=38500 loss=0.0001 lr=1.43e-04 elapsed=3910s
2026-09-22 03:20:00 | INFO | step=38600 loss=0.0010 lr=1.42e-04 elapsed=3915s
2026-09-22 03:20:06 | INFO | step=38700 loss=0.0004 lr=1.42e-04 elapsed=3921s
2026-09-22 03:20:11 | INFO | step=38800 loss=0.0135 lr=1.42e-04 elapsed=3926s
2026-09-22 03:20:17 | INFO | step=38900 loss=0.0001 lr=1.42e-04 elapsed=3931s
2026-09-22 03:20:22 | INFO | step=39000 loss=0.0001 lr=1.41e-04 elapsed=3937s
2026-09-22 03:20:29 | INFO | [eval] step=39000 dev_loss=2.0749
2026-09-22 03:20:58 | INFO |   EM on dev subset (200 samples): 4.50%
2026-09-22 03:21:04 | INFO | step=39100 loss=0.0082 lr=1.41e-04 elapsed=3979s
2026-09-22 03:21:09 | INFO | step=39200 loss=0.0012 lr=1.41e-04 elapsed=3984s
2026-09-22 03:21:14 | INFO | step=39300 loss=0.0014 lr=1.40e-04 elapsed=3989s
2026-09-22 03:21:20 | INFO | step=39400 loss=0.0001 lr=1.40e-04 elapsed=3995s
2026-09-22 03:21:25 | INFO | step=39500 loss=0.0003 lr=1.40e-04 elapsed=4000s
2026-09-22 03:21:31 | INFO | step=39600 loss=0.0001 lr=1.39e-04 elapsed=4005s
2026-09-22 03:21:36 | INFO | step=39700 loss=0.0001 lr=1.39e-04 elapsed=4011s
2026-09-22 03:21:41 | INFO | step=39800 loss=0.0001 lr=1.39e-04 elapsed=4016s
2026-09-22 03:21:47 | INFO | step=39900 loss=0.0044 lr=1.39e-04 elapsed=4022s
2026-09-22 03:21:52 | INFO | step=40000 loss=0.0007 lr=1.38e-04 elapsed=4027s
2026-09-22 03:21:59 | INFO | [eval] step=40000 dev_loss=2.0753
2026-09-22 03:22:28 | INFO |   EM on dev subset (200 samples): 5.00%
2026-09-22 03:22:51 | INFO | step=40100 loss=0.0003 lr=1.38e-04 elapsed=4086s
2026-09-22 03:22:56 | INFO | step=40200 loss=0.0002 lr=1.38e-04 elapsed=4091s
2026-09-22 03:23:02 | INFO | step=40300 loss=0.0006 lr=1.37e-04 elapsed=4096s
2026-09-22 03:23:07 | INFO | step=40400 loss=0.0000 lr=1.37e-04 elapsed=4102s
2026-09-22 03:23:12 | INFO | step=40500 loss=0.0000 lr=1.37e-04 elapsed=4107s
2026-09-22 03:23:18 | INFO | step=40600 loss=0.0044 lr=1.36e-04 elapsed=4113s
2026-09-22 03:23:23 | INFO | step=40700 loss=0.0009 lr=1.36e-04 elapsed=4118s
2026-09-22 03:23:28 | INFO | step=40800 loss=0.0002 lr=1.36e-04 elapsed=4123s
2026-09-22 03:23:34 | INFO | step=40900 loss=0.0021 lr=1.36e-04 elapsed=4129s
2026-09-22 03:23:39 | INFO | step=41000 loss=0.0005 lr=1.35e-04 elapsed=4134s
2026-09-22 03:23:47 | INFO | [eval] step=41000 dev_loss=2.0753
2026-09-22 03:24:24 | INFO |   EM on dev subset (200 samples): 4.00%
2026-09-22 03:24:29 | INFO | step=41100 loss=0.0002 lr=1.35e-04 elapsed=4184s
2026-09-22 03:24:34 | INFO | step=41200 loss=0.0000 lr=1.35e-04 elapsed=4189s
2026-09-22 03:24:40 | INFO | step=41300 loss=0.0005 lr=1.34e-04 elapsed=4195s
2026-09-22 03:24:45 | INFO | step=41400 loss=0.0098 lr=1.34e-04 elapsed=4200s
2026-09-22 03:24:51 | INFO | step=41500 loss=0.0002 lr=1.34e-04 elapsed=4206s
2026-09-22 03:24:56 | INFO | step=41600 loss=0.0180 lr=1.33e-04 elapsed=4211s
2026-09-22 03:25:02 | INFO | step=41700 loss=0.0000 lr=1.33e-04 elapsed=4216s
2026-09-22 03:25:07 | INFO | step=41800 loss=0.0001 lr=1.33e-04 elapsed=4222s
2026-09-22 03:25:12 | INFO | step=41900 loss=0.0001 lr=1.32e-04 elapsed=4227s
2026-09-22 03:25:18 | INFO | step=42000 loss=0.0001 lr=1.32e-04 elapsed=4232s
2026-09-22 03:25:25 | INFO | [eval] step=42000 dev_loss=2.0747
2026-09-22 03:25:55 | INFO |   EM on dev subset (200 samples): 5.50%
2026-09-22 03:26:00 | INFO | step=42100 loss=0.0001 lr=1.32e-04 elapsed=4275s
2026-09-22 03:26:06 | INFO | step=42200 loss=0.0001 lr=1.32e-04 elapsed=4280s
2026-09-22 03:26:11 | INFO | step=42300 loss=0.0001 lr=1.31e-04 elapsed=4286s
2026-09-22 03:26:16 | INFO | step=42400 loss=0.0001 lr=1.31e-04 elapsed=4291s
2026-09-22 03:26:22 | INFO | step=42500 loss=0.0000 lr=1.31e-04 elapsed=4296s
2026-09-22 03:26:27 | INFO | step=42600 loss=0.0019 lr=1.30e-04 elapsed=4302s
2026-09-22 03:26:32 | INFO | step=42700 loss=0.0002 lr=1.30e-04 elapsed=4307s
2026-09-22 03:26:38 | INFO | step=42800 loss=0.0316 lr=1.30e-04 elapsed=4312s
2026-09-22 03:26:43 | INFO | step=42900 loss=0.0006 lr=1.29e-04 elapsed=4318s
2026-09-22 03:26:48 | INFO | step=43000 loss=0.0001 lr=1.29e-04 elapsed=4323s
2026-09-22 03:26:56 | INFO | [eval] step=43000 dev_loss=2.0725
2026-09-22 03:27:25 | INFO |   EM on dev subset (200 samples): 6.00%
2026-09-22 03:27:30 | INFO | step=43100 loss=0.0007 lr=1.29e-04 elapsed=4365s
2026-09-22 03:27:35 | INFO | step=43200 loss=0.0001 lr=1.28e-04 elapsed=4370s
2026-09-22 03:27:41 | INFO | step=43300 loss=0.0000 lr=1.28e-04 elapsed=4376s
2026-09-22 03:27:46 | INFO | step=43400 loss=0.0000 lr=1.28e-04 elapsed=4381s
2026-09-22 03:27:51 | INFO | step=43500 loss=0.0066 lr=1.27e-04 elapsed=4386s
2026-09-22 03:27:57 | INFO | step=43600 loss=0.0001 lr=1.27e-04 elapsed=4392s
2026-09-22 03:28:02 | INFO | step=43700 loss=0.0012 lr=1.27e-04 elapsed=4397s
2026-09-22 03:28:08 | INFO | step=43800 loss=0.0009 lr=1.27e-04 elapsed=4402s
2026-09-22 03:28:13 | INFO | step=43900 loss=0.0001 lr=1.26e-04 elapsed=4408s
2026-09-22 03:28:18 | INFO | step=44000 loss=0.0001 lr=1.26e-04 elapsed=4413s
2026-09-22 03:28:26 | INFO | [eval] step=44000 dev_loss=2.0735
2026-09-22 03:28:56 | INFO |   EM on dev subset (200 samples): 6.00%
2026-09-22 03:29:01 | INFO | step=44100 loss=0.0001 lr=1.26e-04 elapsed=4456s
2026-09-22 03:29:06 | INFO | step=44200 loss=0.0051 lr=1.25e-04 elapsed=4461s
2026-09-22 03:29:12 | INFO | step=44300 loss=0.0002 lr=1.25e-04 elapsed=4467s
2026-09-22 03:29:17 | INFO | step=44400 loss=0.0001 lr=1.25e-04 elapsed=4472s
2026-09-22 03:29:22 | INFO | step=44500 loss=0.0005 lr=1.24e-04 elapsed=4477s
2026-09-22 03:29:28 | INFO | step=44600 loss=0.0001 lr=1.24e-04 elapsed=4483s
2026-09-22 03:29:33 | INFO | step=44700 loss=0.0007 lr=1.24e-04 elapsed=4488s
2026-09-22 03:29:39 | INFO | step=44800 loss=0.0644 lr=1.23e-04 elapsed=4494s
2026-09-22 03:29:44 | INFO | step=44900 loss=0.0001 lr=1.23e-04 elapsed=4499s
2026-09-22 03:29:49 | INFO | step=45000 loss=0.0007 lr=1.23e-04 elapsed=4504s
2026-09-22 03:29:57 | INFO | [eval] step=45000 dev_loss=2.0736
2026-09-22 03:30:27 | INFO |   EM on dev subset (200 samples): 7.00%
2026-09-22 03:30:44 | INFO |   -> New best model saved (dev_loss=2.0736)
2026-09-22 03:30:50 | INFO | step=45100 loss=0.0025 lr=1.22e-04 elapsed=4564s
2026-09-22 03:30:55 | INFO | step=45200 loss=0.0000 lr=1.22e-04 elapsed=4570s
2026-09-22 03:31:00 | INFO | step=45300 loss=0.0000 lr=1.22e-04 elapsed=4575s
2026-09-22 03:31:06 | INFO | step=45400 loss=0.0001 lr=1.21e-04 elapsed=4580s
2026-09-22 03:31:11 | INFO | step=45500 loss=0.0006 lr=1.21e-04 elapsed=4586s
2026-09-22 03:31:16 | INFO | step=45600 loss=0.0000 lr=1.21e-04 elapsed=4591s
2026-09-22 03:31:22 | INFO | step=45700 loss=0.0001 lr=1.20e-04 elapsed=4597s
2026-09-22 03:31:27 | INFO | step=45800 loss=0.0001 lr=1.20e-04 elapsed=4602s
2026-09-22 03:31:32 | INFO | step=45900 loss=0.0004 lr=1.20e-04 elapsed=4607s
2026-09-22 03:31:38 | INFO | step=46000 loss=0.0031 lr=1.20e-04 elapsed=4613s
2026-09-22 03:31:45 | INFO | [eval] step=46000 dev_loss=2.0737
2026-09-22 03:32:15 | INFO |   EM on dev subset (200 samples): 6.50%
2026-09-22 03:32:20 | INFO | step=46100 loss=0.0010 lr=1.19e-04 elapsed=4655s
2026-09-22 03:32:26 | INFO | step=46200 loss=0.0002 lr=1.19e-04 elapsed=4661s
2026-09-22 03:32:31 | INFO | step=46300 loss=0.0001 lr=1.19e-04 elapsed=4666s
2026-09-22 03:32:36 | INFO | step=46400 loss=0.0001 lr=1.18e-04 elapsed=4671s
2026-09-22 03:32:42 | INFO | step=46500 loss=0.0184 lr=1.18e-04 elapsed=4677s
2026-09-22 03:32:47 | INFO | step=46600 loss=0.0009 lr=1.18e-04 elapsed=4682s
2026-09-22 03:32:53 | INFO | step=46700 loss=0.0000 lr=1.17e-04 elapsed=4687s
2026-09-22 03:32:58 | INFO | step=46800 loss=0.0001 lr=1.17e-04 elapsed=4693s
2026-09-22 03:33:03 | INFO | step=46900 loss=0.0000 lr=1.17e-04 elapsed=4698s
2026-09-22 03:33:09 | INFO | step=47000 loss=0.0001 lr=1.16e-04 elapsed=4704s
2026-09-22 03:33:16 | INFO | [eval] step=47000 dev_loss=2.0740
2026-09-22 03:33:45 | INFO |   EM on dev subset (200 samples): 4.50%
2026-09-22 03:33:50 | INFO | step=47100 loss=0.0001 lr=1.16e-04 elapsed=4745s
2026-09-22 03:33:56 | INFO | step=47200 loss=0.0003 lr=1.16e-04 elapsed=4751s
2026-09-22 03:34:01 | INFO | step=47300 loss=0.0059 lr=1.15e-04 elapsed=4756s
2026-09-22 03:34:07 | INFO | step=47400 loss=0.0000 lr=1.15e-04 elapsed=4761s
2026-09-22 03:34:12 | INFO | step=47500 loss=0.0002 lr=1.15e-04 elapsed=4767s
2026-09-22 03:34:17 | INFO | step=47600 loss=0.0001 lr=1.14e-04 elapsed=4772s
2026-09-22 03:34:23 | INFO | step=47700 loss=0.0000 lr=1.14e-04 elapsed=4778s
2026-09-22 03:34:28 | INFO | step=47800 loss=0.0058 lr=1.14e-04 elapsed=4783s
2026-09-22 03:34:33 | INFO | step=47900 loss=0.0002 lr=1.13e-04 elapsed=4788s
2026-09-22 03:34:39 | INFO | step=48000 loss=0.0002 lr=1.13e-04 elapsed=4794s
2026-09-22 03:34:46 | INFO | [eval] step=48000 dev_loss=2.0735
2026-09-22 03:35:16 | INFO |   EM on dev subset (200 samples): 7.00%
2026-09-22 03:35:22 | INFO | step=48100 loss=0.0211 lr=1.13e-04 elapsed=4836s
2026-09-22 03:35:27 | INFO | step=48200 loss=0.0000 lr=1.12e-04 elapsed=4842s
2026-09-22 03:35:32 | INFO | step=48300 loss=0.0000 lr=1.12e-04 elapsed=4847s
2026-09-22 03:35:38 | INFO | step=48400 loss=0.0002 lr=1.12e-04 elapsed=4853s
2026-09-22 03:35:43 | INFO | step=48500 loss=0.0004 lr=1.11e-04 elapsed=4858s
2026-09-22 03:35:48 | INFO | step=48600 loss=0.0000 lr=1.11e-04 elapsed=4863s
2026-09-22 03:35:54 | INFO | step=48700 loss=0.0013 lr=1.11e-04 elapsed=4869s
2026-09-22 03:35:59 | INFO | step=48800 loss=0.0000 lr=1.10e-04 elapsed=4874s
2026-09-22 03:36:04 | INFO | step=48900 loss=0.0000 lr=1.10e-04 elapsed=4879s
2026-09-22 03:36:10 | INFO | step=49000 loss=0.0000 lr=1.10e-04 elapsed=4884s
2026-09-22 03:36:17 | INFO | [eval] step=49000 dev_loss=2.0737
2026-09-22 03:36:45 | INFO |   EM on dev subset (200 samples): 6.00%
2026-09-22 03:36:51 | INFO | step=49100 loss=0.0000 lr=1.09e-04 elapsed=4926s
2026-09-22 03:36:56 | INFO | step=49200 loss=0.0000 lr=1.09e-04 elapsed=4931s
2026-09-22 03:37:01 | INFO | step=49300 loss=0.0001 lr=1.09e-04 elapsed=4936s
2026-09-22 03:37:07 | INFO | step=49400 loss=0.0005 lr=1.08e-04 elapsed=4942s
2026-09-22 03:37:12 | INFO | step=49500 loss=0.0000 lr=1.08e-04 elapsed=4947s
2026-09-22 03:37:17 | INFO | step=49600 loss=0.0019 lr=1.08e-04 elapsed=4952s
2026-09-22 03:37:23 | INFO | step=49700 loss=0.0005 lr=1.08e-04 elapsed=4958s
2026-09-22 03:37:28 | INFO | step=49800 loss=0.0002 lr=1.07e-04 elapsed=4963s
2026-09-22 03:37:34 | INFO | step=49900 loss=0.0001 lr=1.07e-04 elapsed=4968s
2026-09-22 03:37:39 | INFO | step=50000 loss=0.0002 lr=1.07e-04 elapsed=4974s
2026-09-22 03:37:46 | INFO | [eval] step=50000 dev_loss=2.0735
2026-09-22 03:38:16 | INFO |   EM on dev subset (200 samples): 5.50%
2026-09-22 03:38:39 | INFO | step=50100 loss=0.0000 lr=1.06e-04 elapsed=5034s
2026-09-22 03:38:44 | INFO | step=50200 loss=0.0000 lr=1.06e-04 elapsed=5039s
2026-09-22 03:38:49 | INFO | step=50300 loss=0.0001 lr=1.06e-04 elapsed=5044s
2026-09-22 03:38:55 | INFO | step=50400 loss=0.0000 lr=1.05e-04 elapsed=5050s
2026-09-22 03:39:00 | INFO | step=50500 loss=0.0000 lr=1.05e-04 elapsed=5055s
2026-09-22 03:39:06 | INFO | step=50600 loss=0.0004 lr=1.05e-04 elapsed=5060s
2026-09-22 03:39:11 | INFO | step=50700 loss=0.0000 lr=1.04e-04 elapsed=5066s
2026-09-22 03:39:16 | INFO | step=50800 loss=0.0000 lr=1.04e-04 elapsed=5071s
2026-09-22 03:39:22 | INFO | step=50900 loss=0.0157 lr=1.04e-04 elapsed=5076s
2026-09-22 03:39:27 | INFO | step=51000 loss=0.0161 lr=1.03e-04 elapsed=5082s
2026-09-22 03:39:34 | INFO | [eval] step=51000 dev_loss=2.0736
2026-09-22 03:40:03 | INFO |   EM on dev subset (200 samples): 6.00%
2026-09-22 03:40:09 | INFO | step=51100 loss=0.0000 lr=1.03e-04 elapsed=5124s
2026-09-22 03:40:14 | INFO | step=51200 loss=0.0003 lr=1.03e-04 elapsed=5129s
2026-09-22 03:40:19 | INFO | step=51300 loss=0.0004 lr=1.02e-04 elapsed=5134s
2026-09-22 03:40:25 | INFO | step=51400 loss=0.0002 lr=1.02e-04 elapsed=5140s
2026-09-22 03:40:30 | INFO | step=51500 loss=0.0000 lr=1.02e-04 elapsed=5145s
2026-09-22 03:40:35 | INFO | step=51600 loss=0.0004 lr=1.01e-04 elapsed=5150s
2026-09-22 03:40:41 | INFO | step=51700 loss=0.0001 lr=1.01e-04 elapsed=5156s
2026-09-22 03:40:46 | INFO | step=51800 loss=0.0002 lr=1.01e-04 elapsed=5161s
2026-09-22 03:40:51 | INFO | step=51900 loss=0.0001 lr=1.00e-04 elapsed=5166s
2026-09-22 03:40:57 | INFO | step=52000 loss=0.0074 lr=1.00e-04 elapsed=5172s
2026-09-22 03:41:04 | INFO | [eval] step=52000 dev_loss=2.0736
2026-09-22 03:41:34 | INFO |   EM on dev subset (200 samples): 6.50%
2026-09-22 03:41:40 | INFO | step=52100 loss=0.0002 lr=9.97e-05 elapsed=5214s
2026-09-22 03:41:45 | INFO | step=52200 loss=0.0134 lr=9.93e-05 elapsed=5220s
2026-09-22 03:41:50 | INFO | step=52300 loss=0.0022 lr=9.90e-05 elapsed=5225s
2026-09-22 03:41:56 | INFO | step=52400 loss=0.0004 lr=9.87e-05 elapsed=5230s
2026-09-22 03:42:01 | INFO | step=52500 loss=0.0001 lr=9.84e-05 elapsed=5236s
2026-09-22 03:42:06 | INFO | step=52600 loss=0.0001 lr=9.80e-05 elapsed=5241s
2026-09-22 03:42:12 | INFO | step=52700 loss=0.0001 lr=9.77e-05 elapsed=5247s
2026-09-22 03:42:17 | INFO | step=52800 loss=0.0004 lr=9.74e-05 elapsed=5252s
2026-09-22 03:42:22 | INFO | step=52900 loss=0.0001 lr=9.71e-05 elapsed=5257s
2026-09-22 03:42:28 | INFO | step=53000 loss=0.0000 lr=9.67e-05 elapsed=5263s
2026-09-22 03:42:35 | INFO | [eval] step=53000 dev_loss=2.0732
2026-09-22 03:43:05 | INFO |   EM on dev subset (200 samples): 6.00%
2026-09-22 03:43:10 | INFO | step=53100 loss=0.0001 lr=9.64e-05 elapsed=5305s
2026-09-22 03:43:16 | INFO | step=53200 loss=0.0002 lr=9.61e-05 elapsed=5311s
2026-09-22 03:43:21 | INFO | step=53300 loss=0.0070 lr=9.57e-05 elapsed=5316s
2026-09-22 03:43:27 | INFO | step=53400 loss=0.0000 lr=9.54e-05 elapsed=5321s
2026-09-22 03:43:32 | INFO | step=53500 loss=0.0006 lr=9.51e-05 elapsed=5327s
2026-09-22 03:43:37 | INFO | step=53600 loss=0.0002 lr=9.48e-05 elapsed=5332s
2026-09-22 03:43:43 | INFO | step=53700 loss=0.0015 lr=9.44e-05 elapsed=5337s
2026-09-22 03:43:48 | INFO | step=53800 loss=0.0010 lr=9.41e-05 elapsed=5343s
2026-09-22 03:43:53 | INFO | step=53900 loss=0.0000 lr=9.38e-05 elapsed=5348s
2026-09-22 03:43:59 | INFO | step=54000 loss=0.0000 lr=9.35e-05 elapsed=5354s
2026-09-22 03:44:06 | INFO | [eval] step=54000 dev_loss=2.0732
2026-09-22 03:44:35 | INFO |   EM on dev subset (200 samples): 6.00%
2026-09-22 03:44:40 | INFO | step=54100 loss=0.0008 lr=9.31e-05 elapsed=5395s
2026-09-22 03:44:46 | INFO | step=54200 loss=0.0001 lr=9.28e-05 elapsed=5401s
2026-09-22 03:44:51 | INFO | step=54300 loss=0.0002 lr=9.25e-05 elapsed=5406s
2026-09-22 03:44:57 | INFO | step=54400 loss=0.0000 lr=9.22e-05 elapsed=5411s
2026-09-22 03:45:02 | INFO | step=54500 loss=0.0000 lr=9.18e-05 elapsed=5417s
2026-09-22 03:45:07 | INFO | step=54600 loss=0.0000 lr=9.15e-05 elapsed=5422s
2026-09-22 03:45:13 | INFO | step=54700 loss=0.0000 lr=9.12e-05 elapsed=5428s
2026-09-22 03:45:18 | INFO | step=54800 loss=0.0000 lr=9.08e-05 elapsed=5433s
2026-09-22 03:45:23 | INFO | step=54900 loss=0.0002 lr=9.05e-05 elapsed=5438s
2026-09-22 03:45:29 | INFO | step=55000 loss=0.0002 lr=9.02e-05 elapsed=5444s
2026-09-22 03:45:36 | INFO | [eval] step=55000 dev_loss=2.0735
2026-09-22 03:46:06 | INFO |   EM on dev subset (200 samples): 6.00%
2026-09-22 03:46:12 | INFO | step=55100 loss=0.0001 lr=8.99e-05 elapsed=5487s
2026-09-22 03:46:17 | INFO | step=55200 loss=0.0003 lr=8.95e-05 elapsed=5492s
2026-09-22 03:46:22 | INFO | step=55300 loss=0.0001 lr=8.92e-05 elapsed=5497s
2026-09-22 03:46:28 | INFO | step=55400 loss=0.0000 lr=8.89e-05 elapsed=5503s
2026-09-22 03:46:33 | INFO | step=55500 loss=0.0002 lr=8.86e-05 elapsed=5508s
2026-09-22 03:46:38 | INFO | step=55600 loss=0.0000 lr=8.82e-05 elapsed=5513s
2026-09-22 03:46:44 | INFO | step=55700 loss=0.0000 lr=8.79e-05 elapsed=5519s
2026-09-22 03:46:49 | INFO | step=55800 loss=0.0000 lr=8.76e-05 elapsed=5524s
2026-09-22 03:46:54 | INFO | step=55900 loss=0.0008 lr=8.73e-05 elapsed=5529s
2026-09-22 03:47:00 | INFO | step=56000 loss=0.0000 lr=8.69e-05 elapsed=5535s
2026-09-22 03:47:07 | INFO | [eval] step=56000 dev_loss=2.0733
2026-09-22 03:47:37 | INFO |   EM on dev subset (200 samples): 5.50%
2026-09-22 03:47:43 | INFO | step=56100 loss=0.0000 lr=8.66e-05 elapsed=5577s
2026-09-22 03:47:48 | INFO | step=56200 loss=0.0001 lr=8.63e-05 elapsed=5583s
2026-09-22 03:47:53 | INFO | step=56300 loss=0.0105 lr=8.60e-05 elapsed=5588s
2026-09-22 03:47:59 | INFO | step=56400 loss=0.0005 lr=8.57e-05 elapsed=5593s
2026-09-22 03:48:04 | INFO | step=56500 loss=0.0000 lr=8.53e-05 elapsed=5599s
2026-09-22 03:48:09 | INFO | step=56600 loss=0.0006 lr=8.50e-05 elapsed=5604s
2026-09-22 03:48:15 | INFO | step=56700 loss=0.0000 lr=8.47e-05 elapsed=5610s
2026-09-22 03:48:20 | INFO | step=56800 loss=0.0000 lr=8.44e-05 elapsed=5615s
2026-09-22 03:48:25 | INFO | step=56900 loss=0.0854 lr=8.40e-05 elapsed=5620s
2026-09-22 03:48:31 | INFO | step=57000 loss=0.0000 lr=8.37e-05 elapsed=5626s
2026-09-22 03:48:38 | INFO | [eval] step=57000 dev_loss=2.0732
2026-09-22 03:49:08 | INFO |   EM on dev subset (200 samples): 7.00%
2026-09-22 03:49:13 | INFO | step=57100 loss=0.0007 lr=8.34e-05 elapsed=5668s
2026-09-22 03:49:19 | INFO | step=57200 loss=0.0005 lr=8.31e-05 elapsed=5674s
2026-09-22 03:49:24 | INFO | step=57300 loss=0.0014 lr=8.27e-05 elapsed=5679s
2026-09-22 03:49:30 | INFO | step=57400 loss=0.0000 lr=8.24e-05 elapsed=5684s
2026-09-22 03:49:35 | INFO | step=57500 loss=0.0000 lr=8.21e-05 elapsed=5690s
2026-09-22 03:49:40 | INFO | step=57600 loss=0.0000 lr=8.18e-05 elapsed=5695s
2026-09-22 03:49:46 | INFO | step=57700 loss=0.0001 lr=8.15e-05 elapsed=5701s
2026-09-22 03:49:51 | INFO | step=57800 loss=0.0002 lr=8.11e-05 elapsed=5706s
2026-09-22 03:49:56 | INFO | step=57900 loss=0.0011 lr=8.08e-05 elapsed=5711s
2026-09-22 03:50:02 | INFO | step=58000 loss=0.0377 lr=8.05e-05 elapsed=5717s
2026-09-22 03:50:09 | INFO | [eval] step=58000 dev_loss=2.0730
2026-09-22 03:50:39 | INFO |   EM on dev subset (200 samples): 6.50%
2026-09-22 03:50:44 | INFO | step=58100 loss=0.0100 lr=8.02e-05 elapsed=5759s
2026-09-22 03:50:50 | INFO | step=58200 loss=0.0000 lr=7.98e-05 elapsed=5765s
2026-09-22 03:50:55 | INFO | step=58300 loss=0.0000 lr=7.95e-05 elapsed=5770s
2026-09-22 03:51:01 | INFO | step=58400 loss=0.0007 lr=7.92e-05 elapsed=5775s
2026-09-22 03:51:06 | INFO | step=58500 loss=0.0010 lr=7.89e-05 elapsed=5781s
2026-09-22 03:51:11 | INFO | step=58600 loss=0.0166 lr=7.86e-05 elapsed=5786s
2026-09-22 03:51:17 | INFO | step=58700 loss=0.0001 lr=7.82e-05 elapsed=5792s
2026-09-22 03:51:22 | INFO | step=58800 loss=0.0000 lr=7.79e-05 elapsed=5797s
2026-09-22 03:51:27 | INFO | step=58900 loss=0.0000 lr=7.76e-05 elapsed=5802s
2026-09-22 03:51:33 | INFO | step=59000 loss=0.0067 lr=7.73e-05 elapsed=5808s
2026-09-22 03:51:40 | INFO | [eval] step=59000 dev_loss=2.0729
2026-09-22 03:52:10 | INFO |   EM on dev subset (200 samples): 7.00%
2026-09-22 03:52:15 | INFO | step=59100 loss=0.0000 lr=7.70e-05 elapsed=5850s
2026-09-22 03:52:21 | INFO | step=59200 loss=0.0001 lr=7.67e-05 elapsed=5856s
2026-09-22 03:52:26 | INFO | step=59300 loss=0.0000 lr=7.63e-05 elapsed=5861s
2026-09-22 03:52:31 | INFO | step=59400 loss=0.0000 lr=7.60e-05 elapsed=5866s
2026-09-22 03:52:37 | INFO | step=59500 loss=0.0001 lr=7.57e-05 elapsed=5872s
2026-09-22 03:52:42 | INFO | step=59600 loss=0.0073 lr=7.54e-05 elapsed=5877s
2026-09-22 03:52:48 | INFO | step=59700 loss=0.0001 lr=7.51e-05 elapsed=5882s
2026-09-22 03:52:53 | INFO | step=59800 loss=0.0000 lr=7.48e-05 elapsed=5888s
2026-09-22 03:52:58 | INFO | step=59900 loss=0.0000 lr=7.44e-05 elapsed=5893s
2026-09-22 03:53:04 | INFO | step=60000 loss=0.0000 lr=7.41e-05 elapsed=5898s
2026-09-22 03:53:11 | INFO | [eval] step=60000 dev_loss=2.0730
2026-09-22 03:53:41 | INFO |   EM on dev subset (200 samples): 7.00%
2026-09-22 03:54:03 | INFO | step=60100 loss=0.0000 lr=7.38e-05 elapsed=5958s
2026-09-22 03:54:09 | INFO | step=60200 loss=0.0000 lr=7.35e-05 elapsed=5964s
2026-09-22 03:54:14 | INFO | step=60300 loss=0.0001 lr=7.32e-05 elapsed=5969s
2026-09-22 03:54:19 | INFO | step=60400 loss=0.0001 lr=7.29e-05 elapsed=5974s
2026-09-22 03:54:25 | INFO | step=60500 loss=0.0000 lr=7.25e-05 elapsed=5979s
2026-09-22 03:54:30 | INFO | step=60600 loss=0.0000 lr=7.22e-05 elapsed=5985s
2026-09-22 03:54:35 | INFO | step=60700 loss=0.0000 lr=7.19e-05 elapsed=5990s
2026-09-22 03:54:40 | INFO | step=60800 loss=0.0001 lr=7.16e-05 elapsed=5995s
2026-09-22 03:54:46 | INFO | step=60900 loss=0.0003 lr=7.13e-05 elapsed=6001s
2026-09-22 03:54:51 | INFO | step=61000 loss=0.0000 lr=7.10e-05 elapsed=6006s
2026-09-22 03:54:59 | INFO | [eval] step=61000 dev_loss=2.0730
2026-09-22 03:55:29 | INFO |   EM on dev subset (200 samples): 6.00%
2026-09-22 03:55:34 | INFO | step=61100 loss=0.0018 lr=7.07e-05 elapsed=6049s
2026-09-22 03:55:39 | INFO | step=61200 loss=0.0000 lr=7.03e-05 elapsed=6054s
2026-09-22 03:55:44 | INFO | step=61300 loss=0.0000 lr=7.00e-05 elapsed=6059s
2026-09-22 03:55:50 | INFO | step=61400 loss=0.0000 lr=6.97e-05 elapsed=6065s
2026-09-22 03:55:55 | INFO | step=61500 loss=0.0002 lr=6.94e-05 elapsed=6070s
2026-09-22 03:56:01 | INFO | step=61600 loss=0.0000 lr=6.91e-05 elapsed=6075s
2026-09-22 03:56:06 | INFO | step=61700 loss=0.0003 lr=6.88e-05 elapsed=6081s
2026-09-22 03:56:11 | INFO | step=61800 loss=0.0000 lr=6.85e-05 elapsed=6086s
2026-09-22 03:56:17 | INFO | step=61900 loss=0.0000 lr=6.82e-05 elapsed=6092s
2026-09-22 03:56:22 | INFO | step=62000 loss=0.0000 lr=6.79e-05 elapsed=6097s
2026-09-22 03:56:30 | INFO | [eval] step=62000 dev_loss=2.0728
2026-09-22 03:56:59 | INFO |   EM on dev subset (200 samples): 7.00%
2026-09-22 03:57:05 | INFO | step=62100 loss=0.0000 lr=6.75e-05 elapsed=6140s
2026-09-22 03:57:10 | INFO | step=62200 loss=0.0000 lr=6.72e-05 elapsed=6145s
2026-09-22 03:57:15 | INFO | step=62300 loss=0.0012 lr=6.69e-05 elapsed=6150s
2026-09-22 03:57:21 | INFO | step=62400 loss=0.0124 lr=6.66e-05 elapsed=6156s
2026-09-22 03:57:26 | INFO | step=62500 loss=0.0000 lr=6.63e-05 elapsed=6161s
2026-09-22 03:57:32 | INFO | step=62600 loss=0.0000 lr=6.60e-05 elapsed=6167s
2026-09-22 03:57:37 | INFO | step=62700 loss=0.0273 lr=6.57e-05 elapsed=6172s
2026-09-22 03:57:42 | INFO | step=62800 loss=0.0001 lr=6.54e-05 elapsed=6177s
2026-09-22 03:57:48 | INFO | step=62900 loss=0.0001 lr=6.51e-05 elapsed=6183s
2026-09-22 03:57:53 | INFO | step=63000 loss=0.0000 lr=6.48e-05 elapsed=6188s
2026-09-22 03:58:00 | INFO | [eval] step=63000 dev_loss=2.0729
2026-09-22 03:58:30 | INFO |   EM on dev subset (200 samples): 6.50%
2026-09-22 03:58:36 | INFO | step=63100 loss=0.0000 lr=6.45e-05 elapsed=6231s
2026-09-22 03:58:41 | INFO | step=63200 loss=0.0000 lr=6.42e-05 elapsed=6236s
2026-09-22 03:58:46 | INFO | step=63300 loss=0.0000 lr=6.39e-05 elapsed=6241s
2026-09-22 03:58:52 | INFO | step=63400 loss=0.0000 lr=6.36e-05 elapsed=6246s
2026-09-22 03:58:57 | INFO | step=63500 loss=0.0000 lr=6.32e-05 elapsed=6252s
2026-09-22 03:59:02 | INFO | step=63600 loss=0.0000 lr=6.29e-05 elapsed=6257s
2026-09-22 03:59:08 | INFO | step=63700 loss=0.0000 lr=6.26e-05 elapsed=6262s
2026-09-22 03:59:13 | INFO | step=63800 loss=0.0000 lr=6.23e-05 elapsed=6268s
2026-09-22 03:59:18 | INFO | step=63900 loss=0.0001 lr=6.20e-05 elapsed=6273s
2026-09-22 03:59:24 | INFO | step=64000 loss=0.0001 lr=6.17e-05 elapsed=6279s
2026-09-22 03:59:31 | INFO | [eval] step=64000 dev_loss=2.0731
2026-09-22 04:00:01 | INFO |   EM on dev subset (200 samples): 7.00%
2026-09-22 04:00:06 | INFO | step=64100 loss=0.0000 lr=6.14e-05 elapsed=6321s
2026-09-22 04:00:12 | INFO | step=64200 loss=0.0000 lr=6.11e-05 elapsed=6327s
2026-09-22 04:00:17 | INFO | step=64300 loss=0.0005 lr=6.08e-05 elapsed=6332s
2026-09-22 04:00:23 | INFO | step=64400 loss=0.0000 lr=6.05e-05 elapsed=6337s
2026-09-22 04:00:28 | INFO | step=64500 loss=0.0000 lr=6.02e-05 elapsed=6343s
2026-09-22 04:00:33 | INFO | step=64600 loss=0.0000 lr=5.99e-05 elapsed=6348s
2026-09-22 04:00:39 | INFO | step=64700 loss=0.0000 lr=5.96e-05 elapsed=6353s
2026-09-22 04:00:44 | INFO | step=64800 loss=0.0000 lr=5.93e-05 elapsed=6359s
2026-09-22 04:00:49 | INFO | step=64900 loss=0.0000 lr=5.90e-05 elapsed=6364s
2026-09-22 04:00:55 | INFO | step=65000 loss=0.0000 lr=5.87e-05 elapsed=6370s
2026-09-22 04:01:02 | INFO | [eval] step=65000 dev_loss=2.0729
2026-09-22 04:01:32 | INFO |   EM on dev subset (200 samples): 7.00%
2026-09-22 04:01:32 | INFO | Early stopping triggered.
2026-09-22 04:01:32 | INFO | Training complete. Best dev loss: 2.0736
