[GPU1 PAIRING ABLATION CHAIN START] 2026. 09. 12. (토) 08:49:03 KST
[TRAIN START random_fixed s42 bs=32] 2026. 09. 12. (토) 08:49:03 KST
[TRAIN DONE random_fixed s42 rc=0] 2026. 09. 12. (토) 09:25:52 KST
[EVAL START random_fixed s42] 2026. 09. 12. (토) 09:25:52 KST
[EVAL DONE random_fixed s42 rc=0] 2026. 09. 12. (토) 09:26:05 KST
[TRAIN START random_fixed s43 bs=32] 2026. 09. 12. (토) 09:26:05 KST
[TRAIN DONE random_fixed s43 rc=0] 2026. 09. 12. (토) 10:03:10 KST
[EVAL START random_fixed s43] 2026. 09. 12. (토) 10:03:10 KST
[EVAL DONE random_fixed s43 rc=0] 2026. 09. 12. (토) 10:03:23 KST
[TRAIN START random_fixed s44 bs=32] 2026. 09. 12. (토) 10:03:23 KST
[TRAIN DONE random_fixed s44 rc=0] 2026. 09. 12. (토) 10:40:24 KST
[EVAL START random_fixed s44] 2026. 09. 12. (토) 10:40:24 KST
[EVAL DONE random_fixed s44 rc=0] 2026. 09. 12. (토) 10:40:36 KST
[TRAIN START learned s42 bs=32] 2026. 09. 12. (토) 10:40:36 KST
[TRAIN DONE learned s42 rc=0] 2026. 09. 12. (토) 11:19:26 KST
[EVAL START learned s42] 2026. 09. 12. (토) 11:19:26 KST
[EVAL DONE learned s42 rc=0] 2026. 09. 12. (토) 11:19:38 KST
[TRAIN START learned s43 bs=32] 2026. 09. 12. (토) 11:19:39 KST
[TRAIN DONE learned s43 rc=0] 2026. 09. 12. (토) 11:57:59 KST
[EVAL START learned s43] 2026. 09. 12. (토) 11:57:59 KST
[EVAL DONE learned s43 rc=0] 2026. 09. 12. (토) 11:58:12 KST
[TRAIN START learned s44 bs=32] 2026. 09. 12. (토) 11:58:12 KST
[TRAIN DONE learned s44 rc=0] 2026. 09. 12. (토) 12:36:53 KST
[EVAL START learned s44] 2026. 09. 12. (토) 12:36:53 KST
[EVAL DONE learned s44 rc=0] 2026. 09. 12. (토) 12:37:06 KST
[GPU1 PAIRING ABLATION CHAIN DONE] 2026. 09. 12. (토) 12:37:06 KST
