2026-09-13 05:18:43 | INFO | Device: cuda
2026-09-13 05:18:46 | INFO | Model: relational, k=8, params=464.5M
2026-09-13 05:18:46 | INFO | Training on 7473 examples, eval on 1319
2026-09-13 05:18:46 | INFO | Config: TrainingConfig(model_type='relational', hidden_dim=512, num_encoder_layers=12, num_decoder_layers=12, num_heads=8, num_attributes=8, use_gating=True, use_mixing=True, pairing_strategy='cyclic', pairing_seed=1234, ffn_dim=2048, max_seq_len=512, dropout=0.1, vocab_size=32000, learning_rate=0.0002, weight_decay=0.01, warmup_steps=4000, max_steps=80000, batch_size=32, gradient_accumulation=1, max_grad_norm=1.0, label_smoothing=0.1, eval_every=1000, save_every=10000, patience=20, eval_by_em=False, dataset='gsm8k', nas_dir='/nas/Dataset/nlp', max_src_len=256, max_tgt_len=64, seed=47, num_workers=4, fp16=False, output_dir='/nas/Dataset/experiments/relational-attention/muhiddin_outputs/relational_125m_gsm8k_s47', log_every=100, copy_mechanism=False, num_copy_heads=1)
2026-09-13 05:18:48 | INFO | step=0 loss=10.3624 lr=0.00e+00 elapsed=1s
2026-09-13 05:19:42 | INFO | step=100 loss=8.3670 lr=5.00e-06 elapsed=55s
2026-09-13 05:20:36 | INFO | step=200 loss=7.8513 lr=1.00e-05 elapsed=110s
2026-09-13 05:21:30 | INFO | step=300 loss=6.6956 lr=1.50e-05 elapsed=163s
2026-09-13 05:22:23 | INFO | step=400 loss=5.2924 lr=2.00e-05 elapsed=217s
2026-09-13 05:23:17 | INFO | step=500 loss=3.9069 lr=2.50e-05 elapsed=271s
2026-09-13 05:24:12 | INFO | step=600 loss=3.4870 lr=3.00e-05 elapsed=325s
2026-09-13 05:25:06 | INFO | step=700 loss=2.9891 lr=3.50e-05 elapsed=380s
2026-09-13 05:26:01 | INFO | step=800 loss=2.7419 lr=4.00e-05 elapsed=435s
2026-09-13 05:26:56 | INFO | step=900 loss=2.7037 lr=4.50e-05 elapsed=490s
2026-09-13 05:27:51 | INFO | step=1000 loss=2.5279 lr=5.00e-05 elapsed=544s
2026-09-13 05:27:54 | INFO | [eval] step=1000 dev_loss=4.0547
2026-09-13 05:28:11 | INFO |   -> New best model saved (dev_loss=4.0547)
2026-09-13 05:29:05 | INFO | step=1100 loss=2.6728 lr=5.50e-05 elapsed=619s
2026-09-13 05:30:00 | INFO | step=1200 loss=2.7194 lr=6.00e-05 elapsed=674s
2026-09-13 05:30:55 | INFO | step=1300 loss=3.0846 lr=6.50e-05 elapsed=729s
2026-09-13 05:31:49 | INFO | step=1400 loss=2.5532 lr=7.00e-05 elapsed=782s
2026-09-13 05:32:44 | INFO | step=1500 loss=2.5445 lr=7.50e-05 elapsed=838s
2026-09-13 05:33:38 | INFO | step=1600 loss=2.5724 lr=8.00e-05 elapsed=892s
2026-09-13 05:34:32 | INFO | step=1700 loss=2.5910 lr=8.50e-05 elapsed=946s
2026-09-13 05:35:27 | INFO | step=1800 loss=2.6976 lr=9.00e-05 elapsed=1000s
2026-09-13 05:36:21 | INFO | step=1900 loss=2.3583 lr=9.50e-05 elapsed=1055s
2026-09-13 05:37:16 | INFO | step=2000 loss=2.5053 lr=1.00e-04 elapsed=1109s
2026-09-13 05:37:19 | INFO | [eval] step=2000 dev_loss=4.5171
2026-09-13 05:38:14 | INFO | step=2100 loss=2.4276 lr=1.05e-04 elapsed=1167s
2026-09-13 05:39:08 | INFO | step=2200 loss=2.5364 lr=1.10e-04 elapsed=1221s
2026-09-13 05:40:02 | INFO | step=2300 loss=2.5501 lr=1.15e-04 elapsed=1276s
2026-09-13 05:40:56 | INFO | step=2400 loss=2.1300 lr=1.20e-04 elapsed=1330s
2026-09-13 05:41:50 | INFO | step=2500 loss=2.3902 lr=1.25e-04 elapsed=1384s
2026-09-13 05:42:44 | INFO | step=2600 loss=1.9896 lr=1.30e-04 elapsed=1437s
2026-09-13 05:43:37 | INFO | step=2700 loss=2.2235 lr=1.35e-04 elapsed=1491s
2026-09-13 05:44:33 | INFO | step=2800 loss=2.3123 lr=1.40e-04 elapsed=1546s
2026-09-13 05:45:27 | INFO | step=2900 loss=2.2499 lr=1.45e-04 elapsed=1600s
2026-09-13 05:46:22 | INFO | step=3000 loss=2.0580 lr=1.50e-04 elapsed=1656s
2026-09-13 05:46:25 | INFO | [eval] step=3000 dev_loss=5.1927
2026-09-13 05:47:20 | INFO | step=3100 loss=1.9942 lr=1.55e-04 elapsed=1713s
2026-09-13 05:48:14 | INFO | step=3200 loss=1.7668 lr=1.60e-04 elapsed=1767s
2026-09-13 05:49:09 | INFO | step=3300 loss=2.0701 lr=1.65e-04 elapsed=1823s
2026-09-13 05:50:04 | INFO | step=3400 loss=2.1233 lr=1.70e-04 elapsed=1878s
2026-09-13 05:50:59 | INFO | step=3500 loss=1.7384 lr=1.75e-04 elapsed=1933s
2026-09-13 05:51:53 | INFO | step=3600 loss=1.9111 lr=1.80e-04 elapsed=1987s
2026-09-13 05:52:48 | INFO | step=3700 loss=1.8812 lr=1.85e-04 elapsed=2041s
2026-09-13 05:53:42 | INFO | step=3800 loss=1.8605 lr=1.90e-04 elapsed=2096s
2026-09-13 05:54:36 | INFO | step=3900 loss=1.7376 lr=1.95e-04 elapsed=2149s
2026-09-13 05:55:30 | INFO | step=4000 loss=1.7071 lr=2.00e-04 elapsed=2204s
2026-09-13 05:55:34 | INFO | [eval] step=4000 dev_loss=5.6911
2026-09-13 05:56:28 | INFO | step=4100 loss=2.0888 lr=2.00e-04 elapsed=2261s
2026-09-13 05:57:23 | INFO | step=4200 loss=1.7001 lr=2.00e-04 elapsed=2316s
2026-09-13 05:58:17 | INFO | step=4300 loss=1.8521 lr=2.00e-04 elapsed=2371s
2026-09-13 05:59:12 | INFO | step=4400 loss=1.8485 lr=2.00e-04 elapsed=2425s
2026-09-13 06:00:08 | INFO | step=4500 loss=1.5436 lr=2.00e-04 elapsed=2481s
2026-09-13 06:01:02 | INFO | step=4600 loss=1.5493 lr=2.00e-04 elapsed=2535s
2026-09-13 06:01:57 | INFO | step=4700 loss=1.6573 lr=2.00e-04 elapsed=2590s
2026-09-13 06:02:51 | INFO | step=4800 loss=1.7521 lr=2.00e-04 elapsed=2645s
2026-09-13 06:03:46 | INFO | step=4900 loss=1.4330 lr=2.00e-04 elapsed=2699s
2026-09-13 06:04:40 | INFO | step=5000 loss=1.4324 lr=2.00e-04 elapsed=2754s
2026-09-13 06:04:43 | INFO | [eval] step=5000 dev_loss=6.2292
2026-09-13 06:05:39 | INFO | step=5100 loss=1.6028 lr=2.00e-04 elapsed=2812s
2026-09-13 06:06:34 | INFO | step=5200 loss=1.1968 lr=2.00e-04 elapsed=2868s
2026-09-13 06:07:28 | INFO | step=5300 loss=1.4236 lr=2.00e-04 elapsed=2921s
2026-09-13 06:08:22 | INFO | step=5400 loss=1.3270 lr=2.00e-04 elapsed=2976s
2026-09-13 06:09:17 | INFO | step=5500 loss=1.3069 lr=2.00e-04 elapsed=3031s
2026-09-13 06:10:12 | INFO | step=5600 loss=1.3108 lr=2.00e-04 elapsed=3085s
2026-09-13 06:11:07 | INFO | step=5700 loss=1.2328 lr=2.00e-04 elapsed=3140s
2026-09-13 06:12:01 | INFO | step=5800 loss=1.6020 lr=2.00e-04 elapsed=3195s
2026-09-13 06:12:56 | INFO | step=5900 loss=1.1127 lr=2.00e-04 elapsed=3250s
2026-09-13 06:13:51 | INFO | step=6000 loss=1.3022 lr=2.00e-04 elapsed=3304s
2026-09-13 06:13:54 | INFO | [eval] step=6000 dev_loss=6.5116
2026-09-13 06:14:49 | INFO | step=6100 loss=1.4245 lr=2.00e-04 elapsed=3363s
2026-09-13 06:15:43 | INFO | step=6200 loss=1.1351 lr=2.00e-04 elapsed=3416s
2026-09-13 06:16:37 | INFO | step=6300 loss=1.0860 lr=2.00e-04 elapsed=3471s
2026-09-13 06:17:32 | INFO | step=6400 loss=1.1127 lr=2.00e-04 elapsed=3525s
2026-09-13 06:18:26 | INFO | step=6500 loss=1.1280 lr=1.99e-04 elapsed=3579s
2026-09-13 06:19:20 | INFO | step=6600 loss=1.2254 lr=1.99e-04 elapsed=3633s
2026-09-13 06:20:15 | INFO | step=6700 loss=1.0920 lr=1.99e-04 elapsed=3689s
2026-09-13 06:21:09 | INFO | step=6800 loss=1.2867 lr=1.99e-04 elapsed=3743s
2026-09-13 06:22:04 | INFO | step=6900 loss=0.9313 lr=1.99e-04 elapsed=3797s
2026-09-13 06:22:58 | INFO | step=7000 loss=0.8316 lr=1.99e-04 elapsed=3852s
2026-09-13 06:23:01 | INFO | [eval] step=7000 dev_loss=6.8608
2026-09-13 06:23:56 | INFO | step=7100 loss=0.9813 lr=1.99e-04 elapsed=3910s
2026-09-13 06:24:52 | INFO | step=7200 loss=0.8864 lr=1.99e-04 elapsed=3965s
2026-09-13 06:25:47 | INFO | step=7300 loss=1.2049 lr=1.99e-04 elapsed=4020s
2026-09-13 06:26:42 | INFO | step=7400 loss=0.9604 lr=1.99e-04 elapsed=4076s
2026-09-13 06:27:36 | INFO | step=7500 loss=0.7492 lr=1.99e-04 elapsed=4130s
2026-09-13 06:28:30 | INFO | step=7600 loss=1.1217 lr=1.99e-04 elapsed=4184s
2026-09-13 06:29:25 | INFO | step=7700 loss=1.1980 lr=1.99e-04 elapsed=4239s
2026-09-13 06:30:20 | INFO | step=7800 loss=0.9160 lr=1.99e-04 elapsed=4294s
2026-09-13 06:31:15 | INFO | step=7900 loss=0.9786 lr=1.99e-04 elapsed=4348s
2026-09-13 06:32:10 | INFO | step=8000 loss=0.9234 lr=1.99e-04 elapsed=4403s
2026-09-13 06:32:13 | INFO | [eval] step=8000 dev_loss=7.2784
2026-09-13 06:33:07 | INFO | step=8100 loss=0.5965 lr=1.99e-04 elapsed=4461s
2026-09-13 06:34:03 | INFO | step=8200 loss=0.9921 lr=1.98e-04 elapsed=4516s
2026-09-13 06:34:57 | INFO | step=8300 loss=1.1415 lr=1.98e-04 elapsed=4570s
2026-09-13 06:35:51 | INFO | step=8400 loss=0.8694 lr=1.98e-04 elapsed=4625s
2026-09-13 06:36:45 | INFO | step=8500 loss=1.0750 lr=1.98e-04 elapsed=4679s
2026-09-13 06:37:39 | INFO | step=8600 loss=0.7506 lr=1.98e-04 elapsed=4733s
2026-09-13 06:38:35 | INFO | step=8700 loss=0.7015 lr=1.98e-04 elapsed=4788s
2026-09-13 06:39:29 | INFO | step=8800 loss=0.8012 lr=1.98e-04 elapsed=4842s
2026-09-13 06:40:23 | INFO | step=8900 loss=0.7173 lr=1.98e-04 elapsed=4897s
2026-09-13 06:41:17 | INFO | step=9000 loss=0.4767 lr=1.98e-04 elapsed=4951s
2026-09-13 06:41:21 | INFO | [eval] step=9000 dev_loss=7.6012
2026-09-13 06:42:16 | INFO | step=9100 loss=0.8381 lr=1.98e-04 elapsed=5010s
2026-09-13 06:43:10 | INFO | step=9200 loss=0.7538 lr=1.98e-04 elapsed=5064s
2026-09-13 06:44:04 | INFO | step=9300 loss=0.6715 lr=1.98e-04 elapsed=5118s
2026-09-13 06:44:59 | INFO | step=9400 loss=0.8420 lr=1.98e-04 elapsed=5173s
2026-09-13 06:45:53 | INFO | step=9500 loss=0.8099 lr=1.97e-04 elapsed=5227s
2026-09-13 06:46:47 | INFO | step=9600 loss=0.6129 lr=1.97e-04 elapsed=5281s
2026-09-13 06:47:41 | INFO | step=9700 loss=0.9956 lr=1.97e-04 elapsed=5335s
2026-09-13 06:48:36 | INFO | step=9800 loss=0.7379 lr=1.97e-04 elapsed=5389s
2026-09-13 06:49:30 | INFO | step=9900 loss=0.7816 lr=1.97e-04 elapsed=5443s
2026-09-13 06:50:24 | INFO | step=10000 loss=0.5584 lr=1.97e-04 elapsed=5498s
2026-09-13 06:50:27 | INFO | [eval] step=10000 dev_loss=7.6625
2026-09-13 06:51:39 | INFO | step=10100 loss=0.5788 lr=1.97e-04 elapsed=5572s
2026-09-13 06:52:34 | INFO | step=10200 loss=0.6851 lr=1.97e-04 elapsed=5628s
2026-09-13 06:53:29 | INFO | step=10300 loss=0.6450 lr=1.97e-04 elapsed=5683s
2026-09-13 06:54:23 | INFO | step=10400 loss=0.6238 lr=1.97e-04 elapsed=5737s
2026-09-13 06:55:18 | INFO | step=10500 loss=0.4720 lr=1.96e-04 elapsed=5792s
2026-09-13 06:56:13 | INFO | step=10600 loss=0.5762 lr=1.96e-04 elapsed=5847s
2026-09-13 06:57:08 | INFO | step=10700 loss=0.7838 lr=1.96e-04 elapsed=5901s
2026-09-13 06:58:03 | INFO | step=10800 loss=0.3949 lr=1.96e-04 elapsed=5956s
2026-09-13 06:58:57 | INFO | step=10900 loss=0.5518 lr=1.96e-04 elapsed=6011s
2026-09-13 06:59:52 | INFO | step=11000 loss=0.3528 lr=1.96e-04 elapsed=6066s
2026-09-13 06:59:55 | INFO | [eval] step=11000 dev_loss=8.0134
2026-09-13 07:00:52 | INFO | step=11100 loss=0.4352 lr=1.96e-04 elapsed=6125s
2026-09-13 07:01:46 | INFO | step=11200 loss=0.5273 lr=1.96e-04 elapsed=6180s
2026-09-13 07:02:40 | INFO | step=11300 loss=0.4019 lr=1.95e-04 elapsed=6233s
2026-09-13 07:03:35 | INFO | step=11400 loss=0.4912 lr=1.95e-04 elapsed=6288s
2026-09-13 07:04:28 | INFO | step=11500 loss=0.4437 lr=1.95e-04 elapsed=6342s
2026-09-13 07:05:22 | INFO | step=11600 loss=0.5974 lr=1.95e-04 elapsed=6396s
2026-09-13 07:06:16 | INFO | step=11700 loss=0.3598 lr=1.95e-04 elapsed=6450s
2026-09-13 07:07:11 | INFO | step=11800 loss=0.5774 lr=1.95e-04 elapsed=6505s
2026-09-13 07:08:06 | INFO | step=11900 loss=0.8986 lr=1.95e-04 elapsed=6560s
2026-09-13 07:09:01 | INFO | step=12000 loss=0.3019 lr=1.95e-04 elapsed=6614s
2026-09-13 07:09:04 | INFO | [eval] step=12000 dev_loss=8.1008
2026-09-13 07:09:59 | INFO | step=12100 loss=0.3455 lr=1.94e-04 elapsed=6673s
2026-09-13 07:10:54 | INFO | step=12200 loss=0.4714 lr=1.94e-04 elapsed=6728s
2026-09-13 07:11:49 | INFO | step=12300 loss=0.3974 lr=1.94e-04 elapsed=6783s
2026-09-13 07:12:43 | INFO | step=12400 loss=0.4101 lr=1.94e-04 elapsed=6837s
2026-09-13 07:13:38 | INFO | step=12500 loss=0.4503 lr=1.94e-04 elapsed=6892s
2026-09-13 07:14:33 | INFO | step=12600 loss=0.6582 lr=1.94e-04 elapsed=6947s
2026-09-13 07:15:28 | INFO | step=12700 loss=0.3669 lr=1.94e-04 elapsed=7001s
2026-09-13 07:16:22 | INFO | step=12800 loss=0.3974 lr=1.93e-04 elapsed=7056s
2026-09-13 07:17:18 | INFO | step=12900 loss=0.2728 lr=1.93e-04 elapsed=7112s
2026-09-13 07:18:12 | INFO | step=13000 loss=0.2024 lr=1.93e-04 elapsed=7166s
2026-09-13 07:18:16 | INFO | [eval] step=13000 dev_loss=8.3639
2026-09-13 07:19:11 | INFO | step=13100 loss=0.3115 lr=1.93e-04 elapsed=7225s
2026-09-13 07:20:05 | INFO | step=13200 loss=0.4549 lr=1.93e-04 elapsed=7279s
2026-09-13 07:21:01 | INFO | step=13300 loss=0.3510 lr=1.93e-04 elapsed=7334s
2026-09-13 07:21:56 | INFO | step=13400 loss=0.5466 lr=1.93e-04 elapsed=7390s
2026-09-13 07:22:51 | INFO | step=13500 loss=0.4081 lr=1.92e-04 elapsed=7445s
2026-09-13 07:23:46 | INFO | step=13600 loss=0.4691 lr=1.92e-04 elapsed=7500s
2026-09-13 07:24:40 | INFO | step=13700 loss=0.2468 lr=1.92e-04 elapsed=7554s
2026-09-13 07:25:35 | INFO | step=13800 loss=0.4027 lr=1.92e-04 elapsed=7609s
2026-09-13 07:26:31 | INFO | step=13900 loss=0.3518 lr=1.92e-04 elapsed=7664s
2026-09-13 07:27:26 | INFO | step=14000 loss=0.3004 lr=1.92e-04 elapsed=7720s
2026-09-13 07:27:29 | INFO | [eval] step=14000 dev_loss=8.5165
2026-09-13 07:28:24 | INFO | step=14100 loss=0.4646 lr=1.91e-04 elapsed=7778s
2026-09-13 07:29:18 | INFO | step=14200 loss=0.4011 lr=1.91e-04 elapsed=7832s
2026-09-13 07:30:12 | INFO | step=14300 loss=0.1383 lr=1.91e-04 elapsed=7886s
2026-09-13 07:31:06 | INFO | step=14400 loss=0.3360 lr=1.91e-04 elapsed=7940s
2026-09-13 07:32:00 | INFO | step=14500 loss=0.1985 lr=1.91e-04 elapsed=7994s
2026-09-13 07:32:54 | INFO | step=14600 loss=0.3989 lr=1.91e-04 elapsed=8048s
2026-09-13 07:33:49 | INFO | step=14700 loss=0.4251 lr=1.90e-04 elapsed=8103s
2026-09-13 07:34:43 | INFO | step=14800 loss=0.2861 lr=1.90e-04 elapsed=8157s
2026-09-13 07:35:39 | INFO | step=14900 loss=0.4409 lr=1.90e-04 elapsed=8213s
2026-09-13 07:36:33 | INFO | step=15000 loss=0.1460 lr=1.90e-04 elapsed=8267s
2026-09-13 07:36:37 | INFO | [eval] step=15000 dev_loss=8.8213
2026-09-13 07:37:32 | INFO | step=15100 loss=0.4101 lr=1.90e-04 elapsed=8325s
2026-09-13 07:38:27 | INFO | step=15200 loss=0.1785 lr=1.89e-04 elapsed=8381s
2026-09-13 07:39:22 | INFO | step=15300 loss=0.2970 lr=1.89e-04 elapsed=8436s
2026-09-13 07:40:16 | INFO | step=15400 loss=0.3441 lr=1.89e-04 elapsed=8489s
2026-09-13 07:41:11 | INFO | step=15500 loss=0.2561 lr=1.89e-04 elapsed=8545s
2026-09-13 07:42:05 | INFO | step=15600 loss=0.3399 lr=1.89e-04 elapsed=8598s
2026-09-13 07:43:00 | INFO | step=15700 loss=0.1389 lr=1.89e-04 elapsed=8653s
2026-09-13 07:43:54 | INFO | step=15800 loss=0.2456 lr=1.88e-04 elapsed=8708s
2026-09-13 07:44:49 | INFO | step=15900 loss=0.2100 lr=1.88e-04 elapsed=8762s
2026-09-13 07:45:43 | INFO | step=16000 loss=0.3256 lr=1.88e-04 elapsed=8817s
2026-09-13 07:45:46 | INFO | [eval] step=16000 dev_loss=8.9206
2026-09-13 07:46:41 | INFO | step=16100 loss=0.1522 lr=1.88e-04 elapsed=8875s
2026-09-13 07:47:36 | INFO | step=16200 loss=0.2235 lr=1.88e-04 elapsed=8929s
2026-09-13 07:48:30 | INFO | step=16300 loss=0.4436 lr=1.87e-04 elapsed=8983s
2026-09-13 07:49:25 | INFO | step=16400 loss=0.1985 lr=1.87e-04 elapsed=9039s
2026-09-13 07:50:19 | INFO | step=16500 loss=0.2070 lr=1.87e-04 elapsed=9093s
2026-09-13 07:51:14 | INFO | step=16600 loss=0.2467 lr=1.87e-04 elapsed=9147s
2026-09-13 07:52:08 | INFO | step=16700 loss=0.0932 lr=1.87e-04 elapsed=9201s
2026-09-13 07:53:03 | INFO | step=16800 loss=0.1727 lr=1.86e-04 elapsed=9257s
2026-09-13 07:53:57 | INFO | step=16900 loss=0.1251 lr=1.86e-04 elapsed=9311s
2026-09-13 07:54:51 | INFO | step=17000 loss=0.1690 lr=1.86e-04 elapsed=9365s
2026-09-13 07:54:54 | INFO | [eval] step=17000 dev_loss=9.0557
2026-09-13 07:55:50 | INFO | step=17100 loss=0.1404 lr=1.86e-04 elapsed=9423s
2026-09-13 07:56:44 | INFO | step=17200 loss=0.1875 lr=1.85e-04 elapsed=9477s
2026-09-13 07:57:40 | INFO | step=17300 loss=0.1517 lr=1.85e-04 elapsed=9533s
2026-09-13 07:58:34 | INFO | step=17400 loss=0.1928 lr=1.85e-04 elapsed=9587s
2026-09-13 07:59:29 | INFO | step=17500 loss=0.0810 lr=1.85e-04 elapsed=9643s
2026-09-13 08:00:23 | INFO | step=17600 loss=0.1512 lr=1.85e-04 elapsed=9697s
2026-09-13 08:01:18 | INFO | step=17700 loss=0.1865 lr=1.84e-04 elapsed=9752s
2026-09-13 08:02:14 | INFO | step=17800 loss=0.1075 lr=1.84e-04 elapsed=9808s
2026-09-13 08:03:09 | INFO | step=17900 loss=0.1784 lr=1.84e-04 elapsed=9863s
2026-09-13 08:04:04 | INFO | step=18000 loss=0.2572 lr=1.84e-04 elapsed=9917s
2026-09-13 08:04:07 | INFO | [eval] step=18000 dev_loss=9.1098
2026-09-13 08:05:03 | INFO | step=18100 loss=0.2055 lr=1.83e-04 elapsed=9976s
2026-09-13 08:05:58 | INFO | step=18200 loss=0.0695 lr=1.83e-04 elapsed=10032s
2026-09-13 08:06:52 | INFO | step=18300 loss=0.1239 lr=1.83e-04 elapsed=10085s
2026-09-13 08:07:47 | INFO | step=18400 loss=0.1856 lr=1.83e-04 elapsed=10141s
2026-09-13 08:08:42 | INFO | step=18500 loss=0.0585 lr=1.83e-04 elapsed=10195s
2026-09-13 08:09:37 | INFO | step=18600 loss=0.1198 lr=1.82e-04 elapsed=10250s
2026-09-13 08:10:32 | INFO | step=18700 loss=0.0651 lr=1.82e-04 elapsed=10306s
2026-09-13 08:11:27 | INFO | step=18800 loss=0.1252 lr=1.82e-04 elapsed=10360s
2026-09-13 08:12:21 | INFO | step=18900 loss=0.1611 lr=1.82e-04 elapsed=10414s
2026-09-13 08:13:16 | INFO | step=19000 loss=0.0950 lr=1.81e-04 elapsed=10469s
2026-09-13 08:13:19 | INFO | [eval] step=19000 dev_loss=9.2309
2026-09-13 08:14:14 | INFO | step=19100 loss=0.0559 lr=1.81e-04 elapsed=10528s
2026-09-13 08:15:09 | INFO | step=19200 loss=0.0707 lr=1.81e-04 elapsed=10583s
2026-09-13 08:16:04 | INFO | step=19300 loss=0.0843 lr=1.81e-04 elapsed=10637s
2026-09-13 08:16:59 | INFO | step=19400 loss=0.1975 lr=1.80e-04 elapsed=10692s
2026-09-13 08:17:53 | INFO | step=19500 loss=0.1032 lr=1.80e-04 elapsed=10747s
2026-09-13 08:18:48 | INFO | step=19600 loss=0.1635 lr=1.80e-04 elapsed=10802s
2026-09-13 08:19:43 | INFO | step=19700 loss=0.0786 lr=1.80e-04 elapsed=10856s
2026-09-13 08:20:37 | INFO | step=19800 loss=0.0915 lr=1.79e-04 elapsed=10911s
2026-09-13 08:21:32 | INFO | step=19900 loss=0.0834 lr=1.79e-04 elapsed=10965s
2026-09-13 08:22:26 | INFO | step=20000 loss=0.1125 lr=1.79e-04 elapsed=11020s
2026-09-13 08:22:29 | INFO | [eval] step=20000 dev_loss=9.4445
2026-09-13 08:23:41 | INFO | step=20100 loss=0.1109 lr=1.79e-04 elapsed=11095s
2026-09-13 08:24:35 | INFO | step=20200 loss=0.0727 lr=1.78e-04 elapsed=11149s
2026-09-13 08:25:31 | INFO | step=20300 loss=0.1097 lr=1.78e-04 elapsed=11204s
2026-09-13 08:26:25 | INFO | step=20400 loss=0.2644 lr=1.78e-04 elapsed=11258s
2026-09-13 08:27:19 | INFO | step=20500 loss=0.2558 lr=1.78e-04 elapsed=11313s
2026-09-13 08:28:14 | INFO | step=20600 loss=0.0364 lr=1.77e-04 elapsed=11368s
2026-09-13 08:29:08 | INFO | step=20700 loss=0.1155 lr=1.77e-04 elapsed=11421s
2026-09-13 08:30:02 | INFO | step=20800 loss=0.0387 lr=1.77e-04 elapsed=11476s
2026-09-13 08:30:57 | INFO | step=20900 loss=0.1026 lr=1.77e-04 elapsed=11531s
2026-09-13 08:31:52 | INFO | step=21000 loss=0.3091 lr=1.76e-04 elapsed=11585s
2026-09-13 08:31:55 | INFO | [eval] step=21000 dev_loss=9.4435
2026-09-13 08:31:55 | INFO | Early stopping triggered.
2026-09-13 08:31:55 | INFO | Training complete. Best dev loss: 4.0547
