2026-09-14 04:39:44 | INFO | Device: cuda
2026-09-14 04:39:45 | INFO | COGS train: 68511 examples after entity augmentation (13702×5)
2026-09-14 04:39:48 | INFO | Model: standard, k=1, params=614.2M
2026-09-14 04:39:49 | INFO | Training on 68511 examples, eval on 3000
2026-09-14 04:39:49 | INFO | Config: TrainingConfig(model_type='standard', hidden_dim=512, num_encoder_layers=12, num_decoder_layers=12, num_heads=8, num_attributes=1, use_gating=True, use_mixing=True, pairing_strategy='cyclic', pairing_seed=1234, ffn_dim=2048, max_seq_len=512, dropout=0.1, vocab_size=32000, learning_rate=0.0002, weight_decay=0.01, warmup_steps=4000, max_steps=100000, batch_size=4, gradient_accumulation=4, max_grad_norm=1.0, label_smoothing=0.1, eval_every=1000, save_every=10000, patience=20, eval_by_em=True, dataset='cogs', nas_dir='/nas/Dataset/nlp', max_src_len=256, max_tgt_len=256, seed=42, num_workers=4, fp16=False, output_dir='/nas/Dataset/experiments/relational-attention/muhiddin_outputs/standard_125m_cogs_copy_v2_s42', log_every=100, copy_mechanism=True, num_copy_heads=1)
2026-09-14 04:39:50 | INFO | step=0 loss=10.4385 lr=0.00e+00 elapsed=1s
2026-09-14 04:40:17 | INFO | step=100 loss=9.1174 lr=5.00e-06 elapsed=28s
2026-09-14 04:40:44 | INFO | step=200 loss=8.4032 lr=1.00e-05 elapsed=55s
2026-09-14 04:41:11 | INFO | step=300 loss=7.3186 lr=1.50e-05 elapsed=82s
2026-09-14 04:41:38 | INFO | step=400 loss=6.6904 lr=2.00e-05 elapsed=108s
2026-09-14 04:42:05 | INFO | step=500 loss=5.8675 lr=2.50e-05 elapsed=135s
2026-09-14 04:42:32 | INFO | step=600 loss=5.4553 lr=3.00e-05 elapsed=162s
2026-09-14 04:42:58 | INFO | step=700 loss=4.8416 lr=3.50e-05 elapsed=189s
2026-09-14 04:43:25 | INFO | step=800 loss=4.0634 lr=4.00e-05 elapsed=216s
2026-09-14 04:43:52 | INFO | step=900 loss=3.3059 lr=4.50e-05 elapsed=243s
2026-09-14 04:44:19 | INFO | step=1000 loss=2.5557 lr=5.00e-05 elapsed=270s
2026-09-14 04:44:44 | INFO | [eval] step=1000 dev_loss=3.3055
2026-09-14 04:48:55 | INFO |   EM on dev subset (200 samples): 0.00%
2026-09-14 04:49:17 | INFO |   -> New best model saved (dev_loss=3.3055)
2026-09-14 04:49:45 | INFO | step=1100 loss=1.7743 lr=5.50e-05 elapsed=596s
2026-09-14 04:50:13 | INFO | step=1200 loss=1.0144 lr=6.00e-05 elapsed=623s
2026-09-14 04:50:40 | INFO | step=1300 loss=0.7913 lr=6.50e-05 elapsed=651s
2026-09-14 04:51:07 | INFO | step=1400 loss=0.6040 lr=7.00e-05 elapsed=678s
2026-09-14 04:51:34 | INFO | step=1500 loss=0.4879 lr=7.50e-05 elapsed=705s
2026-09-14 04:52:01 | INFO | step=1600 loss=0.5388 lr=8.00e-05 elapsed=732s
2026-09-14 04:52:29 | INFO | step=1700 loss=0.3452 lr=8.50e-05 elapsed=759s
2026-09-14 04:52:56 | INFO | step=1800 loss=0.4314 lr=9.00e-05 elapsed=786s
2026-09-14 04:53:23 | INFO | step=1900 loss=0.3074 lr=9.50e-05 elapsed=813s
2026-09-14 04:53:50 | INFO | step=2000 loss=0.1429 lr=1.00e-04 elapsed=841s
2026-09-14 04:54:14 | INFO | [eval] step=2000 dev_loss=1.8085
2026-09-14 04:55:31 | INFO |   EM on dev subset (200 samples): 0.00%
2026-09-14 04:55:59 | INFO | step=2100 loss=0.2062 lr=1.05e-04 elapsed=969s
2026-09-14 04:56:26 | INFO | step=2200 loss=0.1654 lr=1.10e-04 elapsed=997s
2026-09-14 04:56:53 | INFO | step=2300 loss=0.2337 lr=1.15e-04 elapsed=1024s
2026-09-14 04:57:21 | INFO | step=2400 loss=0.2111 lr=1.20e-04 elapsed=1051s
2026-09-14 04:57:48 | INFO | step=2500 loss=0.3173 lr=1.25e-04 elapsed=1079s
2026-09-14 04:58:15 | INFO | step=2600 loss=0.0897 lr=1.30e-04 elapsed=1106s
2026-09-14 04:58:42 | INFO | step=2700 loss=0.3221 lr=1.35e-04 elapsed=1133s
2026-09-14 04:59:10 | INFO | step=2800 loss=0.1954 lr=1.40e-04 elapsed=1160s
2026-09-14 04:59:37 | INFO | step=2900 loss=0.1343 lr=1.45e-04 elapsed=1188s
2026-09-14 05:00:04 | INFO | step=3000 loss=0.2007 lr=1.50e-04 elapsed=1215s
2026-09-14 05:00:29 | INFO | [eval] step=3000 dev_loss=1.9593
2026-09-14 05:04:34 | INFO |   EM on dev subset (200 samples): 0.00%
2026-09-14 05:05:02 | INFO | step=3100 loss=0.0310 lr=1.55e-04 elapsed=1513s
2026-09-14 05:05:30 | INFO | step=3200 loss=0.0873 lr=1.60e-04 elapsed=1541s
2026-09-14 05:05:57 | INFO | step=3300 loss=0.2739 lr=1.65e-04 elapsed=1568s
2026-09-14 05:06:25 | INFO | step=3400 loss=0.1154 lr=1.70e-04 elapsed=1595s
2026-09-14 05:06:52 | INFO | step=3500 loss=0.0759 lr=1.75e-04 elapsed=1623s
2026-09-14 05:07:19 | INFO | step=3600 loss=0.1097 lr=1.80e-04 elapsed=1650s
2026-09-14 05:07:46 | INFO | step=3700 loss=0.2931 lr=1.85e-04 elapsed=1677s
2026-09-14 05:08:14 | INFO | step=3800 loss=0.0302 lr=1.90e-04 elapsed=1704s
2026-09-14 05:08:41 | INFO | step=3900 loss=0.1286 lr=1.95e-04 elapsed=1731s
2026-09-14 05:09:08 | INFO | step=4000 loss=0.0468 lr=2.00e-04 elapsed=1759s
2026-09-14 05:09:32 | INFO | [eval] step=4000 dev_loss=2.0550
2026-09-14 05:11:00 | INFO |   EM on dev subset (200 samples): 1.00%
2026-09-14 05:11:23 | INFO |   -> New best model saved (dev_loss=2.0550)
2026-09-14 05:11:50 | INFO | step=4100 loss=0.1499 lr=2.00e-04 elapsed=1921s
2026-09-14 05:12:18 | INFO | step=4200 loss=0.0590 lr=2.00e-04 elapsed=1948s
2026-09-14 05:12:45 | INFO | step=4300 loss=0.1397 lr=2.00e-04 elapsed=1976s
2026-09-14 05:13:12 | INFO | step=4400 loss=0.0806 lr=2.00e-04 elapsed=2003s
2026-09-14 05:13:39 | INFO | step=4500 loss=0.1517 lr=2.00e-04 elapsed=2030s
2026-09-14 05:14:06 | INFO | step=4600 loss=0.1882 lr=2.00e-04 elapsed=2057s
2026-09-14 05:14:34 | INFO | step=4700 loss=0.0320 lr=2.00e-04 elapsed=2084s
2026-09-14 05:15:01 | INFO | step=4800 loss=0.0911 lr=2.00e-04 elapsed=2112s
2026-09-14 05:15:28 | INFO | step=4900 loss=0.0543 lr=2.00e-04 elapsed=2139s
2026-09-14 05:15:55 | INFO | step=5000 loss=0.0546 lr=2.00e-04 elapsed=2166s
2026-09-14 05:16:20 | INFO | [eval] step=5000 dev_loss=2.0820
2026-09-14 05:18:57 | INFO |   EM on dev subset (200 samples): 0.00%
2026-09-14 05:19:25 | INFO | step=5100 loss=0.2200 lr=2.00e-04 elapsed=2375s
2026-09-14 05:19:52 | INFO | step=5200 loss=0.0587 lr=2.00e-04 elapsed=2403s
2026-09-14 05:20:20 | INFO | step=5300 loss=0.1494 lr=2.00e-04 elapsed=2430s
2026-09-14 05:20:47 | INFO | step=5400 loss=0.2286 lr=2.00e-04 elapsed=2458s
2026-09-14 05:21:14 | INFO | step=5500 loss=0.0395 lr=2.00e-04 elapsed=2485s
2026-09-14 05:21:42 | INFO | step=5600 loss=0.0097 lr=2.00e-04 elapsed=2512s
2026-09-14 05:22:09 | INFO | step=5700 loss=0.0278 lr=2.00e-04 elapsed=2540s
2026-09-14 05:22:36 | INFO | step=5800 loss=0.0546 lr=2.00e-04 elapsed=2567s
2026-09-14 05:23:03 | INFO | step=5900 loss=0.0378 lr=2.00e-04 elapsed=2594s
2026-09-14 05:23:30 | INFO | step=6000 loss=0.0647 lr=2.00e-04 elapsed=2621s
2026-09-14 05:23:55 | INFO | [eval] step=6000 dev_loss=2.0665
2026-09-14 05:25:17 | INFO |   EM on dev subset (200 samples): 1.50%
2026-09-14 05:25:40 | INFO |   -> New best model saved (dev_loss=2.0665)
2026-09-14 05:26:07 | INFO | step=6100 loss=0.0389 lr=2.00e-04 elapsed=2778s
2026-09-14 05:26:35 | INFO | step=6200 loss=0.0843 lr=2.00e-04 elapsed=2805s
2026-09-14 05:27:02 | INFO | step=6300 loss=0.0517 lr=2.00e-04 elapsed=2833s
2026-09-14 05:27:29 | INFO | step=6400 loss=0.0197 lr=2.00e-04 elapsed=2860s
2026-09-14 05:27:57 | INFO | step=6500 loss=0.0079 lr=2.00e-04 elapsed=2887s
2026-09-14 05:28:24 | INFO | step=6600 loss=0.0938 lr=2.00e-04 elapsed=2915s
2026-09-14 05:28:51 | INFO | step=6700 loss=0.1004 lr=2.00e-04 elapsed=2942s
2026-09-14 05:29:18 | INFO | step=6800 loss=0.0534 lr=2.00e-04 elapsed=2969s
2026-09-14 05:29:46 | INFO | step=6900 loss=0.0857 lr=2.00e-04 elapsed=2996s
2026-09-14 05:30:13 | INFO | step=7000 loss=0.2401 lr=2.00e-04 elapsed=3024s
2026-09-14 05:30:37 | INFO | [eval] step=7000 dev_loss=2.1087
2026-09-14 05:32:01 | INFO |   EM on dev subset (200 samples): 0.00%
2026-09-14 05:32:29 | INFO | step=7100 loss=0.0041 lr=1.99e-04 elapsed=3159s
2026-09-14 05:32:56 | INFO | step=7200 loss=0.0062 lr=1.99e-04 elapsed=3187s
2026-09-14 05:33:23 | INFO | step=7300 loss=0.0473 lr=1.99e-04 elapsed=3214s
2026-09-14 05:33:51 | INFO | step=7400 loss=0.0130 lr=1.99e-04 elapsed=3242s
2026-09-14 05:34:18 | INFO | step=7500 loss=0.1125 lr=1.99e-04 elapsed=3269s
2026-09-14 05:34:46 | INFO | step=7600 loss=0.0234 lr=1.99e-04 elapsed=3296s
2026-09-14 05:35:13 | INFO | step=7700 loss=0.0175 lr=1.99e-04 elapsed=3324s
2026-09-14 05:35:40 | INFO | step=7800 loss=0.0724 lr=1.99e-04 elapsed=3351s
2026-09-14 05:36:07 | INFO | step=7900 loss=0.0376 lr=1.99e-04 elapsed=3378s
2026-09-14 05:36:35 | INFO | step=8000 loss=0.0242 lr=1.99e-04 elapsed=3405s
2026-09-14 05:36:59 | INFO | [eval] step=8000 dev_loss=2.0904
2026-09-14 05:38:50 | INFO |   EM on dev subset (200 samples): 0.50%
2026-09-14 05:39:18 | INFO | step=8100 loss=0.0221 lr=1.99e-04 elapsed=3568s
2026-09-14 05:39:45 | INFO | step=8200 loss=0.0140 lr=1.99e-04 elapsed=3596s
2026-09-14 05:40:13 | INFO | step=8300 loss=0.0734 lr=1.99e-04 elapsed=3623s
2026-09-14 05:40:40 | INFO | step=8400 loss=0.0071 lr=1.99e-04 elapsed=3651s
2026-09-14 05:41:07 | INFO | step=8500 loss=0.1756 lr=1.99e-04 elapsed=3678s
2026-09-14 05:41:35 | INFO | step=8600 loss=0.0068 lr=1.99e-04 elapsed=3705s
2026-09-14 05:42:02 | INFO | step=8700 loss=0.0328 lr=1.99e-04 elapsed=3733s
2026-09-14 05:42:29 | INFO | step=8800 loss=0.0347 lr=1.99e-04 elapsed=3760s
2026-09-14 05:42:57 | INFO | step=8900 loss=0.0768 lr=1.99e-04 elapsed=3787s
2026-09-14 05:43:24 | INFO | step=9000 loss=0.0086 lr=1.99e-04 elapsed=3815s
2026-09-14 05:43:48 | INFO | [eval] step=9000 dev_loss=2.0873
2026-09-14 05:45:05 | INFO |   EM on dev subset (200 samples): 1.00%
2026-09-14 05:45:33 | INFO | step=9100 loss=0.1860 lr=1.99e-04 elapsed=3943s
2026-09-14 05:46:00 | INFO | step=9200 loss=0.0729 lr=1.99e-04 elapsed=3971s
2026-09-14 05:46:28 | INFO | step=9300 loss=0.1016 lr=1.98e-04 elapsed=3998s
2026-09-14 05:46:55 | INFO | step=9400 loss=0.0220 lr=1.98e-04 elapsed=4026s
2026-09-14 05:47:23 | INFO | step=9500 loss=0.0027 lr=1.98e-04 elapsed=4053s
2026-09-14 05:47:50 | INFO | step=9600 loss=0.0039 lr=1.98e-04 elapsed=4081s
2026-09-14 05:48:17 | INFO | step=9700 loss=0.0789 lr=1.98e-04 elapsed=4108s
2026-09-14 05:48:45 | INFO | step=9800 loss=0.0043 lr=1.98e-04 elapsed=4136s
2026-09-14 05:49:12 | INFO | step=9900 loss=0.0417 lr=1.98e-04 elapsed=4163s
2026-09-14 05:49:40 | INFO | step=10000 loss=0.0336 lr=1.98e-04 elapsed=4190s
2026-09-14 05:50:04 | INFO | [eval] step=10000 dev_loss=2.1008
2026-09-14 05:52:24 | INFO |   EM on dev subset (200 samples): 1.00%
2026-09-14 05:53:15 | INFO | step=10100 loss=0.0712 lr=1.98e-04 elapsed=4405s
2026-09-14 05:53:42 | INFO | step=10200 loss=0.0230 lr=1.98e-04 elapsed=4433s
2026-09-14 05:54:10 | INFO | step=10300 loss=0.0264 lr=1.98e-04 elapsed=4460s
2026-09-14 05:54:37 | INFO | step=10400 loss=0.0279 lr=1.98e-04 elapsed=4488s
2026-09-14 05:55:05 | INFO | step=10500 loss=0.0335 lr=1.98e-04 elapsed=4515s
2026-09-14 05:55:32 | INFO | step=10600 loss=0.1133 lr=1.98e-04 elapsed=4543s
2026-09-14 05:55:59 | INFO | step=10700 loss=0.0942 lr=1.98e-04 elapsed=4570s
2026-09-14 05:56:26 | INFO | step=10800 loss=0.0047 lr=1.98e-04 elapsed=4597s
2026-09-14 05:56:54 | INFO | step=10900 loss=0.0478 lr=1.97e-04 elapsed=4625s
2026-09-14 05:57:21 | INFO | step=11000 loss=0.0209 lr=1.97e-04 elapsed=4652s
2026-09-14 05:57:46 | INFO | [eval] step=11000 dev_loss=2.0963
2026-09-14 06:00:04 | INFO |   EM on dev subset (200 samples): 1.50%
2026-09-14 06:00:31 | INFO | step=11100 loss=0.0786 lr=1.97e-04 elapsed=4842s
2026-09-14 06:00:59 | INFO | step=11200 loss=0.0469 lr=1.97e-04 elapsed=4870s
2026-09-14 06:01:27 | INFO | step=11300 loss=0.1093 lr=1.97e-04 elapsed=4897s
2026-09-14 06:01:54 | INFO | step=11400 loss=0.1087 lr=1.97e-04 elapsed=4925s
2026-09-14 06:02:22 | INFO | step=11500 loss=0.0505 lr=1.97e-04 elapsed=4952s
2026-09-14 06:02:49 | INFO | step=11600 loss=0.0395 lr=1.97e-04 elapsed=4980s
2026-09-14 06:03:17 | INFO | step=11700 loss=0.0310 lr=1.97e-04 elapsed=5007s
2026-09-14 06:03:44 | INFO | step=11800 loss=0.0152 lr=1.97e-04 elapsed=5035s
2026-09-14 06:04:11 | INFO | step=11900 loss=0.0240 lr=1.97e-04 elapsed=5062s
2026-09-14 06:04:39 | INFO | step=12000 loss=0.1314 lr=1.97e-04 elapsed=5089s
2026-09-14 06:05:03 | INFO | [eval] step=12000 dev_loss=2.0879
2026-09-14 06:06:20 | INFO |   EM on dev subset (200 samples): 2.00%
2026-09-14 06:06:43 | INFO |   -> New best model saved (dev_loss=2.0879)
2026-09-14 06:07:10 | INFO | step=12100 loss=0.0325 lr=1.97e-04 elapsed=5241s
2026-09-14 06:07:38 | INFO | step=12200 loss=0.1131 lr=1.96e-04 elapsed=5268s
2026-09-14 06:08:05 | INFO | step=12300 loss=0.0540 lr=1.96e-04 elapsed=5296s
2026-09-14 06:08:32 | INFO | step=12400 loss=0.0413 lr=1.96e-04 elapsed=5323s
2026-09-14 06:09:00 | INFO | step=12500 loss=0.0717 lr=1.96e-04 elapsed=5350s
2026-09-14 06:09:27 | INFO | step=12600 loss=0.0990 lr=1.96e-04 elapsed=5378s
2026-09-14 06:09:54 | INFO | step=12700 loss=0.0090 lr=1.96e-04 elapsed=5405s
2026-09-14 06:10:22 | INFO | step=12800 loss=0.0249 lr=1.96e-04 elapsed=5432s
2026-09-14 06:10:49 | INFO | step=12900 loss=0.2059 lr=1.96e-04 elapsed=5460s
2026-09-14 06:11:16 | INFO | step=13000 loss=0.0123 lr=1.96e-04 elapsed=5487s
2026-09-14 06:11:40 | INFO | [eval] step=13000 dev_loss=2.0977
2026-09-14 06:14:08 | INFO |   EM on dev subset (200 samples): 1.00%
2026-09-14 06:14:36 | INFO | step=13100 loss=0.0075 lr=1.96e-04 elapsed=5686s
2026-09-14 06:15:04 | INFO | step=13200 loss=0.0668 lr=1.96e-04 elapsed=5714s
2026-09-14 06:15:32 | INFO | step=13300 loss=0.0070 lr=1.95e-04 elapsed=5742s
2026-09-14 06:15:59 | INFO | step=13400 loss=0.0031 lr=1.95e-04 elapsed=5770s
2026-09-14 06:16:27 | INFO | step=13500 loss=0.0104 lr=1.95e-04 elapsed=5797s
2026-09-14 06:16:54 | INFO | step=13600 loss=0.0464 lr=1.95e-04 elapsed=5825s
2026-09-14 06:17:21 | INFO | step=13700 loss=0.0163 lr=1.95e-04 elapsed=5852s
2026-09-14 06:17:49 | INFO | step=13800 loss=0.0367 lr=1.95e-04 elapsed=5880s
2026-09-14 06:18:16 | INFO | step=13900 loss=0.0141 lr=1.95e-04 elapsed=5907s
2026-09-14 06:18:43 | INFO | step=14000 loss=0.0030 lr=1.95e-04 elapsed=5934s
2026-09-14 06:19:08 | INFO | [eval] step=14000 dev_loss=2.0965
2026-09-14 06:21:26 | INFO |   EM on dev subset (200 samples): 0.50%
2026-09-14 06:21:54 | INFO | step=14100 loss=0.0038 lr=1.95e-04 elapsed=6125s
2026-09-14 06:22:22 | INFO | step=14200 loss=0.0537 lr=1.94e-04 elapsed=6152s
2026-09-14 06:22:50 | INFO | step=14300 loss=0.0229 lr=1.94e-04 elapsed=6180s
2026-09-14 06:23:17 | INFO | step=14400 loss=0.0087 lr=1.94e-04 elapsed=6208s
2026-09-14 06:23:45 | INFO | step=14500 loss=0.0053 lr=1.94e-04 elapsed=6235s
2026-09-14 06:24:12 | INFO | step=14600 loss=0.2190 lr=1.94e-04 elapsed=6263s
2026-09-14 06:24:40 | INFO | step=14700 loss=0.0484 lr=1.94e-04 elapsed=6290s
2026-09-14 06:25:07 | INFO | step=14800 loss=0.0454 lr=1.94e-04 elapsed=6318s
2026-09-14 06:25:34 | INFO | step=14900 loss=0.0751 lr=1.94e-04 elapsed=6345s
2026-09-14 06:26:02 | INFO | step=15000 loss=0.0812 lr=1.94e-04 elapsed=6372s
2026-09-14 06:26:26 | INFO | [eval] step=15000 dev_loss=2.0927
2026-09-14 06:29:21 | INFO |   EM on dev subset (200 samples): 0.50%
2026-09-14 06:29:49 | INFO | step=15100 loss=0.0509 lr=1.93e-04 elapsed=6600s
2026-09-14 06:30:17 | INFO | step=15200 loss=0.0304 lr=1.93e-04 elapsed=6628s
2026-09-14 06:30:45 | INFO | step=15300 loss=0.0041 lr=1.93e-04 elapsed=6655s
2026-09-14 06:31:12 | INFO | step=15400 loss=0.0333 lr=1.93e-04 elapsed=6683s
2026-09-14 06:31:40 | INFO | step=15500 loss=0.0324 lr=1.93e-04 elapsed=6711s
2026-09-14 06:32:07 | INFO | step=15600 loss=0.0333 lr=1.93e-04 elapsed=6738s
2026-09-14 06:32:35 | INFO | step=15700 loss=0.0818 lr=1.93e-04 elapsed=6766s
2026-09-14 06:33:02 | INFO | step=15800 loss=0.0678 lr=1.93e-04 elapsed=6793s
2026-09-14 06:33:30 | INFO | step=15900 loss=0.1623 lr=1.93e-04 elapsed=6820s
2026-09-14 06:33:57 | INFO | step=16000 loss=0.0012 lr=1.92e-04 elapsed=6848s
2026-09-14 06:34:21 | INFO | [eval] step=16000 dev_loss=2.0925
2026-09-14 06:35:57 | INFO |   EM on dev subset (200 samples): 2.50%
2026-09-14 06:36:21 | INFO |   -> New best model saved (dev_loss=2.0925)
2026-09-14 06:36:49 | INFO | step=16100 loss=0.0733 lr=1.92e-04 elapsed=7019s
2026-09-14 06:37:16 | INFO | step=16200 loss=0.0453 lr=1.92e-04 elapsed=7047s
2026-09-14 06:37:44 | INFO | step=16300 loss=0.0442 lr=1.92e-04 elapsed=7074s
2026-09-14 06:38:11 | INFO | step=16400 loss=0.0184 lr=1.92e-04 elapsed=7102s
2026-09-14 06:38:39 | INFO | step=16500 loss=0.0058 lr=1.92e-04 elapsed=7129s
2026-09-14 06:39:06 | INFO | step=16600 loss=0.0475 lr=1.92e-04 elapsed=7157s
2026-09-14 06:39:33 | INFO | step=16700 loss=0.0841 lr=1.91e-04 elapsed=7184s
2026-09-14 06:40:01 | INFO | step=16800 loss=0.0603 lr=1.91e-04 elapsed=7212s
2026-09-14 06:40:28 | INFO | step=16900 loss=0.0041 lr=1.91e-04 elapsed=7239s
2026-09-14 06:40:55 | INFO | step=17000 loss=0.0063 lr=1.91e-04 elapsed=7266s
2026-09-14 06:41:20 | INFO | [eval] step=17000 dev_loss=2.0856
2026-09-14 06:43:14 | INFO |   EM on dev subset (200 samples): 1.00%
2026-09-14 06:43:42 | INFO | step=17100 loss=0.0047 lr=1.91e-04 elapsed=7433s
2026-09-14 06:44:10 | INFO | step=17200 loss=0.0276 lr=1.91e-04 elapsed=7461s
2026-09-14 06:44:38 | INFO | step=17300 loss=0.0061 lr=1.91e-04 elapsed=7489s
2026-09-14 06:45:05 | INFO | step=17400 loss=0.0352 lr=1.91e-04 elapsed=7516s
2026-09-14 06:45:33 | INFO | step=17500 loss=0.0098 lr=1.90e-04 elapsed=7544s
2026-09-14 06:46:00 | INFO | step=17600 loss=0.0252 lr=1.90e-04 elapsed=7571s
2026-09-14 06:46:28 | INFO | step=17700 loss=0.0125 lr=1.90e-04 elapsed=7599s
2026-09-14 06:46:55 | INFO | step=17800 loss=0.0031 lr=1.90e-04 elapsed=7626s
2026-09-14 06:47:23 | INFO | step=17900 loss=0.0156 lr=1.90e-04 elapsed=7653s
2026-09-14 06:47:50 | INFO | step=18000 loss=0.0033 lr=1.90e-04 elapsed=7681s
2026-09-14 06:48:14 | INFO | [eval] step=18000 dev_loss=2.0900
2026-09-14 06:49:38 | INFO |   EM on dev subset (200 samples): 1.50%
2026-09-14 06:50:06 | INFO | step=18100 loss=0.0800 lr=1.90e-04 elapsed=7817s
2026-09-14 06:50:33 | INFO | step=18200 loss=0.1131 lr=1.89e-04 elapsed=7844s
2026-09-14 06:51:01 | INFO | step=18300 loss=0.0061 lr=1.89e-04 elapsed=7871s
2026-09-14 06:51:28 | INFO | step=18400 loss=0.0242 lr=1.89e-04 elapsed=7899s
2026-09-14 06:51:55 | INFO | step=18500 loss=0.0104 lr=1.89e-04 elapsed=7926s
2026-09-14 06:52:23 | INFO | step=18600 loss=0.0290 lr=1.89e-04 elapsed=7954s
2026-09-14 06:52:50 | INFO | step=18700 loss=0.0595 lr=1.89e-04 elapsed=7981s
2026-09-14 06:53:18 | INFO | step=18800 loss=0.0666 lr=1.88e-04 elapsed=8008s
2026-09-14 06:53:45 | INFO | step=18900 loss=0.0048 lr=1.88e-04 elapsed=8036s
2026-09-14 06:54:12 | INFO | step=19000 loss=0.0577 lr=1.88e-04 elapsed=8063s
2026-09-14 06:54:37 | INFO | [eval] step=19000 dev_loss=2.0927
2026-09-14 06:56:54 | INFO |   EM on dev subset (200 samples): 1.00%
2026-09-14 06:57:21 | INFO | step=19100 loss=0.0730 lr=1.88e-04 elapsed=8252s
2026-09-14 06:57:49 | INFO | step=19200 loss=0.0068 lr=1.88e-04 elapsed=8280s
2026-09-14 06:58:17 | INFO | step=19300 loss=0.0058 lr=1.88e-04 elapsed=8307s
2026-09-14 06:58:44 | INFO | step=19400 loss=0.0362 lr=1.88e-04 elapsed=8335s
2026-09-14 06:59:11 | INFO | step=19500 loss=0.0229 lr=1.87e-04 elapsed=8362s
2026-09-14 06:59:39 | INFO | step=19600 loss=0.0010 lr=1.87e-04 elapsed=8390s
2026-09-14 07:00:06 | INFO | step=19700 loss=0.0045 lr=1.87e-04 elapsed=8417s
2026-09-14 07:00:34 | INFO | step=19800 loss=0.0639 lr=1.87e-04 elapsed=8444s
2026-09-14 07:01:01 | INFO | step=19900 loss=0.0521 lr=1.87e-04 elapsed=8472s
2026-09-14 07:01:28 | INFO | step=20000 loss=0.0158 lr=1.87e-04 elapsed=8499s
2026-09-14 07:01:53 | INFO | [eval] step=20000 dev_loss=2.0900
2026-09-14 07:03:46 | INFO |   EM on dev subset (200 samples): 1.00%
2026-09-14 07:04:36 | INFO | step=20100 loss=0.0076 lr=1.86e-04 elapsed=8687s
2026-09-14 07:05:04 | INFO | step=20200 loss=0.0403 lr=1.86e-04 elapsed=8714s
2026-09-14 07:05:31 | INFO | step=20300 loss=0.0532 lr=1.86e-04 elapsed=8742s
2026-09-14 07:05:59 | INFO | step=20400 loss=0.0248 lr=1.86e-04 elapsed=8770s
2026-09-14 07:06:26 | INFO | step=20500 loss=0.0066 lr=1.86e-04 elapsed=8797s
2026-09-14 07:06:54 | INFO | step=20600 loss=0.0092 lr=1.86e-04 elapsed=8825s
2026-09-14 07:07:21 | INFO | step=20700 loss=0.0472 lr=1.85e-04 elapsed=8852s
2026-09-14 07:07:49 | INFO | step=20800 loss=0.0256 lr=1.85e-04 elapsed=8879s
2026-09-14 07:08:16 | INFO | step=20900 loss=0.0359 lr=1.85e-04 elapsed=8907s
2026-09-14 07:08:43 | INFO | step=21000 loss=0.0717 lr=1.85e-04 elapsed=8934s
2026-09-14 07:09:08 | INFO | [eval] step=21000 dev_loss=2.0904
2026-09-14 07:10:50 | INFO |   EM on dev subset (200 samples): 0.50%
2026-09-14 07:11:17 | INFO | step=21100 loss=0.0075 lr=1.85e-04 elapsed=9088s
2026-09-14 07:11:45 | INFO | step=21200 loss=0.0040 lr=1.85e-04 elapsed=9115s
2026-09-14 07:12:12 | INFO | step=21300 loss=0.0315 lr=1.84e-04 elapsed=9143s
2026-09-14 07:12:40 | INFO | step=21400 loss=0.0149 lr=1.84e-04 elapsed=9171s
2026-09-14 07:13:08 | INFO | step=21500 loss=0.0063 lr=1.84e-04 elapsed=9198s
2026-09-14 07:13:35 | INFO | step=21600 loss=0.0254 lr=1.84e-04 elapsed=9226s
2026-09-14 07:14:02 | INFO | step=21700 loss=0.0269 lr=1.84e-04 elapsed=9253s
2026-09-14 07:14:30 | INFO | step=21800 loss=0.0046 lr=1.84e-04 elapsed=9280s
2026-09-14 07:14:57 | INFO | step=21900 loss=0.1093 lr=1.83e-04 elapsed=9308s
2026-09-14 07:15:24 | INFO | step=22000 loss=0.0530 lr=1.83e-04 elapsed=9335s
2026-09-14 07:15:49 | INFO | [eval] step=22000 dev_loss=2.0895
2026-09-14 07:17:14 | INFO |   EM on dev subset (200 samples): 1.50%
2026-09-14 07:17:41 | INFO | step=22100 loss=0.0117 lr=1.83e-04 elapsed=9472s
2026-09-14 07:18:09 | INFO | step=22200 loss=0.0242 lr=1.83e-04 elapsed=9499s
2026-09-14 07:18:36 | INFO | step=22300 loss=0.0104 lr=1.83e-04 elapsed=9527s
2026-09-14 07:19:04 | INFO | step=22400 loss=0.0758 lr=1.82e-04 elapsed=9554s
2026-09-14 07:19:31 | INFO | step=22500 loss=0.0350 lr=1.82e-04 elapsed=9582s
2026-09-14 07:19:59 | INFO | step=22600 loss=0.0069 lr=1.82e-04 elapsed=9609s
2026-09-14 07:20:26 | INFO | step=22700 loss=0.0395 lr=1.82e-04 elapsed=9637s
2026-09-14 07:20:53 | INFO | step=22800 loss=0.0896 lr=1.82e-04 elapsed=9664s
2026-09-14 07:21:21 | INFO | step=22900 loss=0.0277 lr=1.81e-04 elapsed=9691s
2026-09-14 07:21:48 | INFO | step=23000 loss=0.1739 lr=1.81e-04 elapsed=9719s
2026-09-14 07:22:13 | INFO | [eval] step=23000 dev_loss=2.0879
2026-09-14 07:24:26 | INFO |   EM on dev subset (200 samples): 1.00%
2026-09-14 07:24:54 | INFO | step=23100 loss=0.0016 lr=1.81e-04 elapsed=9904s
2026-09-14 07:25:22 | INFO | step=23200 loss=0.0341 lr=1.81e-04 elapsed=9932s
2026-09-14 07:25:49 | INFO | step=23300 loss=0.0114 lr=1.81e-04 elapsed=9960s
2026-09-14 07:26:17 | INFO | step=23400 loss=0.0071 lr=1.81e-04 elapsed=9988s
2026-09-14 07:26:45 | INFO | step=23500 loss=0.0432 lr=1.80e-04 elapsed=10016s
2026-09-14 07:27:12 | INFO | step=23600 loss=0.0353 lr=1.80e-04 elapsed=10043s
2026-09-14 07:27:40 | INFO | step=23700 loss=0.0759 lr=1.80e-04 elapsed=10071s
2026-09-14 07:28:07 | INFO | step=23800 loss=0.0025 lr=1.80e-04 elapsed=10098s
2026-09-14 07:28:35 | INFO | step=23900 loss=0.0341 lr=1.80e-04 elapsed=10126s
2026-09-14 07:29:02 | INFO | step=24000 loss=0.0821 lr=1.79e-04 elapsed=10153s
2026-09-14 07:29:27 | INFO | [eval] step=24000 dev_loss=2.0960
2026-09-14 07:31:46 | INFO |   EM on dev subset (200 samples): 1.00%
2026-09-14 07:32:14 | INFO | step=24100 loss=0.0021 lr=1.79e-04 elapsed=10344s
2026-09-14 07:32:41 | INFO | step=24200 loss=0.0086 lr=1.79e-04 elapsed=10372s
2026-09-14 07:33:09 | INFO | step=24300 loss=0.0066 lr=1.79e-04 elapsed=10399s
2026-09-14 07:33:36 | INFO | step=24400 loss=0.0412 lr=1.79e-04 elapsed=10427s
2026-09-14 07:34:04 | INFO | step=24500 loss=0.1076 lr=1.78e-04 elapsed=10455s
2026-09-14 07:34:31 | INFO | step=24600 loss=0.0097 lr=1.78e-04 elapsed=10482s
2026-09-14 07:34:59 | INFO | step=24700 loss=0.0382 lr=1.78e-04 elapsed=10510s
2026-09-14 07:35:27 | INFO | step=24800 loss=0.0165 lr=1.78e-04 elapsed=10537s
2026-09-14 07:35:54 | INFO | step=24900 loss=0.1781 lr=1.78e-04 elapsed=10565s
2026-09-14 07:36:21 | INFO | step=25000 loss=0.0238 lr=1.77e-04 elapsed=10592s
2026-09-14 07:36:46 | INFO | [eval] step=25000 dev_loss=2.1322
2026-09-14 07:38:21 | INFO |   EM on dev subset (200 samples): 0.50%
2026-09-14 07:38:49 | INFO | step=25100 loss=0.0159 lr=1.77e-04 elapsed=10740s
2026-09-14 07:39:17 | INFO | step=25200 loss=0.0626 lr=1.77e-04 elapsed=10768s
2026-09-14 07:39:44 | INFO | step=25300 loss=0.0727 lr=1.77e-04 elapsed=10795s
2026-09-14 07:40:12 | INFO | step=25400 loss=0.1902 lr=1.76e-04 elapsed=10823s
2026-09-14 07:40:40 | INFO | step=25500 loss=0.0387 lr=1.76e-04 elapsed=10850s
2026-09-14 07:41:07 | INFO | step=25600 loss=0.0323 lr=1.76e-04 elapsed=10878s
2026-09-14 07:41:35 | INFO | step=25700 loss=0.0029 lr=1.76e-04 elapsed=10905s
2026-09-14 07:42:02 | INFO | step=25800 loss=0.0099 lr=1.76e-04 elapsed=10933s
2026-09-14 07:42:30 | INFO | step=25900 loss=0.0254 lr=1.75e-04 elapsed=10961s
2026-09-14 07:42:57 | INFO | step=26000 loss=0.0518 lr=1.75e-04 elapsed=10988s
2026-09-14 07:43:22 | INFO | [eval] step=26000 dev_loss=2.0957
2026-09-14 07:45:31 | INFO |   EM on dev subset (200 samples): 1.00%
2026-09-14 07:45:59 | INFO | step=26100 loss=0.0316 lr=1.75e-04 elapsed=11170s
2026-09-14 07:46:27 | INFO | step=26200 loss=0.0939 lr=1.75e-04 elapsed=11198s
2026-09-14 07:46:55 | INFO | step=26300 loss=0.0788 lr=1.75e-04 elapsed=11226s
2026-09-14 07:47:23 | INFO | step=26400 loss=0.0384 lr=1.74e-04 elapsed=11254s
2026-09-14 07:47:51 | INFO | step=26500 loss=0.0324 lr=1.74e-04 elapsed=11281s
2026-09-14 07:48:18 | INFO | step=26600 loss=0.1428 lr=1.74e-04 elapsed=11309s
2026-09-14 07:48:46 | INFO | step=26700 loss=0.0585 lr=1.74e-04 elapsed=11337s
2026-09-14 07:49:13 | INFO | step=26800 loss=0.0131 lr=1.73e-04 elapsed=11364s
2026-09-14 07:49:41 | INFO | step=26900 loss=0.0480 lr=1.73e-04 elapsed=11391s
2026-09-14 07:50:08 | INFO | step=27000 loss=0.0911 lr=1.73e-04 elapsed=11419s
2026-09-14 07:50:33 | INFO | [eval] step=27000 dev_loss=2.0946
2026-09-14 07:53:06 | INFO |   EM on dev subset (200 samples): 0.50%
2026-09-14 07:53:34 | INFO | step=27100 loss=0.0026 lr=1.73e-04 elapsed=11625s
2026-09-14 07:54:02 | INFO | step=27200 loss=0.0342 lr=1.73e-04 elapsed=11653s
2026-09-14 07:54:30 | INFO | step=27300 loss=0.0014 lr=1.72e-04 elapsed=11680s
2026-09-14 07:54:57 | INFO | step=27400 loss=0.1330 lr=1.72e-04 elapsed=11708s
2026-09-14 07:55:25 | INFO | step=27500 loss=0.0587 lr=1.72e-04 elapsed=11736s
2026-09-14 07:55:53 | INFO | step=27600 loss=0.0215 lr=1.72e-04 elapsed=11763s
2026-09-14 07:56:20 | INFO | step=27700 loss=0.0056 lr=1.71e-04 elapsed=11791s
2026-09-14 07:56:48 | INFO | step=27800 loss=0.0056 lr=1.71e-04 elapsed=11819s
2026-09-14 07:57:15 | INFO | step=27900 loss=0.0090 lr=1.71e-04 elapsed=11846s
2026-09-14 07:57:43 | INFO | step=28000 loss=0.0017 lr=1.71e-04 elapsed=11873s
2026-09-14 07:58:07 | INFO | [eval] step=28000 dev_loss=2.0900
2026-09-14 08:00:25 | INFO |   EM on dev subset (200 samples): 2.00%
2026-09-14 08:00:53 | INFO | step=28100 loss=0.0026 lr=1.70e-04 elapsed=12064s
2026-09-14 08:01:21 | INFO | step=28200 loss=0.0202 lr=1.70e-04 elapsed=12092s
2026-09-14 08:01:49 | INFO | step=28300 loss=0.0210 lr=1.70e-04 elapsed=12120s
2026-09-14 08:02:17 | INFO | step=28400 loss=0.0035 lr=1.70e-04 elapsed=12148s
2026-09-14 08:02:45 | INFO | step=28500 loss=0.0037 lr=1.70e-04 elapsed=12175s
2026-09-14 08:03:12 | INFO | step=28600 loss=0.0063 lr=1.69e-04 elapsed=12203s
2026-09-14 08:03:40 | INFO | step=28700 loss=0.0257 lr=1.69e-04 elapsed=12231s
2026-09-14 08:04:08 | INFO | step=28800 loss=0.0067 lr=1.69e-04 elapsed=12258s
2026-09-14 08:04:35 | INFO | step=28900 loss=0.0220 lr=1.69e-04 elapsed=12286s
2026-09-14 08:05:03 | INFO | step=29000 loss=0.0061 lr=1.68e-04 elapsed=12314s
2026-09-14 08:05:27 | INFO | [eval] step=29000 dev_loss=2.0881
2026-09-14 08:07:05 | INFO |   EM on dev subset (200 samples): 2.00%
2026-09-14 08:07:33 | INFO | step=29100 loss=0.0400 lr=1.68e-04 elapsed=12463s
2026-09-14 08:08:01 | INFO | step=29200 loss=0.0298 lr=1.68e-04 elapsed=12491s
2026-09-14 08:08:28 | INFO | step=29300 loss=0.0071 lr=1.68e-04 elapsed=12519s
2026-09-14 08:08:56 | INFO | step=29400 loss=0.0127 lr=1.67e-04 elapsed=12547s
2026-09-14 08:09:24 | INFO | step=29500 loss=0.0328 lr=1.67e-04 elapsed=12574s
2026-09-14 08:09:51 | INFO | step=29600 loss=0.0465 lr=1.67e-04 elapsed=12602s
2026-09-14 08:10:19 | INFO | step=29700 loss=0.0141 lr=1.67e-04 elapsed=12630s
2026-09-14 08:10:46 | INFO | step=29800 loss=0.0123 lr=1.66e-04 elapsed=12657s
2026-09-14 08:11:14 | INFO | step=29900 loss=0.0255 lr=1.66e-04 elapsed=12685s
2026-09-14 08:11:42 | INFO | step=30000 loss=0.0016 lr=1.66e-04 elapsed=12712s
2026-09-14 08:12:06 | INFO | [eval] step=30000 dev_loss=2.0889
2026-09-14 08:13:51 | INFO |   EM on dev subset (200 samples): 1.00%
2026-09-14 08:14:41 | INFO | step=30100 loss=0.0158 lr=1.66e-04 elapsed=12892s
2026-09-14 08:15:09 | INFO | step=30200 loss=0.0284 lr=1.65e-04 elapsed=12920s
2026-09-14 08:15:37 | INFO | step=30300 loss=0.0377 lr=1.65e-04 elapsed=12947s
2026-09-14 08:16:04 | INFO | step=30400 loss=0.0149 lr=1.65e-04 elapsed=12975s
2026-09-14 08:16:32 | INFO | step=30500 loss=0.0098 lr=1.65e-04 elapsed=13002s
2026-09-14 08:16:59 | INFO | step=30600 loss=0.0019 lr=1.64e-04 elapsed=13030s
2026-09-14 08:17:26 | INFO | step=30700 loss=0.0060 lr=1.64e-04 elapsed=13057s
2026-09-14 08:17:54 | INFO | step=30800 loss=0.0015 lr=1.64e-04 elapsed=13085s
2026-09-14 08:18:21 | INFO | step=30900 loss=0.0140 lr=1.64e-04 elapsed=13112s
2026-09-14 08:18:49 | INFO | step=31000 loss=0.0211 lr=1.63e-04 elapsed=13139s
2026-09-14 08:19:13 | INFO | [eval] step=31000 dev_loss=2.0891
2026-09-14 08:20:50 | INFO |   EM on dev subset (200 samples): 1.50%
2026-09-14 08:21:18 | INFO | step=31100 loss=0.0257 lr=1.63e-04 elapsed=13289s
2026-09-14 08:21:45 | INFO | step=31200 loss=0.0527 lr=1.63e-04 elapsed=13316s
2026-09-14 08:22:13 | INFO | step=31300 loss=0.0421 lr=1.63e-04 elapsed=13344s
2026-09-14 08:22:41 | INFO | step=31400 loss=0.0095 lr=1.62e-04 elapsed=13371s
2026-09-14 08:23:08 | INFO | step=31500 loss=0.2029 lr=1.62e-04 elapsed=13399s
2026-09-14 08:23:35 | INFO | step=31600 loss=0.1300 lr=1.62e-04 elapsed=13426s
2026-09-14 08:24:03 | INFO | step=31700 loss=0.0100 lr=1.62e-04 elapsed=13453s
2026-09-14 08:24:30 | INFO | step=31800 loss=0.0066 lr=1.61e-04 elapsed=13481s
2026-09-14 08:24:57 | INFO | step=31900 loss=0.0179 lr=1.61e-04 elapsed=13508s
2026-09-14 08:25:25 | INFO | step=32000 loss=0.1073 lr=1.61e-04 elapsed=13535s
2026-09-14 08:25:49 | INFO | [eval] step=32000 dev_loss=2.0934
2026-09-14 08:27:24 | INFO |   EM on dev subset (200 samples): 1.00%
2026-09-14 08:27:51 | INFO | step=32100 loss=0.0381 lr=1.61e-04 elapsed=13682s
2026-09-14 08:28:19 | INFO | step=32200 loss=0.0026 lr=1.60e-04 elapsed=13710s
2026-09-14 08:28:47 | INFO | step=32300 loss=0.0049 lr=1.60e-04 elapsed=13738s
2026-09-14 08:29:15 | INFO | step=32400 loss=0.0262 lr=1.60e-04 elapsed=13765s
2026-09-14 08:29:42 | INFO | step=32500 loss=0.0368 lr=1.60e-04 elapsed=13793s
2026-09-14 08:30:10 | INFO | step=32600 loss=0.0034 lr=1.59e-04 elapsed=13820s
2026-09-14 08:30:37 | INFO | step=32700 loss=0.0560 lr=1.59e-04 elapsed=13848s
2026-09-14 08:31:05 | INFO | step=32800 loss=0.0142 lr=1.59e-04 elapsed=13875s
2026-09-14 08:31:32 | INFO | step=32900 loss=0.2523 lr=1.59e-04 elapsed=13903s
2026-09-14 08:31:59 | INFO | step=33000 loss=0.0095 lr=1.58e-04 elapsed=13930s
2026-09-14 08:32:24 | INFO | [eval] step=33000 dev_loss=2.0866
2026-09-14 08:34:12 | INFO |   EM on dev subset (200 samples): 2.00%
2026-09-14 08:34:40 | INFO | step=33100 loss=0.0586 lr=1.58e-04 elapsed=14090s
2026-09-14 08:35:07 | INFO | step=33200 loss=0.0111 lr=1.58e-04 elapsed=14118s
2026-09-14 08:35:35 | INFO | step=33300 loss=0.0352 lr=1.57e-04 elapsed=14145s
2026-09-14 08:36:02 | INFO | step=33400 loss=0.0043 lr=1.57e-04 elapsed=14173s
2026-09-14 08:36:30 | INFO | step=33500 loss=0.0400 lr=1.57e-04 elapsed=14201s
2026-09-14 08:36:57 | INFO | step=33600 loss=0.0186 lr=1.57e-04 elapsed=14228s
2026-09-14 08:37:25 | INFO | step=33700 loss=0.0022 lr=1.56e-04 elapsed=14255s
2026-09-14 08:37:52 | INFO | step=33800 loss=0.0125 lr=1.56e-04 elapsed=14283s
2026-09-14 08:38:19 | INFO | step=33900 loss=0.0994 lr=1.56e-04 elapsed=14310s
2026-09-14 08:38:47 | INFO | step=34000 loss=0.0824 lr=1.56e-04 elapsed=14338s
2026-09-14 08:39:11 | INFO | [eval] step=34000 dev_loss=2.0885
2026-09-14 08:40:47 | INFO |   EM on dev subset (200 samples): 2.00%
2026-09-14 08:41:15 | INFO | step=34100 loss=0.0610 lr=1.55e-04 elapsed=14485s
2026-09-14 08:41:42 | INFO | step=34200 loss=0.0248 lr=1.55e-04 elapsed=14513s
2026-09-14 08:42:10 | INFO | step=34300 loss=0.0049 lr=1.55e-04 elapsed=14541s
2026-09-14 08:42:38 | INFO | step=34400 loss=0.0696 lr=1.54e-04 elapsed=14568s
2026-09-14 08:43:05 | INFO | step=34500 loss=0.0094 lr=1.54e-04 elapsed=14596s
2026-09-14 08:43:32 | INFO | step=34600 loss=0.0223 lr=1.54e-04 elapsed=14623s
2026-09-14 08:44:00 | INFO | step=34700 loss=0.0071 lr=1.54e-04 elapsed=14651s
2026-09-14 08:44:27 | INFO | step=34800 loss=0.0137 lr=1.53e-04 elapsed=14678s
2026-09-14 08:44:55 | INFO | step=34900 loss=0.1209 lr=1.53e-04 elapsed=14706s
2026-09-14 08:45:22 | INFO | step=35000 loss=0.0185 lr=1.53e-04 elapsed=14733s
2026-09-14 08:45:47 | INFO | [eval] step=35000 dev_loss=2.0882
2026-09-14 08:47:25 | INFO |   EM on dev subset (200 samples): 3.00%
2026-09-14 08:47:48 | INFO |   -> New best model saved (dev_loss=2.0882)
2026-09-14 08:48:16 | INFO | step=35100 loss=0.0035 lr=1.53e-04 elapsed=14907s
2026-09-14 08:48:44 | INFO | step=35200 loss=0.0381 lr=1.52e-04 elapsed=14934s
2026-09-14 08:49:11 | INFO | step=35300 loss=0.1770 lr=1.52e-04 elapsed=14962s
2026-09-14 08:49:39 | INFO | step=35400 loss=0.0124 lr=1.52e-04 elapsed=14989s
2026-09-14 08:50:06 | INFO | step=35500 loss=0.0150 lr=1.51e-04 elapsed=15017s
2026-09-14 08:50:34 | INFO | step=35600 loss=0.0031 lr=1.51e-04 elapsed=15045s
2026-09-14 08:51:01 | INFO | step=35700 loss=0.0030 lr=1.51e-04 elapsed=15072s
2026-09-14 08:51:29 | INFO | step=35800 loss=0.0513 lr=1.51e-04 elapsed=15099s
2026-09-14 08:51:56 | INFO | step=35900 loss=0.0005 lr=1.50e-04 elapsed=15127s
2026-09-14 08:52:24 | INFO | step=36000 loss=0.0569 lr=1.50e-04 elapsed=15154s
2026-09-14 08:52:48 | INFO | [eval] step=36000 dev_loss=2.0879
2026-09-14 08:54:09 | INFO |   EM on dev subset (200 samples): 2.50%
2026-09-14 08:54:36 | INFO | step=36100 loss=0.0313 lr=1.50e-04 elapsed=15287s
2026-09-14 08:55:04 | INFO | step=36200 loss=0.0226 lr=1.49e-04 elapsed=15315s
2026-09-14 08:55:32 | INFO | step=36300 loss=0.0979 lr=1.49e-04 elapsed=15342s
2026-09-14 08:55:59 | INFO | step=36400 loss=0.0154 lr=1.49e-04 elapsed=15370s
2026-09-14 08:56:26 | INFO | step=36500 loss=0.0170 lr=1.49e-04 elapsed=15397s
2026-09-14 08:56:54 | INFO | step=36600 loss=0.0196 lr=1.48e-04 elapsed=15425s
2026-09-14 08:57:22 | INFO | step=36700 loss=0.0065 lr=1.48e-04 elapsed=15452s
2026-09-14 08:57:49 | INFO | step=36800 loss=0.0535 lr=1.48e-04 elapsed=15480s
2026-09-14 08:58:16 | INFO | step=36900 loss=0.1280 lr=1.47e-04 elapsed=15507s
2026-09-14 08:58:44 | INFO | step=37000 loss=0.0016 lr=1.47e-04 elapsed=15535s
2026-09-14 08:59:08 | INFO | [eval] step=37000 dev_loss=2.0860
2026-09-14 09:01:03 | INFO |   EM on dev subset (200 samples): 2.00%
2026-09-14 09:01:31 | INFO | step=37100 loss=0.0836 lr=1.47e-04 elapsed=15702s
2026-09-14 09:01:59 | INFO | step=37200 loss=0.0623 lr=1.47e-04 elapsed=15729s
2026-09-14 09:02:26 | INFO | step=37300 loss=0.0127 lr=1.46e-04 elapsed=15757s
2026-09-14 09:02:54 | INFO | step=37400 loss=0.0065 lr=1.46e-04 elapsed=15784s
2026-09-14 09:03:21 | INFO | step=37500 loss=0.0095 lr=1.46e-04 elapsed=15812s
2026-09-14 09:03:49 | INFO | step=37600 loss=0.0146 lr=1.45e-04 elapsed=15839s
2026-09-14 09:04:16 | INFO | step=37700 loss=0.0612 lr=1.45e-04 elapsed=15867s
2026-09-14 09:04:43 | INFO | step=37800 loss=0.0061 lr=1.45e-04 elapsed=15894s
2026-09-14 09:05:11 | INFO | step=37900 loss=0.0077 lr=1.45e-04 elapsed=15921s
2026-09-14 09:05:38 | INFO | step=38000 loss=0.0163 lr=1.44e-04 elapsed=15949s
2026-09-14 09:06:03 | INFO | [eval] step=38000 dev_loss=2.0855
2026-09-14 09:07:24 | INFO |   EM on dev subset (200 samples): 3.00%
2026-09-14 09:07:51 | INFO | step=38100 loss=0.0115 lr=1.44e-04 elapsed=16082s
2026-09-14 09:08:19 | INFO | step=38200 loss=0.0022 lr=1.44e-04 elapsed=16110s
2026-09-14 09:08:46 | INFO | step=38300 loss=0.0063 lr=1.43e-04 elapsed=16137s
2026-09-14 09:09:14 | INFO | step=38400 loss=0.0208 lr=1.43e-04 elapsed=16165s
2026-09-14 09:09:41 | INFO | step=38500 loss=0.0105 lr=1.43e-04 elapsed=16192s
2026-09-14 09:10:09 | INFO | step=38600 loss=0.0006 lr=1.42e-04 elapsed=16219s
2026-09-14 09:10:36 | INFO | step=38700 loss=0.0013 lr=1.42e-04 elapsed=16247s
2026-09-14 09:11:03 | INFO | step=38800 loss=0.1295 lr=1.42e-04 elapsed=16274s
2026-09-14 09:11:31 | INFO | step=38900 loss=0.0157 lr=1.42e-04 elapsed=16301s
2026-09-14 09:11:58 | INFO | step=39000 loss=0.0550 lr=1.41e-04 elapsed=16329s
2026-09-14 09:12:22 | INFO | [eval] step=39000 dev_loss=2.0826
2026-09-14 09:13:41 | INFO |   EM on dev subset (200 samples): 2.50%
2026-09-14 09:14:09 | INFO | step=39100 loss=0.0078 lr=1.41e-04 elapsed=16460s
2026-09-14 09:14:36 | INFO | step=39200 loss=0.0020 lr=1.41e-04 elapsed=16487s
2026-09-14 09:15:04 | INFO | step=39300 loss=0.0155 lr=1.40e-04 elapsed=16514s
2026-09-14 09:15:31 | INFO | step=39400 loss=0.0245 lr=1.40e-04 elapsed=16542s
2026-09-14 09:15:59 | INFO | step=39500 loss=0.0684 lr=1.40e-04 elapsed=16569s
2026-09-14 09:16:26 | INFO | step=39600 loss=0.0022 lr=1.39e-04 elapsed=16597s
2026-09-14 09:16:53 | INFO | step=39700 loss=0.0152 lr=1.39e-04 elapsed=16624s
2026-09-14 09:17:21 | INFO | step=39800 loss=0.0045 lr=1.39e-04 elapsed=16651s
2026-09-14 09:17:48 | INFO | step=39900 loss=0.0014 lr=1.39e-04 elapsed=16679s
2026-09-14 09:18:15 | INFO | step=40000 loss=0.0094 lr=1.38e-04 elapsed=16706s
2026-09-14 09:18:40 | INFO | [eval] step=40000 dev_loss=2.0834
2026-09-14 09:20:00 | INFO |   EM on dev subset (200 samples): 4.00%
2026-09-14 09:20:23 | INFO |   -> New best model saved (dev_loss=2.0834)
2026-09-14 09:21:14 | INFO | step=40100 loss=0.0426 lr=1.38e-04 elapsed=16884s
2026-09-14 09:21:41 | INFO | step=40200 loss=0.0993 lr=1.38e-04 elapsed=16912s
2026-09-14 09:22:08 | INFO | step=40300 loss=0.0086 lr=1.37e-04 elapsed=16939s
2026-09-14 09:22:35 | INFO | step=40400 loss=0.0063 lr=1.37e-04 elapsed=16966s
2026-09-14 09:23:03 | INFO | step=40500 loss=0.0048 lr=1.37e-04 elapsed=16993s
2026-09-14 09:23:30 | INFO | step=40600 loss=0.0129 lr=1.36e-04 elapsed=17021s
2026-09-14 09:23:57 | INFO | step=40700 loss=0.0143 lr=1.36e-04 elapsed=17048s
2026-09-14 09:24:25 | INFO | step=40800 loss=0.0018 lr=1.36e-04 elapsed=17075s
2026-09-14 09:24:52 | INFO | step=40900 loss=0.0389 lr=1.36e-04 elapsed=17103s
2026-09-14 09:25:19 | INFO | step=41000 loss=0.0019 lr=1.35e-04 elapsed=17130s
2026-09-14 09:25:44 | INFO | [eval] step=41000 dev_loss=2.0868
2026-09-14 09:27:42 | INFO |   EM on dev subset (200 samples): 2.00%
2026-09-14 09:28:10 | INFO | step=41100 loss=0.0152 lr=1.35e-04 elapsed=17300s
2026-09-14 09:28:37 | INFO | step=41200 loss=0.0065 lr=1.35e-04 elapsed=17328s
2026-09-14 09:29:05 | INFO | step=41300 loss=0.0161 lr=1.34e-04 elapsed=17356s
2026-09-14 09:29:33 | INFO | step=41400 loss=0.0020 lr=1.34e-04 elapsed=17383s
2026-09-14 09:30:00 | INFO | step=41500 loss=0.0008 lr=1.34e-04 elapsed=17411s
2026-09-14 09:30:28 | INFO | step=41600 loss=0.0136 lr=1.33e-04 elapsed=17438s
2026-09-14 09:30:55 | INFO | step=41700 loss=0.0092 lr=1.33e-04 elapsed=17466s
2026-09-14 09:31:22 | INFO | step=41800 loss=0.0434 lr=1.33e-04 elapsed=17493s
2026-09-14 09:31:50 | INFO | step=41900 loss=0.0112 lr=1.32e-04 elapsed=17520s
2026-09-14 09:32:17 | INFO | step=42000 loss=0.0031 lr=1.32e-04 elapsed=17548s
2026-09-14 09:32:41 | INFO | [eval] step=42000 dev_loss=2.0824
2026-09-14 09:34:38 | INFO |   EM on dev subset (200 samples): 3.50%
2026-09-14 09:35:05 | INFO | step=42100 loss=0.0041 lr=1.32e-04 elapsed=17716s
2026-09-14 09:35:33 | INFO | step=42200 loss=0.0037 lr=1.32e-04 elapsed=17743s
2026-09-14 09:36:00 | INFO | step=42300 loss=0.0019 lr=1.31e-04 elapsed=17771s
2026-09-14 09:36:28 | INFO | step=42400 loss=0.0056 lr=1.31e-04 elapsed=17798s
2026-09-14 09:36:55 | INFO | step=42500 loss=0.0044 lr=1.31e-04 elapsed=17826s
2026-09-14 09:37:23 | INFO | step=42600 loss=0.0050 lr=1.30e-04 elapsed=17853s
2026-09-14 09:37:50 | INFO | step=42700 loss=0.0345 lr=1.30e-04 elapsed=17881s
2026-09-14 09:38:17 | INFO | step=42800 loss=0.0062 lr=1.30e-04 elapsed=17908s
2026-09-14 09:38:45 | INFO | step=42900 loss=0.0085 lr=1.29e-04 elapsed=17935s
2026-09-14 09:39:12 | INFO | step=43000 loss=0.0002 lr=1.29e-04 elapsed=17963s
2026-09-14 09:39:36 | INFO | [eval] step=43000 dev_loss=2.0828
2026-09-14 09:40:54 | INFO |   EM on dev subset (200 samples): 3.00%
2026-09-14 09:41:22 | INFO | step=43100 loss=0.0182 lr=1.29e-04 elapsed=18093s
2026-09-14 09:41:49 | INFO | step=43200 loss=0.0033 lr=1.28e-04 elapsed=18120s
2026-09-14 09:42:17 | INFO | step=43300 loss=0.0438 lr=1.28e-04 elapsed=18147s
2026-09-14 09:42:44 | INFO | step=43400 loss=0.0228 lr=1.28e-04 elapsed=18175s
2026-09-14 09:43:11 | INFO | step=43500 loss=0.0090 lr=1.27e-04 elapsed=18202s
2026-09-14 09:43:38 | INFO | step=43600 loss=0.0021 lr=1.27e-04 elapsed=18229s
2026-09-14 09:44:06 | INFO | step=43700 loss=0.0026 lr=1.27e-04 elapsed=18256s
2026-09-14 09:44:33 | INFO | step=43800 loss=0.0365 lr=1.27e-04 elapsed=18284s
2026-09-14 09:45:00 | INFO | step=43900 loss=0.0963 lr=1.26e-04 elapsed=18311s
2026-09-14 09:45:28 | INFO | step=44000 loss=0.0027 lr=1.26e-04 elapsed=18338s
2026-09-14 09:45:52 | INFO | [eval] step=44000 dev_loss=2.0849
2026-09-14 09:47:28 | INFO |   EM on dev subset (200 samples): 3.00%
2026-09-14 09:47:56 | INFO | step=44100 loss=0.0051 lr=1.26e-04 elapsed=18486s
2026-09-14 09:48:23 | INFO | step=44200 loss=0.0028 lr=1.25e-04 elapsed=18514s
2026-09-14 09:48:50 | INFO | step=44300 loss=0.0021 lr=1.25e-04 elapsed=18541s
2026-09-14 09:49:18 | INFO | step=44400 loss=0.0056 lr=1.25e-04 elapsed=18569s
2026-09-14 09:49:45 | INFO | step=44500 loss=0.0235 lr=1.24e-04 elapsed=18596s
2026-09-14 09:50:12 | INFO | step=44600 loss=0.0140 lr=1.24e-04 elapsed=18623s
2026-09-14 09:50:40 | INFO | step=44700 loss=0.0127 lr=1.24e-04 elapsed=18650s
2026-09-14 09:51:07 | INFO | step=44800 loss=0.0367 lr=1.23e-04 elapsed=18678s
2026-09-14 09:51:34 | INFO | step=44900 loss=0.0210 lr=1.23e-04 elapsed=18705s
2026-09-14 09:52:01 | INFO | step=45000 loss=0.0174 lr=1.23e-04 elapsed=18732s
2026-09-14 09:52:26 | INFO | [eval] step=45000 dev_loss=2.0814
2026-09-14 09:53:53 | INFO |   EM on dev subset (200 samples): 3.50%
2026-09-14 09:54:20 | INFO | step=45100 loss=0.0081 lr=1.22e-04 elapsed=18871s
2026-09-14 09:54:48 | INFO | step=45200 loss=0.0102 lr=1.22e-04 elapsed=18898s
2026-09-14 09:55:15 | INFO | step=45300 loss=0.1335 lr=1.22e-04 elapsed=18926s
2026-09-14 09:55:43 | INFO | step=45400 loss=0.0198 lr=1.21e-04 elapsed=18953s
2026-09-14 09:56:10 | INFO | step=45500 loss=0.0133 lr=1.21e-04 elapsed=18981s
2026-09-14 09:56:37 | INFO | step=45600 loss=0.0194 lr=1.21e-04 elapsed=19008s
2026-09-14 09:57:05 | INFO | step=45700 loss=0.0005 lr=1.20e-04 elapsed=19036s
2026-09-14 09:57:32 | INFO | step=45800 loss=0.0025 lr=1.20e-04 elapsed=19063s
2026-09-14 09:58:00 | INFO | step=45900 loss=0.0012 lr=1.20e-04 elapsed=19090s
2026-09-14 09:58:27 | INFO | step=46000 loss=0.0406 lr=1.20e-04 elapsed=19118s
2026-09-14 09:58:51 | INFO | [eval] step=46000 dev_loss=2.0824
2026-09-14 10:00:29 | INFO |   EM on dev subset (200 samples): 2.50%
2026-09-14 10:00:56 | INFO | step=46100 loss=0.0016 lr=1.19e-04 elapsed=19267s
2026-09-14 10:01:24 | INFO | step=46200 loss=0.0115 lr=1.19e-04 elapsed=19295s
2026-09-14 10:01:51 | INFO | step=46300 loss=0.0033 lr=1.19e-04 elapsed=19322s
2026-09-14 10:02:19 | INFO | step=46400 loss=0.0248 lr=1.18e-04 elapsed=19350s
2026-09-14 10:02:47 | INFO | step=46500 loss=0.0192 lr=1.18e-04 elapsed=19377s
2026-09-14 10:03:14 | INFO | step=46600 loss=0.0338 lr=1.18e-04 elapsed=19405s
2026-09-14 10:03:41 | INFO | step=46700 loss=0.0027 lr=1.17e-04 elapsed=19432s
2026-09-14 10:04:09 | INFO | step=46800 loss=0.0355 lr=1.17e-04 elapsed=19459s
2026-09-14 10:04:36 | INFO | step=46900 loss=0.0065 lr=1.17e-04 elapsed=19487s
2026-09-14 10:05:04 | INFO | step=47000 loss=0.0664 lr=1.16e-04 elapsed=19514s
2026-09-14 10:05:28 | INFO | [eval] step=47000 dev_loss=2.0824
2026-09-14 10:06:47 | INFO |   EM on dev subset (200 samples): 4.00%
2026-09-14 10:07:14 | INFO | step=47100 loss=0.0153 lr=1.16e-04 elapsed=19645s
2026-09-14 10:07:42 | INFO | step=47200 loss=0.0016 lr=1.16e-04 elapsed=19673s
2026-09-14 10:08:09 | INFO | step=47300 loss=0.0331 lr=1.15e-04 elapsed=19700s
2026-09-14 10:08:37 | INFO | step=47400 loss=0.0090 lr=1.15e-04 elapsed=19727s
2026-09-14 10:09:04 | INFO | step=47500 loss=0.0188 lr=1.15e-04 elapsed=19755s
2026-09-14 10:09:32 | INFO | step=47600 loss=0.0030 lr=1.14e-04 elapsed=19782s
2026-09-14 10:09:59 | INFO | step=47700 loss=0.0075 lr=1.14e-04 elapsed=19810s
2026-09-14 10:10:26 | INFO | step=47800 loss=0.0181 lr=1.14e-04 elapsed=19837s
2026-09-14 10:10:54 | INFO | step=47900 loss=0.1761 lr=1.13e-04 elapsed=19864s
2026-09-14 10:11:21 | INFO | step=48000 loss=0.0227 lr=1.13e-04 elapsed=19892s
2026-09-14 10:11:45 | INFO | [eval] step=48000 dev_loss=2.0807
2026-09-14 10:13:27 | INFO |   EM on dev subset (200 samples): 4.00%
2026-09-14 10:13:54 | INFO | step=48100 loss=0.0006 lr=1.13e-04 elapsed=20045s
2026-09-14 10:14:22 | INFO | step=48200 loss=0.0310 lr=1.12e-04 elapsed=20073s
2026-09-14 10:14:50 | INFO | step=48300 loss=0.0134 lr=1.12e-04 elapsed=20100s
2026-09-14 10:15:17 | INFO | step=48400 loss=0.0546 lr=1.12e-04 elapsed=20128s
2026-09-14 10:15:45 | INFO | step=48500 loss=0.0123 lr=1.11e-04 elapsed=20155s
2026-09-14 10:16:12 | INFO | step=48600 loss=0.0049 lr=1.11e-04 elapsed=20183s
2026-09-14 10:16:40 | INFO | step=48700 loss=0.0009 lr=1.11e-04 elapsed=20210s
2026-09-14 10:17:07 | INFO | step=48800 loss=0.0027 lr=1.10e-04 elapsed=20238s
2026-09-14 10:17:34 | INFO | step=48900 loss=0.0342 lr=1.10e-04 elapsed=20265s
2026-09-14 10:18:02 | INFO | step=49000 loss=0.0010 lr=1.10e-04 elapsed=20292s
2026-09-14 10:18:26 | INFO | [eval] step=49000 dev_loss=2.0808
2026-09-14 10:20:05 | INFO |   EM on dev subset (200 samples): 3.00%
2026-09-14 10:20:33 | INFO | step=49100 loss=0.0063 lr=1.09e-04 elapsed=20443s
2026-09-14 10:21:00 | INFO | step=49200 loss=0.0047 lr=1.09e-04 elapsed=20471s
2026-09-14 10:21:28 | INFO | step=49300 loss=0.0398 lr=1.09e-04 elapsed=20499s
2026-09-14 10:21:55 | INFO | step=49400 loss=0.0037 lr=1.08e-04 elapsed=20526s
2026-09-14 10:22:23 | INFO | step=49500 loss=0.0145 lr=1.08e-04 elapsed=20554s
2026-09-14 10:22:50 | INFO | step=49600 loss=0.0240 lr=1.08e-04 elapsed=20581s
2026-09-14 10:23:18 | INFO | step=49700 loss=0.0060 lr=1.08e-04 elapsed=20608s
2026-09-14 10:23:45 | INFO | step=49800 loss=0.0012 lr=1.07e-04 elapsed=20636s
2026-09-14 10:24:13 | INFO | step=49900 loss=0.0032 lr=1.07e-04 elapsed=20663s
2026-09-14 10:24:40 | INFO | step=50000 loss=0.0011 lr=1.07e-04 elapsed=20691s
2026-09-14 10:25:04 | INFO | [eval] step=50000 dev_loss=2.0803
2026-09-14 10:26:27 | INFO |   EM on dev subset (200 samples): 3.00%
2026-09-14 10:27:17 | INFO | step=50100 loss=0.0008 lr=1.06e-04 elapsed=20848s
2026-09-14 10:27:45 | INFO | step=50200 loss=0.0074 lr=1.06e-04 elapsed=20875s
2026-09-14 10:28:12 | INFO | step=50300 loss=0.0311 lr=1.06e-04 elapsed=20903s
2026-09-14 10:28:40 | INFO | step=50400 loss=0.0083 lr=1.05e-04 elapsed=20930s
2026-09-14 10:29:07 | INFO | step=50500 loss=0.0002 lr=1.05e-04 elapsed=20958s
2026-09-14 10:29:35 | INFO | step=50600 loss=0.0546 lr=1.05e-04 elapsed=20985s
2026-09-14 10:30:02 | INFO | step=50700 loss=0.0076 lr=1.04e-04 elapsed=21013s
2026-09-14 10:30:29 | INFO | step=50800 loss=0.0213 lr=1.04e-04 elapsed=21040s
2026-09-14 10:30:57 | INFO | step=50900 loss=0.0185 lr=1.04e-04 elapsed=21067s
2026-09-14 10:31:24 | INFO | step=51000 loss=0.0305 lr=1.03e-04 elapsed=21095s
2026-09-14 10:31:49 | INFO | [eval] step=51000 dev_loss=2.0803
2026-09-14 10:33:09 | INFO |   EM on dev subset (200 samples): 4.00%
2026-09-14 10:33:36 | INFO | step=51100 loss=0.0023 lr=1.03e-04 elapsed=21227s
2026-09-14 10:34:04 | INFO | step=51200 loss=0.0352 lr=1.03e-04 elapsed=21254s
2026-09-14 10:34:31 | INFO | step=51300 loss=0.0004 lr=1.02e-04 elapsed=21282s
2026-09-14 10:34:59 | INFO | step=51400 loss=0.0368 lr=1.02e-04 elapsed=21310s
2026-09-14 10:35:27 | INFO | step=51500 loss=0.0184 lr=1.02e-04 elapsed=21337s
2026-09-14 10:35:54 | INFO | step=51600 loss=0.0230 lr=1.01e-04 elapsed=21365s
2026-09-14 10:36:22 | INFO | step=51700 loss=0.0004 lr=1.01e-04 elapsed=21392s
2026-09-14 10:36:49 | INFO | step=51800 loss=0.0314 lr=1.01e-04 elapsed=21420s
2026-09-14 10:37:16 | INFO | step=51900 loss=0.0033 lr=1.00e-04 elapsed=21447s
2026-09-14 10:37:44 | INFO | step=52000 loss=0.0052 lr=1.00e-04 elapsed=21474s
2026-09-14 10:38:08 | INFO | [eval] step=52000 dev_loss=2.0797
2026-09-14 10:39:46 | INFO |   EM on dev subset (200 samples): 3.00%
2026-09-14 10:40:14 | INFO | step=52100 loss=0.0056 lr=9.97e-05 elapsed=21624s
2026-09-14 10:40:41 | INFO | step=52200 loss=0.0003 lr=9.93e-05 elapsed=21652s
2026-09-14 10:41:09 | INFO | step=52300 loss=0.0308 lr=9.90e-05 elapsed=21680s
2026-09-14 10:41:37 | INFO | step=52400 loss=0.0208 lr=9.87e-05 elapsed=21707s
2026-09-14 10:42:04 | INFO | step=52500 loss=0.0012 lr=9.84e-05 elapsed=21735s
2026-09-14 10:42:32 | INFO | step=52600 loss=0.0009 lr=9.80e-05 elapsed=21762s
2026-09-14 10:42:59 | INFO | step=52700 loss=0.0019 lr=9.77e-05 elapsed=21790s
2026-09-14 10:43:27 | INFO | step=52800 loss=0.0266 lr=9.74e-05 elapsed=21817s
2026-09-14 10:43:54 | INFO | step=52900 loss=0.0109 lr=9.71e-05 elapsed=21845s
2026-09-14 10:44:22 | INFO | step=53000 loss=0.0042 lr=9.67e-05 elapsed=21872s
2026-09-14 10:44:46 | INFO | [eval] step=53000 dev_loss=2.0790
2026-09-14 10:46:23 | INFO |   EM on dev subset (200 samples): 4.50%
2026-09-14 10:46:46 | INFO |   -> New best model saved (dev_loss=2.0790)
2026-09-14 10:47:14 | INFO | step=53100 loss=0.0295 lr=9.64e-05 elapsed=22045s
2026-09-14 10:47:41 | INFO | step=53200 loss=0.0515 lr=9.61e-05 elapsed=22072s
2026-09-14 10:48:09 | INFO | step=53300 loss=0.0063 lr=9.57e-05 elapsed=22100s
2026-09-14 10:48:37 | INFO | step=53400 loss=0.0010 lr=9.54e-05 elapsed=22127s
2026-09-14 10:49:04 | INFO | step=53500 loss=0.0007 lr=9.51e-05 elapsed=22155s
2026-09-14 10:49:32 | INFO | step=53600 loss=0.0453 lr=9.48e-05 elapsed=22182s
2026-09-14 10:49:59 | INFO | step=53700 loss=0.0006 lr=9.44e-05 elapsed=22210s
2026-09-14 10:50:27 | INFO | step=53800 loss=0.0072 lr=9.41e-05 elapsed=22237s
2026-09-14 10:50:54 | INFO | step=53900 loss=0.0028 lr=9.38e-05 elapsed=22265s
2026-09-14 10:51:21 | INFO | step=54000 loss=0.0208 lr=9.35e-05 elapsed=22292s
2026-09-14 10:51:46 | INFO | [eval] step=54000 dev_loss=2.0788
2026-09-14 10:53:09 | INFO |   EM on dev subset (200 samples): 4.50%
2026-09-14 10:53:36 | INFO | step=54100 loss=0.0034 lr=9.31e-05 elapsed=22427s
2026-09-14 10:54:04 | INFO | step=54200 loss=0.0042 lr=9.28e-05 elapsed=22454s
2026-09-14 10:54:31 | INFO | step=54300 loss=0.0016 lr=9.25e-05 elapsed=22482s
2026-09-14 10:54:58 | INFO | step=54400 loss=0.0033 lr=9.22e-05 elapsed=22509s
2026-09-14 10:55:26 | INFO | step=54500 loss=0.0008 lr=9.18e-05 elapsed=22537s
2026-09-14 10:55:53 | INFO | step=54600 loss=0.0102 lr=9.15e-05 elapsed=22564s
2026-09-14 10:56:21 | INFO | step=54700 loss=0.0010 lr=9.12e-05 elapsed=22591s
2026-09-14 10:56:48 | INFO | step=54800 loss=0.0130 lr=9.08e-05 elapsed=22619s
2026-09-14 10:57:15 | INFO | step=54900 loss=0.0016 lr=9.05e-05 elapsed=22646s
2026-09-14 10:57:43 | INFO | step=55000 loss=0.0012 lr=9.02e-05 elapsed=22673s
2026-09-14 10:58:07 | INFO | [eval] step=55000 dev_loss=2.0799
2026-09-14 10:59:30 | INFO |   EM on dev subset (200 samples): 4.00%
2026-09-14 10:59:57 | INFO | step=55100 loss=0.0008 lr=8.99e-05 elapsed=22808s
2026-09-14 11:00:24 | INFO | step=55200 loss=0.0296 lr=8.95e-05 elapsed=22835s
2026-09-14 11:00:52 | INFO | step=55300 loss=0.0024 lr=8.92e-05 elapsed=22862s
2026-09-14 11:01:19 | INFO | step=55400 loss=0.0012 lr=8.89e-05 elapsed=22890s
2026-09-14 11:01:46 | INFO | step=55500 loss=0.0005 lr=8.86e-05 elapsed=22917s
2026-09-14 11:02:14 | INFO | step=55600 loss=0.0082 lr=8.82e-05 elapsed=22945s
2026-09-14 11:02:41 | INFO | step=55700 loss=0.0014 lr=8.79e-05 elapsed=22972s
2026-09-14 11:03:08 | INFO | step=55800 loss=0.0358 lr=8.76e-05 elapsed=22999s
2026-09-14 11:03:35 | INFO | step=55900 loss=0.0023 lr=8.73e-05 elapsed=23026s
2026-09-14 11:04:03 | INFO | step=56000 loss=0.0004 lr=8.69e-05 elapsed=23053s
2026-09-14 11:04:27 | INFO | [eval] step=56000 dev_loss=2.0791
2026-09-14 11:05:55 | INFO |   EM on dev subset (200 samples): 5.00%
2026-09-14 11:06:19 | INFO |   -> New best model saved (dev_loss=2.0791)
2026-09-14 11:06:46 | INFO | step=56100 loss=0.1182 lr=8.66e-05 elapsed=23217s
2026-09-14 11:07:14 | INFO | step=56200 loss=0.0006 lr=8.63e-05 elapsed=23244s
2026-09-14 11:07:41 | INFO | step=56300 loss=0.0106 lr=8.60e-05 elapsed=23272s
2026-09-14 11:08:08 | INFO | step=56400 loss=0.0092 lr=8.57e-05 elapsed=23299s
2026-09-14 11:08:36 | INFO | step=56500 loss=0.0288 lr=8.53e-05 elapsed=23326s
2026-09-14 11:09:03 | INFO | step=56600 loss=0.0095 lr=8.50e-05 elapsed=23354s
2026-09-14 11:09:30 | INFO | step=56700 loss=0.0043 lr=8.47e-05 elapsed=23381s
2026-09-14 11:09:57 | INFO | step=56800 loss=0.0075 lr=8.44e-05 elapsed=23408s
2026-09-14 11:10:24 | INFO | step=56900 loss=0.0024 lr=8.40e-05 elapsed=23435s
2026-09-14 11:10:52 | INFO | step=57000 loss=0.0064 lr=8.37e-05 elapsed=23462s
2026-09-14 11:11:16 | INFO | [eval] step=57000 dev_loss=2.0783
2026-09-14 11:12:54 | INFO |   EM on dev subset (200 samples): 4.00%
2026-09-14 11:13:21 | INFO | step=57100 loss=0.0016 lr=8.34e-05 elapsed=23612s
2026-09-14 11:13:49 | INFO | step=57200 loss=0.0079 lr=8.31e-05 elapsed=23639s
2026-09-14 11:14:16 | INFO | step=57300 loss=0.0005 lr=8.27e-05 elapsed=23666s
2026-09-14 11:14:43 | INFO | step=57400 loss=0.0003 lr=8.24e-05 elapsed=23694s
2026-09-14 11:15:10 | INFO | step=57500 loss=0.0135 lr=8.21e-05 elapsed=23721s
2026-09-14 11:15:37 | INFO | step=57600 loss=0.0064 lr=8.18e-05 elapsed=23748s
2026-09-14 11:16:04 | INFO | step=57700 loss=0.0021 lr=8.15e-05 elapsed=23775s
2026-09-14 11:16:32 | INFO | step=57800 loss=0.0011 lr=8.11e-05 elapsed=23802s
2026-09-14 11:16:59 | INFO | step=57900 loss=0.0033 lr=8.08e-05 elapsed=23829s
2026-09-14 11:17:26 | INFO | step=58000 loss=0.0012 lr=8.05e-05 elapsed=23857s
2026-09-14 11:17:50 | INFO | [eval] step=58000 dev_loss=2.0785
2026-09-14 11:19:17 | INFO |   EM on dev subset (200 samples): 3.00%
2026-09-14 11:19:44 | INFO | step=58100 loss=0.0020 lr=8.02e-05 elapsed=23994s
2026-09-14 11:20:11 | INFO | step=58200 loss=0.0011 lr=7.98e-05 elapsed=24022s
2026-09-14 11:20:38 | INFO | step=58300 loss=0.0002 lr=7.95e-05 elapsed=24049s
2026-09-14 11:21:05 | INFO | step=58400 loss=0.0026 lr=7.92e-05 elapsed=24076s
2026-09-14 11:21:32 | INFO | step=58500 loss=0.0013 lr=7.89e-05 elapsed=24103s
2026-09-14 11:22:00 | INFO | step=58600 loss=0.0047 lr=7.86e-05 elapsed=24130s
2026-09-14 11:22:27 | INFO | step=58700 loss=0.0073 lr=7.82e-05 elapsed=24158s
2026-09-14 11:22:54 | INFO | step=58800 loss=0.0002 lr=7.79e-05 elapsed=24185s
2026-09-14 11:23:21 | INFO | step=58900 loss=0.0013 lr=7.76e-05 elapsed=24212s
2026-09-14 11:23:48 | INFO | step=59000 loss=0.0095 lr=7.73e-05 elapsed=24239s
2026-09-14 11:24:13 | INFO | [eval] step=59000 dev_loss=2.0789
2026-09-14 11:25:33 | INFO |   EM on dev subset (200 samples): 4.50%
2026-09-14 11:26:00 | INFO | step=59100 loss=0.0060 lr=7.70e-05 elapsed=24371s
2026-09-14 11:26:27 | INFO | step=59200 loss=0.0014 lr=7.67e-05 elapsed=24398s
2026-09-14 11:26:55 | INFO | step=59300 loss=0.0573 lr=7.63e-05 elapsed=24425s
2026-09-14 11:27:22 | INFO | step=59400 loss=0.0438 lr=7.60e-05 elapsed=24452s
2026-09-14 11:27:49 | INFO | step=59500 loss=0.0048 lr=7.57e-05 elapsed=24480s
2026-09-14 11:28:16 | INFO | step=59600 loss=0.0024 lr=7.54e-05 elapsed=24507s
2026-09-14 11:28:43 | INFO | step=59700 loss=0.0005 lr=7.51e-05 elapsed=24534s
2026-09-14 11:29:11 | INFO | step=59800 loss=0.0012 lr=7.48e-05 elapsed=24561s
2026-09-14 11:29:38 | INFO | step=59900 loss=0.0070 lr=7.44e-05 elapsed=24589s
2026-09-14 11:30:05 | INFO | step=60000 loss=0.0022 lr=7.41e-05 elapsed=24616s
2026-09-14 11:30:29 | INFO | [eval] step=60000 dev_loss=2.0769
2026-09-14 11:31:53 | INFO |   EM on dev subset (200 samples): 4.50%
2026-09-14 11:32:43 | INFO | step=60100 loss=0.0118 lr=7.38e-05 elapsed=24773s
2026-09-14 11:33:10 | INFO | step=60200 loss=0.0273 lr=7.35e-05 elapsed=24800s
2026-09-14 11:33:37 | INFO | step=60300 loss=0.0383 lr=7.32e-05 elapsed=24828s
2026-09-14 11:34:04 | INFO | step=60400 loss=0.0212 lr=7.29e-05 elapsed=24855s
2026-09-14 11:34:31 | INFO | step=60500 loss=0.0169 lr=7.25e-05 elapsed=24882s
2026-09-14 11:34:58 | INFO | step=60600 loss=0.0002 lr=7.22e-05 elapsed=24909s
2026-09-14 11:35:25 | INFO | step=60700 loss=0.0004 lr=7.19e-05 elapsed=24936s
2026-09-14 11:35:53 | INFO | step=60800 loss=0.0002 lr=7.16e-05 elapsed=24963s
2026-09-14 11:36:20 | INFO | step=60900 loss=0.0002 lr=7.13e-05 elapsed=24990s
2026-09-14 11:36:47 | INFO | step=61000 loss=0.0005 lr=7.10e-05 elapsed=25018s
2026-09-14 11:37:11 | INFO | [eval] step=61000 dev_loss=2.0768
2026-09-14 11:38:50 | INFO |   EM on dev subset (200 samples): 5.50%
2026-09-14 11:39:13 | INFO |   -> New best model saved (dev_loss=2.0768)
2026-09-14 11:39:40 | INFO | step=61100 loss=0.0082 lr=7.07e-05 elapsed=25191s
2026-09-14 11:40:08 | INFO | step=61200 loss=0.0027 lr=7.03e-05 elapsed=25218s
2026-09-14 11:40:35 | INFO | step=61300 loss=0.0914 lr=7.00e-05 elapsed=25246s
2026-09-14 11:41:02 | INFO | step=61400 loss=0.0085 lr=6.97e-05 elapsed=25273s
2026-09-14 11:41:29 | INFO | step=61500 loss=0.0011 lr=6.94e-05 elapsed=25300s
2026-09-14 11:41:56 | INFO | step=61600 loss=0.0026 lr=6.91e-05 elapsed=25327s
2026-09-14 11:42:24 | INFO | step=61700 loss=0.0004 lr=6.88e-05 elapsed=25354s
2026-09-14 11:42:51 | INFO | step=61800 loss=0.0040 lr=6.85e-05 elapsed=25382s
2026-09-14 11:43:18 | INFO | step=61900 loss=0.0073 lr=6.82e-05 elapsed=25409s
2026-09-14 11:43:45 | INFO | step=62000 loss=0.0136 lr=6.79e-05 elapsed=25436s
2026-09-14 11:44:09 | INFO | [eval] step=62000 dev_loss=2.0770
2026-09-14 11:45:36 | INFO |   EM on dev subset (200 samples): 5.50%
2026-09-14 11:46:03 | INFO | step=62100 loss=0.0018 lr=6.75e-05 elapsed=25574s
2026-09-14 11:46:31 | INFO | step=62200 loss=0.0407 lr=6.72e-05 elapsed=25601s
2026-09-14 11:46:58 | INFO | step=62300 loss=0.0201 lr=6.69e-05 elapsed=25629s
2026-09-14 11:47:25 | INFO | step=62400 loss=0.0003 lr=6.66e-05 elapsed=25656s
2026-09-14 11:47:52 | INFO | step=62500 loss=0.0003 lr=6.63e-05 elapsed=25683s
2026-09-14 11:48:20 | INFO | step=62600 loss=0.0139 lr=6.60e-05 elapsed=25710s
2026-09-14 11:48:47 | INFO | step=62700 loss=0.0153 lr=6.57e-05 elapsed=25738s
2026-09-14 11:49:14 | INFO | step=62800 loss=0.0031 lr=6.54e-05 elapsed=25765s
2026-09-14 11:49:41 | INFO | step=62900 loss=0.0247 lr=6.51e-05 elapsed=25792s
2026-09-14 11:50:08 | INFO | step=63000 loss=0.0044 lr=6.48e-05 elapsed=25819s
2026-09-14 11:50:33 | INFO | [eval] step=63000 dev_loss=2.0762
2026-09-14 11:51:53 | INFO |   EM on dev subset (200 samples): 5.50%
2026-09-14 11:52:20 | INFO | step=63100 loss=0.0004 lr=6.45e-05 elapsed=25951s
2026-09-14 11:52:48 | INFO | step=63200 loss=0.0245 lr=6.42e-05 elapsed=25978s
2026-09-14 11:53:15 | INFO | step=63300 loss=0.0007 lr=6.39e-05 elapsed=26006s
2026-09-14 11:53:42 | INFO | step=63400 loss=0.0005 lr=6.36e-05 elapsed=26033s
2026-09-14 11:54:09 | INFO | step=63500 loss=0.0010 lr=6.32e-05 elapsed=26060s
2026-09-14 11:54:37 | INFO | step=63600 loss=0.0132 lr=6.29e-05 elapsed=26087s
2026-09-14 11:55:04 | INFO | step=63700 loss=0.0003 lr=6.26e-05 elapsed=26115s
2026-09-14 11:55:31 | INFO | step=63800 loss=0.0011 lr=6.23e-05 elapsed=26142s
2026-09-14 11:55:58 | INFO | step=63900 loss=0.0002 lr=6.20e-05 elapsed=26169s
2026-09-14 11:56:25 | INFO | step=64000 loss=0.0093 lr=6.17e-05 elapsed=26196s
2026-09-14 11:56:50 | INFO | [eval] step=64000 dev_loss=2.0757
2026-09-14 11:58:13 | INFO |   EM on dev subset (200 samples): 5.00%
2026-09-14 11:58:40 | INFO | step=64100 loss=0.0004 lr=6.14e-05 elapsed=26331s
2026-09-14 11:59:07 | INFO | step=64200 loss=0.0176 lr=6.11e-05 elapsed=26358s
2026-09-14 11:59:35 | INFO | step=64300 loss=0.0121 lr=6.08e-05 elapsed=26385s
2026-09-14 12:00:02 | INFO | step=64400 loss=0.1877 lr=6.05e-05 elapsed=26412s
2026-09-14 12:00:29 | INFO | step=64500 loss=0.0007 lr=6.02e-05 elapsed=26440s
2026-09-14 12:00:56 | INFO | step=64600 loss=0.0008 lr=5.99e-05 elapsed=26467s
2026-09-14 12:01:23 | INFO | step=64700 loss=0.0712 lr=5.96e-05 elapsed=26494s
2026-09-14 12:01:51 | INFO | step=64800 loss=0.0062 lr=5.93e-05 elapsed=26521s
2026-09-14 12:02:18 | INFO | step=64900 loss=0.0009 lr=5.90e-05 elapsed=26548s
2026-09-14 12:02:45 | INFO | step=65000 loss=0.0041 lr=5.87e-05 elapsed=26576s
2026-09-14 12:03:09 | INFO | [eval] step=65000 dev_loss=2.0768
2026-09-14 12:04:31 | INFO |   EM on dev subset (200 samples): 5.00%
2026-09-14 12:04:58 | INFO | step=65100 loss=0.0001 lr=5.84e-05 elapsed=26709s
2026-09-14 12:05:25 | INFO | step=65200 loss=0.0001 lr=5.81e-05 elapsed=26736s
2026-09-14 12:05:53 | INFO | step=65300 loss=0.0006 lr=5.78e-05 elapsed=26763s
2026-09-14 12:06:20 | INFO | step=65400 loss=0.0001 lr=5.75e-05 elapsed=26791s
2026-09-14 12:06:47 | INFO | step=65500 loss=0.0001 lr=5.72e-05 elapsed=26818s
2026-09-14 12:07:14 | INFO | step=65600 loss=0.0409 lr=5.69e-05 elapsed=26845s
2026-09-14 12:07:42 | INFO | step=65700 loss=0.0001 lr=5.67e-05 elapsed=26872s
2026-09-14 12:08:09 | INFO | step=65800 loss=0.0005 lr=5.64e-05 elapsed=26900s
2026-09-14 12:08:36 | INFO | step=65900 loss=0.0033 lr=5.61e-05 elapsed=26927s
2026-09-14 12:09:03 | INFO | step=66000 loss=0.0015 lr=5.58e-05 elapsed=26954s
2026-09-14 12:09:28 | INFO | [eval] step=66000 dev_loss=2.0758
2026-09-14 12:10:49 | INFO |   EM on dev subset (200 samples): 5.00%
2026-09-14 12:11:16 | INFO | step=66100 loss=0.0045 lr=5.55e-05 elapsed=27087s
2026-09-14 12:11:44 | INFO | step=66200 loss=0.0020 lr=5.52e-05 elapsed=27114s
2026-09-14 12:12:11 | INFO | step=66300 loss=0.0001 lr=5.49e-05 elapsed=27141s
2026-09-14 12:12:38 | INFO | step=66400 loss=0.0005 lr=5.46e-05 elapsed=27169s
2026-09-14 12:13:05 | INFO | step=66500 loss=0.0007 lr=5.43e-05 elapsed=27196s
2026-09-14 12:13:32 | INFO | step=66600 loss=0.0014 lr=5.40e-05 elapsed=27223s
2026-09-14 12:14:00 | INFO | step=66700 loss=0.0017 lr=5.37e-05 elapsed=27250s
2026-09-14 12:14:27 | INFO | step=66800 loss=0.0003 lr=5.34e-05 elapsed=27278s
2026-09-14 12:14:54 | INFO | step=66900 loss=0.0812 lr=5.31e-05 elapsed=27305s
2026-09-14 12:15:21 | INFO | step=67000 loss=0.0225 lr=5.29e-05 elapsed=27332s
2026-09-14 12:15:46 | INFO | [eval] step=67000 dev_loss=2.0760
2026-09-14 12:17:07 | INFO |   EM on dev subset (200 samples): 5.50%
2026-09-14 12:17:34 | INFO | step=67100 loss=0.0001 lr=5.26e-05 elapsed=27465s
2026-09-14 12:18:01 | INFO | step=67200 loss=0.0063 lr=5.23e-05 elapsed=27492s
2026-09-14 12:18:28 | INFO | step=67300 loss=0.0059 lr=5.20e-05 elapsed=27519s
2026-09-14 12:18:56 | INFO | step=67400 loss=0.0001 lr=5.17e-05 elapsed=27546s
2026-09-14 12:19:23 | INFO | step=67500 loss=0.0003 lr=5.14e-05 elapsed=27574s
2026-09-14 12:19:50 | INFO | step=67600 loss=0.0014 lr=5.11e-05 elapsed=27601s
2026-09-14 12:20:17 | INFO | step=67700 loss=0.0210 lr=5.09e-05 elapsed=27628s
2026-09-14 12:20:44 | INFO | step=67800 loss=0.0049 lr=5.06e-05 elapsed=27655s
2026-09-14 12:21:12 | INFO | step=67900 loss=0.0012 lr=5.03e-05 elapsed=27682s
2026-09-14 12:21:39 | INFO | step=68000 loss=0.0001 lr=5.00e-05 elapsed=27709s
2026-09-14 12:22:03 | INFO | [eval] step=68000 dev_loss=2.0753
2026-09-14 12:23:24 | INFO |   EM on dev subset (200 samples): 5.50%
2026-09-14 12:23:51 | INFO | step=68100 loss=0.0019 lr=4.97e-05 elapsed=27842s
2026-09-14 12:24:19 | INFO | step=68200 loss=0.0020 lr=4.94e-05 elapsed=27869s
2026-09-14 12:24:46 | INFO | step=68300 loss=0.0040 lr=4.92e-05 elapsed=27897s
2026-09-14 12:25:13 | INFO | step=68400 loss=0.0019 lr=4.89e-05 elapsed=27924s
2026-09-14 12:25:40 | INFO | step=68500 loss=0.0063 lr=4.86e-05 elapsed=27951s
2026-09-14 12:26:08 | INFO | step=68600 loss=0.0065 lr=4.83e-05 elapsed=27979s
2026-09-14 12:26:35 | INFO | step=68700 loss=0.0000 lr=4.80e-05 elapsed=28006s
2026-09-14 12:27:02 | INFO | step=68800 loss=0.0025 lr=4.78e-05 elapsed=28033s
2026-09-14 12:27:30 | INFO | step=68900 loss=0.0003 lr=4.75e-05 elapsed=28060s
2026-09-14 12:27:57 | INFO | step=69000 loss=0.0009 lr=4.72e-05 elapsed=28088s
2026-09-14 12:28:21 | INFO | [eval] step=69000 dev_loss=2.0752
2026-09-14 12:29:41 | INFO |   EM on dev subset (200 samples): 5.50%
2026-09-14 12:30:08 | INFO | step=69100 loss=0.0117 lr=4.69e-05 elapsed=28219s
2026-09-14 12:30:35 | INFO | step=69200 loss=0.0005 lr=4.66e-05 elapsed=28246s
2026-09-14 12:31:02 | INFO | step=69300 loss=0.0029 lr=4.64e-05 elapsed=28273s
2026-09-14 12:31:29 | INFO | step=69400 loss=0.0003 lr=4.61e-05 elapsed=28299s
2026-09-14 12:31:55 | INFO | step=69500 loss=0.0021 lr=4.58e-05 elapsed=28326s
2026-09-14 12:32:22 | INFO | step=69600 loss=0.0000 lr=4.55e-05 elapsed=28353s
2026-09-14 12:32:48 | INFO | step=69700 loss=0.0006 lr=4.53e-05 elapsed=28379s
2026-09-14 12:33:15 | INFO | step=69800 loss=0.0001 lr=4.50e-05 elapsed=28406s
2026-09-14 12:33:42 | INFO | step=69900 loss=0.0010 lr=4.47e-05 elapsed=28432s
2026-09-14 12:34:08 | INFO | step=70000 loss=0.0014 lr=4.44e-05 elapsed=28459s
2026-09-14 12:34:33 | INFO | [eval] step=70000 dev_loss=2.0757
2026-09-14 12:35:52 | INFO |   EM on dev subset (200 samples): 5.00%
2026-09-14 12:36:41 | INFO | step=70100 loss=0.0001 lr=4.42e-05 elapsed=28612s
2026-09-14 12:37:08 | INFO | step=70200 loss=0.0465 lr=4.39e-05 elapsed=28639s
2026-09-14 12:37:34 | INFO | step=70300 loss=0.0006 lr=4.36e-05 elapsed=28665s
2026-09-14 12:38:01 | INFO | step=70400 loss=0.0017 lr=4.34e-05 elapsed=28692s
2026-09-14 12:38:28 | INFO | step=70500 loss=0.0069 lr=4.31e-05 elapsed=28718s
2026-09-14 12:38:54 | INFO | step=70600 loss=0.0036 lr=4.28e-05 elapsed=28745s
2026-09-14 12:39:21 | INFO | step=70700 loss=0.0027 lr=4.26e-05 elapsed=28771s
2026-09-14 12:39:47 | INFO | step=70800 loss=0.0067 lr=4.23e-05 elapsed=28798s
2026-09-14 12:40:14 | INFO | step=70900 loss=0.0038 lr=4.20e-05 elapsed=28825s
2026-09-14 12:40:40 | INFO | step=71000 loss=0.0001 lr=4.18e-05 elapsed=28851s
2026-09-14 12:41:05 | INFO | [eval] step=71000 dev_loss=2.0753
2026-09-14 12:42:34 | INFO |   EM on dev subset (200 samples): 5.50%
2026-09-14 12:43:00 | INFO | step=71100 loss=0.0002 lr=4.15e-05 elapsed=28991s
2026-09-14 12:43:27 | INFO | step=71200 loss=0.0001 lr=4.12e-05 elapsed=29018s
2026-09-14 12:43:53 | INFO | step=71300 loss=0.0001 lr=4.10e-05 elapsed=29044s
2026-09-14 12:44:20 | INFO | step=71400 loss=0.0063 lr=4.07e-05 elapsed=29071s
2026-09-14 12:44:47 | INFO | step=71500 loss=0.0046 lr=4.04e-05 elapsed=29097s
2026-09-14 12:45:13 | INFO | step=71600 loss=0.0002 lr=4.02e-05 elapsed=29124s
2026-09-14 12:45:40 | INFO | step=71700 loss=0.0003 lr=3.99e-05 elapsed=29151s
2026-09-14 12:46:07 | INFO | step=71800 loss=0.0000 lr=3.96e-05 elapsed=29177s
2026-09-14 12:46:33 | INFO | step=71900 loss=0.0001 lr=3.94e-05 elapsed=29204s
2026-09-14 12:47:00 | INFO | step=72000 loss=0.0006 lr=3.91e-05 elapsed=29230s
2026-09-14 12:47:24 | INFO | [eval] step=72000 dev_loss=2.0755
2026-09-14 12:48:43 | INFO |   EM on dev subset (200 samples): 5.50%
2026-09-14 12:49:10 | INFO | step=72100 loss=0.0001 lr=3.89e-05 elapsed=29360s
2026-09-14 12:49:36 | INFO | step=72200 loss=0.0004 lr=3.86e-05 elapsed=29387s
2026-09-14 12:50:03 | INFO | step=72300 loss=0.0015 lr=3.83e-05 elapsed=29414s
2026-09-14 12:50:30 | INFO | step=72400 loss=0.0001 lr=3.81e-05 elapsed=29440s
2026-09-14 12:50:56 | INFO | step=72500 loss=0.0252 lr=3.78e-05 elapsed=29467s
2026-09-14 12:51:23 | INFO | step=72600 loss=0.0007 lr=3.76e-05 elapsed=29493s
2026-09-14 12:51:49 | INFO | step=72700 loss=0.0003 lr=3.73e-05 elapsed=29520s
2026-09-14 12:52:16 | INFO | step=72800 loss=0.0017 lr=3.71e-05 elapsed=29546s
2026-09-14 12:52:42 | INFO | step=72900 loss=0.0142 lr=3.68e-05 elapsed=29573s
2026-09-14 12:53:09 | INFO | step=73000 loss=0.0009 lr=3.66e-05 elapsed=29599s
2026-09-14 12:53:33 | INFO | [eval] step=73000 dev_loss=2.0754
2026-09-14 12:54:54 | INFO |   EM on dev subset (200 samples): 5.00%
2026-09-14 12:55:20 | INFO | step=73100 loss=0.0291 lr=3.63e-05 elapsed=29731s
2026-09-14 12:55:47 | INFO | step=73200 loss=0.0001 lr=3.61e-05 elapsed=29758s
2026-09-14 12:56:14 | INFO | step=73300 loss=0.0003 lr=3.58e-05 elapsed=29784s
2026-09-14 12:56:40 | INFO | step=73400 loss=0.0003 lr=3.56e-05 elapsed=29811s
2026-09-14 12:57:07 | INFO | step=73500 loss=0.0008 lr=3.53e-05 elapsed=29838s
2026-09-14 12:57:33 | INFO | step=73600 loss=0.1082 lr=3.51e-05 elapsed=29864s
2026-09-14 12:58:00 | INFO | step=73700 loss=0.0001 lr=3.48e-05 elapsed=29891s
2026-09-14 12:58:27 | INFO | step=73800 loss=0.0003 lr=3.46e-05 elapsed=29917s
2026-09-14 12:58:53 | INFO | step=73900 loss=0.0011 lr=3.43e-05 elapsed=29944s
2026-09-14 12:59:20 | INFO | step=74000 loss=0.0001 lr=3.41e-05 elapsed=29970s
2026-09-14 12:59:44 | INFO | [eval] step=74000 dev_loss=2.0750
2026-09-14 13:01:05 | INFO |   EM on dev subset (200 samples): 5.50%
2026-09-14 13:01:32 | INFO | step=74100 loss=0.0003 lr=3.38e-05 elapsed=30103s
2026-09-14 13:01:59 | INFO | step=74200 loss=0.0326 lr=3.36e-05 elapsed=30129s
2026-09-14 13:02:25 | INFO | step=74300 loss=0.0003 lr=3.33e-05 elapsed=30156s
2026-09-14 13:02:52 | INFO | step=74400 loss=0.0002 lr=3.31e-05 elapsed=30182s
2026-09-14 13:03:18 | INFO | step=74500 loss=0.0001 lr=3.28e-05 elapsed=30209s
2026-09-14 13:03:44 | INFO | step=74600 loss=0.0007 lr=3.26e-05 elapsed=30235s
2026-09-14 13:04:11 | INFO | step=74700 loss=0.0001 lr=3.24e-05 elapsed=30262s
2026-09-14 13:04:37 | INFO | step=74800 loss=0.0002 lr=3.21e-05 elapsed=30288s
2026-09-14 13:05:04 | INFO | step=74900 loss=0.0011 lr=3.19e-05 elapsed=30315s
2026-09-14 13:05:30 | INFO | step=75000 loss=0.0002 lr=3.16e-05 elapsed=30341s
2026-09-14 13:05:55 | INFO | [eval] step=75000 dev_loss=2.0746
2026-09-14 13:07:16 | INFO |   EM on dev subset (200 samples): 6.00%
2026-09-14 13:07:40 | INFO |   -> New best model saved (dev_loss=2.0746)
2026-09-14 13:08:06 | INFO | step=75100 loss=0.0004 lr=3.14e-05 elapsed=30497s
2026-09-14 13:08:33 | INFO | step=75200 loss=0.0058 lr=3.12e-05 elapsed=30523s
2026-09-14 13:08:59 | INFO | step=75300 loss=0.0004 lr=3.09e-05 elapsed=30550s
2026-09-14 13:09:26 | INFO | step=75400 loss=0.0026 lr=3.07e-05 elapsed=30576s
2026-09-14 13:09:52 | INFO | step=75500 loss=0.0001 lr=3.05e-05 elapsed=30603s
2026-09-14 13:10:19 | INFO | step=75600 loss=0.0001 lr=3.02e-05 elapsed=30629s
2026-09-14 13:10:45 | INFO | step=75700 loss=0.0001 lr=3.00e-05 elapsed=30656s
2026-09-14 13:11:12 | INFO | step=75800 loss=0.0016 lr=2.98e-05 elapsed=30682s
2026-09-14 13:11:38 | INFO | step=75900 loss=0.0004 lr=2.95e-05 elapsed=30709s
2026-09-14 13:12:05 | INFO | step=76000 loss=0.0004 lr=2.93e-05 elapsed=30735s
2026-09-14 13:12:29 | INFO | [eval] step=76000 dev_loss=2.0745
2026-09-14 13:13:51 | INFO |   EM on dev subset (200 samples): 6.50%
2026-09-14 13:14:14 | INFO |   -> New best model saved (dev_loss=2.0745)
2026-09-14 13:14:40 | INFO | step=76100 loss=0.0471 lr=2.91e-05 elapsed=30891s
2026-09-14 13:15:07 | INFO | step=76200 loss=0.0001 lr=2.88e-05 elapsed=30918s
2026-09-14 13:15:33 | INFO | step=76300 loss=0.0026 lr=2.86e-05 elapsed=30944s
2026-09-14 13:16:00 | INFO | step=76400 loss=0.0161 lr=2.84e-05 elapsed=30971s
2026-09-14 13:16:26 | INFO | step=76500 loss=0.0002 lr=2.81e-05 elapsed=30997s
2026-09-14 13:16:53 | INFO | step=76600 loss=0.0005 lr=2.79e-05 elapsed=31024s
2026-09-14 13:17:19 | INFO | step=76700 loss=0.0000 lr=2.77e-05 elapsed=31050s
2026-09-14 13:17:46 | INFO | step=76800 loss=0.0405 lr=2.75e-05 elapsed=31076s
2026-09-14 13:18:12 | INFO | step=76900 loss=0.0038 lr=2.72e-05 elapsed=31103s
2026-09-14 13:18:39 | INFO | step=77000 loss=0.0479 lr=2.70e-05 elapsed=31129s
2026-09-14 13:19:03 | INFO | [eval] step=77000 dev_loss=2.0744
2026-09-14 13:20:25 | INFO |   EM on dev subset (200 samples): 6.00%
2026-09-14 13:20:52 | INFO | step=77100 loss=0.0001 lr=2.68e-05 elapsed=31262s
2026-09-14 13:21:18 | INFO | step=77200 loss=0.0000 lr=2.66e-05 elapsed=31289s
2026-09-14 13:21:44 | INFO | step=77300 loss=0.0002 lr=2.63e-05 elapsed=31315s
2026-09-14 13:22:11 | INFO | step=77400 loss=0.0000 lr=2.61e-05 elapsed=31342s
2026-09-14 13:22:37 | INFO | step=77500 loss=0.0001 lr=2.59e-05 elapsed=31368s
2026-09-14 13:23:04 | INFO | step=77600 loss=0.0355 lr=2.57e-05 elapsed=31395s
2026-09-14 13:23:30 | INFO | step=77700 loss=0.0000 lr=2.55e-05 elapsed=31421s
2026-09-14 13:23:57 | INFO | step=77800 loss=0.0001 lr=2.52e-05 elapsed=31447s
2026-09-14 13:24:23 | INFO | step=77900 loss=0.0098 lr=2.50e-05 elapsed=31474s
2026-09-14 13:24:50 | INFO | step=78000 loss=0.0004 lr=2.48e-05 elapsed=31500s
2026-09-14 13:25:14 | INFO | [eval] step=78000 dev_loss=2.0746
2026-09-14 13:26:36 | INFO |   EM on dev subset (200 samples): 6.00%
2026-09-14 13:27:02 | INFO | step=78100 loss=0.0001 lr=2.46e-05 elapsed=31633s
2026-09-14 13:27:29 | INFO | step=78200 loss=0.0000 lr=2.44e-05 elapsed=31660s
2026-09-14 13:27:55 | INFO | step=78300 loss=0.0004 lr=2.42e-05 elapsed=31686s
2026-09-14 13:28:22 | INFO | step=78400 loss=0.0001 lr=2.40e-05 elapsed=31713s
2026-09-14 13:28:48 | INFO | step=78500 loss=0.0000 lr=2.37e-05 elapsed=31739s
2026-09-14 13:29:15 | INFO | step=78600 loss=0.0217 lr=2.35e-05 elapsed=31765s
2026-09-14 13:29:41 | INFO | step=78700 loss=0.0031 lr=2.33e-05 elapsed=31792s
2026-09-14 13:30:08 | INFO | step=78800 loss=0.0001 lr=2.31e-05 elapsed=31818s
2026-09-14 13:30:34 | INFO | step=78900 loss=0.0001 lr=2.29e-05 elapsed=31845s
2026-09-14 13:31:01 | INFO | step=79000 loss=0.0001 lr=2.27e-05 elapsed=31871s
2026-09-14 13:31:25 | INFO | [eval] step=79000 dev_loss=2.0745
2026-09-14 13:32:48 | INFO |   EM on dev subset (200 samples): 6.00%
2026-09-14 13:33:14 | INFO | step=79100 loss=0.0000 lr=2.25e-05 elapsed=32005s
2026-09-14 13:33:41 | INFO | step=79200 loss=0.0001 lr=2.23e-05 elapsed=32031s
2026-09-14 13:34:07 | INFO | step=79300 loss=0.0000 lr=2.21e-05 elapsed=32058s
2026-09-14 13:34:34 | INFO | step=79400 loss=0.0000 lr=2.19e-05 elapsed=32085s
2026-09-14 13:35:00 | INFO | step=79500 loss=0.0002 lr=2.17e-05 elapsed=32111s
2026-09-14 13:35:27 | INFO | step=79600 loss=0.0021 lr=2.15e-05 elapsed=32138s
2026-09-14 13:35:53 | INFO | step=79700 loss=0.0000 lr=2.13e-05 elapsed=32164s
2026-09-14 13:36:20 | INFO | step=79800 loss=0.0003 lr=2.11e-05 elapsed=32190s
2026-09-14 13:36:46 | INFO | step=79900 loss=0.0001 lr=2.09e-05 elapsed=32217s
2026-09-14 13:37:13 | INFO | step=80000 loss=0.0017 lr=2.07e-05 elapsed=32243s
2026-09-14 13:37:37 | INFO | [eval] step=80000 dev_loss=2.0744
2026-09-14 13:38:58 | INFO |   EM on dev subset (200 samples): 5.50%
2026-09-14 13:39:48 | INFO | step=80100 loss=0.0006 lr=2.05e-05 elapsed=32398s
2026-09-14 13:40:14 | INFO | step=80200 loss=0.0001 lr=2.03e-05 elapsed=32425s
2026-09-14 13:40:41 | INFO | step=80300 loss=0.0000 lr=2.01e-05 elapsed=32451s
2026-09-14 13:41:07 | INFO | step=80400 loss=0.0005 lr=1.99e-05 elapsed=32478s
2026-09-14 13:41:33 | INFO | step=80500 loss=0.0000 lr=1.97e-05 elapsed=32504s
2026-09-14 13:42:00 | INFO | step=80600 loss=0.0001 lr=1.95e-05 elapsed=32531s
2026-09-14 13:42:26 | INFO | step=80700 loss=0.0003 lr=1.93e-05 elapsed=32557s
2026-09-14 13:42:53 | INFO | step=80800 loss=0.0000 lr=1.91e-05 elapsed=32583s
2026-09-14 13:43:19 | INFO | step=80900 loss=0.0000 lr=1.89e-05 elapsed=32610s
2026-09-14 13:43:45 | INFO | step=81000 loss=0.0113 lr=1.87e-05 elapsed=32636s
2026-09-14 13:44:10 | INFO | [eval] step=81000 dev_loss=2.0744
2026-09-14 13:45:32 | INFO |   EM on dev subset (200 samples): 5.50%
2026-09-14 13:45:58 | INFO | step=81100 loss=0.0072 lr=1.85e-05 elapsed=32769s
2026-09-14 13:46:25 | INFO | step=81200 loss=0.0001 lr=1.83e-05 elapsed=32795s
2026-09-14 13:46:51 | INFO | step=81300 loss=0.0000 lr=1.81e-05 elapsed=32822s
2026-09-14 13:47:18 | INFO | step=81400 loss=0.0023 lr=1.80e-05 elapsed=32848s
2026-09-14 13:47:44 | INFO | step=81500 loss=0.0004 lr=1.78e-05 elapsed=32875s
2026-09-14 13:48:10 | INFO | step=81600 loss=0.0080 lr=1.76e-05 elapsed=32901s
2026-09-14 13:48:37 | INFO | step=81700 loss=0.0105 lr=1.74e-05 elapsed=32928s
2026-09-14 13:49:03 | INFO | step=81800 loss=0.0000 lr=1.72e-05 elapsed=32954s
2026-09-14 13:49:30 | INFO | step=81900 loss=0.0018 lr=1.70e-05 elapsed=32980s
2026-09-14 13:49:56 | INFO | step=82000 loss=0.0006 lr=1.69e-05 elapsed=33007s
2026-09-14 13:50:21 | INFO | [eval] step=82000 dev_loss=2.0743
2026-09-14 13:51:43 | INFO |   EM on dev subset (200 samples): 6.00%
2026-09-14 13:52:10 | INFO | step=82100 loss=0.0114 lr=1.67e-05 elapsed=33141s
2026-09-14 13:52:37 | INFO | step=82200 loss=0.0013 lr=1.65e-05 elapsed=33167s
2026-09-14 13:53:03 | INFO | step=82300 loss=0.0000 lr=1.63e-05 elapsed=33194s
2026-09-14 13:53:30 | INFO | step=82400 loss=0.0005 lr=1.61e-05 elapsed=33220s
2026-09-14 13:53:56 | INFO | step=82500 loss=0.0000 lr=1.60e-05 elapsed=33247s
2026-09-14 13:54:22 | INFO | step=82600 loss=0.0001 lr=1.58e-05 elapsed=33273s
2026-09-14 13:54:49 | INFO | step=82700 loss=0.0001 lr=1.56e-05 elapsed=33300s
2026-09-14 13:55:15 | INFO | step=82800 loss=0.0042 lr=1.54e-05 elapsed=33326s
2026-09-14 13:55:42 | INFO | step=82900 loss=0.0002 lr=1.53e-05 elapsed=33352s
2026-09-14 13:56:08 | INFO | step=83000 loss=0.0170 lr=1.51e-05 elapsed=33379s
2026-09-14 13:56:33 | INFO | [eval] step=83000 dev_loss=2.0742
2026-09-14 13:57:55 | INFO |   EM on dev subset (200 samples): 6.00%
2026-09-14 13:58:21 | INFO | step=83100 loss=0.0001 lr=1.49e-05 elapsed=33512s
2026-09-14 13:58:48 | INFO | step=83200 loss=0.0010 lr=1.47e-05 elapsed=33539s
2026-09-14 13:59:14 | INFO | step=83300 loss=0.0002 lr=1.46e-05 elapsed=33565s
2026-09-14 13:59:41 | INFO | step=83400 loss=0.0002 lr=1.44e-05 elapsed=33592s
2026-09-14 14:00:07 | INFO | step=83500 loss=0.0000 lr=1.42e-05 elapsed=33618s
2026-09-14 14:00:34 | INFO | step=83600 loss=0.0185 lr=1.41e-05 elapsed=33645s
2026-09-14 14:01:00 | INFO | step=83700 loss=0.0000 lr=1.39e-05 elapsed=33671s
2026-09-14 14:01:27 | INFO | step=83800 loss=0.0000 lr=1.37e-05 elapsed=33697s
2026-09-14 14:01:53 | INFO | step=83900 loss=0.0001 lr=1.36e-05 elapsed=33724s
2026-09-14 14:02:20 | INFO | step=84000 loss=0.0004 lr=1.34e-05 elapsed=33750s
2026-09-14 14:02:44 | INFO | [eval] step=84000 dev_loss=2.0742
2026-09-14 14:04:05 | INFO |   EM on dev subset (200 samples): 5.50%
2026-09-14 14:04:32 | INFO | step=84100 loss=0.0001 lr=1.32e-05 elapsed=33882s
2026-09-14 14:04:58 | INFO | step=84200 loss=0.0002 lr=1.31e-05 elapsed=33909s
2026-09-14 14:05:25 | INFO | step=84300 loss=0.0363 lr=1.29e-05 elapsed=33935s
2026-09-14 14:05:51 | INFO | step=84400 loss=0.0002 lr=1.28e-05 elapsed=33962s
2026-09-14 14:06:18 | INFO | step=84500 loss=0.0000 lr=1.26e-05 elapsed=33988s
2026-09-14 14:06:44 | INFO | step=84600 loss=0.0041 lr=1.24e-05 elapsed=34015s
2026-09-14 14:07:11 | INFO | step=84700 loss=0.0003 lr=1.23e-05 elapsed=34041s
2026-09-14 14:07:37 | INFO | step=84800 loss=0.0006 lr=1.21e-05 elapsed=34068s
2026-09-14 14:08:03 | INFO | step=84900 loss=0.0098 lr=1.20e-05 elapsed=34094s
2026-09-14 14:08:30 | INFO | step=85000 loss=0.0000 lr=1.18e-05 elapsed=34121s
2026-09-14 14:08:54 | INFO | [eval] step=85000 dev_loss=2.0742
2026-09-14 14:10:16 | INFO |   EM on dev subset (200 samples): 6.00%
2026-09-14 14:10:43 | INFO | step=85100 loss=0.0001 lr=1.17e-05 elapsed=34253s
2026-09-14 14:11:09 | INFO | step=85200 loss=0.0001 lr=1.15e-05 elapsed=34280s
2026-09-14 14:11:36 | INFO | step=85300 loss=0.0001 lr=1.13e-05 elapsed=34306s
2026-09-14 14:12:02 | INFO | step=85400 loss=0.0000 lr=1.12e-05 elapsed=34333s
2026-09-14 14:12:29 | INFO | step=85500 loss=0.0001 lr=1.10e-05 elapsed=34359s
2026-09-14 14:12:55 | INFO | step=85600 loss=0.0001 lr=1.09e-05 elapsed=34386s
2026-09-14 14:13:22 | INFO | step=85700 loss=0.0006 lr=1.08e-05 elapsed=34413s
2026-09-14 14:13:48 | INFO | step=85800 loss=0.0127 lr=1.06e-05 elapsed=34439s
2026-09-14 14:14:15 | INFO | step=85900 loss=0.0002 lr=1.05e-05 elapsed=34465s
2026-09-14 14:14:41 | INFO | step=86000 loss=0.0000 lr=1.03e-05 elapsed=34492s
2026-09-14 14:15:06 | INFO | [eval] step=86000 dev_loss=2.0743
2026-09-14 14:16:28 | INFO |   EM on dev subset (200 samples): 5.50%
2026-09-14 14:16:54 | INFO | step=86100 loss=0.0000 lr=1.02e-05 elapsed=34625s
2026-09-14 14:17:21 | INFO | step=86200 loss=0.0003 lr=1.00e-05 elapsed=34652s
2026-09-14 14:17:47 | INFO | step=86300 loss=0.0005 lr=9.88e-06 elapsed=34678s
2026-09-14 14:18:14 | INFO | step=86400 loss=0.0000 lr=9.74e-06 elapsed=34705s
2026-09-14 14:18:40 | INFO | step=86500 loss=0.0006 lr=9.60e-06 elapsed=34731s
2026-09-14 14:19:07 | INFO | step=86600 loss=0.0014 lr=9.46e-06 elapsed=34758s
2026-09-14 14:19:34 | INFO | step=86700 loss=0.0014 lr=9.32e-06 elapsed=34784s
2026-09-14 14:20:00 | INFO | step=86800 loss=0.0000 lr=9.19e-06 elapsed=34811s
2026-09-14 14:20:26 | INFO | step=86900 loss=0.0055 lr=9.05e-06 elapsed=34837s
2026-09-14 14:20:53 | INFO | step=87000 loss=0.0001 lr=8.91e-06 elapsed=34863s
2026-09-14 14:21:17 | INFO | [eval] step=87000 dev_loss=2.0741
2026-09-14 14:22:39 | INFO |   EM on dev subset (200 samples): 5.50%
2026-09-14 14:23:06 | INFO | step=87100 loss=0.0000 lr=8.78e-06 elapsed=34996s
2026-09-14 14:23:32 | INFO | step=87200 loss=0.0003 lr=8.65e-06 elapsed=35023s
2026-09-14 14:23:59 | INFO | step=87300 loss=0.0082 lr=8.51e-06 elapsed=35049s
2026-09-14 14:24:25 | INFO | step=87400 loss=0.0095 lr=8.38e-06 elapsed=35076s
2026-09-14 14:24:52 | INFO | step=87500 loss=0.0001 lr=8.25e-06 elapsed=35103s
2026-09-14 14:25:18 | INFO | step=87600 loss=0.0002 lr=8.12e-06 elapsed=35129s
2026-09-14 14:25:45 | INFO | step=87700 loss=0.0000 lr=7.99e-06 elapsed=35156s
2026-09-14 14:26:11 | INFO | step=87800 loss=0.0003 lr=7.86e-06 elapsed=35182s
2026-09-14 14:26:38 | INFO | step=87900 loss=0.0199 lr=7.74e-06 elapsed=35209s
2026-09-14 14:27:05 | INFO | step=88000 loss=0.0001 lr=7.61e-06 elapsed=35235s
2026-09-14 14:27:29 | INFO | [eval] step=88000 dev_loss=2.0742
2026-09-14 14:28:51 | INFO |   EM on dev subset (200 samples): 6.00%
2026-09-14 14:29:17 | INFO | step=88100 loss=0.0037 lr=7.49e-06 elapsed=35368s
2026-09-14 14:29:44 | INFO | step=88200 loss=0.0000 lr=7.36e-06 elapsed=35394s
2026-09-14 14:30:10 | INFO | step=88300 loss=0.0758 lr=7.24e-06 elapsed=35421s
2026-09-14 14:30:37 | INFO | step=88400 loss=0.0006 lr=7.12e-06 elapsed=35447s
2026-09-14 14:31:03 | INFO | step=88500 loss=0.0006 lr=7.00e-06 elapsed=35474s
2026-09-14 14:31:30 | INFO | step=88600 loss=0.0001 lr=6.88e-06 elapsed=35501s
2026-09-14 14:31:56 | INFO | step=88700 loss=0.0025 lr=6.76e-06 elapsed=35527s
2026-09-14 14:32:23 | INFO | step=88800 loss=0.0001 lr=6.64e-06 elapsed=35554s
2026-09-14 14:32:49 | INFO | step=88900 loss=0.0003 lr=6.53e-06 elapsed=35580s
2026-09-14 14:33:16 | INFO | step=89000 loss=0.0002 lr=6.41e-06 elapsed=35606s
2026-09-14 14:33:40 | INFO | [eval] step=89000 dev_loss=2.0741
2026-09-14 14:35:09 | INFO |   EM on dev subset (200 samples): 6.50%
2026-09-14 14:35:35 | INFO | step=89100 loss=0.0007 lr=6.29e-06 elapsed=35746s
2026-09-14 14:36:02 | INFO | step=89200 loss=0.0019 lr=6.18e-06 elapsed=35772s
2026-09-14 14:36:28 | INFO | step=89300 loss=0.0001 lr=6.07e-06 elapsed=35799s
2026-09-14 14:36:55 | INFO | step=89400 loss=0.0000 lr=5.96e-06 elapsed=35826s
2026-09-14 14:37:21 | INFO | step=89500 loss=0.0000 lr=5.85e-06 elapsed=35852s
2026-09-14 14:37:48 | INFO | step=89600 loss=0.0000 lr=5.74e-06 elapsed=35878s
2026-09-14 14:38:14 | INFO | step=89700 loss=0.0003 lr=5.63e-06 elapsed=35905s
2026-09-14 14:38:41 | INFO | step=89800 loss=0.0007 lr=5.52e-06 elapsed=35931s
2026-09-14 14:39:07 | INFO | step=89900 loss=0.0001 lr=5.41e-06 elapsed=35958s
2026-09-14 14:39:34 | INFO | step=90000 loss=0.0002 lr=5.31e-06 elapsed=35985s
2026-09-14 14:39:58 | INFO | [eval] step=90000 dev_loss=2.0740
2026-09-14 14:41:23 | INFO |   EM on dev subset (200 samples): 6.50%
2026-09-14 14:42:12 | INFO | step=90100 loss=0.0001 lr=5.20e-06 elapsed=36142s
2026-09-14 14:42:38 | INFO | step=90200 loss=0.0001 lr=5.10e-06 elapsed=36169s
2026-09-14 14:43:05 | INFO | step=90300 loss=0.0001 lr=5.00e-06 elapsed=36195s
2026-09-14 14:43:31 | INFO | step=90400 loss=0.0000 lr=4.89e-06 elapsed=36222s
2026-09-14 14:43:58 | INFO | step=90500 loss=0.0006 lr=4.79e-06 elapsed=36248s
2026-09-14 14:44:24 | INFO | step=90600 loss=0.0000 lr=4.69e-06 elapsed=36275s
2026-09-14 14:44:51 | INFO | step=90700 loss=0.0008 lr=4.60e-06 elapsed=36301s
2026-09-14 14:45:17 | INFO | step=90800 loss=0.0000 lr=4.50e-06 elapsed=36328s
2026-09-14 14:45:44 | INFO | step=90900 loss=0.0000 lr=4.40e-06 elapsed=36354s
2026-09-14 14:46:10 | INFO | step=91000 loss=0.0004 lr=4.31e-06 elapsed=36381s
2026-09-14 14:46:34 | INFO | [eval] step=91000 dev_loss=2.0740
2026-09-14 14:47:56 | INFO |   EM on dev subset (200 samples): 6.50%
2026-09-14 14:48:23 | INFO | step=91100 loss=0.0000 lr=4.21e-06 elapsed=36514s
2026-09-14 14:48:50 | INFO | step=91200 loss=0.0001 lr=4.12e-06 elapsed=36540s
2026-09-14 14:49:16 | INFO | step=91300 loss=0.0001 lr=4.03e-06 elapsed=36567s
2026-09-14 14:49:43 | INFO | step=91400 loss=0.0000 lr=3.93e-06 elapsed=36593s
2026-09-14 14:50:09 | INFO | step=91500 loss=0.0001 lr=3.84e-06 elapsed=36620s
2026-09-14 14:50:36 | INFO | step=91600 loss=0.0041 lr=3.75e-06 elapsed=36646s
2026-09-14 14:51:02 | INFO | step=91700 loss=0.0010 lr=3.67e-06 elapsed=36673s
2026-09-14 14:51:29 | INFO | step=91800 loss=0.0037 lr=3.58e-06 elapsed=36699s
2026-09-14 14:51:55 | INFO | step=91900 loss=0.0001 lr=3.49e-06 elapsed=36726s
2026-09-14 14:52:22 | INFO | step=92000 loss=0.0001 lr=3.41e-06 elapsed=36752s
2026-09-14 14:52:46 | INFO | [eval] step=92000 dev_loss=2.0740
2026-09-14 14:54:08 | INFO |   EM on dev subset (200 samples): 6.50%
2026-09-14 14:54:34 | INFO | step=92100 loss=0.0000 lr=3.32e-06 elapsed=36885s
2026-09-14 14:55:01 | INFO | step=92200 loss=0.0002 lr=3.24e-06 elapsed=36912s
2026-09-14 14:55:27 | INFO | step=92300 loss=0.0000 lr=3.16e-06 elapsed=36938s
2026-09-14 14:55:54 | INFO | step=92400 loss=0.0027 lr=3.08e-06 elapsed=36965s
2026-09-14 14:56:20 | INFO | step=92500 loss=0.0101 lr=3.00e-06 elapsed=36991s
2026-09-14 14:56:47 | INFO | step=92600 loss=0.0000 lr=2.92e-06 elapsed=37018s
2026-09-14 14:57:14 | INFO | step=92700 loss=0.0001 lr=2.84e-06 elapsed=37044s
2026-09-14 14:57:40 | INFO | step=92800 loss=0.0001 lr=2.76e-06 elapsed=37071s
2026-09-14 14:58:07 | INFO | step=92900 loss=0.0002 lr=2.69e-06 elapsed=37098s
2026-09-14 14:58:33 | INFO | step=93000 loss=0.0002 lr=2.61e-06 elapsed=37124s
2026-09-14 14:58:58 | INFO | [eval] step=93000 dev_loss=2.0740
2026-09-14 15:00:20 | INFO |   EM on dev subset (200 samples): 6.00%
2026-09-14 15:00:47 | INFO | step=93100 loss=0.0002 lr=2.54e-06 elapsed=37257s
2026-09-14 15:01:13 | INFO | step=93200 loss=0.0000 lr=2.47e-06 elapsed=37284s
2026-09-14 15:01:40 | INFO | step=93300 loss=0.0000 lr=2.39e-06 elapsed=37311s
2026-09-14 15:02:06 | INFO | step=93400 loss=0.0002 lr=2.32e-06 elapsed=37337s
2026-09-14 15:02:33 | INFO | step=93500 loss=0.0001 lr=2.25e-06 elapsed=37364s
2026-09-14 15:02:59 | INFO | step=93600 loss=0.0000 lr=2.19e-06 elapsed=37390s
2026-09-14 15:03:26 | INFO | step=93700 loss=0.0002 lr=2.12e-06 elapsed=37417s
2026-09-14 15:03:53 | INFO | step=93800 loss=0.0017 lr=2.05e-06 elapsed=37443s
2026-09-14 15:04:19 | INFO | step=93900 loss=0.0001 lr=1.99e-06 elapsed=37470s
2026-09-14 15:04:46 | INFO | step=94000 loss=0.0000 lr=1.92e-06 elapsed=37496s
2026-09-14 15:05:10 | INFO | [eval] step=94000 dev_loss=2.0740
2026-09-14 15:06:32 | INFO |   EM on dev subset (200 samples): 6.00%
2026-09-14 15:06:59 | INFO | step=94100 loss=0.0009 lr=1.86e-06 elapsed=37630s
2026-09-14 15:07:25 | INFO | step=94200 loss=0.0121 lr=1.80e-06 elapsed=37656s
2026-09-14 15:07:52 | INFO | step=94300 loss=0.0001 lr=1.73e-06 elapsed=37683s
2026-09-14 15:08:18 | INFO | step=94400 loss=0.0009 lr=1.67e-06 elapsed=37709s
2026-09-14 15:08:45 | INFO | step=94500 loss=0.0077 lr=1.62e-06 elapsed=37736s
2026-09-14 15:09:12 | INFO | step=94600 loss=0.0379 lr=1.56e-06 elapsed=37762s
2026-09-14 15:09:38 | INFO | step=94700 loss=0.0001 lr=1.50e-06 elapsed=37789s
2026-09-14 15:10:05 | INFO | step=94800 loss=0.0032 lr=1.44e-06 elapsed=37815s
2026-09-14 15:10:31 | INFO | step=94900 loss=0.0008 lr=1.39e-06 elapsed=37842s
2026-09-14 15:10:57 | INFO | step=95000 loss=0.0009 lr=1.34e-06 elapsed=37868s
2026-09-14 15:11:22 | INFO | [eval] step=95000 dev_loss=2.0739
2026-09-14 15:12:44 | INFO |   EM on dev subset (200 samples): 6.00%
2026-09-14 15:13:11 | INFO | step=95100 loss=0.0000 lr=1.28e-06 elapsed=38001s
2026-09-14 15:13:37 | INFO | step=95200 loss=0.0080 lr=1.23e-06 elapsed=38028s
2026-09-14 15:14:04 | INFO | step=95300 loss=0.0002 lr=1.18e-06 elapsed=38054s
2026-09-14 15:14:30 | INFO | step=95400 loss=0.0000 lr=1.13e-06 elapsed=38081s
2026-09-14 15:14:57 | INFO | step=95500 loss=0.0000 lr=1.08e-06 elapsed=38108s
2026-09-14 15:15:24 | INFO | step=95600 loss=0.0001 lr=1.03e-06 elapsed=38134s
2026-09-14 15:15:50 | INFO | step=95700 loss=0.0006 lr=9.88e-07 elapsed=38161s
2026-09-14 15:16:17 | INFO | step=95800 loss=0.0000 lr=9.43e-07 elapsed=38187s
2026-09-14 15:16:43 | INFO | step=95900 loss=0.0001 lr=8.99e-07 elapsed=38214s
2026-09-14 15:17:10 | INFO | step=96000 loss=0.0001 lr=8.56e-07 elapsed=38240s
2026-09-14 15:17:34 | INFO | [eval] step=96000 dev_loss=2.0740
2026-09-14 15:18:56 | INFO |   EM on dev subset (200 samples): 6.00%
2026-09-14 15:18:56 | INFO | Early stopping triggered.
2026-09-14 15:18:56 | INFO | Training complete. Best dev loss: 2.0745
