2026-09-15 09:44:09 | INFO | Device: cuda
2026-09-15 09:44:10 | INFO | COGS train: 68511 examples after entity augmentation (13702×5)
2026-09-15 09:44:13 | INFO | Model: standard, k=1, params=614.2M
2026-09-15 09:44:14 | INFO | Training on 68511 examples, eval on 3000
2026-09-15 09:44:14 | INFO | Config: TrainingConfig(model_type='standard', hidden_dim=512, num_encoder_layers=12, num_decoder_layers=12, num_heads=8, num_attributes=1, use_gating=True, use_mixing=True, pairing_strategy='cyclic', pairing_seed=1234, ffn_dim=2048, max_seq_len=512, dropout=0.1, vocab_size=32000, learning_rate=0.0002, weight_decay=0.01, warmup_steps=4000, max_steps=100000, batch_size=4, gradient_accumulation=4, max_grad_norm=1.0, label_smoothing=0.1, eval_every=1000, save_every=10000, patience=20, eval_by_em=True, dataset='cogs', nas_dir='/nas/Dataset/nlp', max_src_len=256, max_tgt_len=256, seed=44, num_workers=4, fp16=False, output_dir='/nas/Dataset/experiments/relational-attention/muhiddin_outputs/standard_125m_cogs_copy_v2_s44', log_every=100, copy_mechanism=True, num_copy_heads=1)
2026-09-15 09:44:15 | INFO | step=0 loss=10.2844 lr=0.00e+00 elapsed=1s
2026-09-15 09:44:42 | INFO | step=100 loss=9.0202 lr=5.00e-06 elapsed=28s
2026-09-15 09:45:10 | INFO | step=200 loss=8.2993 lr=1.00e-05 elapsed=56s
2026-09-15 09:45:38 | INFO | step=300 loss=7.5932 lr=1.50e-05 elapsed=84s
2026-09-15 09:46:05 | INFO | step=400 loss=6.6810 lr=2.00e-05 elapsed=111s
2026-09-15 09:46:33 | INFO | step=500 loss=5.8926 lr=2.50e-05 elapsed=139s
2026-09-15 09:47:01 | INFO | step=600 loss=5.2773 lr=3.00e-05 elapsed=167s
2026-09-15 09:47:28 | INFO | step=700 loss=4.7752 lr=3.50e-05 elapsed=194s
2026-09-15 09:47:56 | INFO | step=800 loss=3.9152 lr=4.00e-05 elapsed=222s
2026-09-15 09:48:24 | INFO | step=900 loss=3.1903 lr=4.50e-05 elapsed=250s
2026-09-15 09:48:51 | INFO | step=1000 loss=2.4143 lr=5.00e-05 elapsed=277s
2026-09-15 09:49:16 | INFO | [eval] step=1000 dev_loss=3.2766
2026-09-15 09:50:34 | INFO |   EM on dev subset (200 samples): 0.00%
2026-09-15 09:50:57 | INFO |   -> New best model saved (dev_loss=3.2766)
2026-09-15 09:51:25 | INFO | step=1100 loss=1.8177 lr=5.50e-05 elapsed=431s
2026-09-15 09:51:53 | INFO | step=1200 loss=1.1983 lr=6.00e-05 elapsed=459s
2026-09-15 09:52:21 | INFO | step=1300 loss=0.6783 lr=6.50e-05 elapsed=487s
2026-09-15 09:52:49 | INFO | step=1400 loss=0.4579 lr=7.00e-05 elapsed=515s
2026-09-15 09:53:16 | INFO | step=1500 loss=0.5646 lr=7.50e-05 elapsed=542s
2026-09-15 09:53:44 | INFO | step=1600 loss=0.4223 lr=8.00e-05 elapsed=570s
2026-09-15 09:54:11 | INFO | step=1700 loss=0.2093 lr=8.50e-05 elapsed=598s
2026-09-15 09:54:39 | INFO | step=1800 loss=0.2701 lr=9.00e-05 elapsed=626s
2026-09-15 09:55:07 | INFO | step=1900 loss=0.3720 lr=9.50e-05 elapsed=653s
2026-09-15 09:55:35 | INFO | step=2000 loss=0.0898 lr=1.00e-04 elapsed=681s
2026-09-15 09:56:00 | INFO | [eval] step=2000 dev_loss=1.8379
2026-09-15 09:57:43 | INFO |   EM on dev subset (200 samples): 0.50%
2026-09-15 09:58:05 | INFO |   -> New best model saved (dev_loss=1.8379)
2026-09-15 09:58:33 | INFO | step=2100 loss=0.3056 lr=1.05e-04 elapsed=859s
2026-09-15 09:59:01 | INFO | step=2200 loss=0.2876 lr=1.10e-04 elapsed=887s
2026-09-15 09:59:29 | INFO | step=2300 loss=0.1630 lr=1.15e-04 elapsed=915s
2026-09-15 09:59:57 | INFO | step=2400 loss=0.1774 lr=1.20e-04 elapsed=943s
2026-09-15 10:00:25 | INFO | step=2500 loss=0.2238 lr=1.25e-04 elapsed=971s
2026-09-15 10:00:53 | INFO | step=2600 loss=0.1987 lr=1.30e-04 elapsed=999s
2026-09-15 10:01:21 | INFO | step=2700 loss=0.0888 lr=1.35e-04 elapsed=1027s
2026-09-15 10:01:48 | INFO | step=2800 loss=0.1036 lr=1.40e-04 elapsed=1055s
2026-09-15 10:02:16 | INFO | step=2900 loss=0.1478 lr=1.45e-04 elapsed=1082s
2026-09-15 10:02:43 | INFO | step=3000 loss=0.0682 lr=1.50e-04 elapsed=1109s
2026-09-15 10:03:08 | INFO | [eval] step=3000 dev_loss=1.9588
2026-09-15 10:04:43 | INFO |   EM on dev subset (200 samples): 0.00%
2026-09-15 10:05:11 | INFO | step=3100 loss=0.1195 lr=1.55e-04 elapsed=1258s
2026-09-15 10:05:39 | INFO | step=3200 loss=0.0641 lr=1.60e-04 elapsed=1285s
2026-09-15 10:06:07 | INFO | step=3300 loss=0.1635 lr=1.65e-04 elapsed=1314s
2026-09-15 10:06:35 | INFO | step=3400 loss=0.1333 lr=1.70e-04 elapsed=1341s
2026-09-15 10:07:03 | INFO | step=3500 loss=0.1379 lr=1.75e-04 elapsed=1370s
2026-09-15 10:07:31 | INFO | step=3600 loss=0.0382 lr=1.80e-04 elapsed=1397s
2026-09-15 10:07:59 | INFO | step=3700 loss=0.0777 lr=1.85e-04 elapsed=1425s
2026-09-15 10:08:27 | INFO | step=3800 loss=0.1189 lr=1.90e-04 elapsed=1453s
2026-09-15 10:08:55 | INFO | step=3900 loss=0.0306 lr=1.95e-04 elapsed=1481s
2026-09-15 10:09:23 | INFO | step=4000 loss=0.0824 lr=2.00e-04 elapsed=1509s
2026-09-15 10:09:47 | INFO | [eval] step=4000 dev_loss=2.0306
2026-09-15 10:11:42 | INFO |   EM on dev subset (200 samples): 0.50%
2026-09-15 10:12:10 | INFO | step=4100 loss=0.0061 lr=2.00e-04 elapsed=1676s
2026-09-15 10:12:38 | INFO | step=4200 loss=0.2191 lr=2.00e-04 elapsed=1704s
2026-09-15 10:13:06 | INFO | step=4300 loss=0.0174 lr=2.00e-04 elapsed=1732s
2026-09-15 10:13:34 | INFO | step=4400 loss=0.0805 lr=2.00e-04 elapsed=1760s
2026-09-15 10:14:02 | INFO | step=4500 loss=0.1796 lr=2.00e-04 elapsed=1788s
2026-09-15 10:14:30 | INFO | step=4600 loss=0.0225 lr=2.00e-04 elapsed=1816s
2026-09-15 10:14:58 | INFO | step=4700 loss=0.0887 lr=2.00e-04 elapsed=1844s
2026-09-15 10:15:26 | INFO | step=4800 loss=0.0659 lr=2.00e-04 elapsed=1872s
2026-09-15 10:15:54 | INFO | step=4900 loss=0.1108 lr=2.00e-04 elapsed=1900s
2026-09-15 10:16:22 | INFO | step=5000 loss=0.0210 lr=2.00e-04 elapsed=1928s
2026-09-15 10:16:46 | INFO | [eval] step=5000 dev_loss=2.0969
2026-09-15 10:18:22 | INFO |   EM on dev subset (200 samples): 0.00%
2026-09-15 10:18:49 | INFO | step=5100 loss=0.0312 lr=2.00e-04 elapsed=2076s
2026-09-15 10:19:17 | INFO | step=5200 loss=0.1153 lr=2.00e-04 elapsed=2103s
2026-09-15 10:19:45 | INFO | step=5300 loss=0.0629 lr=2.00e-04 elapsed=2131s
2026-09-15 10:20:13 | INFO | step=5400 loss=0.0522 lr=2.00e-04 elapsed=2159s
2026-09-15 10:20:40 | INFO | step=5500 loss=0.0674 lr=2.00e-04 elapsed=2186s
2026-09-15 10:21:08 | INFO | step=5600 loss=0.0597 lr=2.00e-04 elapsed=2214s
2026-09-15 10:21:36 | INFO | step=5700 loss=0.0285 lr=2.00e-04 elapsed=2242s
2026-09-15 10:22:03 | INFO | step=5800 loss=0.0696 lr=2.00e-04 elapsed=2269s
2026-09-15 10:22:31 | INFO | step=5900 loss=0.0661 lr=2.00e-04 elapsed=2297s
2026-09-15 10:22:59 | INFO | step=6000 loss=0.0177 lr=2.00e-04 elapsed=2325s
2026-09-15 10:23:24 | INFO | [eval] step=6000 dev_loss=2.0894
2026-09-15 10:25:23 | INFO |   EM on dev subset (200 samples): 0.00%
2026-09-15 10:25:51 | INFO | step=6100 loss=0.0255 lr=2.00e-04 elapsed=2497s
2026-09-15 10:26:19 | INFO | step=6200 loss=0.0671 lr=2.00e-04 elapsed=2525s
2026-09-15 10:26:47 | INFO | step=6300 loss=0.0612 lr=2.00e-04 elapsed=2553s
2026-09-15 10:27:15 | INFO | step=6400 loss=0.0369 lr=2.00e-04 elapsed=2581s
2026-09-15 10:27:43 | INFO | step=6500 loss=0.0335 lr=2.00e-04 elapsed=2609s
2026-09-15 10:28:11 | INFO | step=6600 loss=0.0810 lr=2.00e-04 elapsed=2637s
2026-09-15 10:28:39 | INFO | step=6700 loss=0.0665 lr=2.00e-04 elapsed=2665s
2026-09-15 10:29:07 | INFO | step=6800 loss=0.0101 lr=2.00e-04 elapsed=2693s
2026-09-15 10:29:34 | INFO | step=6900 loss=0.0128 lr=2.00e-04 elapsed=2720s
2026-09-15 10:30:01 | INFO | step=7000 loss=0.0760 lr=2.00e-04 elapsed=2747s
2026-09-15 10:30:26 | INFO | [eval] step=7000 dev_loss=2.0824
2026-09-15 10:32:03 | INFO |   EM on dev subset (200 samples): 0.00%
2026-09-15 10:32:31 | INFO | step=7100 loss=0.0600 lr=1.99e-04 elapsed=2897s
2026-09-15 10:32:59 | INFO | step=7200 loss=0.1029 lr=1.99e-04 elapsed=2925s
2026-09-15 10:33:27 | INFO | step=7300 loss=0.1060 lr=1.99e-04 elapsed=2953s
2026-09-15 10:33:55 | INFO | step=7400 loss=0.0432 lr=1.99e-04 elapsed=2981s
2026-09-15 10:34:23 | INFO | step=7500 loss=0.0765 lr=1.99e-04 elapsed=3009s
2026-09-15 10:34:51 | INFO | step=7600 loss=0.0041 lr=1.99e-04 elapsed=3037s
2026-09-15 10:35:19 | INFO | step=7700 loss=0.1132 lr=1.99e-04 elapsed=3065s
2026-09-15 10:35:47 | INFO | step=7800 loss=0.1233 lr=1.99e-04 elapsed=3093s
2026-09-15 10:36:15 | INFO | step=7900 loss=0.0092 lr=1.99e-04 elapsed=3121s
2026-09-15 10:36:43 | INFO | step=8000 loss=0.0248 lr=1.99e-04 elapsed=3149s
2026-09-15 10:37:08 | INFO | [eval] step=8000 dev_loss=2.0915
2026-09-15 10:39:04 | INFO |   EM on dev subset (200 samples): 0.50%
2026-09-15 10:39:32 | INFO | step=8100 loss=0.0111 lr=1.99e-04 elapsed=3318s
2026-09-15 10:40:00 | INFO | step=8200 loss=0.0195 lr=1.99e-04 elapsed=3346s
2026-09-15 10:40:28 | INFO | step=8300 loss=0.0164 lr=1.99e-04 elapsed=3374s
2026-09-15 10:40:56 | INFO | step=8400 loss=0.0590 lr=1.99e-04 elapsed=3402s
2026-09-15 10:41:24 | INFO | step=8500 loss=0.0295 lr=1.99e-04 elapsed=3430s
2026-09-15 10:41:52 | INFO | step=8600 loss=0.0201 lr=1.99e-04 elapsed=3458s
2026-09-15 10:42:20 | INFO | step=8700 loss=0.0704 lr=1.99e-04 elapsed=3486s
2026-09-15 10:42:48 | INFO | step=8800 loss=0.0193 lr=1.99e-04 elapsed=3514s
2026-09-15 10:43:16 | INFO | step=8900 loss=0.0135 lr=1.99e-04 elapsed=3542s
2026-09-15 10:43:44 | INFO | step=9000 loss=0.0318 lr=1.99e-04 elapsed=3570s
2026-09-15 10:44:08 | INFO | [eval] step=9000 dev_loss=2.0986
2026-09-15 10:45:21 | INFO |   EM on dev subset (200 samples): 2.00%
2026-09-15 10:45:44 | INFO |   -> New best model saved (dev_loss=2.0986)
2026-09-15 10:46:12 | INFO | step=9100 loss=0.0181 lr=1.99e-04 elapsed=3718s
2026-09-15 10:46:40 | INFO | step=9200 loss=0.0186 lr=1.99e-04 elapsed=3746s
2026-09-15 10:47:08 | INFO | step=9300 loss=0.0104 lr=1.98e-04 elapsed=3774s
2026-09-15 10:47:36 | INFO | step=9400 loss=0.0046 lr=1.98e-04 elapsed=3802s
2026-09-15 10:48:03 | INFO | step=9500 loss=0.0212 lr=1.98e-04 elapsed=3829s
2026-09-15 10:48:31 | INFO | step=9600 loss=0.1883 lr=1.98e-04 elapsed=3857s
2026-09-15 10:48:59 | INFO | step=9700 loss=0.0506 lr=1.98e-04 elapsed=3885s
2026-09-15 10:49:27 | INFO | step=9800 loss=0.0612 lr=1.98e-04 elapsed=3913s
2026-09-15 10:49:55 | INFO | step=9900 loss=0.1000 lr=1.98e-04 elapsed=3941s
2026-09-15 10:50:23 | INFO | step=10000 loss=0.0657 lr=1.98e-04 elapsed=3969s
2026-09-15 10:50:47 | INFO | [eval] step=10000 dev_loss=2.0966
2026-09-15 10:52:52 | INFO |   EM on dev subset (200 samples): 1.00%
2026-09-15 10:53:43 | INFO | step=10100 loss=0.0314 lr=1.98e-04 elapsed=4169s
2026-09-15 10:54:11 | INFO | step=10200 loss=0.0642 lr=1.98e-04 elapsed=4197s
2026-09-15 10:54:39 | INFO | step=10300 loss=0.0271 lr=1.98e-04 elapsed=4226s
2026-09-15 10:55:08 | INFO | step=10400 loss=0.0116 lr=1.98e-04 elapsed=4254s
2026-09-15 10:55:36 | INFO | step=10500 loss=0.0317 lr=1.98e-04 elapsed=4282s
2026-09-15 10:56:04 | INFO | step=10600 loss=0.0054 lr=1.98e-04 elapsed=4310s
2026-09-15 10:56:32 | INFO | step=10700 loss=0.0478 lr=1.98e-04 elapsed=4338s
2026-09-15 10:56:59 | INFO | step=10800 loss=0.0163 lr=1.98e-04 elapsed=4365s
2026-09-15 10:57:27 | INFO | step=10900 loss=0.0524 lr=1.97e-04 elapsed=4393s
2026-09-15 10:57:54 | INFO | step=11000 loss=0.0283 lr=1.97e-04 elapsed=4421s
2026-09-15 10:58:19 | INFO | [eval] step=11000 dev_loss=2.0875
2026-09-15 10:59:49 | INFO |   EM on dev subset (200 samples): 0.50%
2026-09-15 11:00:17 | INFO | step=11100 loss=0.0058 lr=1.97e-04 elapsed=4564s
2026-09-15 11:00:45 | INFO | step=11200 loss=0.1307 lr=1.97e-04 elapsed=4592s
2026-09-15 11:01:14 | INFO | step=11300 loss=0.2129 lr=1.97e-04 elapsed=4620s
2026-09-15 11:01:42 | INFO | step=11400 loss=0.0723 lr=1.97e-04 elapsed=4648s
2026-09-15 11:02:10 | INFO | step=11500 loss=0.0429 lr=1.97e-04 elapsed=4676s
2026-09-15 11:02:38 | INFO | step=11600 loss=0.0323 lr=1.97e-04 elapsed=4704s
2026-09-15 11:03:06 | INFO | step=11700 loss=0.0292 lr=1.97e-04 elapsed=4732s
2026-09-15 11:03:34 | INFO | step=11800 loss=0.0191 lr=1.97e-04 elapsed=4760s
2026-09-15 11:04:02 | INFO | step=11900 loss=0.0327 lr=1.97e-04 elapsed=4788s
2026-09-15 11:04:30 | INFO | step=12000 loss=0.0100 lr=1.97e-04 elapsed=4816s
2026-09-15 11:04:54 | INFO | [eval] step=12000 dev_loss=2.0898
2026-09-15 11:06:11 | INFO |   EM on dev subset (200 samples): 1.50%
2026-09-15 11:06:38 | INFO | step=12100 loss=0.1199 lr=1.97e-04 elapsed=4944s
2026-09-15 11:07:06 | INFO | step=12200 loss=0.0338 lr=1.96e-04 elapsed=4972s
2026-09-15 11:07:34 | INFO | step=12300 loss=0.0218 lr=1.96e-04 elapsed=5000s
2026-09-15 11:08:02 | INFO | step=12400 loss=0.0268 lr=1.96e-04 elapsed=5028s
2026-09-15 11:08:30 | INFO | step=12500 loss=0.0176 lr=1.96e-04 elapsed=5056s
2026-09-15 11:08:58 | INFO | step=12600 loss=0.0152 lr=1.96e-04 elapsed=5084s
2026-09-15 11:09:26 | INFO | step=12700 loss=0.0782 lr=1.96e-04 elapsed=5112s
2026-09-15 11:09:54 | INFO | step=12800 loss=0.0382 lr=1.96e-04 elapsed=5140s
2026-09-15 11:10:22 | INFO | step=12900 loss=0.1541 lr=1.96e-04 elapsed=5168s
2026-09-15 11:10:50 | INFO | step=13000 loss=0.0207 lr=1.96e-04 elapsed=5196s
2026-09-15 11:11:14 | INFO | [eval] step=13000 dev_loss=2.0900
2026-09-15 11:13:30 | INFO |   EM on dev subset (200 samples): 1.00%
2026-09-15 11:13:58 | INFO | step=13100 loss=0.0125 lr=1.96e-04 elapsed=5384s
2026-09-15 11:14:26 | INFO | step=13200 loss=0.3723 lr=1.96e-04 elapsed=5412s
2026-09-15 11:14:54 | INFO | step=13300 loss=0.0150 lr=1.95e-04 elapsed=5440s
2026-09-15 11:15:22 | INFO | step=13400 loss=0.0113 lr=1.95e-04 elapsed=5468s
2026-09-15 11:15:49 | INFO | step=13500 loss=0.1308 lr=1.95e-04 elapsed=5495s
2026-09-15 11:16:17 | INFO | step=13600 loss=0.0621 lr=1.95e-04 elapsed=5523s
2026-09-15 11:16:45 | INFO | step=13700 loss=0.0420 lr=1.95e-04 elapsed=5551s
2026-09-15 11:17:13 | INFO | step=13800 loss=0.0136 lr=1.95e-04 elapsed=5579s
2026-09-15 11:17:41 | INFO | step=13900 loss=0.1974 lr=1.95e-04 elapsed=5607s
2026-09-15 11:18:09 | INFO | step=14000 loss=0.0547 lr=1.95e-04 elapsed=5635s
2026-09-15 11:18:34 | INFO | [eval] step=14000 dev_loss=2.0955
2026-09-15 11:20:29 | INFO |   EM on dev subset (200 samples): 0.50%
2026-09-15 11:20:57 | INFO | step=14100 loss=0.0797 lr=1.95e-04 elapsed=5803s
2026-09-15 11:21:25 | INFO | step=14200 loss=0.0305 lr=1.94e-04 elapsed=5831s
2026-09-15 11:21:53 | INFO | step=14300 loss=0.0341 lr=1.94e-04 elapsed=5859s
2026-09-15 11:22:21 | INFO | step=14400 loss=0.1218 lr=1.94e-04 elapsed=5887s
2026-09-15 11:22:49 | INFO | step=14500 loss=0.0107 lr=1.94e-04 elapsed=5915s
2026-09-15 11:23:17 | INFO | step=14600 loss=0.0495 lr=1.94e-04 elapsed=5943s
2026-09-15 11:23:45 | INFO | step=14700 loss=0.0300 lr=1.94e-04 elapsed=5971s
2026-09-15 11:24:13 | INFO | step=14800 loss=0.0135 lr=1.94e-04 elapsed=5999s
2026-09-15 11:24:40 | INFO | step=14900 loss=0.1225 lr=1.94e-04 elapsed=6026s
2026-09-15 11:25:08 | INFO | step=15000 loss=0.0404 lr=1.94e-04 elapsed=6054s
2026-09-15 11:25:32 | INFO | [eval] step=15000 dev_loss=2.0918
2026-09-15 11:27:39 | INFO |   EM on dev subset (200 samples): 0.00%
2026-09-15 11:28:07 | INFO | step=15100 loss=0.0514 lr=1.93e-04 elapsed=6233s
2026-09-15 11:28:35 | INFO | step=15200 loss=0.0638 lr=1.93e-04 elapsed=6261s
2026-09-15 11:29:03 | INFO | step=15300 loss=0.0339 lr=1.93e-04 elapsed=6289s
2026-09-15 11:29:31 | INFO | step=15400 loss=0.0108 lr=1.93e-04 elapsed=6317s
2026-09-15 11:29:59 | INFO | step=15500 loss=0.0339 lr=1.93e-04 elapsed=6345s
2026-09-15 11:30:27 | INFO | step=15600 loss=0.1902 lr=1.93e-04 elapsed=6373s
2026-09-15 11:30:55 | INFO | step=15700 loss=0.0164 lr=1.93e-04 elapsed=6401s
2026-09-15 11:31:23 | INFO | step=15800 loss=0.0029 lr=1.93e-04 elapsed=6429s
2026-09-15 11:31:51 | INFO | step=15900 loss=0.0420 lr=1.93e-04 elapsed=6457s
2026-09-15 11:32:19 | INFO | step=16000 loss=0.0850 lr=1.92e-04 elapsed=6485s
2026-09-15 11:32:43 | INFO | [eval] step=16000 dev_loss=2.0946
2026-09-15 11:36:32 | INFO |   EM on dev subset (200 samples): 0.50%
2026-09-15 11:37:00 | INFO | step=16100 loss=0.0471 lr=1.92e-04 elapsed=6766s
2026-09-15 11:37:29 | INFO | step=16200 loss=0.0233 lr=1.92e-04 elapsed=6795s
2026-09-15 11:37:57 | INFO | step=16300 loss=0.0131 lr=1.92e-04 elapsed=6823s
2026-09-15 11:38:25 | INFO | step=16400 loss=0.0587 lr=1.92e-04 elapsed=6851s
2026-09-15 11:38:53 | INFO | step=16500 loss=0.0149 lr=1.92e-04 elapsed=6879s
2026-09-15 11:39:21 | INFO | step=16600 loss=0.0198 lr=1.92e-04 elapsed=6907s
2026-09-15 11:39:49 | INFO | step=16700 loss=0.0148 lr=1.91e-04 elapsed=6935s
2026-09-15 11:40:17 | INFO | step=16800 loss=0.0247 lr=1.91e-04 elapsed=6963s
2026-09-15 11:40:45 | INFO | step=16900 loss=0.0399 lr=1.91e-04 elapsed=6991s
2026-09-15 11:41:13 | INFO | step=17000 loss=0.0182 lr=1.91e-04 elapsed=7019s
2026-09-15 11:41:37 | INFO | [eval] step=17000 dev_loss=2.0937
2026-09-15 11:43:57 | INFO |   EM on dev subset (200 samples): 0.50%
2026-09-15 11:44:25 | INFO | step=17100 loss=0.0725 lr=1.91e-04 elapsed=7211s
2026-09-15 11:44:54 | INFO | step=17200 loss=0.0715 lr=1.91e-04 elapsed=7240s
2026-09-15 11:45:22 | INFO | step=17300 loss=0.0843 lr=1.91e-04 elapsed=7268s
2026-09-15 11:45:50 | INFO | step=17400 loss=0.0300 lr=1.91e-04 elapsed=7296s
2026-09-15 11:46:18 | INFO | step=17500 loss=0.0165 lr=1.90e-04 elapsed=7324s
2026-09-15 11:46:46 | INFO | step=17600 loss=0.0292 lr=1.90e-04 elapsed=7352s
2026-09-15 11:47:14 | INFO | step=17700 loss=0.0413 lr=1.90e-04 elapsed=7380s
2026-09-15 11:47:42 | INFO | step=17800 loss=0.0425 lr=1.90e-04 elapsed=7408s
2026-09-15 11:48:10 | INFO | step=17900 loss=0.0383 lr=1.90e-04 elapsed=7436s
2026-09-15 11:48:38 | INFO | step=18000 loss=0.0303 lr=1.90e-04 elapsed=7464s
2026-09-15 11:49:03 | INFO | [eval] step=18000 dev_loss=2.0860
2026-09-15 11:50:22 | INFO |   EM on dev subset (200 samples): 2.00%
2026-09-15 11:50:50 | INFO | step=18100 loss=0.0550 lr=1.90e-04 elapsed=7596s
2026-09-15 11:51:18 | INFO | step=18200 loss=0.0342 lr=1.89e-04 elapsed=7624s
2026-09-15 11:51:46 | INFO | step=18300 loss=0.0145 lr=1.89e-04 elapsed=7652s
2026-09-15 11:52:13 | INFO | step=18400 loss=0.0273 lr=1.89e-04 elapsed=7679s
2026-09-15 11:52:41 | INFO | step=18500 loss=0.0467 lr=1.89e-04 elapsed=7707s
2026-09-15 11:53:09 | INFO | step=18600 loss=0.0515 lr=1.89e-04 elapsed=7735s
2026-09-15 11:53:37 | INFO | step=18700 loss=0.0217 lr=1.89e-04 elapsed=7763s
2026-09-15 11:54:05 | INFO | step=18800 loss=0.0069 lr=1.88e-04 elapsed=7791s
2026-09-15 11:54:32 | INFO | step=18900 loss=0.0589 lr=1.88e-04 elapsed=7819s
2026-09-15 11:55:00 | INFO | step=19000 loss=0.0191 lr=1.88e-04 elapsed=7846s
2026-09-15 11:55:25 | INFO | [eval] step=19000 dev_loss=2.0907
2026-09-15 11:57:02 | INFO |   EM on dev subset (200 samples): 0.50%
2026-09-15 11:57:30 | INFO | step=19100 loss=0.0669 lr=1.88e-04 elapsed=7997s
2026-09-15 11:57:59 | INFO | step=19200 loss=0.0723 lr=1.88e-04 elapsed=8025s
2026-09-15 11:58:27 | INFO | step=19300 loss=0.0738 lr=1.88e-04 elapsed=8053s
2026-09-15 11:58:55 | INFO | step=19400 loss=0.0132 lr=1.88e-04 elapsed=8081s
2026-09-15 11:59:23 | INFO | step=19500 loss=0.0370 lr=1.87e-04 elapsed=8109s
2026-09-15 11:59:51 | INFO | step=19600 loss=0.0681 lr=1.87e-04 elapsed=8137s
2026-09-15 12:00:19 | INFO | step=19700 loss=0.1110 lr=1.87e-04 elapsed=8165s
2026-09-15 12:00:47 | INFO | step=19800 loss=0.0113 lr=1.87e-04 elapsed=8193s
2026-09-15 12:01:14 | INFO | step=19900 loss=0.0137 lr=1.87e-04 elapsed=8221s
2026-09-15 12:01:42 | INFO | step=20000 loss=0.0453 lr=1.87e-04 elapsed=8248s
2026-09-15 12:02:06 | INFO | [eval] step=20000 dev_loss=2.0875
2026-09-15 12:03:51 | INFO |   EM on dev subset (200 samples): 1.00%
2026-09-15 12:04:42 | INFO | step=20100 loss=0.0613 lr=1.86e-04 elapsed=8428s
2026-09-15 12:05:10 | INFO | step=20200 loss=0.0483 lr=1.86e-04 elapsed=8456s
2026-09-15 12:05:38 | INFO | step=20300 loss=0.0163 lr=1.86e-04 elapsed=8484s
2026-09-15 12:06:06 | INFO | step=20400 loss=0.0248 lr=1.86e-04 elapsed=8512s
2026-09-15 12:06:34 | INFO | step=20500 loss=0.1820 lr=1.86e-04 elapsed=8540s
2026-09-15 12:07:02 | INFO | step=20600 loss=0.0177 lr=1.86e-04 elapsed=8568s
2026-09-15 12:07:30 | INFO | step=20700 loss=0.0272 lr=1.85e-04 elapsed=8596s
2026-09-15 12:07:58 | INFO | step=20800 loss=0.0123 lr=1.85e-04 elapsed=8624s
2026-09-15 12:08:26 | INFO | step=20900 loss=0.0221 lr=1.85e-04 elapsed=8652s
2026-09-15 12:08:54 | INFO | step=21000 loss=0.0080 lr=1.85e-04 elapsed=8680s
2026-09-15 12:09:18 | INFO | [eval] step=21000 dev_loss=2.0925
2026-09-15 12:11:18 | INFO |   EM on dev subset (200 samples): 2.00%
2026-09-15 12:11:46 | INFO | step=21100 loss=0.0387 lr=1.85e-04 elapsed=8852s
2026-09-15 12:12:14 | INFO | step=21200 loss=0.0486 lr=1.85e-04 elapsed=8881s
2026-09-15 12:12:43 | INFO | step=21300 loss=0.0062 lr=1.84e-04 elapsed=8909s
2026-09-15 12:13:11 | INFO | step=21400 loss=0.0043 lr=1.84e-04 elapsed=8937s
2026-09-15 12:13:39 | INFO | step=21500 loss=0.0099 lr=1.84e-04 elapsed=8965s
2026-09-15 12:14:07 | INFO | step=21600 loss=0.0552 lr=1.84e-04 elapsed=8993s
2026-09-15 12:14:35 | INFO | step=21700 loss=0.0337 lr=1.84e-04 elapsed=9021s
2026-09-15 12:15:03 | INFO | step=21800 loss=0.0349 lr=1.84e-04 elapsed=9049s
2026-09-15 12:15:31 | INFO | step=21900 loss=0.0294 lr=1.83e-04 elapsed=9077s
2026-09-15 12:15:59 | INFO | step=22000 loss=0.0715 lr=1.83e-04 elapsed=9105s
2026-09-15 12:16:24 | INFO | [eval] step=22000 dev_loss=2.0883
2026-09-15 12:19:11 | INFO |   EM on dev subset (200 samples): 2.00%
2026-09-15 12:19:39 | INFO | step=22100 loss=0.0108 lr=1.83e-04 elapsed=9325s
2026-09-15 12:20:07 | INFO | step=22200 loss=0.0537 lr=1.83e-04 elapsed=9353s
2026-09-15 12:20:35 | INFO | step=22300 loss=0.0275 lr=1.83e-04 elapsed=9381s
2026-09-15 12:21:03 | INFO | step=22400 loss=0.0181 lr=1.82e-04 elapsed=9409s
2026-09-15 12:21:31 | INFO | step=22500 loss=0.0077 lr=1.82e-04 elapsed=9437s
2026-09-15 12:21:59 | INFO | step=22600 loss=0.1330 lr=1.82e-04 elapsed=9465s
2026-09-15 12:22:27 | INFO | step=22700 loss=0.0035 lr=1.82e-04 elapsed=9493s
2026-09-15 12:22:55 | INFO | step=22800 loss=0.0217 lr=1.82e-04 elapsed=9521s
2026-09-15 12:23:23 | INFO | step=22900 loss=0.1197 lr=1.81e-04 elapsed=9549s
2026-09-15 12:23:51 | INFO | step=23000 loss=0.0193 lr=1.81e-04 elapsed=9577s
2026-09-15 12:24:15 | INFO | [eval] step=23000 dev_loss=2.0972
2026-09-15 12:26:14 | INFO |   EM on dev subset (200 samples): 0.50%
2026-09-15 12:26:42 | INFO | step=23100 loss=0.0833 lr=1.81e-04 elapsed=9748s
2026-09-15 12:27:10 | INFO | step=23200 loss=0.0193 lr=1.81e-04 elapsed=9776s
2026-09-15 12:27:38 | INFO | step=23300 loss=0.0820 lr=1.81e-04 elapsed=9804s
2026-09-15 12:28:06 | INFO | step=23400 loss=0.0276 lr=1.81e-04 elapsed=9832s
2026-09-15 12:28:33 | INFO | step=23500 loss=0.0494 lr=1.80e-04 elapsed=9859s
2026-09-15 12:29:01 | INFO | step=23600 loss=0.0590 lr=1.80e-04 elapsed=9887s
2026-09-15 12:29:29 | INFO | step=23700 loss=0.0074 lr=1.80e-04 elapsed=9915s
2026-09-15 12:29:57 | INFO | step=23800 loss=0.0075 lr=1.80e-04 elapsed=9943s
2026-09-15 12:30:25 | INFO | step=23900 loss=0.0233 lr=1.80e-04 elapsed=9971s
2026-09-15 12:30:53 | INFO | step=24000 loss=0.0138 lr=1.79e-04 elapsed=9999s
2026-09-15 12:31:17 | INFO | [eval] step=24000 dev_loss=2.0943
2026-09-15 12:32:34 | INFO |   EM on dev subset (200 samples): 2.50%
2026-09-15 12:32:57 | INFO |   -> New best model saved (dev_loss=2.0943)
2026-09-15 12:33:25 | INFO | step=24100 loss=0.0089 lr=1.79e-04 elapsed=10151s
2026-09-15 12:33:53 | INFO | step=24200 loss=0.0451 lr=1.79e-04 elapsed=10179s
2026-09-15 12:34:21 | INFO | step=24300 loss=0.0627 lr=1.79e-04 elapsed=10207s
2026-09-15 12:34:49 | INFO | step=24400 loss=0.0296 lr=1.79e-04 elapsed=10235s
2026-09-15 12:35:17 | INFO | step=24500 loss=0.0167 lr=1.78e-04 elapsed=10263s
2026-09-15 12:35:45 | INFO | step=24600 loss=0.0528 lr=1.78e-04 elapsed=10291s
2026-09-15 12:36:13 | INFO | step=24700 loss=0.0036 lr=1.78e-04 elapsed=10319s
2026-09-15 12:36:41 | INFO | step=24800 loss=0.0046 lr=1.78e-04 elapsed=10347s
2026-09-15 12:37:09 | INFO | step=24900 loss=0.0191 lr=1.78e-04 elapsed=10375s
2026-09-15 12:37:36 | INFO | step=25000 loss=0.0062 lr=1.77e-04 elapsed=10402s
2026-09-15 12:38:01 | INFO | [eval] step=25000 dev_loss=2.0896
2026-09-15 12:39:54 | INFO |   EM on dev subset (200 samples): 1.50%
2026-09-15 12:40:23 | INFO | step=25100 loss=0.0295 lr=1.77e-04 elapsed=10569s
2026-09-15 12:40:51 | INFO | step=25200 loss=0.0067 lr=1.77e-04 elapsed=10597s
2026-09-15 12:41:19 | INFO | step=25300 loss=0.0153 lr=1.77e-04 elapsed=10625s
2026-09-15 12:41:47 | INFO | step=25400 loss=0.0195 lr=1.76e-04 elapsed=10653s
2026-09-15 12:42:15 | INFO | step=25500 loss=0.0196 lr=1.76e-04 elapsed=10681s
2026-09-15 12:42:43 | INFO | step=25600 loss=0.0149 lr=1.76e-04 elapsed=10709s
2026-09-15 12:43:11 | INFO | step=25700 loss=0.0392 lr=1.76e-04 elapsed=10737s
2026-09-15 12:43:39 | INFO | step=25800 loss=0.0209 lr=1.76e-04 elapsed=10765s
2026-09-15 12:44:07 | INFO | step=25900 loss=0.0745 lr=1.75e-04 elapsed=10793s
2026-09-15 12:44:35 | INFO | step=26000 loss=0.1076 lr=1.75e-04 elapsed=10821s
2026-09-15 12:45:00 | INFO | [eval] step=26000 dev_loss=2.0862
2026-09-15 12:46:42 | INFO |   EM on dev subset (200 samples): 1.50%
2026-09-15 12:47:10 | INFO | step=26100 loss=0.0285 lr=1.75e-04 elapsed=10976s
2026-09-15 12:47:38 | INFO | step=26200 loss=0.0012 lr=1.75e-04 elapsed=11004s
2026-09-15 12:48:06 | INFO | step=26300 loss=0.0353 lr=1.75e-04 elapsed=11032s
2026-09-15 12:48:34 | INFO | step=26400 loss=0.0268 lr=1.74e-04 elapsed=11060s
2026-09-15 12:49:01 | INFO | step=26500 loss=0.0101 lr=1.74e-04 elapsed=11088s
2026-09-15 12:49:29 | INFO | step=26600 loss=0.0415 lr=1.74e-04 elapsed=11115s
2026-09-15 12:49:57 | INFO | step=26700 loss=0.0565 lr=1.74e-04 elapsed=11144s
2026-09-15 12:50:25 | INFO | step=26800 loss=0.1903 lr=1.73e-04 elapsed=11171s
2026-09-15 12:50:53 | INFO | step=26900 loss=0.0271 lr=1.73e-04 elapsed=11199s
2026-09-15 12:51:21 | INFO | step=27000 loss=0.0110 lr=1.73e-04 elapsed=11227s
2026-09-15 12:51:46 | INFO | [eval] step=27000 dev_loss=2.0942
2026-09-15 12:53:28 | INFO |   EM on dev subset (200 samples): 1.00%
2026-09-15 12:53:56 | INFO | step=27100 loss=0.1786 lr=1.73e-04 elapsed=11382s
2026-09-15 12:54:24 | INFO | step=27200 loss=0.0311 lr=1.73e-04 elapsed=11410s
2026-09-15 12:54:52 | INFO | step=27300 loss=0.0044 lr=1.72e-04 elapsed=11438s
2026-09-15 12:55:20 | INFO | step=27400 loss=0.0310 lr=1.72e-04 elapsed=11466s
2026-09-15 12:55:48 | INFO | step=27500 loss=0.0165 lr=1.72e-04 elapsed=11494s
2026-09-15 12:56:15 | INFO | step=27600 loss=0.0065 lr=1.72e-04 elapsed=11521s
2026-09-15 12:56:43 | INFO | step=27700 loss=0.0056 lr=1.71e-04 elapsed=11549s
2026-09-15 12:57:10 | INFO | step=27800 loss=0.0019 lr=1.71e-04 elapsed=11576s
2026-09-15 12:57:37 | INFO | step=27900 loss=0.0311 lr=1.71e-04 elapsed=11603s
2026-09-15 12:58:04 | INFO | step=28000 loss=0.0347 lr=1.71e-04 elapsed=11630s
2026-09-15 12:58:29 | INFO | [eval] step=28000 dev_loss=2.0864
2026-09-15 13:00:26 | INFO |   EM on dev subset (200 samples): 2.00%
2026-09-15 13:00:53 | INFO | step=28100 loss=0.0038 lr=1.70e-04 elapsed=11799s
2026-09-15 13:01:21 | INFO | step=28200 loss=0.0219 lr=1.70e-04 elapsed=11827s
2026-09-15 13:01:48 | INFO | step=28300 loss=0.0027 lr=1.70e-04 elapsed=11854s
2026-09-15 13:02:16 | INFO | step=28400 loss=0.0021 lr=1.70e-04 elapsed=11882s
2026-09-15 13:02:43 | INFO | step=28500 loss=0.0767 lr=1.70e-04 elapsed=11909s
2026-09-15 13:03:11 | INFO | step=28600 loss=0.0494 lr=1.69e-04 elapsed=11937s
2026-09-15 13:03:37 | INFO | step=28700 loss=0.0216 lr=1.69e-04 elapsed=11963s
2026-09-15 13:04:04 | INFO | step=28800 loss=0.0091 lr=1.69e-04 elapsed=11990s
2026-09-15 13:04:31 | INFO | step=28900 loss=0.0092 lr=1.69e-04 elapsed=12017s
2026-09-15 13:04:57 | INFO | step=29000 loss=0.0664 lr=1.68e-04 elapsed=12044s
2026-09-15 13:05:22 | INFO | [eval] step=29000 dev_loss=2.0915
2026-09-15 13:06:58 | INFO |   EM on dev subset (200 samples): 1.50%
2026-09-15 13:07:25 | INFO | step=29100 loss=0.0330 lr=1.68e-04 elapsed=12191s
2026-09-15 13:07:52 | INFO | step=29200 loss=0.0487 lr=1.68e-04 elapsed=12218s
2026-09-15 13:08:19 | INFO | step=29300 loss=0.0306 lr=1.68e-04 elapsed=12245s
2026-09-15 13:08:45 | INFO | step=29400 loss=0.0058 lr=1.67e-04 elapsed=12271s
2026-09-15 13:09:12 | INFO | step=29500 loss=0.1555 lr=1.67e-04 elapsed=12298s
2026-09-15 13:09:39 | INFO | step=29600 loss=0.0374 lr=1.67e-04 elapsed=12325s
2026-09-15 13:10:05 | INFO | step=29700 loss=0.0429 lr=1.67e-04 elapsed=12351s
2026-09-15 13:10:32 | INFO | step=29800 loss=0.1194 lr=1.66e-04 elapsed=12378s
2026-09-15 13:10:59 | INFO | step=29900 loss=0.0221 lr=1.66e-04 elapsed=12405s
2026-09-15 13:11:25 | INFO | step=30000 loss=0.0502 lr=1.66e-04 elapsed=12431s
2026-09-15 13:11:50 | INFO | [eval] step=30000 dev_loss=2.0891
2026-09-15 13:13:05 | INFO |   EM on dev subset (200 samples): 1.50%
2026-09-15 13:13:54 | INFO | step=30100 loss=0.0006 lr=1.66e-04 elapsed=12580s
2026-09-15 13:14:21 | INFO | step=30200 loss=0.0050 lr=1.65e-04 elapsed=12607s
2026-09-15 13:14:48 | INFO | step=30300 loss=0.0145 lr=1.65e-04 elapsed=12634s
2026-09-15 13:15:14 | INFO | step=30400 loss=0.0677 lr=1.65e-04 elapsed=12660s
2026-09-15 13:15:41 | INFO | step=30500 loss=0.0168 lr=1.65e-04 elapsed=12687s
2026-09-15 13:16:07 | INFO | step=30600 loss=0.0033 lr=1.64e-04 elapsed=12713s
2026-09-15 13:16:34 | INFO | step=30700 loss=0.0523 lr=1.64e-04 elapsed=12740s
2026-09-15 13:17:00 | INFO | step=30800 loss=0.0368 lr=1.64e-04 elapsed=12767s
2026-09-15 13:17:27 | INFO | step=30900 loss=0.0259 lr=1.64e-04 elapsed=12793s
2026-09-15 13:17:54 | INFO | step=31000 loss=0.0072 lr=1.63e-04 elapsed=12820s
2026-09-15 13:18:18 | INFO | [eval] step=31000 dev_loss=2.0873
2026-09-15 13:19:37 | INFO |   EM on dev subset (200 samples): 3.50%
2026-09-15 13:20:00 | INFO |   -> New best model saved (dev_loss=2.0873)
2026-09-15 13:20:27 | INFO | step=31100 loss=0.0055 lr=1.63e-04 elapsed=12973s
2026-09-15 13:20:53 | INFO | step=31200 loss=0.0274 lr=1.63e-04 elapsed=12999s
2026-09-15 13:21:20 | INFO | step=31300 loss=0.0513 lr=1.63e-04 elapsed=13026s
2026-09-15 13:21:46 | INFO | step=31400 loss=0.0042 lr=1.62e-04 elapsed=13052s
2026-09-15 13:22:13 | INFO | step=31500 loss=0.0221 lr=1.62e-04 elapsed=13079s
2026-09-15 13:22:40 | INFO | step=31600 loss=0.0140 lr=1.62e-04 elapsed=13106s
2026-09-15 13:23:06 | INFO | step=31700 loss=0.0030 lr=1.62e-04 elapsed=13132s
2026-09-15 13:23:33 | INFO | step=31800 loss=0.0298 lr=1.61e-04 elapsed=13159s
2026-09-15 13:23:59 | INFO | step=31900 loss=0.0221 lr=1.61e-04 elapsed=13185s
2026-09-15 13:24:26 | INFO | step=32000 loss=0.0247 lr=1.61e-04 elapsed=13212s
2026-09-15 13:24:50 | INFO | [eval] step=32000 dev_loss=2.0881
2026-09-15 13:26:46 | INFO |   EM on dev subset (200 samples): 3.00%
2026-09-15 13:27:13 | INFO | step=32100 loss=0.0629 lr=1.61e-04 elapsed=13379s
2026-09-15 13:27:40 | INFO | step=32200 loss=0.0051 lr=1.60e-04 elapsed=13406s
2026-09-15 13:28:06 | INFO | step=32300 loss=0.0046 lr=1.60e-04 elapsed=13432s
2026-09-15 13:28:33 | INFO | step=32400 loss=0.0121 lr=1.60e-04 elapsed=13459s
2026-09-15 13:29:00 | INFO | step=32500 loss=0.0192 lr=1.60e-04 elapsed=13486s
2026-09-15 13:29:26 | INFO | step=32600 loss=0.0045 lr=1.59e-04 elapsed=13512s
2026-09-15 13:29:53 | INFO | step=32700 loss=0.0065 lr=1.59e-04 elapsed=13539s
2026-09-15 13:30:20 | INFO | step=32800 loss=0.0908 lr=1.59e-04 elapsed=13566s
2026-09-15 13:30:46 | INFO | step=32900 loss=0.0509 lr=1.59e-04 elapsed=13592s
2026-09-15 13:31:13 | INFO | step=33000 loss=0.0239 lr=1.58e-04 elapsed=13619s
2026-09-15 13:31:37 | INFO | [eval] step=33000 dev_loss=2.0841
2026-09-15 13:33:09 | INFO |   EM on dev subset (200 samples): 2.00%
2026-09-15 13:33:36 | INFO | step=33100 loss=0.0788 lr=1.58e-04 elapsed=13762s
2026-09-15 13:34:02 | INFO | step=33200 loss=0.0033 lr=1.58e-04 elapsed=13788s
2026-09-15 13:34:29 | INFO | step=33300 loss=0.0845 lr=1.57e-04 elapsed=13815s
2026-09-15 13:34:56 | INFO | step=33400 loss=0.0221 lr=1.57e-04 elapsed=13842s
2026-09-15 13:35:22 | INFO | step=33500 loss=0.0691 lr=1.57e-04 elapsed=13868s
2026-09-15 13:35:49 | INFO | step=33600 loss=0.0063 lr=1.57e-04 elapsed=13895s
2026-09-15 13:36:16 | INFO | step=33700 loss=0.0772 lr=1.56e-04 elapsed=13922s
2026-09-15 13:36:42 | INFO | step=33800 loss=0.0219 lr=1.56e-04 elapsed=13948s
2026-09-15 13:37:09 | INFO | step=33900 loss=0.0098 lr=1.56e-04 elapsed=13975s
2026-09-15 13:37:35 | INFO | step=34000 loss=0.0027 lr=1.56e-04 elapsed=14001s
2026-09-15 13:38:00 | INFO | [eval] step=34000 dev_loss=2.0879
2026-09-15 13:39:34 | INFO |   EM on dev subset (200 samples): 3.50%
2026-09-15 13:40:01 | INFO | step=34100 loss=0.0093 lr=1.55e-04 elapsed=14147s
2026-09-15 13:40:28 | INFO | step=34200 loss=0.0031 lr=1.55e-04 elapsed=14174s
2026-09-15 13:40:55 | INFO | step=34300 loss=0.0006 lr=1.55e-04 elapsed=14201s
2026-09-15 13:41:22 | INFO | step=34400 loss=0.0066 lr=1.54e-04 elapsed=14228s
2026-09-15 13:41:48 | INFO | step=34500 loss=0.0799 lr=1.54e-04 elapsed=14254s
2026-09-15 13:42:15 | INFO | step=34600 loss=0.1190 lr=1.54e-04 elapsed=14281s
2026-09-15 13:42:42 | INFO | step=34700 loss=0.0173 lr=1.54e-04 elapsed=14308s
2026-09-15 13:43:08 | INFO | step=34800 loss=0.0149 lr=1.53e-04 elapsed=14334s
2026-09-15 13:43:35 | INFO | step=34900 loss=0.0164 lr=1.53e-04 elapsed=14361s
2026-09-15 13:44:02 | INFO | step=35000 loss=0.0026 lr=1.53e-04 elapsed=14388s
2026-09-15 13:44:26 | INFO | [eval] step=35000 dev_loss=2.0865
2026-09-15 13:45:45 | INFO |   EM on dev subset (200 samples): 2.00%
2026-09-15 13:46:12 | INFO | step=35100 loss=0.0197 lr=1.53e-04 elapsed=14518s
2026-09-15 13:46:39 | INFO | step=35200 loss=0.0306 lr=1.52e-04 elapsed=14545s
2026-09-15 13:47:05 | INFO | step=35300 loss=0.0613 lr=1.52e-04 elapsed=14571s
2026-09-15 13:47:32 | INFO | step=35400 loss=0.0054 lr=1.52e-04 elapsed=14598s
2026-09-15 13:47:59 | INFO | step=35500 loss=0.0470 lr=1.51e-04 elapsed=14625s
2026-09-15 13:48:25 | INFO | step=35600 loss=0.0011 lr=1.51e-04 elapsed=14651s
2026-09-15 13:48:52 | INFO | step=35700 loss=0.0195 lr=1.51e-04 elapsed=14678s
2026-09-15 13:49:19 | INFO | step=35800 loss=0.0981 lr=1.51e-04 elapsed=14705s
2026-09-15 13:49:45 | INFO | step=35900 loss=0.0116 lr=1.50e-04 elapsed=14731s
2026-09-15 13:50:12 | INFO | step=36000 loss=0.0024 lr=1.50e-04 elapsed=14758s
2026-09-15 13:50:36 | INFO | [eval] step=36000 dev_loss=2.0861
2026-09-15 13:52:27 | INFO |   EM on dev subset (200 samples): 2.50%
2026-09-15 13:52:54 | INFO | step=36100 loss=0.0333 lr=1.50e-04 elapsed=14920s
2026-09-15 13:53:21 | INFO | step=36200 loss=0.0011 lr=1.49e-04 elapsed=14947s
2026-09-15 13:53:48 | INFO | step=36300 loss=0.0385 lr=1.49e-04 elapsed=14974s
2026-09-15 13:54:14 | INFO | step=36400 loss=0.0228 lr=1.49e-04 elapsed=15000s
2026-09-15 13:54:41 | INFO | step=36500 loss=0.0085 lr=1.49e-04 elapsed=15027s
2026-09-15 13:55:08 | INFO | step=36600 loss=0.0153 lr=1.48e-04 elapsed=15054s
2026-09-15 13:55:34 | INFO | step=36700 loss=0.0017 lr=1.48e-04 elapsed=15080s
2026-09-15 13:56:01 | INFO | step=36800 loss=0.0023 lr=1.48e-04 elapsed=15107s
2026-09-15 13:56:28 | INFO | step=36900 loss=0.0074 lr=1.47e-04 elapsed=15134s
2026-09-15 13:56:54 | INFO | step=37000 loss=0.0572 lr=1.47e-04 elapsed=15160s
2026-09-15 13:57:18 | INFO | [eval] step=37000 dev_loss=2.0873
2026-09-15 13:58:37 | INFO |   EM on dev subset (200 samples): 2.50%
2026-09-15 13:59:04 | INFO | step=37100 loss=0.1016 lr=1.47e-04 elapsed=15290s
2026-09-15 13:59:30 | INFO | step=37200 loss=0.0599 lr=1.47e-04 elapsed=15316s
2026-09-15 13:59:57 | INFO | step=37300 loss=0.0996 lr=1.46e-04 elapsed=15343s
2026-09-15 14:00:24 | INFO | step=37400 loss=0.0065 lr=1.46e-04 elapsed=15370s
2026-09-15 14:00:50 | INFO | step=37500 loss=0.0018 lr=1.46e-04 elapsed=15396s
2026-09-15 14:01:17 | INFO | step=37600 loss=0.0501 lr=1.45e-04 elapsed=15423s
2026-09-15 14:01:44 | INFO | step=37700 loss=0.0013 lr=1.45e-04 elapsed=15450s
2026-09-15 14:02:10 | INFO | step=37800 loss=0.0107 lr=1.45e-04 elapsed=15476s
2026-09-15 14:02:37 | INFO | step=37900 loss=0.0021 lr=1.45e-04 elapsed=15503s
2026-09-15 14:03:03 | INFO | step=38000 loss=0.0018 lr=1.44e-04 elapsed=15529s
2026-09-15 14:03:28 | INFO | [eval] step=38000 dev_loss=2.0849
2026-09-15 14:05:01 | INFO |   EM on dev subset (200 samples): 3.50%
2026-09-15 14:05:28 | INFO | step=38100 loss=0.0205 lr=1.44e-04 elapsed=15674s
2026-09-15 14:05:54 | INFO | step=38200 loss=0.0145 lr=1.44e-04 elapsed=15701s
2026-09-15 14:06:21 | INFO | step=38300 loss=0.0262 lr=1.43e-04 elapsed=15727s
2026-09-15 14:06:48 | INFO | step=38400 loss=0.0144 lr=1.43e-04 elapsed=15754s
2026-09-15 14:07:14 | INFO | step=38500 loss=0.0084 lr=1.43e-04 elapsed=15780s
2026-09-15 14:07:41 | INFO | step=38600 loss=0.1429 lr=1.42e-04 elapsed=15807s
2026-09-15 14:08:07 | INFO | step=38700 loss=0.0011 lr=1.42e-04 elapsed=15834s
2026-09-15 14:08:34 | INFO | step=38800 loss=0.0488 lr=1.42e-04 elapsed=15860s
2026-09-15 14:09:01 | INFO | step=38900 loss=0.0143 lr=1.42e-04 elapsed=15887s
2026-09-15 14:09:27 | INFO | step=39000 loss=0.0054 lr=1.41e-04 elapsed=15914s
2026-09-15 14:09:52 | INFO | [eval] step=39000 dev_loss=2.0866
2026-09-15 14:11:36 | INFO |   EM on dev subset (200 samples): 3.50%
2026-09-15 14:12:03 | INFO | step=39100 loss=0.0022 lr=1.41e-04 elapsed=16069s
2026-09-15 14:12:30 | INFO | step=39200 loss=0.0055 lr=1.41e-04 elapsed=16096s
2026-09-15 14:12:57 | INFO | step=39300 loss=0.0100 lr=1.40e-04 elapsed=16123s
2026-09-15 14:13:23 | INFO | step=39400 loss=0.0141 lr=1.40e-04 elapsed=16149s
2026-09-15 14:13:50 | INFO | step=39500 loss=0.0381 lr=1.40e-04 elapsed=16176s
2026-09-15 14:14:16 | INFO | step=39600 loss=0.0040 lr=1.39e-04 elapsed=16203s
2026-09-15 14:14:43 | INFO | step=39700 loss=0.0005 lr=1.39e-04 elapsed=16229s
2026-09-15 14:15:10 | INFO | step=39800 loss=0.0029 lr=1.39e-04 elapsed=16256s
2026-09-15 14:15:36 | INFO | step=39900 loss=0.0017 lr=1.39e-04 elapsed=16282s
2026-09-15 14:16:03 | INFO | step=40000 loss=0.0569 lr=1.38e-04 elapsed=16309s
2026-09-15 14:16:27 | INFO | [eval] step=40000 dev_loss=2.0814
2026-09-15 14:17:52 | INFO |   EM on dev subset (200 samples): 3.00%
2026-09-15 14:18:41 | INFO | step=40100 loss=0.0076 lr=1.38e-04 elapsed=16467s
2026-09-15 14:19:08 | INFO | step=40200 loss=0.0448 lr=1.38e-04 elapsed=16494s
2026-09-15 14:19:34 | INFO | step=40300 loss=0.0022 lr=1.37e-04 elapsed=16521s
2026-09-15 14:20:01 | INFO | step=40400 loss=0.0008 lr=1.37e-04 elapsed=16547s
2026-09-15 14:20:28 | INFO | step=40500 loss=0.0447 lr=1.37e-04 elapsed=16574s
2026-09-15 14:20:54 | INFO | step=40600 loss=0.0733 lr=1.36e-04 elapsed=16600s
2026-09-15 14:21:21 | INFO | step=40700 loss=0.0059 lr=1.36e-04 elapsed=16627s
2026-09-15 14:21:47 | INFO | step=40800 loss=0.0038 lr=1.36e-04 elapsed=16653s
2026-09-15 14:22:14 | INFO | step=40900 loss=0.0095 lr=1.36e-04 elapsed=16680s
2026-09-15 14:22:41 | INFO | step=41000 loss=0.0018 lr=1.35e-04 elapsed=16707s
2026-09-15 14:23:05 | INFO | [eval] step=41000 dev_loss=2.0820
2026-09-15 14:24:22 | INFO |   EM on dev subset (200 samples): 3.00%
2026-09-15 14:24:48 | INFO | step=41100 loss=0.0048 lr=1.35e-04 elapsed=16834s
2026-09-15 14:25:15 | INFO | step=41200 loss=0.0274 lr=1.35e-04 elapsed=16861s
2026-09-15 14:25:42 | INFO | step=41300 loss=0.0144 lr=1.34e-04 elapsed=16888s
2026-09-15 14:26:08 | INFO | step=41400 loss=0.0241 lr=1.34e-04 elapsed=16914s
2026-09-15 14:26:35 | INFO | step=41500 loss=0.0103 lr=1.34e-04 elapsed=16941s
2026-09-15 14:27:01 | INFO | step=41600 loss=0.0019 lr=1.33e-04 elapsed=16967s
2026-09-15 14:27:28 | INFO | step=41700 loss=0.0281 lr=1.33e-04 elapsed=16994s
2026-09-15 14:27:54 | INFO | step=41800 loss=0.0075 lr=1.33e-04 elapsed=17021s
2026-09-15 14:28:21 | INFO | step=41900 loss=0.0039 lr=1.32e-04 elapsed=17047s
2026-09-15 14:28:48 | INFO | step=42000 loss=0.0009 lr=1.32e-04 elapsed=17074s
2026-09-15 14:29:12 | INFO | [eval] step=42000 dev_loss=2.0805
2026-09-15 14:30:30 | INFO |   EM on dev subset (200 samples): 2.50%
2026-09-15 14:30:56 | INFO | step=42100 loss=0.0255 lr=1.32e-04 elapsed=17202s
2026-09-15 14:31:23 | INFO | step=42200 loss=0.0032 lr=1.32e-04 elapsed=17229s
2026-09-15 14:31:49 | INFO | step=42300 loss=0.0019 lr=1.31e-04 elapsed=17255s
2026-09-15 14:32:16 | INFO | step=42400 loss=0.0019 lr=1.31e-04 elapsed=17282s
2026-09-15 14:32:43 | INFO | step=42500 loss=0.0305 lr=1.31e-04 elapsed=17309s
2026-09-15 14:33:09 | INFO | step=42600 loss=0.0035 lr=1.30e-04 elapsed=17335s
2026-09-15 14:33:36 | INFO | step=42700 loss=0.0179 lr=1.30e-04 elapsed=17362s
2026-09-15 14:34:02 | INFO | step=42800 loss=0.0069 lr=1.30e-04 elapsed=17388s
2026-09-15 14:34:29 | INFO | step=42900 loss=0.0186 lr=1.29e-04 elapsed=17415s
2026-09-15 14:34:55 | INFO | step=43000 loss=0.0054 lr=1.29e-04 elapsed=17442s
2026-09-15 14:35:20 | INFO | [eval] step=43000 dev_loss=2.0816
2026-09-15 14:36:37 | INFO |   EM on dev subset (200 samples): 3.50%
2026-09-15 14:37:03 | INFO | step=43100 loss=0.0014 lr=1.29e-04 elapsed=17569s
2026-09-15 14:37:30 | INFO | step=43200 loss=0.0041 lr=1.28e-04 elapsed=17596s
2026-09-15 14:37:56 | INFO | step=43300 loss=0.1725 lr=1.28e-04 elapsed=17623s
2026-09-15 14:38:23 | INFO | step=43400 loss=0.0762 lr=1.28e-04 elapsed=17649s
2026-09-15 14:38:50 | INFO | step=43500 loss=0.0193 lr=1.27e-04 elapsed=17676s
2026-09-15 14:39:16 | INFO | step=43600 loss=0.0025 lr=1.27e-04 elapsed=17702s
2026-09-15 14:39:43 | INFO | step=43700 loss=0.0064 lr=1.27e-04 elapsed=17729s
2026-09-15 14:40:09 | INFO | step=43800 loss=0.0003 lr=1.27e-04 elapsed=17755s
2026-09-15 14:40:36 | INFO | step=43900 loss=0.0017 lr=1.26e-04 elapsed=17782s
2026-09-15 14:41:02 | INFO | step=44000 loss=0.0019 lr=1.26e-04 elapsed=17808s
2026-09-15 14:41:27 | INFO | [eval] step=44000 dev_loss=2.0820
2026-09-15 14:42:51 | INFO |   EM on dev subset (200 samples): 3.00%
2026-09-15 14:43:17 | INFO | step=44100 loss=0.0113 lr=1.26e-04 elapsed=17943s
2026-09-15 14:43:44 | INFO | step=44200 loss=0.0201 lr=1.25e-04 elapsed=17970s
2026-09-15 14:44:11 | INFO | step=44300 loss=0.0075 lr=1.25e-04 elapsed=17997s
2026-09-15 14:44:37 | INFO | step=44400 loss=0.0010 lr=1.25e-04 elapsed=18024s
2026-09-15 14:45:04 | INFO | step=44500 loss=0.0182 lr=1.24e-04 elapsed=18050s
2026-09-15 14:45:31 | INFO | step=44600 loss=0.0033 lr=1.24e-04 elapsed=18077s
2026-09-15 14:45:58 | INFO | step=44700 loss=0.0018 lr=1.24e-04 elapsed=18104s
2026-09-15 14:46:26 | INFO | step=44800 loss=0.0067 lr=1.23e-04 elapsed=18132s
2026-09-15 14:46:52 | INFO | step=44900 loss=0.0008 lr=1.23e-04 elapsed=18158s
2026-09-15 14:47:19 | INFO | step=45000 loss=0.0056 lr=1.23e-04 elapsed=18185s
2026-09-15 14:47:43 | INFO | [eval] step=45000 dev_loss=2.0806
2026-09-15 14:49:02 | INFO |   EM on dev subset (200 samples): 3.00%
2026-09-15 14:49:29 | INFO | step=45100 loss=0.0373 lr=1.22e-04 elapsed=18315s
2026-09-15 14:49:56 | INFO | step=45200 loss=0.0041 lr=1.22e-04 elapsed=18342s
2026-09-15 14:50:23 | INFO | step=45300 loss=0.0020 lr=1.22e-04 elapsed=18369s
2026-09-15 14:50:49 | INFO | step=45400 loss=0.0010 lr=1.21e-04 elapsed=18395s
2026-09-15 14:51:16 | INFO | step=45500 loss=0.0053 lr=1.21e-04 elapsed=18422s
2026-09-15 14:51:43 | INFO | step=45600 loss=0.0682 lr=1.21e-04 elapsed=18449s
2026-09-15 14:52:10 | INFO | step=45700 loss=0.0051 lr=1.20e-04 elapsed=18476s
2026-09-15 14:52:37 | INFO | step=45800 loss=0.0064 lr=1.20e-04 elapsed=18503s
2026-09-15 14:53:03 | INFO | step=45900 loss=0.0033 lr=1.20e-04 elapsed=18529s
2026-09-15 14:53:30 | INFO | step=46000 loss=0.0020 lr=1.20e-04 elapsed=18556s
2026-09-15 14:53:54 | INFO | [eval] step=46000 dev_loss=2.0794
2026-09-15 14:55:43 | INFO |   EM on dev subset (200 samples): 3.50%
2026-09-15 14:56:10 | INFO | step=46100 loss=0.0028 lr=1.19e-04 elapsed=18717s
2026-09-15 14:56:38 | INFO | step=46200 loss=0.0440 lr=1.19e-04 elapsed=18744s
2026-09-15 14:57:06 | INFO | step=46300 loss=0.0087 lr=1.19e-04 elapsed=18772s
2026-09-15 14:57:34 | INFO | step=46400 loss=0.0078 lr=1.18e-04 elapsed=18800s
2026-09-15 14:58:02 | INFO | step=46500 loss=0.0008 lr=1.18e-04 elapsed=18828s
2026-09-15 14:58:30 | INFO | step=46600 loss=0.0045 lr=1.18e-04 elapsed=18856s
2026-09-15 14:58:58 | INFO | step=46700 loss=0.0252 lr=1.17e-04 elapsed=18884s
2026-09-15 14:59:26 | INFO | step=46800 loss=0.0058 lr=1.17e-04 elapsed=18912s
2026-09-15 14:59:54 | INFO | step=46900 loss=0.0042 lr=1.17e-04 elapsed=18940s
2026-09-15 15:00:22 | INFO | step=47000 loss=0.0108 lr=1.16e-04 elapsed=18968s
2026-09-15 15:00:46 | INFO | [eval] step=47000 dev_loss=2.0808
2026-09-15 15:02:03 | INFO |   EM on dev subset (200 samples): 4.00%
2026-09-15 15:02:26 | INFO |   -> New best model saved (dev_loss=2.0808)
2026-09-15 15:02:54 | INFO | step=47100 loss=0.0616 lr=1.16e-04 elapsed=19120s
2026-09-15 15:03:22 | INFO | step=47200 loss=0.0220 lr=1.16e-04 elapsed=19148s
2026-09-15 15:03:50 | INFO | step=47300 loss=0.0333 lr=1.15e-04 elapsed=19176s
2026-09-15 15:04:17 | INFO | step=47400 loss=0.0026 lr=1.15e-04 elapsed=19203s
2026-09-15 15:04:45 | INFO | step=47500 loss=0.0035 lr=1.15e-04 elapsed=19231s
2026-09-15 15:05:13 | INFO | step=47600 loss=0.1000 lr=1.14e-04 elapsed=19259s
2026-09-15 15:05:41 | INFO | step=47700 loss=0.0221 lr=1.14e-04 elapsed=19287s
2026-09-15 15:06:09 | INFO | step=47800 loss=0.0610 lr=1.14e-04 elapsed=19315s
2026-09-15 15:06:37 | INFO | step=47900 loss=0.0347 lr=1.13e-04 elapsed=19343s
2026-09-15 15:07:04 | INFO | step=48000 loss=0.0026 lr=1.13e-04 elapsed=19371s
2026-09-15 15:07:28 | INFO | [eval] step=48000 dev_loss=2.0791
2026-09-15 15:17:22 | INFO |   EM on dev subset (200 samples): 3.50%
2026-09-15 15:21:01 | INFO | step=48100 loss=0.0094 lr=1.13e-04 elapsed=20207s
2026-09-15 15:22:27 | INFO | step=48200 loss=0.0018 lr=1.12e-04 elapsed=20293s
2026-09-15 15:26:05 | INFO | step=48300 loss=0.0002 lr=1.12e-04 elapsed=20511s
2026-09-15 15:26:32 | INFO | step=48400 loss=0.0004 lr=1.12e-04 elapsed=20538s
2026-09-15 15:34:06 | INFO | step=48500 loss=0.0207 lr=1.11e-04 elapsed=20992s
2026-09-15 15:42:06 | INFO | step=48600 loss=0.0424 lr=1.11e-04 elapsed=21472s
2026-09-15 15:49:36 | INFO | step=48700 loss=0.0402 lr=1.11e-04 elapsed=21922s
2026-09-15 15:53:04 | INFO | step=48800 loss=0.0161 lr=1.10e-04 elapsed=22130s
2026-09-15 15:55:40 | INFO | step=48900 loss=0.0447 lr=1.10e-04 elapsed=22286s
2026-09-15 15:59:36 | INFO | step=49000 loss=0.0516 lr=1.10e-04 elapsed=22522s
2026-09-15 16:01:14 | INFO | [eval] step=49000 dev_loss=2.0810
2026-09-15 16:06:28 | INFO |   EM on dev subset (200 samples): 4.50%
2026-09-15 16:07:00 | INFO |   -> New best model saved (dev_loss=2.0810)
2026-09-15 16:11:06 | INFO | step=49100 loss=0.0309 lr=1.09e-04 elapsed=23212s
2026-09-15 16:16:51 | INFO | step=49200 loss=0.0016 lr=1.09e-04 elapsed=23558s
2026-09-15 16:17:32 | INFO | step=49300 loss=0.0055 lr=1.09e-04 elapsed=23598s
2026-09-15 16:21:40 | INFO | step=49400 loss=0.0134 lr=1.08e-04 elapsed=23846s
2026-09-15 16:27:19 | INFO | step=49500 loss=0.0764 lr=1.08e-04 elapsed=24185s
2026-09-15 16:34:58 | INFO | step=49600 loss=0.0004 lr=1.08e-04 elapsed=24644s
2026-09-15 16:42:14 | INFO | step=49700 loss=0.0016 lr=1.08e-04 elapsed=25080s
2026-09-15 16:49:05 | INFO | step=49800 loss=0.1126 lr=1.07e-04 elapsed=25491s
2026-09-15 16:52:52 | INFO | step=49900 loss=0.0229 lr=1.07e-04 elapsed=25718s
2026-09-15 16:57:25 | INFO | step=50000 loss=0.0091 lr=1.07e-04 elapsed=25991s
2026-09-15 17:01:07 | INFO | [eval] step=50000 dev_loss=2.0794
2026-09-15 17:08:36 | INFO |   EM on dev subset (200 samples): 2.50%
2026-09-15 17:09:26 | INFO | step=50100 loss=0.1003 lr=1.06e-04 elapsed=26712s
2026-09-15 17:09:53 | INFO | step=50200 loss=0.0009 lr=1.06e-04 elapsed=26739s
2026-09-15 17:10:21 | INFO | step=50300 loss=0.0126 lr=1.06e-04 elapsed=26767s
2026-09-15 17:10:49 | INFO | step=50400 loss=0.0010 lr=1.05e-04 elapsed=26795s
2026-09-15 17:11:16 | INFO | step=50500 loss=0.0005 lr=1.05e-04 elapsed=26822s
2026-09-15 17:11:44 | INFO | step=50600 loss=0.0005 lr=1.05e-04 elapsed=26850s
2026-09-15 17:12:12 | INFO | step=50700 loss=0.0006 lr=1.04e-04 elapsed=26878s
2026-09-15 17:12:39 | INFO | step=50800 loss=0.0007 lr=1.04e-04 elapsed=26905s
2026-09-15 17:13:07 | INFO | step=50900 loss=0.0005 lr=1.04e-04 elapsed=26933s
2026-09-15 17:13:34 | INFO | step=51000 loss=0.0017 lr=1.03e-04 elapsed=26960s
2026-09-15 17:13:59 | INFO | [eval] step=51000 dev_loss=2.0785
2026-09-15 17:15:51 | INFO |   EM on dev subset (200 samples): 4.00%
2026-09-15 17:16:18 | INFO | step=51100 loss=0.0084 lr=1.03e-04 elapsed=27125s
2026-09-15 17:16:46 | INFO | step=51200 loss=0.0015 lr=1.03e-04 elapsed=27152s
2026-09-15 17:17:14 | INFO | step=51300 loss=0.0036 lr=1.02e-04 elapsed=27180s
2026-09-15 17:17:42 | INFO | step=51400 loss=0.0176 lr=1.02e-04 elapsed=27208s
2026-09-15 17:18:10 | INFO | step=51500 loss=0.0086 lr=1.02e-04 elapsed=27236s
2026-09-15 17:18:37 | INFO | step=51600 loss=0.0020 lr=1.01e-04 elapsed=27264s
2026-09-15 17:19:05 | INFO | step=51700 loss=0.0047 lr=1.01e-04 elapsed=27291s
2026-09-15 17:19:33 | INFO | step=51800 loss=0.0034 lr=1.01e-04 elapsed=27319s
2026-09-15 17:20:01 | INFO | step=51900 loss=0.0149 lr=1.00e-04 elapsed=27347s
2026-09-15 17:20:28 | INFO | step=52000 loss=0.0003 lr=1.00e-04 elapsed=27374s
2026-09-15 17:20:52 | INFO | [eval] step=52000 dev_loss=2.0786
2026-09-15 17:22:20 | INFO |   EM on dev subset (200 samples): 5.00%
2026-09-15 17:22:43 | INFO |   -> New best model saved (dev_loss=2.0786)
2026-09-15 17:23:11 | INFO | step=52100 loss=0.0555 lr=9.97e-05 elapsed=27537s
2026-09-15 17:23:39 | INFO | step=52200 loss=0.0055 lr=9.93e-05 elapsed=27565s
2026-09-15 17:24:06 | INFO | step=52300 loss=0.0001 lr=9.90e-05 elapsed=27592s
2026-09-15 17:24:34 | INFO | step=52400 loss=0.0010 lr=9.87e-05 elapsed=27620s
2026-09-15 17:25:02 | INFO | step=52500 loss=0.0008 lr=9.84e-05 elapsed=27648s
2026-09-15 17:25:29 | INFO | step=52600 loss=0.0129 lr=9.80e-05 elapsed=27675s
2026-09-15 17:25:57 | INFO | step=52700 loss=0.0002 lr=9.77e-05 elapsed=27703s
2026-09-15 17:26:24 | INFO | step=52800 loss=0.0007 lr=9.74e-05 elapsed=27731s
2026-09-15 17:26:52 | INFO | step=52900 loss=0.0060 lr=9.71e-05 elapsed=27758s
2026-09-15 17:27:20 | INFO | step=53000 loss=0.0002 lr=9.67e-05 elapsed=27786s
2026-09-15 17:27:45 | INFO | [eval] step=53000 dev_loss=2.0784
2026-09-15 17:29:04 | INFO |   EM on dev subset (200 samples): 5.00%
2026-09-15 17:29:32 | INFO | step=53100 loss=0.0021 lr=9.64e-05 elapsed=27918s
2026-09-15 17:30:00 | INFO | step=53200 loss=0.0007 lr=9.61e-05 elapsed=27946s
2026-09-15 17:33:05 | INFO | step=53300 loss=0.0008 lr=9.57e-05 elapsed=28131s
2026-09-15 17:35:10 | INFO | step=53400 loss=0.0993 lr=9.54e-05 elapsed=28256s
2026-09-15 17:38:20 | INFO | step=53500 loss=0.0004 lr=9.51e-05 elapsed=28446s
2026-09-15 17:40:11 | INFO | step=53600 loss=0.0001 lr=9.48e-05 elapsed=28557s
2026-09-15 17:44:31 | INFO | step=53700 loss=0.0036 lr=9.44e-05 elapsed=28817s
2026-09-15 17:49:39 | INFO | step=53800 loss=0.0001 lr=9.41e-05 elapsed=29125s
2026-09-15 17:50:05 | INFO | step=53900 loss=0.0010 lr=9.38e-05 elapsed=29152s
2026-09-15 17:50:32 | INFO | step=54000 loss=0.0023 lr=9.35e-05 elapsed=29178s
2026-09-15 17:50:56 | INFO | [eval] step=54000 dev_loss=2.0787
2026-09-15 17:52:15 | INFO |   EM on dev subset (200 samples): 4.50%
2026-09-15 17:52:42 | INFO | step=54100 loss=0.0015 lr=9.31e-05 elapsed=29308s
2026-09-15 17:53:09 | INFO | step=54200 loss=0.0051 lr=9.28e-05 elapsed=29335s
2026-09-15 17:53:35 | INFO | step=54300 loss=0.0021 lr=9.25e-05 elapsed=29362s
2026-09-15 17:54:02 | INFO | step=54400 loss=0.0013 lr=9.22e-05 elapsed=29388s
2026-09-15 17:54:29 | INFO | step=54500 loss=0.0019 lr=9.18e-05 elapsed=29415s
2026-09-15 17:54:56 | INFO | step=54600 loss=0.0033 lr=9.15e-05 elapsed=29442s
2026-09-15 17:55:22 | INFO | step=54700 loss=0.0007 lr=9.12e-05 elapsed=29468s
2026-09-15 17:55:49 | INFO | step=54800 loss=0.0002 lr=9.08e-05 elapsed=29495s
2026-09-15 17:56:16 | INFO | step=54900 loss=0.0036 lr=9.05e-05 elapsed=29522s
2026-09-15 17:56:43 | INFO | step=55000 loss=0.0083 lr=9.02e-05 elapsed=29549s
2026-09-15 17:57:07 | INFO | [eval] step=55000 dev_loss=2.0786
2026-09-15 17:58:27 | INFO |   EM on dev subset (200 samples): 5.00%
2026-09-15 17:58:54 | INFO | step=55100 loss=0.0019 lr=8.99e-05 elapsed=29680s
2026-09-15 17:59:21 | INFO | step=55200 loss=0.0009 lr=8.95e-05 elapsed=29707s
2026-09-15 17:59:48 | INFO | step=55300 loss=0.0073 lr=8.92e-05 elapsed=29734s
2026-09-15 18:00:14 | INFO | step=55400 loss=0.0072 lr=8.89e-05 elapsed=29760s
2026-09-15 18:00:41 | INFO | step=55500 loss=0.0001 lr=8.86e-05 elapsed=29787s
2026-09-15 18:01:08 | INFO | step=55600 loss=0.0002 lr=8.82e-05 elapsed=29814s
2026-09-15 18:01:34 | INFO | step=55700 loss=0.0756 lr=8.79e-05 elapsed=29840s
2026-09-15 18:02:01 | INFO | step=55800 loss=0.0005 lr=8.76e-05 elapsed=29867s
2026-09-15 18:02:28 | INFO | step=55900 loss=0.0008 lr=8.73e-05 elapsed=29894s
2026-09-15 18:02:54 | INFO | step=56000 loss=0.0187 lr=8.69e-05 elapsed=29921s
2026-09-15 18:03:19 | INFO | [eval] step=56000 dev_loss=2.0775
2026-09-15 18:04:44 | INFO |   EM on dev subset (200 samples): 4.00%
2026-09-15 18:05:11 | INFO | step=56100 loss=0.0013 lr=8.66e-05 elapsed=30057s
2026-09-15 18:05:38 | INFO | step=56200 loss=0.0015 lr=8.63e-05 elapsed=30084s
2026-09-15 18:06:04 | INFO | step=56300 loss=0.0024 lr=8.60e-05 elapsed=30110s
2026-09-15 18:06:31 | INFO | step=56400 loss=0.0597 lr=8.57e-05 elapsed=30137s
2026-09-15 18:06:58 | INFO | step=56500 loss=0.0020 lr=8.53e-05 elapsed=30164s
2026-09-15 18:07:25 | INFO | step=56600 loss=0.0002 lr=8.50e-05 elapsed=30191s
2026-09-15 18:07:52 | INFO | step=56700 loss=0.0023 lr=8.47e-05 elapsed=30218s
2026-09-15 18:08:19 | INFO | step=56800 loss=0.0001 lr=8.44e-05 elapsed=30245s
2026-09-15 18:08:45 | INFO | step=56900 loss=0.0072 lr=8.40e-05 elapsed=30271s
2026-09-15 18:09:12 | INFO | step=57000 loss=0.0002 lr=8.37e-05 elapsed=30298s
2026-09-15 18:09:36 | INFO | [eval] step=57000 dev_loss=2.0767
2026-09-15 18:10:57 | INFO |   EM on dev subset (200 samples): 5.00%
2026-09-15 18:11:24 | INFO | step=57100 loss=0.0001 lr=8.34e-05 elapsed=30430s
2026-09-15 18:11:51 | INFO | step=57200 loss=0.0004 lr=8.31e-05 elapsed=30457s
2026-09-15 18:12:18 | INFO | step=57300 loss=0.0012 lr=8.27e-05 elapsed=30484s
2026-09-15 18:12:45 | INFO | step=57400 loss=0.0028 lr=8.24e-05 elapsed=30511s
2026-09-15 18:13:12 | INFO | step=57500 loss=0.0876 lr=8.21e-05 elapsed=30538s
2026-09-15 18:13:39 | INFO | step=57600 loss=0.0339 lr=8.18e-05 elapsed=30565s
2026-09-15 18:14:06 | INFO | step=57700 loss=0.0099 lr=8.15e-05 elapsed=30592s
2026-09-15 18:14:33 | INFO | step=57800 loss=0.0001 lr=8.11e-05 elapsed=30619s
2026-09-15 18:15:00 | INFO | step=57900 loss=0.0023 lr=8.08e-05 elapsed=30646s
2026-09-15 18:15:27 | INFO | step=58000 loss=0.0039 lr=8.05e-05 elapsed=30673s
2026-09-15 18:15:51 | INFO | [eval] step=58000 dev_loss=2.0761
2026-09-15 18:17:25 | INFO |   EM on dev subset (200 samples): 5.00%
2026-09-15 18:17:52 | INFO | step=58100 loss=0.0011 lr=8.02e-05 elapsed=30818s
2026-09-15 18:18:19 | INFO | step=58200 loss=0.0002 lr=7.98e-05 elapsed=30845s
2026-09-15 18:18:46 | INFO | step=58300 loss=0.0104 lr=7.95e-05 elapsed=30872s
2026-09-15 18:19:13 | INFO | step=58400 loss=0.0028 lr=7.92e-05 elapsed=30899s
2026-09-15 18:19:40 | INFO | step=58500 loss=0.0001 lr=7.89e-05 elapsed=30926s
2026-09-15 18:20:07 | INFO | step=58600 loss=0.0001 lr=7.86e-05 elapsed=30953s
2026-09-15 18:20:34 | INFO | step=58700 loss=0.0005 lr=7.82e-05 elapsed=30980s
2026-09-15 18:21:01 | INFO | step=58800 loss=0.0007 lr=7.79e-05 elapsed=31007s
2026-09-15 18:21:28 | INFO | step=58900 loss=0.0005 lr=7.76e-05 elapsed=31034s
2026-09-15 18:21:55 | INFO | step=59000 loss=0.0003 lr=7.73e-05 elapsed=31061s
2026-09-15 18:22:19 | INFO | [eval] step=59000 dev_loss=2.0767
2026-09-15 18:23:41 | INFO |   EM on dev subset (200 samples): 5.00%
2026-09-15 18:24:08 | INFO | step=59100 loss=0.0006 lr=7.70e-05 elapsed=31194s
2026-09-15 18:24:35 | INFO | step=59200 loss=0.0194 lr=7.67e-05 elapsed=31221s
2026-09-15 18:25:02 | INFO | step=59300 loss=0.0005 lr=7.63e-05 elapsed=31248s
2026-09-15 18:25:28 | INFO | step=59400 loss=0.0021 lr=7.60e-05 elapsed=31275s
2026-09-15 18:25:55 | INFO | step=59500 loss=0.0001 lr=7.57e-05 elapsed=31301s
2026-09-15 18:26:22 | INFO | step=59600 loss=0.0011 lr=7.54e-05 elapsed=31328s
2026-09-15 18:26:49 | INFO | step=59700 loss=0.0034 lr=7.51e-05 elapsed=31355s
2026-09-15 18:27:15 | INFO | step=59800 loss=0.0010 lr=7.48e-05 elapsed=31381s
2026-09-15 18:27:42 | INFO | step=59900 loss=0.0035 lr=7.44e-05 elapsed=31408s
2026-09-15 18:28:09 | INFO | step=60000 loss=0.0009 lr=7.41e-05 elapsed=31435s
2026-09-15 18:28:33 | INFO | [eval] step=60000 dev_loss=2.0766
2026-09-15 18:29:55 | INFO |   EM on dev subset (200 samples): 5.50%
2026-09-15 18:30:17 | INFO |   -> New best model saved (dev_loss=2.0766)
2026-09-15 18:31:07 | INFO | step=60100 loss=0.0003 lr=7.38e-05 elapsed=31613s
2026-09-15 18:31:33 | INFO | step=60200 loss=0.0001 lr=7.35e-05 elapsed=31640s
2026-09-15 18:32:00 | INFO | step=60300 loss=0.0043 lr=7.32e-05 elapsed=31666s
2026-09-15 18:32:27 | INFO | step=60400 loss=0.0001 lr=7.29e-05 elapsed=31693s
2026-09-15 18:32:54 | INFO | step=60500 loss=0.0020 lr=7.25e-05 elapsed=31720s
2026-09-15 18:33:21 | INFO | step=60600 loss=0.0006 lr=7.22e-05 elapsed=31747s
2026-09-15 18:33:47 | INFO | step=60700 loss=0.0612 lr=7.19e-05 elapsed=31773s
2026-09-15 18:34:14 | INFO | step=60800 loss=0.0002 lr=7.16e-05 elapsed=31800s
2026-09-15 18:34:41 | INFO | step=60900 loss=0.0003 lr=7.13e-05 elapsed=31827s
2026-09-15 18:35:07 | INFO | step=61000 loss=0.0003 lr=7.10e-05 elapsed=31853s
2026-09-15 18:35:32 | INFO | [eval] step=61000 dev_loss=2.0765
2026-09-15 18:37:12 | INFO |   EM on dev subset (200 samples): 5.00%
2026-09-15 18:37:38 | INFO | step=61100 loss=0.0003 lr=7.07e-05 elapsed=32005s
2026-09-15 18:38:05 | INFO | step=61200 loss=0.0041 lr=7.03e-05 elapsed=32031s
2026-09-15 18:38:32 | INFO | step=61300 loss=0.0002 lr=7.00e-05 elapsed=32058s
2026-09-15 18:38:59 | INFO | step=61400 loss=0.0121 lr=6.97e-05 elapsed=32085s
2026-09-15 18:39:26 | INFO | step=61500 loss=0.0001 lr=6.94e-05 elapsed=32112s
2026-09-15 18:39:53 | INFO | step=61600 loss=0.0002 lr=6.91e-05 elapsed=32139s
2026-09-15 18:40:19 | INFO | step=61700 loss=0.0055 lr=6.88e-05 elapsed=32165s
2026-09-15 18:40:46 | INFO | step=61800 loss=0.0686 lr=6.85e-05 elapsed=32192s
2026-09-15 18:41:13 | INFO | step=61900 loss=0.0023 lr=6.82e-05 elapsed=32219s
2026-09-15 18:41:39 | INFO | step=62000 loss=0.0004 lr=6.79e-05 elapsed=32246s
2026-09-15 18:42:04 | INFO | [eval] step=62000 dev_loss=2.0761
2026-09-15 18:43:41 | INFO |   EM on dev subset (200 samples): 5.00%
2026-09-15 18:44:08 | INFO | step=62100 loss=0.0002 lr=6.75e-05 elapsed=32394s
2026-09-15 18:44:35 | INFO | step=62200 loss=0.0032 lr=6.72e-05 elapsed=32421s
2026-09-15 18:45:02 | INFO | step=62300 loss=0.0002 lr=6.69e-05 elapsed=32448s
2026-09-15 18:45:29 | INFO | step=62400 loss=0.0025 lr=6.66e-05 elapsed=32475s
2026-09-15 18:45:55 | INFO | step=62500 loss=0.0003 lr=6.63e-05 elapsed=32501s
2026-09-15 18:46:22 | INFO | step=62600 loss=0.0002 lr=6.60e-05 elapsed=32528s
2026-09-15 18:46:50 | INFO | step=62700 loss=0.0004 lr=6.57e-05 elapsed=32556s
2026-09-15 18:47:18 | INFO | step=62800 loss=0.0016 lr=6.54e-05 elapsed=32584s
2026-09-15 18:47:46 | INFO | step=62900 loss=0.0001 lr=6.51e-05 elapsed=32612s
2026-09-15 18:48:14 | INFO | step=63000 loss=0.0008 lr=6.48e-05 elapsed=32640s
2026-09-15 18:48:38 | INFO | [eval] step=63000 dev_loss=2.0761
2026-09-15 18:50:01 | INFO |   EM on dev subset (200 samples): 5.00%
2026-09-15 18:50:29 | INFO | step=63100 loss=0.0288 lr=6.45e-05 elapsed=32775s
2026-09-15 18:50:57 | INFO | step=63200 loss=0.0007 lr=6.42e-05 elapsed=32803s
2026-09-15 18:51:25 | INFO | step=63300 loss=0.0011 lr=6.39e-05 elapsed=32831s
2026-09-15 18:51:53 | INFO | step=63400 loss=0.0089 lr=6.36e-05 elapsed=32859s
2026-09-15 18:52:21 | INFO | step=63500 loss=0.0012 lr=6.32e-05 elapsed=32887s
2026-09-15 18:52:49 | INFO | step=63600 loss=0.0015 lr=6.29e-05 elapsed=32915s
2026-09-15 18:53:17 | INFO | step=63700 loss=0.0143 lr=6.26e-05 elapsed=32943s
2026-09-15 18:53:45 | INFO | step=63800 loss=0.0178 lr=6.23e-05 elapsed=32971s
2026-09-15 18:54:14 | INFO | step=63900 loss=0.0195 lr=6.20e-05 elapsed=33000s
2026-09-15 18:54:41 | INFO | step=64000 loss=0.0010 lr=6.17e-05 elapsed=33028s
2026-09-15 18:55:06 | INFO | [eval] step=64000 dev_loss=2.0757
2026-09-15 18:56:29 | INFO |   EM on dev subset (200 samples): 4.50%
2026-09-15 18:56:56 | INFO | step=64100 loss=0.0526 lr=6.14e-05 elapsed=33162s
2026-09-15 18:57:24 | INFO | step=64200 loss=0.0029 lr=6.11e-05 elapsed=33190s
2026-09-15 18:57:51 | INFO | step=64300 loss=0.0006 lr=6.08e-05 elapsed=33217s
2026-09-15 18:58:19 | INFO | step=64400 loss=0.0133 lr=6.05e-05 elapsed=33245s
2026-09-15 18:58:47 | INFO | step=64500 loss=0.0034 lr=6.02e-05 elapsed=33273s
2026-09-15 18:59:15 | INFO | step=64600 loss=0.0002 lr=5.99e-05 elapsed=33301s
2026-09-15 18:59:43 | INFO | step=64700 loss=0.0015 lr=5.96e-05 elapsed=33329s
2026-09-15 19:00:11 | INFO | step=64800 loss=0.0011 lr=5.93e-05 elapsed=33357s
2026-09-15 19:00:39 | INFO | step=64900 loss=0.0064 lr=5.90e-05 elapsed=33385s
2026-09-15 19:01:07 | INFO | step=65000 loss=0.0006 lr=5.87e-05 elapsed=33413s
2026-09-15 19:01:31 | INFO | [eval] step=65000 dev_loss=2.0759
2026-09-15 19:02:52 | INFO |   EM on dev subset (200 samples): 5.00%
2026-09-15 19:03:20 | INFO | step=65100 loss=0.0196 lr=5.84e-05 elapsed=33547s
2026-09-15 19:03:49 | INFO | step=65200 loss=0.0004 lr=5.81e-05 elapsed=33575s
2026-09-15 19:04:17 | INFO | step=65300 loss=0.0002 lr=5.78e-05 elapsed=33603s
2026-09-15 19:04:45 | INFO | step=65400 loss=0.0004 lr=5.75e-05 elapsed=33631s
2026-09-15 19:05:13 | INFO | step=65500 loss=0.0011 lr=5.72e-05 elapsed=33659s
2026-09-15 19:05:41 | INFO | step=65600 loss=0.0013 lr=5.69e-05 elapsed=33687s
2026-09-15 19:06:09 | INFO | step=65700 loss=0.0005 lr=5.67e-05 elapsed=33715s
2026-09-15 19:06:36 | INFO | step=65800 loss=0.0002 lr=5.64e-05 elapsed=33742s
2026-09-15 19:07:04 | INFO | step=65900 loss=0.0001 lr=5.61e-05 elapsed=33770s
2026-09-15 19:07:31 | INFO | step=66000 loss=0.0002 lr=5.58e-05 elapsed=33797s
2026-09-15 19:07:55 | INFO | [eval] step=66000 dev_loss=2.0756
2026-09-15 19:09:16 | INFO |   EM on dev subset (200 samples): 4.50%
2026-09-15 19:09:44 | INFO | step=66100 loss=0.0005 lr=5.55e-05 elapsed=33930s
2026-09-15 19:10:11 | INFO | step=66200 loss=0.0300 lr=5.52e-05 elapsed=33957s
2026-09-15 19:10:38 | INFO | step=66300 loss=0.0030 lr=5.49e-05 elapsed=33984s
2026-09-15 19:11:05 | INFO | step=66400 loss=0.0001 lr=5.46e-05 elapsed=34011s
2026-09-15 19:11:33 | INFO | step=66500 loss=0.0168 lr=5.43e-05 elapsed=34039s
2026-09-15 19:12:01 | INFO | step=66600 loss=0.0001 lr=5.40e-05 elapsed=34067s
2026-09-15 19:12:29 | INFO | step=66700 loss=0.0059 lr=5.37e-05 elapsed=34095s
2026-09-15 19:12:57 | INFO | step=66800 loss=0.0000 lr=5.34e-05 elapsed=34123s
2026-09-15 19:13:25 | INFO | step=66900 loss=0.0287 lr=5.31e-05 elapsed=34151s
2026-09-15 19:13:53 | INFO | step=67000 loss=0.0001 lr=5.29e-05 elapsed=34179s
2026-09-15 19:14:17 | INFO | [eval] step=67000 dev_loss=2.0756
2026-09-15 19:15:36 | INFO |   EM on dev subset (200 samples): 5.50%
2026-09-15 19:16:04 | INFO | step=67100 loss=0.0002 lr=5.26e-05 elapsed=34310s
2026-09-15 19:16:32 | INFO | step=67200 loss=0.0915 lr=5.23e-05 elapsed=34338s
2026-09-15 19:17:00 | INFO | step=67300 loss=0.0055 lr=5.20e-05 elapsed=34367s
2026-09-15 19:17:29 | INFO | step=67400 loss=0.0000 lr=5.17e-05 elapsed=34395s
2026-09-15 19:17:57 | INFO | step=67500 loss=0.0001 lr=5.14e-05 elapsed=34423s
2026-09-15 19:18:25 | INFO | step=67600 loss=0.0007 lr=5.11e-05 elapsed=34451s
2026-09-15 19:18:53 | INFO | step=67700 loss=0.0019 lr=5.09e-05 elapsed=34479s
2026-09-15 19:19:21 | INFO | step=67800 loss=0.0019 lr=5.06e-05 elapsed=34507s
2026-09-15 19:19:48 | INFO | step=67900 loss=0.0001 lr=5.03e-05 elapsed=34534s
2026-09-15 19:20:16 | INFO | step=68000 loss=0.0010 lr=5.00e-05 elapsed=34562s
2026-09-15 19:20:40 | INFO | [eval] step=68000 dev_loss=2.0754
2026-09-15 19:22:02 | INFO |   EM on dev subset (200 samples): 5.50%
2026-09-15 19:22:30 | INFO | step=68100 loss=0.0649 lr=4.97e-05 elapsed=34696s
2026-09-15 19:22:57 | INFO | step=68200 loss=0.0002 lr=4.94e-05 elapsed=34724s
2026-09-15 19:23:25 | INFO | step=68300 loss=0.0146 lr=4.92e-05 elapsed=34752s
2026-09-15 19:23:54 | INFO | step=68400 loss=0.0001 lr=4.89e-05 elapsed=34780s
2026-09-15 19:24:22 | INFO | step=68500 loss=0.0001 lr=4.86e-05 elapsed=34808s
2026-09-15 19:24:50 | INFO | step=68600 loss=0.0006 lr=4.83e-05 elapsed=34836s
2026-09-15 19:25:18 | INFO | step=68700 loss=0.0001 lr=4.80e-05 elapsed=34864s
2026-09-15 19:25:46 | INFO | step=68800 loss=0.0110 lr=4.78e-05 elapsed=34892s
2026-09-15 19:26:14 | INFO | step=68900 loss=0.0004 lr=4.75e-05 elapsed=34920s
2026-09-15 19:26:42 | INFO | step=69000 loss=0.0194 lr=4.72e-05 elapsed=34948s
2026-09-15 19:27:06 | INFO | [eval] step=69000 dev_loss=2.0751
2026-09-15 19:28:29 | INFO |   EM on dev subset (200 samples): 6.00%
2026-09-15 19:28:52 | INFO |   -> New best model saved (dev_loss=2.0751)
2026-09-15 19:29:20 | INFO | step=69100 loss=0.0011 lr=4.69e-05 elapsed=35107s
2026-09-15 19:29:48 | INFO | step=69200 loss=0.0003 lr=4.66e-05 elapsed=35135s
2026-09-15 19:30:16 | INFO | step=69300 loss=0.0000 lr=4.64e-05 elapsed=35163s
2026-09-15 19:30:44 | INFO | step=69400 loss=0.0000 lr=4.61e-05 elapsed=35191s
2026-09-15 19:31:12 | INFO | step=69500 loss=0.0000 lr=4.58e-05 elapsed=35218s
2026-09-15 19:31:39 | INFO | step=69600 loss=0.0000 lr=4.55e-05 elapsed=35246s
2026-09-15 19:32:07 | INFO | step=69700 loss=0.0025 lr=4.53e-05 elapsed=35273s
2026-09-15 19:32:34 | INFO | step=69800 loss=0.0033 lr=4.50e-05 elapsed=35300s
2026-09-15 19:33:02 | INFO | step=69900 loss=0.0121 lr=4.47e-05 elapsed=35328s
2026-09-15 19:33:29 | INFO | step=70000 loss=0.0001 lr=4.44e-05 elapsed=35355s
2026-09-15 19:33:54 | INFO | [eval] step=70000 dev_loss=2.0751
2026-09-15 19:35:15 | INFO |   EM on dev subset (200 samples): 6.00%
2026-09-15 19:36:06 | INFO | step=70100 loss=0.0007 lr=4.42e-05 elapsed=35512s
2026-09-15 19:36:34 | INFO | step=70200 loss=0.0003 lr=4.39e-05 elapsed=35540s
2026-09-15 19:37:02 | INFO | step=70300 loss=0.0003 lr=4.36e-05 elapsed=35568s
2026-09-15 19:37:30 | INFO | step=70400 loss=0.0001 lr=4.34e-05 elapsed=35596s
2026-09-15 19:37:58 | INFO | step=70500 loss=0.0171 lr=4.31e-05 elapsed=35624s
2026-09-15 19:38:26 | INFO | step=70600 loss=0.0300 lr=4.28e-05 elapsed=35652s
2026-09-15 19:38:54 | INFO | step=70700 loss=0.0000 lr=4.26e-05 elapsed=35680s
2026-09-15 19:39:22 | INFO | step=70800 loss=0.0000 lr=4.23e-05 elapsed=35708s
2026-09-15 19:39:50 | INFO | step=70900 loss=0.0002 lr=4.20e-05 elapsed=35736s
2026-09-15 19:40:18 | INFO | step=71000 loss=0.0020 lr=4.18e-05 elapsed=35764s
2026-09-15 19:40:42 | INFO | [eval] step=71000 dev_loss=2.0752
2026-09-15 19:42:12 | INFO |   EM on dev subset (200 samples): 6.00%
2026-09-15 19:42:39 | INFO | step=71100 loss=0.0001 lr=4.15e-05 elapsed=35905s
2026-09-15 19:43:07 | INFO | step=71200 loss=0.0002 lr=4.12e-05 elapsed=35933s
2026-09-15 19:43:35 | INFO | step=71300 loss=0.0234 lr=4.10e-05 elapsed=35961s
2026-09-15 19:44:03 | INFO | step=71400 loss=0.0010 lr=4.07e-05 elapsed=35989s
2026-09-15 19:44:31 | INFO | step=71500 loss=0.0001 lr=4.04e-05 elapsed=36017s
2026-09-15 19:44:59 | INFO | step=71600 loss=0.0001 lr=4.02e-05 elapsed=36045s
2026-09-15 19:45:27 | INFO | step=71700 loss=0.0005 lr=3.99e-05 elapsed=36073s
2026-09-15 19:45:55 | INFO | step=71800 loss=0.0001 lr=3.96e-05 elapsed=36101s
2026-09-15 19:46:23 | INFO | step=71900 loss=0.0004 lr=3.94e-05 elapsed=36129s
2026-09-15 19:46:51 | INFO | step=72000 loss=0.0002 lr=3.91e-05 elapsed=36157s
2026-09-15 19:47:15 | INFO | [eval] step=72000 dev_loss=2.0744
2026-09-15 19:49:09 | INFO |   EM on dev subset (200 samples): 5.50%
2026-09-15 19:49:37 | INFO | step=72100 loss=0.0036 lr=3.89e-05 elapsed=36324s
2026-09-15 19:50:06 | INFO | step=72200 loss=0.0284 lr=3.86e-05 elapsed=36352s
2026-09-15 19:50:34 | INFO | step=72300 loss=0.0002 lr=3.83e-05 elapsed=36380s
2026-09-15 19:51:02 | INFO | step=72400 loss=0.0002 lr=3.81e-05 elapsed=36408s
2026-09-15 19:51:29 | INFO | step=72500 loss=0.0003 lr=3.78e-05 elapsed=36435s
2026-09-15 19:51:57 | INFO | step=72600 loss=0.0067 lr=3.76e-05 elapsed=36463s
2026-09-15 19:52:24 | INFO | step=72700 loss=0.0049 lr=3.73e-05 elapsed=36490s
2026-09-15 19:52:52 | INFO | step=72800 loss=0.0151 lr=3.71e-05 elapsed=36518s
2026-09-15 19:53:20 | INFO | step=72900 loss=0.0016 lr=3.68e-05 elapsed=36546s
2026-09-15 19:53:48 | INFO | step=73000 loss=0.0000 lr=3.66e-05 elapsed=36574s
2026-09-15 19:54:13 | INFO | [eval] step=73000 dev_loss=2.0749
2026-09-15 19:55:48 | INFO |   EM on dev subset (200 samples): 5.50%
2026-09-15 19:56:16 | INFO | step=73100 loss=0.0002 lr=3.63e-05 elapsed=36722s
2026-09-15 19:56:44 | INFO | step=73200 loss=0.0001 lr=3.61e-05 elapsed=36750s
2026-09-15 19:57:12 | INFO | step=73300 loss=0.0004 lr=3.58e-05 elapsed=36778s
2026-09-15 19:57:40 | INFO | step=73400 loss=0.0001 lr=3.56e-05 elapsed=36806s
2026-09-15 19:58:08 | INFO | step=73500 loss=0.0000 lr=3.53e-05 elapsed=36834s
2026-09-15 19:58:36 | INFO | step=73600 loss=0.0189 lr=3.51e-05 elapsed=36862s
2026-09-15 19:59:04 | INFO | step=73700 loss=0.0001 lr=3.48e-05 elapsed=36890s
2026-09-15 19:59:32 | INFO | step=73800 loss=0.0002 lr=3.46e-05 elapsed=36918s
2026-09-15 20:00:00 | INFO | step=73900 loss=0.0001 lr=3.43e-05 elapsed=36946s
2026-09-15 20:00:28 | INFO | step=74000 loss=0.0000 lr=3.41e-05 elapsed=36974s
2026-09-15 20:00:52 | INFO | [eval] step=74000 dev_loss=2.0746
2026-09-15 20:02:15 | INFO |   EM on dev subset (200 samples): 5.50%
2026-09-15 20:02:43 | INFO | step=74100 loss=0.0009 lr=3.38e-05 elapsed=37109s
2026-09-15 20:03:11 | INFO | step=74200 loss=0.0009 lr=3.36e-05 elapsed=37137s
2026-09-15 20:03:39 | INFO | step=74300 loss=0.0106 lr=3.33e-05 elapsed=37165s
2026-09-15 20:04:07 | INFO | step=74400 loss=0.0001 lr=3.31e-05 elapsed=37193s
2026-09-15 20:04:35 | INFO | step=74500 loss=0.0000 lr=3.28e-05 elapsed=37221s
2026-09-15 20:05:03 | INFO | step=74600 loss=0.0003 lr=3.26e-05 elapsed=37249s
2026-09-15 20:05:31 | INFO | step=74700 loss=0.0104 lr=3.24e-05 elapsed=37277s
2026-09-15 20:05:59 | INFO | step=74800 loss=0.0007 lr=3.21e-05 elapsed=37305s
2026-09-15 20:06:27 | INFO | step=74900 loss=0.0003 lr=3.19e-05 elapsed=37333s
2026-09-15 20:06:55 | INFO | step=75000 loss=0.0006 lr=3.16e-05 elapsed=37361s
2026-09-15 20:07:20 | INFO | [eval] step=75000 dev_loss=2.0745
2026-09-15 20:08:43 | INFO |   EM on dev subset (200 samples): 6.00%
2026-09-15 20:09:11 | INFO | step=75100 loss=0.0046 lr=3.14e-05 elapsed=37497s
2026-09-15 20:09:39 | INFO | step=75200 loss=0.0011 lr=3.12e-05 elapsed=37525s
2026-09-15 20:10:07 | INFO | step=75300 loss=0.0010 lr=3.09e-05 elapsed=37553s
2026-09-15 20:10:34 | INFO | step=75400 loss=0.0000 lr=3.07e-05 elapsed=37580s
2026-09-15 20:11:02 | INFO | step=75500 loss=0.0034 lr=3.05e-05 elapsed=37608s
2026-09-15 20:11:29 | INFO | step=75600 loss=0.0013 lr=3.02e-05 elapsed=37635s
2026-09-15 20:11:57 | INFO | step=75700 loss=0.0001 lr=3.00e-05 elapsed=37663s
2026-09-15 20:12:25 | INFO | step=75800 loss=0.0002 lr=2.98e-05 elapsed=37691s
2026-09-15 20:12:53 | INFO | step=75900 loss=0.0003 lr=2.95e-05 elapsed=37719s
2026-09-15 20:13:21 | INFO | step=76000 loss=0.0101 lr=2.93e-05 elapsed=37747s
2026-09-15 20:13:46 | INFO | [eval] step=76000 dev_loss=2.0742
2026-09-15 20:15:09 | INFO |   EM on dev subset (200 samples): 6.00%
2026-09-15 20:15:37 | INFO | step=76100 loss=0.0000 lr=2.91e-05 elapsed=37883s
2026-09-15 20:16:05 | INFO | step=76200 loss=0.0000 lr=2.88e-05 elapsed=37911s
2026-09-15 20:16:33 | INFO | step=76300 loss=0.0001 lr=2.86e-05 elapsed=37939s
2026-09-15 20:17:01 | INFO | step=76400 loss=0.0005 lr=2.84e-05 elapsed=37967s
2026-09-15 20:17:29 | INFO | step=76500 loss=0.0666 lr=2.81e-05 elapsed=37995s
2026-09-15 20:17:57 | INFO | step=76600 loss=0.0321 lr=2.79e-05 elapsed=38023s
2026-09-15 20:18:25 | INFO | step=76700 loss=0.0001 lr=2.77e-05 elapsed=38051s
2026-09-15 20:18:53 | INFO | step=76800 loss=0.0001 lr=2.75e-05 elapsed=38079s
2026-09-15 20:19:21 | INFO | step=76900 loss=0.0003 lr=2.72e-05 elapsed=38107s
2026-09-15 20:19:48 | INFO | step=77000 loss=0.0000 lr=2.70e-05 elapsed=38134s
2026-09-15 20:20:12 | INFO | [eval] step=77000 dev_loss=2.0746
2026-09-15 20:21:35 | INFO |   EM on dev subset (200 samples): 6.00%
2026-09-15 20:22:03 | INFO | step=77100 loss=0.0000 lr=2.68e-05 elapsed=38269s
2026-09-15 20:22:31 | INFO | step=77200 loss=0.0007 lr=2.66e-05 elapsed=38297s
2026-09-15 20:22:59 | INFO | step=77300 loss=0.0000 lr=2.63e-05 elapsed=38325s
2026-09-15 20:23:27 | INFO | step=77400 loss=0.0001 lr=2.61e-05 elapsed=38353s
2026-09-15 20:23:55 | INFO | step=77500 loss=0.0006 lr=2.59e-05 elapsed=38381s
2026-09-15 20:24:23 | INFO | step=77600 loss=0.0000 lr=2.57e-05 elapsed=38409s
2026-09-15 20:24:51 | INFO | step=77700 loss=0.0266 lr=2.55e-05 elapsed=38437s
2026-09-15 20:25:19 | INFO | step=77800 loss=0.0033 lr=2.52e-05 elapsed=38465s
2026-09-15 20:25:47 | INFO | step=77900 loss=0.0066 lr=2.50e-05 elapsed=38493s
2026-09-15 20:26:15 | INFO | step=78000 loss=0.0302 lr=2.48e-05 elapsed=38521s
2026-09-15 20:26:39 | INFO | [eval] step=78000 dev_loss=2.0745
2026-09-15 20:28:01 | INFO |   EM on dev subset (200 samples): 6.00%
2026-09-15 20:28:29 | INFO | step=78100 loss=0.0002 lr=2.46e-05 elapsed=38655s
2026-09-15 20:28:57 | INFO | step=78200 loss=0.0002 lr=2.44e-05 elapsed=38683s
2026-09-15 20:29:25 | INFO | step=78300 loss=0.0000 lr=2.42e-05 elapsed=38711s
2026-09-15 20:29:52 | INFO | step=78400 loss=0.0045 lr=2.40e-05 elapsed=38738s
2026-09-15 20:30:20 | INFO | step=78500 loss=0.0013 lr=2.37e-05 elapsed=38766s
2026-09-15 20:30:47 | INFO | step=78600 loss=0.0000 lr=2.35e-05 elapsed=38793s
2026-09-15 20:31:15 | INFO | step=78700 loss=0.0033 lr=2.33e-05 elapsed=38821s
2026-09-15 20:31:43 | INFO | step=78800 loss=0.0000 lr=2.31e-05 elapsed=38849s
2026-09-15 20:32:12 | INFO | step=78900 loss=0.0000 lr=2.29e-05 elapsed=38878s
2026-09-15 20:32:39 | INFO | step=79000 loss=0.0616 lr=2.27e-05 elapsed=38906s
2026-09-15 20:33:04 | INFO | [eval] step=79000 dev_loss=2.0742
2026-09-15 20:34:27 | INFO |   EM on dev subset (200 samples): 6.50%
2026-09-15 20:34:50 | INFO |   -> New best model saved (dev_loss=2.0742)
2026-09-15 20:35:18 | INFO | step=79100 loss=0.0001 lr=2.25e-05 elapsed=39064s
2026-09-15 20:35:46 | INFO | step=79200 loss=0.0070 lr=2.23e-05 elapsed=39092s
2026-09-15 20:36:14 | INFO | step=79300 loss=0.0001 lr=2.21e-05 elapsed=39120s
2026-09-15 20:36:42 | INFO | step=79400 loss=0.0088 lr=2.19e-05 elapsed=39148s
2026-09-15 20:37:10 | INFO | step=79500 loss=0.0000 lr=2.17e-05 elapsed=39176s
2026-09-15 20:37:38 | INFO | step=79600 loss=0.0000 lr=2.15e-05 elapsed=39204s
2026-09-15 20:38:06 | INFO | step=79700 loss=0.0001 lr=2.13e-05 elapsed=39232s
2026-09-15 20:38:34 | INFO | step=79800 loss=0.0000 lr=2.11e-05 elapsed=39260s
2026-09-15 20:39:01 | INFO | step=79900 loss=0.0091 lr=2.09e-05 elapsed=39287s
2026-09-15 20:39:29 | INFO | step=80000 loss=0.0004 lr=2.07e-05 elapsed=39315s
2026-09-15 20:39:53 | INFO | [eval] step=80000 dev_loss=2.0742
2026-09-15 20:41:16 | INFO |   EM on dev subset (200 samples): 5.50%
2026-09-15 20:42:06 | INFO | step=80100 loss=0.0031 lr=2.05e-05 elapsed=39473s
2026-09-15 20:42:34 | INFO | step=80200 loss=0.0009 lr=2.03e-05 elapsed=39500s
2026-09-15 20:43:02 | INFO | step=80300 loss=0.0001 lr=2.01e-05 elapsed=39528s
2026-09-15 20:43:30 | INFO | step=80400 loss=0.0095 lr=1.99e-05 elapsed=39556s
2026-09-15 20:43:58 | INFO | step=80500 loss=0.0040 lr=1.97e-05 elapsed=39584s
2026-09-15 20:44:26 | INFO | step=80600 loss=0.0156 lr=1.95e-05 elapsed=39612s
2026-09-15 20:44:54 | INFO | step=80700 loss=0.0177 lr=1.93e-05 elapsed=39640s
2026-09-15 20:45:22 | INFO | step=80800 loss=0.0000 lr=1.91e-05 elapsed=39668s
2026-09-15 20:45:50 | INFO | step=80900 loss=0.0003 lr=1.89e-05 elapsed=39696s
2026-09-15 20:46:18 | INFO | step=81000 loss=0.0003 lr=1.87e-05 elapsed=39724s
2026-09-15 20:46:42 | INFO | [eval] step=81000 dev_loss=2.0742
2026-09-15 20:48:06 | INFO |   EM on dev subset (200 samples): 6.00%
2026-09-15 20:48:33 | INFO | step=81100 loss=0.0003 lr=1.85e-05 elapsed=39859s
2026-09-15 20:49:00 | INFO | step=81200 loss=0.0002 lr=1.83e-05 elapsed=39886s
2026-09-15 20:49:28 | INFO | step=81300 loss=0.0002 lr=1.81e-05 elapsed=39914s
2026-09-15 20:49:55 | INFO | step=81400 loss=0.0001 lr=1.80e-05 elapsed=39941s
2026-09-15 20:50:23 | INFO | step=81500 loss=0.0000 lr=1.78e-05 elapsed=39969s
2026-09-15 20:50:51 | INFO | step=81600 loss=0.0024 lr=1.76e-05 elapsed=39997s
2026-09-15 20:51:19 | INFO | step=81700 loss=0.0003 lr=1.74e-05 elapsed=40025s
2026-09-15 20:51:47 | INFO | step=81800 loss=0.0001 lr=1.72e-05 elapsed=40053s
2026-09-15 20:52:15 | INFO | step=81900 loss=0.0039 lr=1.70e-05 elapsed=40081s
2026-09-15 20:52:43 | INFO | step=82000 loss=0.0002 lr=1.69e-05 elapsed=40109s
2026-09-15 20:53:07 | INFO | [eval] step=82000 dev_loss=2.0741
2026-09-15 20:54:30 | INFO |   EM on dev subset (200 samples): 6.50%
2026-09-15 20:54:58 | INFO | step=82100 loss=0.0013 lr=1.67e-05 elapsed=40244s
2026-09-15 20:55:26 | INFO | step=82200 loss=0.0000 lr=1.65e-05 elapsed=40272s
2026-09-15 20:55:54 | INFO | step=82300 loss=0.0000 lr=1.63e-05 elapsed=40300s
2026-09-15 20:56:22 | INFO | step=82400 loss=0.0000 lr=1.61e-05 elapsed=40328s
2026-09-15 20:56:50 | INFO | step=82500 loss=0.0073 lr=1.60e-05 elapsed=40356s
2026-09-15 20:57:18 | INFO | step=82600 loss=0.0000 lr=1.58e-05 elapsed=40384s
2026-09-15 20:57:46 | INFO | step=82700 loss=0.0005 lr=1.56e-05 elapsed=40412s
2026-09-15 20:58:14 | INFO | step=82800 loss=0.0061 lr=1.54e-05 elapsed=40440s
2026-09-15 20:58:41 | INFO | step=82900 loss=0.0011 lr=1.53e-05 elapsed=40467s
2026-09-15 20:59:08 | INFO | step=83000 loss=0.0002 lr=1.51e-05 elapsed=40494s
2026-09-15 20:59:33 | INFO | [eval] step=83000 dev_loss=2.0740
2026-09-15 21:00:56 | INFO |   EM on dev subset (200 samples): 6.50%
2026-09-15 21:01:24 | INFO | step=83100 loss=0.0038 lr=1.49e-05 elapsed=40630s
2026-09-15 21:01:52 | INFO | step=83200 loss=0.0001 lr=1.47e-05 elapsed=40658s
2026-09-15 21:02:20 | INFO | step=83300 loss=0.0000 lr=1.46e-05 elapsed=40686s
2026-09-15 21:02:48 | INFO | step=83400 loss=0.0000 lr=1.44e-05 elapsed=40714s
2026-09-15 21:03:16 | INFO | step=83500 loss=0.0002 lr=1.42e-05 elapsed=40742s
2026-09-15 21:03:44 | INFO | step=83600 loss=0.0004 lr=1.41e-05 elapsed=40770s
2026-09-15 21:04:12 | INFO | step=83700 loss=0.0013 lr=1.39e-05 elapsed=40798s
2026-09-15 21:04:39 | INFO | step=83800 loss=0.0000 lr=1.37e-05 elapsed=40826s
2026-09-15 21:05:07 | INFO | step=83900 loss=0.0000 lr=1.36e-05 elapsed=40853s
2026-09-15 21:05:35 | INFO | step=84000 loss=0.0000 lr=1.34e-05 elapsed=40881s
2026-09-15 21:06:00 | INFO | [eval] step=84000 dev_loss=2.0740
2026-09-15 21:07:23 | INFO |   EM on dev subset (200 samples): 6.50%
2026-09-15 21:07:50 | INFO | step=84100 loss=0.0004 lr=1.32e-05 elapsed=41016s
2026-09-15 21:08:18 | INFO | step=84200 loss=0.0000 lr=1.31e-05 elapsed=41044s
2026-09-15 21:08:45 | INFO | step=84300 loss=0.0000 lr=1.29e-05 elapsed=41071s
2026-09-15 21:09:13 | INFO | step=84400 loss=0.0000 lr=1.28e-05 elapsed=41099s
2026-09-15 21:09:41 | INFO | step=84500 loss=0.0000 lr=1.26e-05 elapsed=41127s
2026-09-15 21:10:09 | INFO | step=84600 loss=0.0000 lr=1.24e-05 elapsed=41155s
2026-09-15 21:10:37 | INFO | step=84700 loss=0.0000 lr=1.23e-05 elapsed=41183s
2026-09-15 21:11:05 | INFO | step=84800 loss=0.0000 lr=1.21e-05 elapsed=41211s
2026-09-15 21:11:33 | INFO | step=84900 loss=0.0066 lr=1.20e-05 elapsed=41239s
2026-09-15 21:12:01 | INFO | step=85000 loss=0.0010 lr=1.18e-05 elapsed=41267s
2026-09-15 21:12:26 | INFO | [eval] step=85000 dev_loss=2.0741
2026-09-15 21:13:49 | INFO |   EM on dev subset (200 samples): 5.50%
2026-09-15 21:14:17 | INFO | step=85100 loss=0.0008 lr=1.17e-05 elapsed=41403s
2026-09-15 21:14:45 | INFO | step=85200 loss=0.0024 lr=1.15e-05 elapsed=41431s
2026-09-15 21:15:13 | INFO | step=85300 loss=0.0004 lr=1.13e-05 elapsed=41459s
2026-09-15 21:15:41 | INFO | step=85400 loss=0.0003 lr=1.12e-05 elapsed=41487s
2026-09-15 21:16:08 | INFO | step=85500 loss=0.0087 lr=1.10e-05 elapsed=41515s
2026-09-15 21:16:36 | INFO | step=85600 loss=0.0000 lr=1.09e-05 elapsed=41543s
2026-09-15 21:17:04 | INFO | step=85700 loss=0.0007 lr=1.08e-05 elapsed=41570s
2026-09-15 21:17:31 | INFO | step=85800 loss=0.0001 lr=1.06e-05 elapsed=41597s
2026-09-15 21:17:59 | INFO | step=85900 loss=0.0006 lr=1.05e-05 elapsed=41625s
2026-09-15 21:18:27 | INFO | step=86000 loss=0.0002 lr=1.03e-05 elapsed=41653s
2026-09-15 21:18:51 | INFO | [eval] step=86000 dev_loss=2.0739
2026-09-15 21:20:14 | INFO |   EM on dev subset (200 samples): 6.50%
2026-09-15 21:20:42 | INFO | step=86100 loss=0.0000 lr=1.02e-05 elapsed=41788s
2026-09-15 21:21:10 | INFO | step=86200 loss=0.0000 lr=1.00e-05 elapsed=41816s
2026-09-15 21:21:38 | INFO | step=86300 loss=0.0002 lr=9.88e-06 elapsed=41844s
2026-09-15 21:22:06 | INFO | step=86400 loss=0.0001 lr=9.74e-06 elapsed=41872s
2026-09-15 21:22:34 | INFO | step=86500 loss=0.0000 lr=9.60e-06 elapsed=41900s
2026-09-15 21:23:02 | INFO | step=86600 loss=0.0002 lr=9.46e-06 elapsed=41928s
2026-09-15 21:23:30 | INFO | step=86700 loss=0.0001 lr=9.32e-06 elapsed=41956s
2026-09-15 21:23:58 | INFO | step=86800 loss=0.0000 lr=9.19e-06 elapsed=41984s
2026-09-15 21:24:26 | INFO | step=86900 loss=0.0372 lr=9.05e-06 elapsed=42012s
2026-09-15 21:24:54 | INFO | step=87000 loss=0.0000 lr=8.91e-06 elapsed=42040s
2026-09-15 21:25:18 | INFO | [eval] step=87000 dev_loss=2.0740
2026-09-15 21:26:41 | INFO |   EM on dev subset (200 samples): 5.50%
2026-09-15 21:27:08 | INFO | step=87100 loss=0.0001 lr=8.78e-06 elapsed=42174s
2026-09-15 21:27:36 | INFO | step=87200 loss=0.0001 lr=8.65e-06 elapsed=42202s
2026-09-15 21:28:04 | INFO | step=87300 loss=0.0058 lr=8.51e-06 elapsed=42230s
2026-09-15 21:28:32 | INFO | step=87400 loss=0.0000 lr=8.38e-06 elapsed=42258s
2026-09-15 21:29:00 | INFO | step=87500 loss=0.0001 lr=8.25e-06 elapsed=42286s
2026-09-15 21:29:28 | INFO | step=87600 loss=0.0000 lr=8.12e-06 elapsed=42314s
2026-09-15 21:29:56 | INFO | step=87700 loss=0.0001 lr=7.99e-06 elapsed=42342s
2026-09-15 21:30:23 | INFO | step=87800 loss=0.0001 lr=7.86e-06 elapsed=42370s
2026-09-15 21:30:51 | INFO | step=87900 loss=0.0000 lr=7.74e-06 elapsed=42397s
2026-09-15 21:31:19 | INFO | step=88000 loss=0.0001 lr=7.61e-06 elapsed=42425s
2026-09-15 21:31:44 | INFO | [eval] step=88000 dev_loss=2.0740
2026-09-15 21:33:07 | INFO |   EM on dev subset (200 samples): 6.00%
2026-09-15 21:33:35 | INFO | step=88100 loss=0.0006 lr=7.49e-06 elapsed=42561s
2026-09-15 21:34:03 | INFO | step=88200 loss=0.0000 lr=7.36e-06 elapsed=42589s
2026-09-15 21:34:31 | INFO | step=88300 loss=0.0016 lr=7.24e-06 elapsed=42617s
2026-09-15 21:34:59 | INFO | step=88400 loss=0.0000 lr=7.12e-06 elapsed=42645s
2026-09-15 21:35:27 | INFO | step=88500 loss=0.0001 lr=7.00e-06 elapsed=42673s
2026-09-15 21:35:55 | INFO | step=88600 loss=0.0001 lr=6.88e-06 elapsed=42701s
2026-09-15 21:36:22 | INFO | step=88700 loss=0.0000 lr=6.76e-06 elapsed=42728s
2026-09-15 21:36:49 | INFO | step=88800 loss=0.0000 lr=6.64e-06 elapsed=42755s
2026-09-15 21:37:17 | INFO | step=88900 loss=0.0005 lr=6.53e-06 elapsed=42783s
2026-09-15 21:37:45 | INFO | step=89000 loss=0.0001 lr=6.41e-06 elapsed=42811s
2026-09-15 21:38:09 | INFO | [eval] step=89000 dev_loss=2.0739
2026-09-15 21:39:32 | INFO |   EM on dev subset (200 samples): 6.00%
2026-09-15 21:40:00 | INFO | step=89100 loss=0.0000 lr=6.29e-06 elapsed=42946s
2026-09-15 21:40:28 | INFO | step=89200 loss=0.0001 lr=6.18e-06 elapsed=42974s
2026-09-15 21:40:56 | INFO | step=89300 loss=0.0000 lr=6.07e-06 elapsed=43002s
2026-09-15 21:41:24 | INFO | step=89400 loss=0.0004 lr=5.96e-06 elapsed=43030s
2026-09-15 21:41:52 | INFO | step=89500 loss=0.0000 lr=5.85e-06 elapsed=43058s
2026-09-15 21:42:20 | INFO | step=89600 loss=0.0164 lr=5.74e-06 elapsed=43086s
2026-09-15 21:42:48 | INFO | step=89700 loss=0.0025 lr=5.63e-06 elapsed=43114s
2026-09-15 21:43:16 | INFO | step=89800 loss=0.0000 lr=5.52e-06 elapsed=43142s
2026-09-15 21:43:44 | INFO | step=89900 loss=0.0001 lr=5.41e-06 elapsed=43170s
2026-09-15 21:44:12 | INFO | step=90000 loss=0.0000 lr=5.31e-06 elapsed=43198s
2026-09-15 21:44:36 | INFO | [eval] step=90000 dev_loss=2.0738
2026-09-15 21:45:59 | INFO |   EM on dev subset (200 samples): 6.00%
2026-09-15 21:46:49 | INFO | step=90100 loss=0.0021 lr=5.20e-06 elapsed=43355s
2026-09-15 21:47:17 | INFO | step=90200 loss=0.0004 lr=5.10e-06 elapsed=43383s
2026-09-15 21:47:45 | INFO | step=90300 loss=0.0023 lr=5.00e-06 elapsed=43411s
2026-09-15 21:48:13 | INFO | step=90400 loss=0.0001 lr=4.89e-06 elapsed=43439s
2026-09-15 21:48:41 | INFO | step=90500 loss=0.0010 lr=4.79e-06 elapsed=43467s
2026-09-15 21:49:09 | INFO | step=90600 loss=0.0014 lr=4.69e-06 elapsed=43495s
2026-09-15 21:49:37 | INFO | step=90700 loss=0.0000 lr=4.60e-06 elapsed=43523s
2026-09-15 21:50:05 | INFO | step=90800 loss=0.0000 lr=4.50e-06 elapsed=43551s
2026-09-15 21:50:33 | INFO | step=90900 loss=0.0000 lr=4.40e-06 elapsed=43579s
2026-09-15 21:51:01 | INFO | step=91000 loss=0.0001 lr=4.31e-06 elapsed=43607s
2026-09-15 21:51:26 | INFO | [eval] step=91000 dev_loss=2.0738
2026-09-15 21:52:49 | INFO |   EM on dev subset (200 samples): 6.50%
2026-09-15 21:53:17 | INFO | step=91100 loss=0.0000 lr=4.21e-06 elapsed=43743s
2026-09-15 21:53:45 | INFO | step=91200 loss=0.0018 lr=4.12e-06 elapsed=43771s
2026-09-15 21:54:13 | INFO | step=91300 loss=0.0000 lr=4.03e-06 elapsed=43799s
2026-09-15 21:54:41 | INFO | step=91400 loss=0.0072 lr=3.93e-06 elapsed=43827s
2026-09-15 21:55:09 | INFO | step=91500 loss=0.0000 lr=3.84e-06 elapsed=43855s
2026-09-15 21:55:36 | INFO | step=91600 loss=0.0007 lr=3.75e-06 elapsed=43883s
2026-09-15 21:56:04 | INFO | step=91700 loss=0.0000 lr=3.67e-06 elapsed=43910s
2026-09-15 21:56:31 | INFO | step=91800 loss=0.0000 lr=3.58e-06 elapsed=43938s
2026-09-15 21:56:59 | INFO | step=91900 loss=0.0093 lr=3.49e-06 elapsed=43966s
2026-09-15 21:57:28 | INFO | step=92000 loss=0.0000 lr=3.41e-06 elapsed=43994s
2026-09-15 21:57:52 | INFO | [eval] step=92000 dev_loss=2.0738
2026-09-15 21:59:15 | INFO |   EM on dev subset (200 samples): 6.50%
2026-09-15 21:59:43 | INFO | step=92100 loss=0.0000 lr=3.32e-06 elapsed=44129s
2026-09-15 22:00:11 | INFO | step=92200 loss=0.0001 lr=3.24e-06 elapsed=44157s
2026-09-15 22:00:39 | INFO | step=92300 loss=0.0000 lr=3.16e-06 elapsed=44185s
2026-09-15 22:01:07 | INFO | step=92400 loss=0.0008 lr=3.08e-06 elapsed=44213s
2026-09-15 22:01:35 | INFO | step=92500 loss=0.0000 lr=3.00e-06 elapsed=44241s
2026-09-15 22:02:03 | INFO | step=92600 loss=0.0002 lr=2.92e-06 elapsed=44269s
2026-09-15 22:02:31 | INFO | step=92700 loss=0.0000 lr=2.84e-06 elapsed=44297s
2026-09-15 22:02:59 | INFO | step=92800 loss=0.0000 lr=2.76e-06 elapsed=44326s
2026-09-15 22:03:27 | INFO | step=92900 loss=0.0007 lr=2.69e-06 elapsed=44354s
2026-09-15 22:03:55 | INFO | step=93000 loss=0.0004 lr=2.61e-06 elapsed=44382s
2026-09-15 22:04:20 | INFO | [eval] step=93000 dev_loss=2.0738
2026-09-15 22:05:43 | INFO |   EM on dev subset (200 samples): 6.50%
2026-09-15 22:06:10 | INFO | step=93100 loss=0.0001 lr=2.54e-06 elapsed=44516s
2026-09-15 22:06:38 | INFO | step=93200 loss=0.0001 lr=2.47e-06 elapsed=44544s
2026-09-15 22:07:06 | INFO | step=93300 loss=0.0000 lr=2.39e-06 elapsed=44572s
2026-09-15 22:07:34 | INFO | step=93400 loss=0.0000 lr=2.32e-06 elapsed=44601s
2026-09-15 22:08:02 | INFO | step=93500 loss=0.0001 lr=2.25e-06 elapsed=44629s
2026-09-15 22:08:31 | INFO | step=93600 loss=0.0001 lr=2.19e-06 elapsed=44657s
2026-09-15 22:08:59 | INFO | step=93700 loss=0.0000 lr=2.12e-06 elapsed=44685s
2026-09-15 22:09:27 | INFO | step=93800 loss=0.0000 lr=2.05e-06 elapsed=44713s
2026-09-15 22:09:55 | INFO | step=93900 loss=0.0026 lr=1.99e-06 elapsed=44741s
2026-09-15 22:10:23 | INFO | step=94000 loss=0.0000 lr=1.92e-06 elapsed=44769s
2026-09-15 22:10:47 | INFO | [eval] step=94000 dev_loss=2.0738
2026-09-15 22:12:10 | INFO |   EM on dev subset (200 samples): 6.50%
2026-09-15 22:12:38 | INFO | step=94100 loss=0.0006 lr=1.86e-06 elapsed=44904s
2026-09-15 22:13:06 | INFO | step=94200 loss=0.0002 lr=1.80e-06 elapsed=44932s
2026-09-15 22:13:34 | INFO | step=94300 loss=0.0003 lr=1.73e-06 elapsed=44961s
2026-09-15 22:14:02 | INFO | step=94400 loss=0.0085 lr=1.67e-06 elapsed=44989s
2026-09-15 22:14:30 | INFO | step=94500 loss=0.0005 lr=1.62e-06 elapsed=45017s
2026-09-15 22:14:58 | INFO | step=94600 loss=0.0001 lr=1.56e-06 elapsed=45044s
2026-09-15 22:15:25 | INFO | step=94700 loss=0.0001 lr=1.50e-06 elapsed=45071s
2026-09-15 22:15:53 | INFO | step=94800 loss=0.0001 lr=1.44e-06 elapsed=45099s
2026-09-15 22:16:21 | INFO | step=94900 loss=0.0008 lr=1.39e-06 elapsed=45127s
2026-09-15 22:16:49 | INFO | step=95000 loss=0.0000 lr=1.34e-06 elapsed=45155s
2026-09-15 22:17:13 | INFO | [eval] step=95000 dev_loss=2.0738
2026-09-15 22:18:36 | INFO |   EM on dev subset (200 samples): 6.50%
2026-09-15 22:19:05 | INFO | step=95100 loss=0.0000 lr=1.28e-06 elapsed=45291s
2026-09-15 22:19:33 | INFO | step=95200 loss=0.0001 lr=1.23e-06 elapsed=45319s
2026-09-15 22:20:01 | INFO | step=95300 loss=0.0000 lr=1.18e-06 elapsed=45347s
2026-09-15 22:20:29 | INFO | step=95400 loss=0.0001 lr=1.13e-06 elapsed=45375s
2026-09-15 22:20:57 | INFO | step=95500 loss=0.0001 lr=1.08e-06 elapsed=45403s
2026-09-15 22:21:25 | INFO | step=95600 loss=0.0001 lr=1.03e-06 elapsed=45431s
2026-09-15 22:21:53 | INFO | step=95700 loss=0.0001 lr=9.88e-07 elapsed=45459s
2026-09-15 22:22:21 | INFO | step=95800 loss=0.0000 lr=9.43e-07 elapsed=45487s
2026-09-15 22:22:49 | INFO | step=95900 loss=0.0046 lr=8.99e-07 elapsed=45515s
2026-09-15 22:23:17 | INFO | step=96000 loss=0.0038 lr=8.56e-07 elapsed=45543s
2026-09-15 22:23:42 | INFO | [eval] step=96000 dev_loss=2.0738
2026-09-15 22:25:04 | INFO |   EM on dev subset (200 samples): 6.50%
2026-09-15 22:25:32 | INFO | step=96100 loss=0.0000 lr=8.13e-07 elapsed=45678s
2026-09-15 22:26:00 | INFO | step=96200 loss=0.0062 lr=7.72e-07 elapsed=45706s
2026-09-15 22:26:28 | INFO | step=96300 loss=0.0000 lr=7.32e-07 elapsed=45734s
2026-09-15 22:26:56 | INFO | step=96400 loss=0.0001 lr=6.93e-07 elapsed=45762s
2026-09-15 22:27:24 | INFO | step=96500 loss=0.0001 lr=6.55e-07 elapsed=45790s
2026-09-15 22:27:52 | INFO | step=96600 loss=0.0001 lr=6.18e-07 elapsed=45818s
2026-09-15 22:28:20 | INFO | step=96700 loss=0.0000 lr=5.83e-07 elapsed=45846s
2026-09-15 22:28:48 | INFO | step=96800 loss=0.0000 lr=5.48e-07 elapsed=45874s
2026-09-15 22:29:16 | INFO | step=96900 loss=0.0009 lr=5.14e-07 elapsed=45902s
2026-09-15 22:29:44 | INFO | step=97000 loss=0.0000 lr=4.82e-07 elapsed=45930s
2026-09-15 22:30:09 | INFO | [eval] step=97000 dev_loss=2.0738
2026-09-15 22:31:32 | INFO |   EM on dev subset (200 samples): 6.50%
2026-09-15 22:32:00 | INFO | step=97100 loss=0.0000 lr=4.50e-07 elapsed=46066s
2026-09-15 22:32:28 | INFO | step=97200 loss=0.0001 lr=4.20e-07 elapsed=46094s
2026-09-15 22:32:56 | INFO | step=97300 loss=0.0085 lr=3.90e-07 elapsed=46122s
2026-09-15 22:33:24 | INFO | step=97400 loss=0.0000 lr=3.62e-07 elapsed=46150s
2026-09-15 22:33:51 | INFO | step=97500 loss=0.0001 lr=3.34e-07 elapsed=46178s
2026-09-15 22:34:19 | INFO | step=97600 loss=0.0001 lr=3.08e-07 elapsed=46205s
2026-09-15 22:34:46 | INFO | step=97700 loss=0.0001 lr=2.83e-07 elapsed=46233s
2026-09-15 22:35:14 | INFO | step=97800 loss=0.0000 lr=2.59e-07 elapsed=46261s
2026-09-15 22:35:43 | INFO | step=97900 loss=0.0000 lr=2.36e-07 elapsed=46289s
2026-09-15 22:36:11 | INFO | step=98000 loss=0.0001 lr=2.14e-07 elapsed=46317s
2026-09-15 22:36:35 | INFO | [eval] step=98000 dev_loss=2.0738
2026-09-15 22:37:58 | INFO |   EM on dev subset (200 samples): 6.50%
2026-09-15 22:38:26 | INFO | step=98100 loss=0.0004 lr=1.93e-07 elapsed=46452s
2026-09-15 22:38:54 | INFO | step=98200 loss=0.0000 lr=1.73e-07 elapsed=46480s
2026-09-15 22:39:22 | INFO | step=98300 loss=0.0000 lr=1.55e-07 elapsed=46508s
2026-09-15 22:39:50 | INFO | step=98400 loss=0.0001 lr=1.37e-07 elapsed=46536s
2026-09-15 22:40:18 | INFO | step=98500 loss=0.0021 lr=1.20e-07 elapsed=46564s
2026-09-15 22:40:46 | INFO | step=98600 loss=0.0146 lr=1.05e-07 elapsed=46592s
2026-09-15 22:41:14 | INFO | step=98700 loss=0.0001 lr=9.05e-08 elapsed=46620s
2026-09-15 22:41:42 | INFO | step=98800 loss=0.0021 lr=7.71e-08 elapsed=46648s
2026-09-15 22:42:10 | INFO | step=98900 loss=0.0000 lr=6.48e-08 elapsed=46676s
2026-09-15 22:42:38 | INFO | step=99000 loss=0.0111 lr=5.35e-08 elapsed=46704s
2026-09-15 22:43:02 | INFO | [eval] step=99000 dev_loss=2.0738
2026-09-15 22:44:25 | INFO |   EM on dev subset (200 samples): 6.50%
2026-09-15 22:44:25 | INFO | Early stopping triggered.
2026-09-15 22:44:25 | INFO | Training complete. Best dev loss: 2.0742
