2026-09-19 06:59:52 | INFO | Device: cuda
2026-09-19 06:59:52 | INFO | COGS train: 68511 examples after entity augmentation (13702×5)
2026-09-19 06:59:55 | INFO | Model: relational, k=8, params=465.0M
2026-09-19 06:59:56 | INFO | Training on 68511 examples, eval on 3000
2026-09-19 06:59:56 | INFO | Config: TrainingConfig(model_type='relational', hidden_dim=512, num_encoder_layers=12, num_decoder_layers=12, num_heads=8, num_attributes=8, use_gating=True, use_mixing=True, pairing_strategy='cyclic', pairing_seed=1234, use_composed_join=True, ffn_dim=2048, max_seq_len=512, dropout=0.1, vocab_size=32000, learning_rate=0.0002, weight_decay=0.01, warmup_steps=4000, max_steps=100000, batch_size=8, gradient_accumulation=4, max_grad_norm=1.0, label_smoothing=0.1, eval_every=1000, save_every=10000, patience=20, eval_by_em=True, dataset='cogs', nas_dir='/nas/Dataset/nlp', max_src_len=256, max_tgt_len=256, seed=43, num_workers=4, fp16=False, output_dir='/nas/Dataset/experiments/relational-attention/muhiddin_outputs/relational_125m_cogs_composed_s43', log_every=100, copy_mechanism=True, num_copy_heads=1)
2026-09-19 06:59:56 | INFO | step=0 loss=10.4621 lr=0.00e+00 elapsed=1s
2026-09-19 07:00:29 | INFO | step=100 loss=9.0334 lr=5.00e-06 elapsed=34s
2026-09-19 07:01:02 | INFO | step=200 loss=8.3274 lr=1.00e-05 elapsed=67s
2026-09-19 07:01:35 | INFO | step=300 loss=7.6556 lr=1.50e-05 elapsed=100s
2026-09-19 07:02:09 | INFO | step=400 loss=6.8921 lr=2.00e-05 elapsed=133s
2026-09-19 07:02:42 | INFO | step=500 loss=6.1459 lr=2.50e-05 elapsed=166s
2026-09-19 07:03:15 | INFO | step=600 loss=5.5605 lr=3.00e-05 elapsed=199s
2026-09-19 07:03:48 | INFO | step=700 loss=4.8813 lr=3.50e-05 elapsed=232s
2026-09-19 07:04:21 | INFO | step=800 loss=4.1645 lr=4.00e-05 elapsed=265s
2026-09-19 07:04:54 | INFO | step=900 loss=3.4347 lr=4.50e-05 elapsed=298s
2026-09-19 07:05:27 | INFO | step=1000 loss=2.5678 lr=5.00e-05 elapsed=331s
2026-09-19 07:05:40 | INFO | [eval] step=1000 dev_loss=3.3249
2026-09-19 07:08:06 | INFO |   EM on dev subset (200 samples): 0.00%
2026-09-19 07:08:23 | INFO |   -> New best model saved (dev_loss=3.3249)
2026-09-19 07:08:56 | INFO | step=1100 loss=1.8175 lr=5.50e-05 elapsed=541s
2026-09-19 07:09:30 | INFO | step=1200 loss=1.1746 lr=6.00e-05 elapsed=574s
2026-09-19 07:10:03 | INFO | step=1300 loss=0.8837 lr=6.50e-05 elapsed=607s
2026-09-19 07:10:36 | INFO | step=1400 loss=0.6828 lr=7.00e-05 elapsed=641s
2026-09-19 07:11:09 | INFO | step=1500 loss=0.5504 lr=7.50e-05 elapsed=674s
2026-09-19 07:11:43 | INFO | step=1600 loss=0.4346 lr=8.00e-05 elapsed=707s
2026-09-19 07:12:16 | INFO | step=1700 loss=0.2792 lr=8.50e-05 elapsed=740s
2026-09-19 07:12:49 | INFO | step=1800 loss=0.3418 lr=9.00e-05 elapsed=773s
2026-09-19 07:13:21 | INFO | step=1900 loss=0.2569 lr=9.50e-05 elapsed=806s
2026-09-19 07:13:54 | INFO | step=2000 loss=0.3468 lr=1.00e-04 elapsed=838s
2026-09-19 07:14:08 | INFO | [eval] step=2000 dev_loss=1.7995
2026-09-19 07:15:38 | INFO |   EM on dev subset (200 samples): 0.00%
2026-09-19 07:16:11 | INFO | step=2100 loss=0.7414 lr=1.05e-04 elapsed=975s
2026-09-19 07:16:44 | INFO | step=2200 loss=0.2263 lr=1.10e-04 elapsed=1009s
2026-09-19 07:17:18 | INFO | step=2300 loss=0.1618 lr=1.15e-04 elapsed=1042s
2026-09-19 07:17:51 | INFO | step=2400 loss=0.1258 lr=1.20e-04 elapsed=1076s
2026-09-19 07:18:24 | INFO | step=2500 loss=0.0691 lr=1.25e-04 elapsed=1109s
2026-09-19 07:18:58 | INFO | step=2600 loss=0.1138 lr=1.30e-04 elapsed=1142s
2026-09-19 07:19:30 | INFO | step=2700 loss=0.1078 lr=1.35e-04 elapsed=1175s
2026-09-19 07:20:03 | INFO | step=2800 loss=0.0864 lr=1.40e-04 elapsed=1207s
2026-09-19 07:20:36 | INFO | step=2900 loss=0.2134 lr=1.45e-04 elapsed=1240s
2026-09-19 07:21:09 | INFO | step=3000 loss=0.0961 lr=1.50e-04 elapsed=1273s
2026-09-19 07:21:23 | INFO | [eval] step=3000 dev_loss=1.9370
2026-09-19 07:22:42 | INFO |   EM on dev subset (200 samples): 0.00%
2026-09-19 07:23:16 | INFO | step=3100 loss=0.0441 lr=1.55e-04 elapsed=1400s
2026-09-19 07:23:49 | INFO | step=3200 loss=0.1020 lr=1.60e-04 elapsed=1433s
2026-09-19 07:24:22 | INFO | step=3300 loss=0.0683 lr=1.65e-04 elapsed=1467s
2026-09-19 07:24:55 | INFO | step=3400 loss=0.0808 lr=1.70e-04 elapsed=1500s
2026-09-19 07:25:29 | INFO | step=3500 loss=0.1434 lr=1.75e-04 elapsed=1533s
2026-09-19 07:26:02 | INFO | step=3600 loss=0.0987 lr=1.80e-04 elapsed=1566s
2026-09-19 07:26:35 | INFO | step=3700 loss=0.0054 lr=1.85e-04 elapsed=1599s
2026-09-19 07:27:07 | INFO | step=3800 loss=0.0157 lr=1.90e-04 elapsed=1632s
2026-09-19 07:27:40 | INFO | step=3900 loss=0.0774 lr=1.95e-04 elapsed=1665s
2026-09-19 07:28:13 | INFO | step=4000 loss=0.0554 lr=2.00e-04 elapsed=1698s
2026-09-19 07:28:27 | INFO | [eval] step=4000 dev_loss=2.0329
2026-09-19 07:29:52 | INFO |   EM on dev subset (200 samples): 1.00%
2026-09-19 07:30:08 | INFO |   -> New best model saved (dev_loss=2.0329)
2026-09-19 07:30:42 | INFO | step=4100 loss=0.0232 lr=2.00e-04 elapsed=1846s
2026-09-19 07:31:15 | INFO | step=4200 loss=0.0079 lr=2.00e-04 elapsed=1879s
2026-09-19 07:31:48 | INFO | step=4300 loss=0.0379 lr=2.00e-04 elapsed=1913s
2026-09-19 07:32:22 | INFO | step=4400 loss=0.0086 lr=2.00e-04 elapsed=1946s
2026-09-19 07:32:55 | INFO | step=4500 loss=0.0097 lr=2.00e-04 elapsed=1979s
2026-09-19 07:33:28 | INFO | step=4600 loss=0.0359 lr=2.00e-04 elapsed=2012s
2026-09-19 07:34:00 | INFO | step=4700 loss=0.0180 lr=2.00e-04 elapsed=2045s
2026-09-19 07:34:33 | INFO | step=4800 loss=0.0718 lr=2.00e-04 elapsed=2077s
2026-09-19 07:35:06 | INFO | step=4900 loss=0.0233 lr=2.00e-04 elapsed=2110s
2026-09-19 07:35:39 | INFO | step=5000 loss=0.0053 lr=2.00e-04 elapsed=2143s
2026-09-19 07:35:52 | INFO | [eval] step=5000 dev_loss=2.0573
2026-09-19 07:37:11 | INFO |   EM on dev subset (200 samples): 2.00%
2026-09-19 07:37:29 | INFO |   -> New best model saved (dev_loss=2.0573)
2026-09-19 07:38:02 | INFO | step=5100 loss=0.0066 lr=2.00e-04 elapsed=2287s
2026-09-19 07:38:36 | INFO | step=5200 loss=0.0180 lr=2.00e-04 elapsed=2320s
2026-09-19 07:39:09 | INFO | step=5300 loss=0.0071 lr=2.00e-04 elapsed=2353s
2026-09-19 07:39:42 | INFO | step=5400 loss=0.0062 lr=2.00e-04 elapsed=2387s
2026-09-19 07:40:16 | INFO | step=5500 loss=0.0020 lr=2.00e-04 elapsed=2420s
2026-09-19 07:40:48 | INFO | step=5600 loss=0.0405 lr=2.00e-04 elapsed=2453s
2026-09-19 07:41:21 | INFO | step=5700 loss=0.0519 lr=2.00e-04 elapsed=2485s
2026-09-19 07:41:53 | INFO | step=5800 loss=0.0235 lr=2.00e-04 elapsed=2518s
2026-09-19 07:42:27 | INFO | step=5900 loss=0.0075 lr=2.00e-04 elapsed=2551s
2026-09-19 07:43:00 | INFO | step=6000 loss=0.0208 lr=2.00e-04 elapsed=2584s
2026-09-19 07:43:13 | INFO | [eval] step=6000 dev_loss=2.0662
2026-09-19 07:44:42 | INFO |   EM on dev subset (200 samples): 1.50%
2026-09-19 07:45:15 | INFO | step=6100 loss=0.0218 lr=2.00e-04 elapsed=2720s
2026-09-19 07:45:49 | INFO | step=6200 loss=0.0166 lr=2.00e-04 elapsed=2753s
2026-09-19 07:46:22 | INFO | step=6300 loss=0.0197 lr=2.00e-04 elapsed=2787s
2026-09-19 07:46:55 | INFO | step=6400 loss=0.0041 lr=2.00e-04 elapsed=2820s
2026-09-19 07:47:29 | INFO | step=6500 loss=0.0019 lr=2.00e-04 elapsed=2853s
2026-09-19 07:48:01 | INFO | step=6600 loss=0.0136 lr=2.00e-04 elapsed=2886s
2026-09-19 07:48:34 | INFO | step=6700 loss=0.0099 lr=2.00e-04 elapsed=2918s
2026-09-19 07:49:07 | INFO | step=6800 loss=0.0013 lr=2.00e-04 elapsed=2951s
2026-09-19 07:49:40 | INFO | step=6900 loss=0.0017 lr=2.00e-04 elapsed=2985s
2026-09-19 07:50:14 | INFO | step=7000 loss=0.0050 lr=2.00e-04 elapsed=3018s
2026-09-19 07:50:27 | INFO | [eval] step=7000 dev_loss=2.0731
2026-09-19 07:51:46 | INFO |   EM on dev subset (200 samples): 2.00%
2026-09-19 07:52:19 | INFO | step=7100 loss=0.0678 lr=1.99e-04 elapsed=3143s
2026-09-19 07:52:52 | INFO | step=7200 loss=0.0006 lr=1.99e-04 elapsed=3177s
2026-09-19 07:53:26 | INFO | step=7300 loss=0.0036 lr=1.99e-04 elapsed=3210s
2026-09-19 07:53:59 | INFO | step=7400 loss=0.0188 lr=1.99e-04 elapsed=3243s
2026-09-19 07:54:32 | INFO | step=7500 loss=0.0016 lr=1.99e-04 elapsed=3276s
2026-09-19 07:55:05 | INFO | step=7600 loss=0.0407 lr=1.99e-04 elapsed=3309s
2026-09-19 07:55:37 | INFO | step=7700 loss=0.0068 lr=1.99e-04 elapsed=3342s
2026-09-19 07:56:11 | INFO | step=7800 loss=0.0617 lr=1.99e-04 elapsed=3375s
2026-09-19 07:56:44 | INFO | step=7900 loss=0.0132 lr=1.99e-04 elapsed=3408s
2026-09-19 07:57:17 | INFO | step=8000 loss=0.0116 lr=1.99e-04 elapsed=3441s
2026-09-19 07:57:31 | INFO | [eval] step=8000 dev_loss=2.0719
2026-09-19 07:58:50 | INFO |   EM on dev subset (200 samples): 4.50%
2026-09-19 07:59:07 | INFO |   -> New best model saved (dev_loss=2.0719)
2026-09-19 07:59:41 | INFO | step=8100 loss=0.0011 lr=1.99e-04 elapsed=3585s
2026-09-19 08:00:14 | INFO | step=8200 loss=0.0129 lr=1.99e-04 elapsed=3618s
2026-09-19 08:00:47 | INFO | step=8300 loss=0.0088 lr=1.99e-04 elapsed=3652s
2026-09-19 08:01:20 | INFO | step=8400 loss=0.0341 lr=1.99e-04 elapsed=3684s
2026-09-19 08:01:53 | INFO | step=8500 loss=0.0063 lr=1.99e-04 elapsed=3717s
2026-09-19 08:02:26 | INFO | step=8600 loss=0.0013 lr=1.99e-04 elapsed=3750s
2026-09-19 08:02:59 | INFO | step=8700 loss=0.0375 lr=1.99e-04 elapsed=3783s
2026-09-19 08:03:32 | INFO | step=8800 loss=0.0005 lr=1.99e-04 elapsed=3817s
2026-09-19 08:04:06 | INFO | step=8900 loss=0.0023 lr=1.99e-04 elapsed=3850s
2026-09-19 08:04:39 | INFO | step=9000 loss=0.0081 lr=1.99e-04 elapsed=3883s
2026-09-19 08:04:53 | INFO | [eval] step=9000 dev_loss=2.0792
2026-09-19 08:06:08 | INFO |   EM on dev subset (200 samples): 2.50%
2026-09-19 08:06:42 | INFO | step=9100 loss=0.0072 lr=1.99e-04 elapsed=4006s
2026-09-19 08:07:15 | INFO | step=9200 loss=0.0433 lr=1.99e-04 elapsed=4039s
2026-09-19 08:07:48 | INFO | step=9300 loss=0.0245 lr=1.98e-04 elapsed=4072s
2026-09-19 08:08:21 | INFO | step=9400 loss=0.0180 lr=1.98e-04 elapsed=4105s
2026-09-19 08:08:54 | INFO | step=9500 loss=0.0127 lr=1.98e-04 elapsed=4138s
2026-09-19 08:09:26 | INFO | step=9600 loss=0.0026 lr=1.98e-04 elapsed=4171s
2026-09-19 08:09:59 | INFO | step=9700 loss=0.0004 lr=1.98e-04 elapsed=4204s
2026-09-19 08:10:32 | INFO | step=9800 loss=0.0026 lr=1.98e-04 elapsed=4237s
2026-09-19 08:11:06 | INFO | step=9900 loss=0.0023 lr=1.98e-04 elapsed=4270s
2026-09-19 08:11:39 | INFO | step=10000 loss=0.0146 lr=1.98e-04 elapsed=4303s
2026-09-19 08:11:52 | INFO | [eval] step=10000 dev_loss=2.0689
2026-09-19 08:13:11 | INFO |   EM on dev subset (200 samples): 5.00%
2026-09-19 08:13:28 | INFO |   -> New best model saved (dev_loss=2.0689)
2026-09-19 08:14:19 | INFO | step=10100 loss=0.0005 lr=1.98e-04 elapsed=4463s
2026-09-19 08:14:52 | INFO | step=10200 loss=0.0038 lr=1.98e-04 elapsed=4496s
2026-09-19 08:15:25 | INFO | step=10300 loss=0.0005 lr=1.98e-04 elapsed=4529s
2026-09-19 08:15:58 | INFO | step=10400 loss=0.0136 lr=1.98e-04 elapsed=4562s
2026-09-19 08:16:31 | INFO | step=10500 loss=0.0087 lr=1.98e-04 elapsed=4595s
2026-09-19 08:17:04 | INFO | step=10600 loss=0.0033 lr=1.98e-04 elapsed=4628s
2026-09-19 08:17:37 | INFO | step=10700 loss=0.0049 lr=1.98e-04 elapsed=4661s
2026-09-19 08:18:10 | INFO | step=10800 loss=0.0012 lr=1.98e-04 elapsed=4695s
2026-09-19 08:18:44 | INFO | step=10900 loss=0.0049 lr=1.97e-04 elapsed=4728s
2026-09-19 08:19:17 | INFO | step=11000 loss=0.0017 lr=1.97e-04 elapsed=4761s
2026-09-19 08:19:31 | INFO | [eval] step=11000 dev_loss=2.0754
2026-09-19 08:21:04 | INFO |   EM on dev subset (200 samples): 3.50%
2026-09-19 08:21:38 | INFO | step=11100 loss=0.0187 lr=1.97e-04 elapsed=4902s
2026-09-19 08:22:11 | INFO | step=11200 loss=0.0010 lr=1.97e-04 elapsed=4936s
2026-09-19 08:22:44 | INFO | step=11300 loss=0.0020 lr=1.97e-04 elapsed=4969s
2026-09-19 08:23:17 | INFO | step=11400 loss=0.0010 lr=1.97e-04 elapsed=5001s
2026-09-19 08:23:50 | INFO | step=11500 loss=0.0021 lr=1.97e-04 elapsed=5034s
2026-09-19 08:24:23 | INFO | step=11600 loss=0.0007 lr=1.97e-04 elapsed=5067s
2026-09-19 08:24:56 | INFO | step=11700 loss=0.0021 lr=1.97e-04 elapsed=5100s
2026-09-19 08:25:29 | INFO | step=11800 loss=0.0011 lr=1.97e-04 elapsed=5134s
2026-09-19 08:26:02 | INFO | step=11900 loss=0.0411 lr=1.97e-04 elapsed=5167s
2026-09-19 08:26:36 | INFO | step=12000 loss=0.0777 lr=1.97e-04 elapsed=5200s
2026-09-19 08:26:49 | INFO | [eval] step=12000 dev_loss=2.0758
2026-09-19 08:28:09 | INFO |   EM on dev subset (200 samples): 3.00%
2026-09-19 08:28:42 | INFO | step=12100 loss=0.0207 lr=1.97e-04 elapsed=5326s
2026-09-19 08:29:15 | INFO | step=12200 loss=0.0086 lr=1.96e-04 elapsed=5359s
2026-09-19 08:29:48 | INFO | step=12300 loss=0.0013 lr=1.96e-04 elapsed=5392s
2026-09-19 08:30:20 | INFO | step=12400 loss=0.0028 lr=1.96e-04 elapsed=5425s
2026-09-19 08:30:53 | INFO | step=12500 loss=0.0054 lr=1.96e-04 elapsed=5458s
2026-09-19 08:31:27 | INFO | step=12600 loss=0.0005 lr=1.96e-04 elapsed=5491s
2026-09-19 08:32:00 | INFO | step=12700 loss=0.0006 lr=1.96e-04 elapsed=5524s
2026-09-19 08:32:33 | INFO | step=12800 loss=0.0010 lr=1.96e-04 elapsed=5558s
2026-09-19 08:33:06 | INFO | step=12900 loss=0.0042 lr=1.96e-04 elapsed=5591s
2026-09-19 08:33:40 | INFO | step=13000 loss=0.0014 lr=1.96e-04 elapsed=5624s
2026-09-19 08:33:53 | INFO | [eval] step=13000 dev_loss=2.0738
2026-09-19 08:35:13 | INFO |   EM on dev subset (200 samples): 5.50%
2026-09-19 08:35:31 | INFO |   -> New best model saved (dev_loss=2.0738)
2026-09-19 08:36:04 | INFO | step=13100 loss=0.0452 lr=1.96e-04 elapsed=5768s
2026-09-19 08:36:37 | INFO | step=13200 loss=0.0390 lr=1.96e-04 elapsed=5801s
2026-09-19 08:37:10 | INFO | step=13300 loss=0.0157 lr=1.95e-04 elapsed=5834s
2026-09-19 08:37:42 | INFO | step=13400 loss=0.0006 lr=1.95e-04 elapsed=5867s
2026-09-19 08:38:16 | INFO | step=13500 loss=0.0004 lr=1.95e-04 elapsed=5900s
2026-09-19 08:38:49 | INFO | step=13600 loss=0.0037 lr=1.95e-04 elapsed=5934s
2026-09-19 08:39:22 | INFO | step=13700 loss=0.0036 lr=1.95e-04 elapsed=5967s
2026-09-19 08:39:56 | INFO | step=13800 loss=0.0002 lr=1.95e-04 elapsed=6000s
2026-09-19 08:40:29 | INFO | step=13900 loss=0.0017 lr=1.95e-04 elapsed=6033s
2026-09-19 08:41:02 | INFO | step=14000 loss=0.0031 lr=1.95e-04 elapsed=6067s
2026-09-19 08:41:16 | INFO | [eval] step=14000 dev_loss=2.0732
2026-09-19 08:42:33 | INFO |   EM on dev subset (200 samples): 5.50%
2026-09-19 08:43:06 | INFO | step=14100 loss=0.0077 lr=1.95e-04 elapsed=6191s
2026-09-19 08:43:39 | INFO | step=14200 loss=0.0386 lr=1.94e-04 elapsed=6223s
2026-09-19 08:44:12 | INFO | step=14300 loss=0.0569 lr=1.94e-04 elapsed=6256s
2026-09-19 08:44:45 | INFO | step=14400 loss=0.0015 lr=1.94e-04 elapsed=6289s
2026-09-19 08:45:18 | INFO | step=14500 loss=0.0129 lr=1.94e-04 elapsed=6322s
2026-09-19 08:45:51 | INFO | step=14600 loss=0.0009 lr=1.94e-04 elapsed=6356s
2026-09-19 08:46:25 | INFO | step=14700 loss=0.0002 lr=1.94e-04 elapsed=6389s
2026-09-19 08:46:58 | INFO | step=14800 loss=0.0014 lr=1.94e-04 elapsed=6422s
2026-09-19 08:47:31 | INFO | step=14900 loss=0.0340 lr=1.94e-04 elapsed=6455s
2026-09-19 08:48:04 | INFO | step=15000 loss=0.0004 lr=1.94e-04 elapsed=6489s
2026-09-19 08:48:18 | INFO | [eval] step=15000 dev_loss=2.0758
2026-09-19 08:49:37 | INFO |   EM on dev subset (200 samples): 3.50%
2026-09-19 08:50:11 | INFO | step=15100 loss=0.0096 lr=1.93e-04 elapsed=6615s
2026-09-19 08:50:43 | INFO | step=15200 loss=0.0333 lr=1.93e-04 elapsed=6648s
2026-09-19 08:51:16 | INFO | step=15300 loss=0.0002 lr=1.93e-04 elapsed=6681s
2026-09-19 08:51:49 | INFO | step=15400 loss=0.0227 lr=1.93e-04 elapsed=6714s
2026-09-19 08:52:23 | INFO | step=15500 loss=0.0074 lr=1.93e-04 elapsed=6747s
2026-09-19 08:52:56 | INFO | step=15600 loss=0.0143 lr=1.93e-04 elapsed=6780s
2026-09-19 08:53:29 | INFO | step=15700 loss=0.0054 lr=1.93e-04 elapsed=6814s
2026-09-19 08:54:03 | INFO | step=15800 loss=0.0014 lr=1.93e-04 elapsed=6847s
2026-09-19 08:54:36 | INFO | step=15900 loss=0.0005 lr=1.93e-04 elapsed=6880s
2026-09-19 08:55:09 | INFO | step=16000 loss=0.0010 lr=1.92e-04 elapsed=6914s
2026-09-19 08:55:23 | INFO | [eval] step=16000 dev_loss=2.0732
2026-09-19 08:56:41 | INFO |   EM on dev subset (200 samples): 5.50%
2026-09-19 08:57:14 | INFO | step=16100 loss=0.0582 lr=1.92e-04 elapsed=7039s
2026-09-19 08:57:47 | INFO | step=16200 loss=0.0073 lr=1.92e-04 elapsed=7072s
2026-09-19 08:58:20 | INFO | step=16300 loss=0.0092 lr=1.92e-04 elapsed=7105s
2026-09-19 08:58:54 | INFO | step=16400 loss=0.0203 lr=1.92e-04 elapsed=7138s
2026-09-19 08:59:27 | INFO | step=16500 loss=0.0099 lr=1.92e-04 elapsed=7171s
2026-09-19 09:00:00 | INFO | step=16600 loss=0.0042 lr=1.92e-04 elapsed=7205s
2026-09-19 09:00:34 | INFO | step=16700 loss=0.0066 lr=1.91e-04 elapsed=7238s
2026-09-19 09:01:07 | INFO | step=16800 loss=0.0014 lr=1.91e-04 elapsed=7271s
2026-09-19 09:01:40 | INFO | step=16900 loss=0.0001 lr=1.91e-04 elapsed=7305s
2026-09-19 09:02:14 | INFO | step=17000 loss=0.0019 lr=1.91e-04 elapsed=7338s
2026-09-19 09:02:27 | INFO | [eval] step=17000 dev_loss=2.0743
2026-09-19 09:03:46 | INFO |   EM on dev subset (200 samples): 5.50%
2026-09-19 09:04:18 | INFO | step=17100 loss=0.0038 lr=1.91e-04 elapsed=7463s
2026-09-19 09:04:51 | INFO | step=17200 loss=0.0010 lr=1.91e-04 elapsed=7496s
2026-09-19 09:05:25 | INFO | step=17300 loss=0.0066 lr=1.91e-04 elapsed=7529s
2026-09-19 09:05:58 | INFO | step=17400 loss=0.0056 lr=1.91e-04 elapsed=7562s
2026-09-19 09:06:31 | INFO | step=17500 loss=0.0008 lr=1.90e-04 elapsed=7596s
2026-09-19 09:07:04 | INFO | step=17600 loss=0.0001 lr=1.90e-04 elapsed=7629s
2026-09-19 09:07:38 | INFO | step=17700 loss=0.0366 lr=1.90e-04 elapsed=7662s
2026-09-19 09:08:11 | INFO | step=17800 loss=0.0017 lr=1.90e-04 elapsed=7695s
2026-09-19 09:08:44 | INFO | step=17900 loss=0.0425 lr=1.90e-04 elapsed=7729s
2026-09-19 09:09:18 | INFO | step=18000 loss=0.0005 lr=1.90e-04 elapsed=7762s
2026-09-19 09:09:31 | INFO | [eval] step=18000 dev_loss=2.0747
2026-09-19 09:10:49 | INFO |   EM on dev subset (200 samples): 3.50%
2026-09-19 09:11:22 | INFO | step=18100 loss=0.0183 lr=1.90e-04 elapsed=7887s
2026-09-19 09:11:55 | INFO | step=18200 loss=0.0095 lr=1.89e-04 elapsed=7919s
2026-09-19 09:12:28 | INFO | step=18300 loss=0.0053 lr=1.89e-04 elapsed=7953s
2026-09-19 09:13:02 | INFO | step=18400 loss=0.0021 lr=1.89e-04 elapsed=7986s
2026-09-19 09:13:35 | INFO | step=18500 loss=0.0159 lr=1.89e-04 elapsed=8019s
2026-09-19 09:14:08 | INFO | step=18600 loss=0.0027 lr=1.89e-04 elapsed=8053s
2026-09-19 09:14:42 | INFO | step=18700 loss=0.0019 lr=1.89e-04 elapsed=8086s
2026-09-19 09:15:15 | INFO | step=18800 loss=0.0003 lr=1.88e-04 elapsed=8119s
2026-09-19 09:15:48 | INFO | step=18900 loss=0.0005 lr=1.88e-04 elapsed=8152s
2026-09-19 09:16:21 | INFO | step=19000 loss=0.0046 lr=1.88e-04 elapsed=8186s
2026-09-19 09:16:35 | INFO | [eval] step=19000 dev_loss=2.0731
2026-09-19 09:17:53 | INFO |   EM on dev subset (200 samples): 6.00%
2026-09-19 09:18:11 | INFO |   -> New best model saved (dev_loss=2.0731)
2026-09-19 09:18:44 | INFO | step=19100 loss=0.0034 lr=1.88e-04 elapsed=8328s
2026-09-19 09:19:17 | INFO | step=19200 loss=0.0036 lr=1.88e-04 elapsed=8361s
2026-09-19 09:19:50 | INFO | step=19300 loss=0.0021 lr=1.88e-04 elapsed=8394s
2026-09-19 09:20:23 | INFO | step=19400 loss=0.0028 lr=1.88e-04 elapsed=8428s
2026-09-19 09:20:57 | INFO | step=19500 loss=0.0006 lr=1.87e-04 elapsed=8461s
2026-09-19 09:21:30 | INFO | step=19600 loss=0.0004 lr=1.87e-04 elapsed=8494s
2026-09-19 09:22:03 | INFO | step=19700 loss=0.0004 lr=1.87e-04 elapsed=8528s
2026-09-19 09:22:36 | INFO | step=19800 loss=0.0006 lr=1.87e-04 elapsed=8561s
2026-09-19 09:23:10 | INFO | step=19900 loss=0.0101 lr=1.87e-04 elapsed=8594s
2026-09-19 09:23:43 | INFO | step=20000 loss=0.0005 lr=1.87e-04 elapsed=8627s
2026-09-19 09:23:57 | INFO | [eval] step=20000 dev_loss=2.0748
2026-09-19 09:25:15 | INFO |   EM on dev subset (200 samples): 4.00%
2026-09-19 09:26:05 | INFO | step=20100 loss=0.0126 lr=1.86e-04 elapsed=8770s
2026-09-19 09:26:39 | INFO | step=20200 loss=0.0032 lr=1.86e-04 elapsed=8803s
2026-09-19 09:27:12 | INFO | step=20300 loss=0.0002 lr=1.86e-04 elapsed=8837s
2026-09-19 09:27:45 | INFO | step=20400 loss=0.0034 lr=1.86e-04 elapsed=8870s
2026-09-19 09:28:19 | INFO | step=20500 loss=0.0007 lr=1.86e-04 elapsed=8903s
2026-09-19 09:28:52 | INFO | step=20600 loss=0.0185 lr=1.86e-04 elapsed=8936s
2026-09-19 09:29:25 | INFO | step=20700 loss=0.0648 lr=1.85e-04 elapsed=8970s
2026-09-19 09:29:59 | INFO | step=20800 loss=0.0004 lr=1.85e-04 elapsed=9003s
2026-09-19 09:30:32 | INFO | step=20900 loss=0.0532 lr=1.85e-04 elapsed=9036s
2026-09-19 09:31:05 | INFO | step=21000 loss=0.0058 lr=1.85e-04 elapsed=9070s
2026-09-19 09:31:19 | INFO | [eval] step=21000 dev_loss=2.0726
2026-09-19 09:32:38 | INFO |   EM on dev subset (200 samples): 5.50%
2026-09-19 09:33:11 | INFO | step=21100 loss=0.0008 lr=1.85e-04 elapsed=9195s
2026-09-19 09:33:44 | INFO | step=21200 loss=0.0250 lr=1.85e-04 elapsed=9229s
2026-09-19 09:34:17 | INFO | step=21300 loss=0.0009 lr=1.84e-04 elapsed=9262s
2026-09-19 09:34:51 | INFO | step=21400 loss=0.0117 lr=1.84e-04 elapsed=9295s
2026-09-19 09:35:24 | INFO | step=21500 loss=0.0107 lr=1.84e-04 elapsed=9328s
2026-09-19 09:35:57 | INFO | step=21600 loss=0.0026 lr=1.84e-04 elapsed=9362s
2026-09-19 09:36:31 | INFO | step=21700 loss=0.0337 lr=1.84e-04 elapsed=9395s
2026-09-19 09:37:04 | INFO | step=21800 loss=0.0030 lr=1.84e-04 elapsed=9428s
2026-09-19 09:37:37 | INFO | step=21900 loss=0.0199 lr=1.83e-04 elapsed=9462s
2026-09-19 09:38:11 | INFO | step=22000 loss=0.0001 lr=1.83e-04 elapsed=9495s
2026-09-19 09:38:24 | INFO | [eval] step=22000 dev_loss=2.0745
2026-09-19 09:39:42 | INFO |   EM on dev subset (200 samples): 4.50%
2026-09-19 09:40:15 | INFO | step=22100 loss=0.0066 lr=1.83e-04 elapsed=9620s
2026-09-19 09:40:49 | INFO | step=22200 loss=0.0006 lr=1.83e-04 elapsed=9653s
2026-09-19 09:41:22 | INFO | step=22300 loss=0.0010 lr=1.83e-04 elapsed=9686s
2026-09-19 09:41:55 | INFO | step=22400 loss=0.0046 lr=1.82e-04 elapsed=9720s
2026-09-19 09:42:29 | INFO | step=22500 loss=0.0048 lr=1.82e-04 elapsed=9753s
2026-09-19 09:43:02 | INFO | step=22600 loss=0.0002 lr=1.82e-04 elapsed=9787s
2026-09-19 09:43:35 | INFO | step=22700 loss=0.0043 lr=1.82e-04 elapsed=9820s
2026-09-19 09:44:09 | INFO | step=22800 loss=0.0029 lr=1.82e-04 elapsed=9853s
2026-09-19 09:44:42 | INFO | step=22900 loss=0.0004 lr=1.81e-04 elapsed=9887s
2026-09-19 09:45:15 | INFO | step=23000 loss=0.0115 lr=1.81e-04 elapsed=9920s
2026-09-19 09:45:29 | INFO | [eval] step=23000 dev_loss=2.0735
2026-09-19 09:46:47 | INFO |   EM on dev subset (200 samples): 5.50%
2026-09-19 09:47:20 | INFO | step=23100 loss=0.0002 lr=1.81e-04 elapsed=10045s
2026-09-19 09:47:54 | INFO | step=23200 loss=0.0046 lr=1.81e-04 elapsed=10078s
2026-09-19 09:48:27 | INFO | step=23300 loss=0.0103 lr=1.81e-04 elapsed=10111s
2026-09-19 09:49:00 | INFO | step=23400 loss=0.0010 lr=1.81e-04 elapsed=10145s
2026-09-19 09:49:34 | INFO | step=23500 loss=0.0001 lr=1.80e-04 elapsed=10178s
2026-09-19 09:50:07 | INFO | step=23600 loss=0.0004 lr=1.80e-04 elapsed=10211s
2026-09-19 09:50:40 | INFO | step=23700 loss=0.0005 lr=1.80e-04 elapsed=10245s
2026-09-19 09:51:14 | INFO | step=23800 loss=0.0002 lr=1.80e-04 elapsed=10278s
2026-09-19 09:51:47 | INFO | step=23900 loss=0.0007 lr=1.80e-04 elapsed=10311s
2026-09-19 09:52:20 | INFO | step=24000 loss=0.0037 lr=1.79e-04 elapsed=10345s
2026-09-19 09:52:34 | INFO | [eval] step=24000 dev_loss=2.0730
2026-09-19 09:53:54 | INFO |   EM on dev subset (200 samples): 6.00%
2026-09-19 09:54:27 | INFO | step=24100 loss=0.0005 lr=1.79e-04 elapsed=10472s
2026-09-19 09:55:01 | INFO | step=24200 loss=0.0005 lr=1.79e-04 elapsed=10505s
2026-09-19 09:55:34 | INFO | step=24300 loss=0.0006 lr=1.79e-04 elapsed=10539s
2026-09-19 09:56:08 | INFO | step=24400 loss=0.0146 lr=1.79e-04 elapsed=10572s
2026-09-19 09:56:41 | INFO | step=24500 loss=0.0019 lr=1.78e-04 elapsed=10605s
2026-09-19 09:57:14 | INFO | step=24600 loss=0.0003 lr=1.78e-04 elapsed=10639s
2026-09-19 09:57:48 | INFO | step=24700 loss=0.0223 lr=1.78e-04 elapsed=10672s
2026-09-19 09:58:21 | INFO | step=24800 loss=0.0059 lr=1.78e-04 elapsed=10705s
2026-09-19 09:58:54 | INFO | step=24900 loss=0.0266 lr=1.78e-04 elapsed=10739s
2026-09-19 09:59:27 | INFO | step=25000 loss=0.0001 lr=1.77e-04 elapsed=10772s
2026-09-19 09:59:41 | INFO | [eval] step=25000 dev_loss=2.0741
2026-09-19 10:01:01 | INFO |   EM on dev subset (200 samples): 5.50%
2026-09-19 10:01:34 | INFO | step=25100 loss=0.0146 lr=1.77e-04 elapsed=10898s
2026-09-19 10:02:07 | INFO | step=25200 loss=0.0172 lr=1.77e-04 elapsed=10932s
2026-09-19 10:02:41 | INFO | step=25300 loss=0.0007 lr=1.77e-04 elapsed=10965s
2026-09-19 10:03:14 | INFO | step=25400 loss=0.0308 lr=1.76e-04 elapsed=10998s
2026-09-19 10:03:47 | INFO | step=25500 loss=0.0021 lr=1.76e-04 elapsed=11031s
2026-09-19 10:04:20 | INFO | step=25600 loss=0.0001 lr=1.76e-04 elapsed=11065s
2026-09-19 10:04:54 | INFO | step=25700 loss=0.0040 lr=1.76e-04 elapsed=11098s
2026-09-19 10:05:27 | INFO | step=25800 loss=0.0069 lr=1.76e-04 elapsed=11131s
2026-09-19 10:06:00 | INFO | step=25900 loss=0.0056 lr=1.75e-04 elapsed=11165s
2026-09-19 10:06:33 | INFO | step=26000 loss=0.0009 lr=1.75e-04 elapsed=11197s
2026-09-19 10:06:47 | INFO | [eval] step=26000 dev_loss=2.0737
2026-09-19 10:08:05 | INFO |   EM on dev subset (200 samples): 6.00%
2026-09-19 10:08:38 | INFO | step=26100 loss=0.0009 lr=1.75e-04 elapsed=11322s
2026-09-19 10:09:11 | INFO | step=26200 loss=0.0264 lr=1.75e-04 elapsed=11356s
2026-09-19 10:09:45 | INFO | step=26300 loss=0.0004 lr=1.75e-04 elapsed=11389s
2026-09-19 10:10:18 | INFO | step=26400 loss=0.0001 lr=1.74e-04 elapsed=11423s
2026-09-19 10:10:52 | INFO | step=26500 loss=0.0035 lr=1.74e-04 elapsed=11456s
2026-09-19 10:11:25 | INFO | step=26600 loss=0.0011 lr=1.74e-04 elapsed=11489s
2026-09-19 10:11:58 | INFO | step=26700 loss=0.0171 lr=1.74e-04 elapsed=11523s
2026-09-19 10:12:32 | INFO | step=26800 loss=0.0015 lr=1.73e-04 elapsed=11556s
2026-09-19 10:13:05 | INFO | step=26900 loss=0.0051 lr=1.73e-04 elapsed=11589s
2026-09-19 10:13:37 | INFO | step=27000 loss=0.0002 lr=1.73e-04 elapsed=11622s
2026-09-19 10:13:51 | INFO | [eval] step=27000 dev_loss=2.0737
2026-09-19 10:15:09 | INFO |   EM on dev subset (200 samples): 6.50%
2026-09-19 10:15:27 | INFO |   -> New best model saved (dev_loss=2.0737)
2026-09-19 10:16:00 | INFO | step=27100 loss=0.0019 lr=1.73e-04 elapsed=11765s
2026-09-19 10:16:33 | INFO | step=27200 loss=0.0002 lr=1.73e-04 elapsed=11798s
2026-09-19 10:17:07 | INFO | step=27300 loss=0.0001 lr=1.72e-04 elapsed=11831s
2026-09-19 10:17:40 | INFO | step=27400 loss=0.0005 lr=1.72e-04 elapsed=11865s
2026-09-19 10:18:13 | INFO | step=27500 loss=0.0003 lr=1.72e-04 elapsed=11898s
2026-09-19 10:18:47 | INFO | step=27600 loss=0.0220 lr=1.72e-04 elapsed=11931s
2026-09-19 10:19:20 | INFO | step=27700 loss=0.0005 lr=1.71e-04 elapsed=11964s
2026-09-19 10:19:53 | INFO | step=27800 loss=0.0011 lr=1.71e-04 elapsed=11997s
2026-09-19 10:20:26 | INFO | step=27900 loss=0.0002 lr=1.71e-04 elapsed=12030s
2026-09-19 10:20:58 | INFO | step=28000 loss=0.0001 lr=1.71e-04 elapsed=12063s
2026-09-19 10:21:12 | INFO | [eval] step=28000 dev_loss=2.0732
2026-09-19 10:22:32 | INFO |   EM on dev subset (200 samples): 4.50%
2026-09-19 10:23:05 | INFO | step=28100 loss=0.0299 lr=1.70e-04 elapsed=12190s
2026-09-19 10:23:39 | INFO | step=28200 loss=0.0085 lr=1.70e-04 elapsed=12223s
2026-09-19 10:24:12 | INFO | step=28300 loss=0.0001 lr=1.70e-04 elapsed=12257s
2026-09-19 10:24:46 | INFO | step=28400 loss=0.0001 lr=1.70e-04 elapsed=12290s
2026-09-19 10:25:19 | INFO | step=28500 loss=0.0005 lr=1.70e-04 elapsed=12323s
2026-09-19 10:25:52 | INFO | step=28600 loss=0.0011 lr=1.69e-04 elapsed=12357s
2026-09-19 10:26:25 | INFO | step=28700 loss=0.0129 lr=1.69e-04 elapsed=12390s
2026-09-19 10:26:58 | INFO | step=28800 loss=0.0057 lr=1.69e-04 elapsed=12423s
2026-09-19 10:27:31 | INFO | step=28900 loss=0.0002 lr=1.69e-04 elapsed=12455s
2026-09-19 10:28:04 | INFO | step=29000 loss=0.0010 lr=1.68e-04 elapsed=12488s
2026-09-19 10:28:17 | INFO | [eval] step=29000 dev_loss=2.0730
2026-09-19 10:29:37 | INFO |   EM on dev subset (200 samples): 5.00%
2026-09-19 10:30:10 | INFO | step=29100 loss=0.0006 lr=1.68e-04 elapsed=12615s
2026-09-19 10:30:44 | INFO | step=29200 loss=0.0154 lr=1.68e-04 elapsed=12648s
2026-09-19 10:31:17 | INFO | step=29300 loss=0.0044 lr=1.68e-04 elapsed=12681s
2026-09-19 10:31:50 | INFO | step=29400 loss=0.0002 lr=1.67e-04 elapsed=12715s
2026-09-19 10:32:24 | INFO | step=29500 loss=0.0003 lr=1.67e-04 elapsed=12748s
2026-09-19 10:32:57 | INFO | step=29600 loss=0.0244 lr=1.67e-04 elapsed=12781s
2026-09-19 10:33:30 | INFO | step=29700 loss=0.0124 lr=1.67e-04 elapsed=12815s
2026-09-19 10:34:03 | INFO | step=29800 loss=0.0009 lr=1.66e-04 elapsed=12848s
2026-09-19 10:34:36 | INFO | step=29900 loss=0.0011 lr=1.66e-04 elapsed=12880s
2026-09-19 10:35:08 | INFO | step=30000 loss=0.0024 lr=1.66e-04 elapsed=12913s
2026-09-19 10:35:22 | INFO | [eval] step=30000 dev_loss=2.0732
2026-09-19 10:36:41 | INFO |   EM on dev subset (200 samples): 6.50%
2026-09-19 10:37:31 | INFO | step=30100 loss=0.0001 lr=1.66e-04 elapsed=13055s
2026-09-19 10:38:04 | INFO | step=30200 loss=0.0002 lr=1.65e-04 elapsed=13089s
2026-09-19 10:38:38 | INFO | step=30300 loss=0.0000 lr=1.65e-04 elapsed=13122s
2026-09-19 10:39:11 | INFO | step=30400 loss=0.0013 lr=1.65e-04 elapsed=13155s
2026-09-19 10:39:44 | INFO | step=30500 loss=0.0025 lr=1.65e-04 elapsed=13188s
2026-09-19 10:40:17 | INFO | step=30600 loss=0.0223 lr=1.64e-04 elapsed=13222s
2026-09-19 10:40:50 | INFO | step=30700 loss=0.0003 lr=1.64e-04 elapsed=13255s
2026-09-19 10:41:23 | INFO | step=30800 loss=0.0000 lr=1.64e-04 elapsed=13288s
2026-09-19 10:41:56 | INFO | step=30900 loss=0.0007 lr=1.64e-04 elapsed=13320s
2026-09-19 10:42:29 | INFO | step=31000 loss=0.0081 lr=1.63e-04 elapsed=13353s
2026-09-19 10:42:43 | INFO | [eval] step=31000 dev_loss=2.0732
2026-09-19 10:44:03 | INFO |   EM on dev subset (200 samples): 5.50%
2026-09-19 10:44:36 | INFO | step=31100 loss=0.0117 lr=1.63e-04 elapsed=13481s
2026-09-19 10:45:09 | INFO | step=31200 loss=0.0015 lr=1.63e-04 elapsed=13514s
2026-09-19 10:45:43 | INFO | step=31300 loss=0.0027 lr=1.63e-04 elapsed=13547s
2026-09-19 10:46:16 | INFO | step=31400 loss=0.0000 lr=1.62e-04 elapsed=13581s
2026-09-19 10:46:49 | INFO | step=31500 loss=0.0002 lr=1.62e-04 elapsed=13614s
2026-09-19 10:47:23 | INFO | step=31600 loss=0.0086 lr=1.62e-04 elapsed=13647s
2026-09-19 10:47:56 | INFO | step=31700 loss=0.0002 lr=1.62e-04 elapsed=13680s
2026-09-19 10:48:28 | INFO | step=31800 loss=0.0001 lr=1.61e-04 elapsed=13713s
2026-09-19 10:49:01 | INFO | step=31900 loss=0.0021 lr=1.61e-04 elapsed=13746s
2026-09-19 10:49:34 | INFO | step=32000 loss=0.0041 lr=1.61e-04 elapsed=13779s
2026-09-19 10:49:48 | INFO | [eval] step=32000 dev_loss=2.0727
2026-09-19 10:51:07 | INFO |   EM on dev subset (200 samples): 5.50%
2026-09-19 10:51:41 | INFO | step=32100 loss=0.0001 lr=1.61e-04 elapsed=13905s
2026-09-19 10:52:14 | INFO | step=32200 loss=0.0004 lr=1.60e-04 elapsed=13938s
2026-09-19 10:52:47 | INFO | step=32300 loss=0.0177 lr=1.60e-04 elapsed=13972s
2026-09-19 10:53:21 | INFO | step=32400 loss=0.0008 lr=1.60e-04 elapsed=14005s
2026-09-19 10:53:54 | INFO | step=32500 loss=0.0001 lr=1.60e-04 elapsed=14038s
2026-09-19 10:54:27 | INFO | step=32600 loss=0.0001 lr=1.59e-04 elapsed=14072s
2026-09-19 10:55:00 | INFO | step=32700 loss=0.0001 lr=1.59e-04 elapsed=14104s
2026-09-19 10:55:33 | INFO | step=32800 loss=0.0001 lr=1.59e-04 elapsed=14137s
2026-09-19 10:56:06 | INFO | step=32900 loss=0.0024 lr=1.59e-04 elapsed=14170s
2026-09-19 10:56:39 | INFO | step=33000 loss=0.0002 lr=1.58e-04 elapsed=14203s
2026-09-19 10:56:52 | INFO | [eval] step=33000 dev_loss=2.0728
2026-09-19 10:58:11 | INFO |   EM on dev subset (200 samples): 6.00%
2026-09-19 10:58:45 | INFO | step=33100 loss=0.0005 lr=1.58e-04 elapsed=14329s
2026-09-19 10:59:18 | INFO | step=33200 loss=0.0007 lr=1.58e-04 elapsed=14362s
2026-09-19 10:59:51 | INFO | step=33300 loss=0.0001 lr=1.57e-04 elapsed=14396s
2026-09-19 11:00:25 | INFO | step=33400 loss=0.0004 lr=1.57e-04 elapsed=14429s
2026-09-19 11:00:58 | INFO | step=33500 loss=0.0056 lr=1.57e-04 elapsed=14462s
2026-09-19 11:01:31 | INFO | step=33600 loss=0.0004 lr=1.57e-04 elapsed=14496s
2026-09-19 11:02:04 | INFO | step=33700 loss=0.0001 lr=1.56e-04 elapsed=14528s
2026-09-19 11:02:37 | INFO | step=33800 loss=0.0002 lr=1.56e-04 elapsed=14561s
2026-09-19 11:03:09 | INFO | step=33900 loss=0.0007 lr=1.56e-04 elapsed=14594s
2026-09-19 11:03:42 | INFO | step=34000 loss=0.0004 lr=1.56e-04 elapsed=14627s
2026-09-19 11:03:56 | INFO | [eval] step=34000 dev_loss=2.0734
2026-09-19 11:05:17 | INFO |   EM on dev subset (200 samples): 3.50%
2026-09-19 11:05:50 | INFO | step=34100 loss=0.0005 lr=1.55e-04 elapsed=14754s
2026-09-19 11:06:23 | INFO | step=34200 loss=0.0002 lr=1.55e-04 elapsed=14788s
2026-09-19 11:06:57 | INFO | step=34300 loss=0.0004 lr=1.55e-04 elapsed=14821s
2026-09-19 11:07:30 | INFO | step=34400 loss=0.0001 lr=1.54e-04 elapsed=14855s
2026-09-19 11:08:04 | INFO | step=34500 loss=0.0029 lr=1.54e-04 elapsed=14888s
2026-09-19 11:08:37 | INFO | step=34600 loss=0.0092 lr=1.54e-04 elapsed=14921s
2026-09-19 11:09:09 | INFO | step=34700 loss=0.0000 lr=1.54e-04 elapsed=14954s
2026-09-19 11:09:42 | INFO | step=34800 loss=0.0001 lr=1.53e-04 elapsed=14987s
2026-09-19 11:10:15 | INFO | step=34900 loss=0.0001 lr=1.53e-04 elapsed=15020s
2026-09-19 11:10:48 | INFO | step=35000 loss=0.0050 lr=1.53e-04 elapsed=15053s
2026-09-19 11:11:02 | INFO | [eval] step=35000 dev_loss=2.0735
2026-09-19 11:12:22 | INFO |   EM on dev subset (200 samples): 6.00%
2026-09-19 11:12:55 | INFO | step=35100 loss=0.0014 lr=1.53e-04 elapsed=15180s
2026-09-19 11:13:28 | INFO | step=35200 loss=0.0067 lr=1.52e-04 elapsed=15213s
2026-09-19 11:14:02 | INFO | step=35300 loss=0.0001 lr=1.52e-04 elapsed=15246s
2026-09-19 11:14:35 | INFO | step=35400 loss=0.0001 lr=1.52e-04 elapsed=15280s
2026-09-19 11:15:08 | INFO | step=35500 loss=0.0001 lr=1.51e-04 elapsed=15313s
2026-09-19 11:15:41 | INFO | step=35600 loss=0.0024 lr=1.51e-04 elapsed=15346s
2026-09-19 11:16:14 | INFO | step=35700 loss=0.0027 lr=1.51e-04 elapsed=15378s
2026-09-19 11:16:47 | INFO | step=35800 loss=0.0005 lr=1.51e-04 elapsed=15411s
2026-09-19 11:17:20 | INFO | step=35900 loss=0.0013 lr=1.50e-04 elapsed=15445s
2026-09-19 11:17:53 | INFO | step=36000 loss=0.0003 lr=1.50e-04 elapsed=15478s
2026-09-19 11:18:07 | INFO | [eval] step=36000 dev_loss=2.0728
2026-09-19 11:19:27 | INFO |   EM on dev subset (200 samples): 5.00%
2026-09-19 11:20:00 | INFO | step=36100 loss=0.0001 lr=1.50e-04 elapsed=15605s
2026-09-19 11:20:34 | INFO | step=36200 loss=0.0005 lr=1.49e-04 elapsed=15638s
2026-09-19 11:21:07 | INFO | step=36300 loss=0.0157 lr=1.49e-04 elapsed=15672s
2026-09-19 11:21:41 | INFO | step=36400 loss=0.0060 lr=1.49e-04 elapsed=15705s
2026-09-19 11:22:14 | INFO | step=36500 loss=0.0084 lr=1.49e-04 elapsed=15738s
2026-09-19 11:22:47 | INFO | step=36600 loss=0.0002 lr=1.48e-04 elapsed=15771s
2026-09-19 11:23:19 | INFO | step=36700 loss=0.0005 lr=1.48e-04 elapsed=15804s
2026-09-19 11:23:52 | INFO | step=36800 loss=0.0002 lr=1.48e-04 elapsed=15837s
2026-09-19 11:24:26 | INFO | step=36900 loss=0.0001 lr=1.47e-04 elapsed=15870s
2026-09-19 11:24:59 | INFO | step=37000 loss=0.0003 lr=1.47e-04 elapsed=15903s
2026-09-19 11:25:13 | INFO | [eval] step=37000 dev_loss=2.0729
2026-09-19 11:26:33 | INFO |   EM on dev subset (200 samples): 6.50%
2026-09-19 11:27:07 | INFO | step=37100 loss=0.0001 lr=1.47e-04 elapsed=16031s
2026-09-19 11:27:40 | INFO | step=37200 loss=0.0001 lr=1.47e-04 elapsed=16064s
2026-09-19 11:28:13 | INFO | step=37300 loss=0.0001 lr=1.46e-04 elapsed=16098s
2026-09-19 11:28:47 | INFO | step=37400 loss=0.0012 lr=1.46e-04 elapsed=16131s
2026-09-19 11:29:20 | INFO | step=37500 loss=0.0013 lr=1.46e-04 elapsed=16164s
2026-09-19 11:29:52 | INFO | step=37600 loss=0.0001 lr=1.45e-04 elapsed=16197s
2026-09-19 11:30:25 | INFO | step=37700 loss=0.0006 lr=1.45e-04 elapsed=16229s
2026-09-19 11:30:58 | INFO | step=37800 loss=0.0001 lr=1.45e-04 elapsed=16263s
2026-09-19 11:31:31 | INFO | step=37900 loss=0.0001 lr=1.45e-04 elapsed=16296s
2026-09-19 11:32:05 | INFO | step=38000 loss=0.0002 lr=1.44e-04 elapsed=16329s
2026-09-19 11:32:18 | INFO | [eval] step=38000 dev_loss=2.0737
2026-09-19 11:33:39 | INFO |   EM on dev subset (200 samples): 6.50%
2026-09-19 11:34:12 | INFO | step=38100 loss=0.0010 lr=1.44e-04 elapsed=16457s
2026-09-19 11:34:46 | INFO | step=38200 loss=0.0001 lr=1.44e-04 elapsed=16490s
2026-09-19 11:35:19 | INFO | step=38300 loss=0.0001 lr=1.43e-04 elapsed=16524s
2026-09-19 11:35:52 | INFO | step=38400 loss=0.0001 lr=1.43e-04 elapsed=16557s
2026-09-19 11:36:25 | INFO | step=38500 loss=0.0007 lr=1.43e-04 elapsed=16590s
2026-09-19 11:36:58 | INFO | step=38600 loss=0.0001 lr=1.42e-04 elapsed=16622s
2026-09-19 11:37:31 | INFO | step=38700 loss=0.0001 lr=1.42e-04 elapsed=16655s
2026-09-19 11:38:04 | INFO | step=38800 loss=0.0002 lr=1.42e-04 elapsed=16689s
2026-09-19 11:38:37 | INFO | step=38900 loss=0.0001 lr=1.42e-04 elapsed=16722s
2026-09-19 11:39:11 | INFO | step=39000 loss=0.0159 lr=1.41e-04 elapsed=16755s
2026-09-19 11:39:24 | INFO | [eval] step=39000 dev_loss=2.0738
2026-09-19 11:40:46 | INFO |   EM on dev subset (200 samples): 6.00%
2026-09-19 11:41:19 | INFO | step=39100 loss=0.0001 lr=1.41e-04 elapsed=16884s
2026-09-19 11:41:53 | INFO | step=39200 loss=0.0000 lr=1.41e-04 elapsed=16917s
2026-09-19 11:42:26 | INFO | step=39300 loss=0.0001 lr=1.40e-04 elapsed=16951s
2026-09-19 11:42:59 | INFO | step=39400 loss=0.0072 lr=1.40e-04 elapsed=16984s
2026-09-19 11:43:32 | INFO | step=39500 loss=0.0003 lr=1.40e-04 elapsed=17016s
2026-09-19 11:44:05 | INFO | step=39600 loss=0.0030 lr=1.39e-04 elapsed=17049s
2026-09-19 11:44:38 | INFO | step=39700 loss=0.0000 lr=1.39e-04 elapsed=17082s
2026-09-19 11:45:11 | INFO | step=39800 loss=0.0107 lr=1.39e-04 elapsed=17115s
2026-09-19 11:45:44 | INFO | step=39900 loss=0.0001 lr=1.39e-04 elapsed=17148s
2026-09-19 11:46:17 | INFO | step=40000 loss=0.0007 lr=1.38e-04 elapsed=17182s
2026-09-19 11:46:31 | INFO | [eval] step=40000 dev_loss=2.0737
2026-09-19 11:47:51 | INFO |   EM on dev subset (200 samples): 6.00%
2026-09-19 11:48:41 | INFO | step=40100 loss=0.0002 lr=1.38e-04 elapsed=17326s
2026-09-19 11:49:15 | INFO | step=40200 loss=0.0001 lr=1.38e-04 elapsed=17359s
2026-09-19 11:49:48 | INFO | step=40300 loss=0.0001 lr=1.37e-04 elapsed=17393s
2026-09-19 11:50:21 | INFO | step=40400 loss=0.0044 lr=1.37e-04 elapsed=17426s
2026-09-19 11:50:54 | INFO | step=40500 loss=0.0005 lr=1.37e-04 elapsed=17458s
2026-09-19 11:51:27 | INFO | step=40600 loss=0.0005 lr=1.36e-04 elapsed=17491s
2026-09-19 11:52:00 | INFO | step=40700 loss=0.0000 lr=1.36e-04 elapsed=17524s
2026-09-19 11:52:33 | INFO | step=40800 loss=0.0015 lr=1.36e-04 elapsed=17558s
2026-09-19 11:53:07 | INFO | step=40900 loss=0.0171 lr=1.36e-04 elapsed=17591s
2026-09-19 11:53:40 | INFO | step=41000 loss=0.0000 lr=1.35e-04 elapsed=17624s
2026-09-19 11:53:54 | INFO | [eval] step=41000 dev_loss=2.0731
2026-09-19 11:55:15 | INFO |   EM on dev subset (200 samples): 6.50%
2026-09-19 11:55:49 | INFO | step=41100 loss=0.0000 lr=1.35e-04 elapsed=17753s
2026-09-19 11:56:22 | INFO | step=41200 loss=0.0002 lr=1.35e-04 elapsed=17787s
2026-09-19 11:56:55 | INFO | step=41300 loss=0.0001 lr=1.34e-04 elapsed=17820s
2026-09-19 11:57:28 | INFO | step=41400 loss=0.0114 lr=1.34e-04 elapsed=17852s
2026-09-19 11:58:01 | INFO | step=41500 loss=0.0000 lr=1.34e-04 elapsed=17885s
2026-09-19 11:58:34 | INFO | step=41600 loss=0.0000 lr=1.33e-04 elapsed=17918s
2026-09-19 11:59:07 | INFO | step=41700 loss=0.0001 lr=1.33e-04 elapsed=17952s
2026-09-19 11:59:41 | INFO | step=41800 loss=0.0000 lr=1.33e-04 elapsed=17985s
2026-09-19 12:00:14 | INFO | step=41900 loss=0.0006 lr=1.32e-04 elapsed=18019s
2026-09-19 12:00:47 | INFO | step=42000 loss=0.0001 lr=1.32e-04 elapsed=18052s
2026-09-19 12:01:01 | INFO | [eval] step=42000 dev_loss=2.0730
2026-09-19 12:02:22 | INFO |   EM on dev subset (200 samples): 6.50%
2026-09-19 12:02:55 | INFO | step=42100 loss=0.0145 lr=1.32e-04 elapsed=18180s
2026-09-19 12:03:29 | INFO | step=42200 loss=0.0002 lr=1.32e-04 elapsed=18213s
2026-09-19 12:04:02 | INFO | step=42300 loss=0.0000 lr=1.31e-04 elapsed=18246s
2026-09-19 12:04:34 | INFO | step=42400 loss=0.0300 lr=1.31e-04 elapsed=18279s
2026-09-19 12:05:07 | INFO | step=42500 loss=0.0014 lr=1.31e-04 elapsed=18311s
2026-09-19 12:05:40 | INFO | step=42600 loss=0.0001 lr=1.30e-04 elapsed=18345s
2026-09-19 12:06:13 | INFO | step=42700 loss=0.0000 lr=1.30e-04 elapsed=18378s
2026-09-19 12:06:47 | INFO | step=42800 loss=0.0000 lr=1.30e-04 elapsed=18411s
2026-09-19 12:07:20 | INFO | step=42900 loss=0.0001 lr=1.29e-04 elapsed=18444s
2026-09-19 12:07:53 | INFO | step=43000 loss=0.0001 lr=1.29e-04 elapsed=18478s
2026-09-19 12:08:07 | INFO | [eval] step=43000 dev_loss=2.0728
2026-09-19 12:09:28 | INFO |   EM on dev subset (200 samples): 6.50%
2026-09-19 12:10:01 | INFO | step=43100 loss=0.0322 lr=1.29e-04 elapsed=18605s
2026-09-19 12:10:34 | INFO | step=43200 loss=0.0002 lr=1.28e-04 elapsed=18639s
2026-09-19 12:11:07 | INFO | step=43300 loss=0.0000 lr=1.28e-04 elapsed=18672s
2026-09-19 12:11:40 | INFO | step=43400 loss=0.0000 lr=1.28e-04 elapsed=18704s
2026-09-19 12:12:13 | INFO | step=43500 loss=0.0001 lr=1.27e-04 elapsed=18738s
2026-09-19 12:12:46 | INFO | step=43600 loss=0.0000 lr=1.27e-04 elapsed=18771s
2026-09-19 12:13:20 | INFO | step=43700 loss=0.0001 lr=1.27e-04 elapsed=18804s
2026-09-19 12:13:53 | INFO | step=43800 loss=0.0000 lr=1.27e-04 elapsed=18837s
2026-09-19 12:14:26 | INFO | step=43900 loss=0.0000 lr=1.26e-04 elapsed=18871s
2026-09-19 12:15:00 | INFO | step=44000 loss=0.0001 lr=1.26e-04 elapsed=18904s
2026-09-19 12:15:13 | INFO | [eval] step=44000 dev_loss=2.0735
2026-09-19 12:16:34 | INFO |   EM on dev subset (200 samples): 5.50%
2026-09-19 12:17:08 | INFO | step=44100 loss=0.0000 lr=1.26e-04 elapsed=19032s
2026-09-19 12:17:41 | INFO | step=44200 loss=0.0036 lr=1.25e-04 elapsed=19065s
2026-09-19 12:18:13 | INFO | step=44300 loss=0.0000 lr=1.25e-04 elapsed=19098s
2026-09-19 12:18:46 | INFO | step=44400 loss=0.0002 lr=1.25e-04 elapsed=19131s
2026-09-19 12:19:20 | INFO | step=44500 loss=0.0082 lr=1.24e-04 elapsed=19164s
2026-09-19 12:19:53 | INFO | step=44600 loss=0.0001 lr=1.24e-04 elapsed=19197s
2026-09-19 12:20:26 | INFO | step=44700 loss=0.0053 lr=1.24e-04 elapsed=19230s
2026-09-19 12:20:59 | INFO | step=44800 loss=0.0019 lr=1.23e-04 elapsed=19264s
2026-09-19 12:21:33 | INFO | step=44900 loss=0.0001 lr=1.23e-04 elapsed=19297s
2026-09-19 12:22:06 | INFO | step=45000 loss=0.0001 lr=1.23e-04 elapsed=19330s
2026-09-19 12:22:20 | INFO | [eval] step=45000 dev_loss=2.0732
2026-09-19 12:23:40 | INFO |   EM on dev subset (200 samples): 7.00%
2026-09-19 12:23:57 | INFO |   -> New best model saved (dev_loss=2.0732)
2026-09-19 12:24:31 | INFO | step=45100 loss=0.0006 lr=1.22e-04 elapsed=19475s
2026-09-19 12:25:04 | INFO | step=45200 loss=0.0000 lr=1.22e-04 elapsed=19508s
2026-09-19 12:25:37 | INFO | step=45300 loss=0.0002 lr=1.22e-04 elapsed=19541s
2026-09-19 12:26:10 | INFO | step=45400 loss=0.0017 lr=1.21e-04 elapsed=19575s
2026-09-19 12:26:43 | INFO | step=45500 loss=0.0007 lr=1.21e-04 elapsed=19608s
2026-09-19 12:27:17 | INFO | step=45600 loss=0.0000 lr=1.21e-04 elapsed=19641s
2026-09-19 12:27:50 | INFO | step=45700 loss=0.0001 lr=1.20e-04 elapsed=19674s
2026-09-19 12:28:23 | INFO | step=45800 loss=0.0000 lr=1.20e-04 elapsed=19708s
2026-09-19 12:28:57 | INFO | step=45900 loss=0.0000 lr=1.20e-04 elapsed=19741s
2026-09-19 12:29:30 | INFO | step=46000 loss=0.0002 lr=1.20e-04 elapsed=19774s
2026-09-19 12:29:44 | INFO | [eval] step=46000 dev_loss=2.0735
2026-09-19 12:31:04 | INFO |   EM on dev subset (200 samples): 7.00%
2026-09-19 12:31:37 | INFO | step=46100 loss=0.0015 lr=1.19e-04 elapsed=19901s
2026-09-19 12:32:10 | INFO | step=46200 loss=0.0000 lr=1.19e-04 elapsed=19934s
2026-09-19 12:32:43 | INFO | step=46300 loss=0.0000 lr=1.19e-04 elapsed=19967s
2026-09-19 12:33:16 | INFO | step=46400 loss=0.0047 lr=1.18e-04 elapsed=20000s
2026-09-19 12:33:49 | INFO | step=46500 loss=0.0000 lr=1.18e-04 elapsed=20034s
2026-09-19 12:34:22 | INFO | step=46600 loss=0.0000 lr=1.18e-04 elapsed=20067s
2026-09-19 12:34:56 | INFO | step=46700 loss=0.0000 lr=1.17e-04 elapsed=20100s
2026-09-19 12:35:29 | INFO | step=46800 loss=0.0001 lr=1.17e-04 elapsed=20133s
2026-09-19 12:36:02 | INFO | step=46900 loss=0.0002 lr=1.17e-04 elapsed=20166s
2026-09-19 12:36:35 | INFO | step=47000 loss=0.0002 lr=1.16e-04 elapsed=20200s
2026-09-19 12:36:49 | INFO | [eval] step=47000 dev_loss=2.0733
2026-09-19 12:38:08 | INFO |   EM on dev subset (200 samples): 6.00%
2026-09-19 12:38:40 | INFO | step=47100 loss=0.0003 lr=1.16e-04 elapsed=20325s
2026-09-19 12:39:13 | INFO | step=47200 loss=0.0001 lr=1.16e-04 elapsed=20358s
2026-09-19 12:39:46 | INFO | step=47300 loss=0.0001 lr=1.15e-04 elapsed=20391s
2026-09-19 12:40:20 | INFO | step=47400 loss=0.0005 lr=1.15e-04 elapsed=20424s
2026-09-19 12:40:53 | INFO | step=47500 loss=0.0020 lr=1.15e-04 elapsed=20458s
2026-09-19 12:41:27 | INFO | step=47600 loss=0.0158 lr=1.14e-04 elapsed=20491s
2026-09-19 12:42:00 | INFO | step=47700 loss=0.0000 lr=1.14e-04 elapsed=20524s
2026-09-19 12:42:33 | INFO | step=47800 loss=0.0000 lr=1.14e-04 elapsed=20558s
2026-09-19 12:43:07 | INFO | step=47900 loss=0.0052 lr=1.13e-04 elapsed=20591s
2026-09-19 12:43:40 | INFO | step=48000 loss=0.0025 lr=1.13e-04 elapsed=20624s
2026-09-19 12:43:54 | INFO | [eval] step=48000 dev_loss=2.0732
2026-09-19 12:45:14 | INFO |   EM on dev subset (200 samples): 7.00%
2026-09-19 12:45:47 | INFO | step=48100 loss=0.0000 lr=1.13e-04 elapsed=20751s
2026-09-19 12:46:20 | INFO | step=48200 loss=0.0032 lr=1.12e-04 elapsed=20784s
2026-09-19 12:46:53 | INFO | step=48300 loss=0.0001 lr=1.12e-04 elapsed=20817s
2026-09-19 12:47:26 | INFO | step=48400 loss=0.0001 lr=1.12e-04 elapsed=20851s
2026-09-19 12:48:00 | INFO | step=48500 loss=0.0001 lr=1.11e-04 elapsed=20884s
2026-09-19 12:48:33 | INFO | step=48600 loss=0.0001 lr=1.11e-04 elapsed=20917s
2026-09-19 12:49:06 | INFO | step=48700 loss=0.0001 lr=1.11e-04 elapsed=20951s
2026-09-19 12:49:39 | INFO | step=48800 loss=0.0000 lr=1.10e-04 elapsed=20984s
2026-09-19 12:50:13 | INFO | step=48900 loss=0.0015 lr=1.10e-04 elapsed=21017s
2026-09-19 12:50:46 | INFO | step=49000 loss=0.0000 lr=1.10e-04 elapsed=21050s
2026-09-19 12:51:00 | INFO | [eval] step=49000 dev_loss=2.0732
2026-09-19 12:52:20 | INFO |   EM on dev subset (200 samples): 5.50%
2026-09-19 12:52:53 | INFO | step=49100 loss=0.0001 lr=1.09e-04 elapsed=21178s
2026-09-19 12:53:26 | INFO | step=49200 loss=0.0002 lr=1.09e-04 elapsed=21210s
2026-09-19 12:53:59 | INFO | step=49300 loss=0.0001 lr=1.09e-04 elapsed=21244s
2026-09-19 12:54:33 | INFO | step=49400 loss=0.0014 lr=1.08e-04 elapsed=21277s
2026-09-19 12:55:06 | INFO | step=49500 loss=0.0000 lr=1.08e-04 elapsed=21310s
2026-09-19 12:55:39 | INFO | step=49600 loss=0.0000 lr=1.08e-04 elapsed=21344s
2026-09-19 12:56:13 | INFO | step=49700 loss=0.0000 lr=1.08e-04 elapsed=21377s
2026-09-19 12:56:46 | INFO | step=49800 loss=0.0000 lr=1.07e-04 elapsed=21410s
2026-09-19 12:57:19 | INFO | step=49900 loss=0.0000 lr=1.07e-04 elapsed=21444s
2026-09-19 12:57:53 | INFO | step=50000 loss=0.0000 lr=1.07e-04 elapsed=21477s
2026-09-19 12:58:06 | INFO | [eval] step=50000 dev_loss=2.0730
2026-09-19 12:59:27 | INFO |   EM on dev subset (200 samples): 6.00%
2026-09-19 13:00:17 | INFO | step=50100 loss=0.0000 lr=1.06e-04 elapsed=21621s
2026-09-19 13:00:50 | INFO | step=50200 loss=0.0001 lr=1.06e-04 elapsed=21655s
2026-09-19 13:01:24 | INFO | step=50300 loss=0.0000 lr=1.06e-04 elapsed=21688s
2026-09-19 13:01:57 | INFO | step=50400 loss=0.0001 lr=1.05e-04 elapsed=21721s
2026-09-19 13:02:30 | INFO | step=50500 loss=0.0001 lr=1.05e-04 elapsed=21754s
2026-09-19 13:03:03 | INFO | step=50600 loss=0.0234 lr=1.05e-04 elapsed=21788s
2026-09-19 13:03:36 | INFO | step=50700 loss=0.0002 lr=1.04e-04 elapsed=21821s
2026-09-19 13:04:10 | INFO | step=50800 loss=0.0009 lr=1.04e-04 elapsed=21854s
2026-09-19 13:04:43 | INFO | step=50900 loss=0.0001 lr=1.04e-04 elapsed=21887s
2026-09-19 13:05:16 | INFO | step=51000 loss=0.0010 lr=1.03e-04 elapsed=21920s
2026-09-19 13:05:30 | INFO | [eval] step=51000 dev_loss=2.0730
2026-09-19 13:06:50 | INFO |   EM on dev subset (200 samples): 6.50%
2026-09-19 13:07:23 | INFO | step=51100 loss=0.0003 lr=1.03e-04 elapsed=22047s
2026-09-19 13:07:56 | INFO | step=51200 loss=0.0000 lr=1.03e-04 elapsed=22080s
2026-09-19 13:08:29 | INFO | step=51300 loss=0.0000 lr=1.02e-04 elapsed=22113s
2026-09-19 13:09:02 | INFO | step=51400 loss=0.0010 lr=1.02e-04 elapsed=22146s
2026-09-19 13:09:34 | INFO | step=51500 loss=0.0001 lr=1.02e-04 elapsed=22179s
2026-09-19 13:10:07 | INFO | step=51600 loss=0.0000 lr=1.01e-04 elapsed=22212s
2026-09-19 13:10:40 | INFO | step=51700 loss=0.0000 lr=1.01e-04 elapsed=22244s
2026-09-19 13:11:12 | INFO | step=51800 loss=0.0001 lr=1.01e-04 elapsed=22277s
2026-09-19 13:11:45 | INFO | step=51900 loss=0.0000 lr=1.00e-04 elapsed=22310s
2026-09-19 13:12:18 | INFO | step=52000 loss=0.0000 lr=1.00e-04 elapsed=22342s
2026-09-19 13:12:31 | INFO | [eval] step=52000 dev_loss=2.0733
2026-09-19 13:13:52 | INFO |   EM on dev subset (200 samples): 6.00%
2026-09-19 13:14:25 | INFO | step=52100 loss=0.0000 lr=9.97e-05 elapsed=22469s
2026-09-19 13:14:58 | INFO | step=52200 loss=0.0001 lr=9.93e-05 elapsed=22502s
2026-09-19 13:15:30 | INFO | step=52300 loss=0.0001 lr=9.90e-05 elapsed=22535s
2026-09-19 13:16:03 | INFO | step=52400 loss=0.0001 lr=9.87e-05 elapsed=22567s
2026-09-19 13:16:36 | INFO | step=52500 loss=0.0001 lr=9.84e-05 elapsed=22600s
2026-09-19 13:17:08 | INFO | step=52600 loss=0.0000 lr=9.80e-05 elapsed=22633s
2026-09-19 13:17:41 | INFO | step=52700 loss=0.0000 lr=9.77e-05 elapsed=22665s
2026-09-19 13:18:13 | INFO | step=52800 loss=0.0000 lr=9.74e-05 elapsed=22698s
2026-09-19 13:18:46 | INFO | step=52900 loss=0.0000 lr=9.71e-05 elapsed=22730s
2026-09-19 13:19:18 | INFO | step=53000 loss=0.0001 lr=9.67e-05 elapsed=22763s
2026-09-19 13:19:32 | INFO | [eval] step=53000 dev_loss=2.0732
2026-09-19 13:20:50 | INFO |   EM on dev subset (200 samples): 6.00%
2026-09-19 13:21:23 | INFO | step=53100 loss=0.0009 lr=9.64e-05 elapsed=22887s
2026-09-19 13:21:56 | INFO | step=53200 loss=0.0067 lr=9.61e-05 elapsed=22920s
2026-09-19 13:22:29 | INFO | step=53300 loss=0.0000 lr=9.57e-05 elapsed=22953s
2026-09-19 13:23:02 | INFO | step=53400 loss=0.0003 lr=9.54e-05 elapsed=22986s
2026-09-19 13:23:35 | INFO | step=53500 loss=0.0001 lr=9.51e-05 elapsed=23019s
2026-09-19 13:24:08 | INFO | step=53600 loss=0.0000 lr=9.48e-05 elapsed=23052s
2026-09-19 13:24:41 | INFO | step=53700 loss=0.0000 lr=9.44e-05 elapsed=23085s
2026-09-19 13:25:14 | INFO | step=53800 loss=0.0048 lr=9.41e-05 elapsed=23118s
2026-09-19 13:25:47 | INFO | step=53900 loss=0.0015 lr=9.38e-05 elapsed=23151s
2026-09-19 13:26:20 | INFO | step=54000 loss=0.0000 lr=9.35e-05 elapsed=23184s
2026-09-19 13:26:33 | INFO | [eval] step=54000 dev_loss=2.0731
2026-09-19 13:27:54 | INFO |   EM on dev subset (200 samples): 7.00%
2026-09-19 13:28:27 | INFO | step=54100 loss=0.0000 lr=9.31e-05 elapsed=23311s
2026-09-19 13:29:00 | INFO | step=54200 loss=0.0014 lr=9.28e-05 elapsed=23344s
2026-09-19 13:29:33 | INFO | step=54300 loss=0.0045 lr=9.25e-05 elapsed=23377s
2026-09-19 13:30:06 | INFO | step=54400 loss=0.0001 lr=9.22e-05 elapsed=23411s
2026-09-19 13:30:39 | INFO | step=54500 loss=0.0001 lr=9.18e-05 elapsed=23443s
2026-09-19 13:31:12 | INFO | step=54600 loss=0.0006 lr=9.15e-05 elapsed=23476s
2026-09-19 13:31:44 | INFO | step=54700 loss=0.0000 lr=9.12e-05 elapsed=23509s
2026-09-19 13:32:17 | INFO | step=54800 loss=0.0004 lr=9.08e-05 elapsed=23541s
2026-09-19 13:32:50 | INFO | step=54900 loss=0.0001 lr=9.05e-05 elapsed=23574s
2026-09-19 13:33:22 | INFO | step=55000 loss=0.0000 lr=9.02e-05 elapsed=23607s
2026-09-19 13:33:36 | INFO | [eval] step=55000 dev_loss=2.0729
2026-09-19 13:34:55 | INFO |   EM on dev subset (200 samples): 7.00%
2026-09-19 13:35:28 | INFO | step=55100 loss=0.0001 lr=8.99e-05 elapsed=23733s
2026-09-19 13:36:01 | INFO | step=55200 loss=0.0004 lr=8.95e-05 elapsed=23765s
2026-09-19 13:36:34 | INFO | step=55300 loss=0.0000 lr=8.92e-05 elapsed=23798s
2026-09-19 13:37:06 | INFO | step=55400 loss=0.0000 lr=8.89e-05 elapsed=23831s
2026-09-19 13:37:39 | INFO | step=55500 loss=0.0000 lr=8.86e-05 elapsed=23863s
2026-09-19 13:38:12 | INFO | step=55600 loss=0.0001 lr=8.82e-05 elapsed=23896s
2026-09-19 13:38:44 | INFO | step=55700 loss=0.0000 lr=8.79e-05 elapsed=23929s
2026-09-19 13:39:17 | INFO | step=55800 loss=0.0001 lr=8.76e-05 elapsed=23961s
2026-09-19 13:39:50 | INFO | step=55900 loss=0.0034 lr=8.73e-05 elapsed=23994s
2026-09-19 13:40:22 | INFO | step=56000 loss=0.0022 lr=8.69e-05 elapsed=24027s
2026-09-19 13:40:36 | INFO | [eval] step=56000 dev_loss=2.0731
2026-09-19 13:41:56 | INFO |   EM on dev subset (200 samples): 7.00%
2026-09-19 13:42:28 | INFO | step=56100 loss=0.0001 lr=8.66e-05 elapsed=24153s
2026-09-19 13:43:01 | INFO | step=56200 loss=0.0051 lr=8.63e-05 elapsed=24186s
2026-09-19 13:43:34 | INFO | step=56300 loss=0.0000 lr=8.60e-05 elapsed=24218s
2026-09-19 13:44:07 | INFO | step=56400 loss=0.0001 lr=8.57e-05 elapsed=24251s
2026-09-19 13:44:39 | INFO | step=56500 loss=0.0000 lr=8.53e-05 elapsed=24284s
2026-09-19 13:45:12 | INFO | step=56600 loss=0.0000 lr=8.50e-05 elapsed=24316s
2026-09-19 13:45:44 | INFO | step=56700 loss=0.0001 lr=8.47e-05 elapsed=24349s
2026-09-19 13:46:17 | INFO | step=56800 loss=0.0018 lr=8.44e-05 elapsed=24381s
2026-09-19 13:46:49 | INFO | step=56900 loss=0.0007 lr=8.40e-05 elapsed=24414s
2026-09-19 13:47:22 | INFO | step=57000 loss=0.0000 lr=8.37e-05 elapsed=24446s
2026-09-19 13:47:36 | INFO | [eval] step=57000 dev_loss=2.0729
2026-09-19 13:48:55 | INFO |   EM on dev subset (200 samples): 6.50%
2026-09-19 13:49:28 | INFO | step=57100 loss=0.0000 lr=8.34e-05 elapsed=24572s
2026-09-19 13:50:01 | INFO | step=57200 loss=0.0000 lr=8.31e-05 elapsed=24605s
2026-09-19 13:50:33 | INFO | step=57300 loss=0.0224 lr=8.27e-05 elapsed=24638s
2026-09-19 13:51:06 | INFO | step=57400 loss=0.0024 lr=8.24e-05 elapsed=24670s
2026-09-19 13:51:39 | INFO | step=57500 loss=0.0000 lr=8.21e-05 elapsed=24703s
2026-09-19 13:52:11 | INFO | step=57600 loss=0.0000 lr=8.18e-05 elapsed=24736s
2026-09-19 13:52:44 | INFO | step=57700 loss=0.0000 lr=8.15e-05 elapsed=24768s
2026-09-19 13:53:16 | INFO | step=57800 loss=0.0000 lr=8.11e-05 elapsed=24801s
2026-09-19 13:53:49 | INFO | step=57900 loss=0.0000 lr=8.08e-05 elapsed=24833s
2026-09-19 13:54:21 | INFO | step=58000 loss=0.0000 lr=8.05e-05 elapsed=24866s
2026-09-19 13:54:35 | INFO | [eval] step=58000 dev_loss=2.0731
2026-09-19 13:55:54 | INFO |   EM on dev subset (200 samples): 6.00%
2026-09-19 13:56:27 | INFO | step=58100 loss=0.0000 lr=8.02e-05 elapsed=24991s
2026-09-19 13:57:00 | INFO | step=58200 loss=0.0005 lr=7.98e-05 elapsed=25024s
2026-09-19 13:57:33 | INFO | step=58300 loss=0.0000 lr=7.95e-05 elapsed=25057s
2026-09-19 13:58:05 | INFO | step=58400 loss=0.0001 lr=7.92e-05 elapsed=25090s
2026-09-19 13:58:38 | INFO | step=58500 loss=0.0001 lr=7.89e-05 elapsed=25123s
2026-09-19 13:59:11 | INFO | step=58600 loss=0.0000 lr=7.86e-05 elapsed=25155s
2026-09-19 13:59:43 | INFO | step=58700 loss=0.0000 lr=7.82e-05 elapsed=25188s
2026-09-19 14:00:16 | INFO | step=58800 loss=0.0001 lr=7.79e-05 elapsed=25220s
2026-09-19 14:00:49 | INFO | step=58900 loss=0.0001 lr=7.76e-05 elapsed=25253s
2026-09-19 14:01:21 | INFO | step=59000 loss=0.0000 lr=7.73e-05 elapsed=25286s
2026-09-19 14:01:35 | INFO | [eval] step=59000 dev_loss=2.0730
2026-09-19 14:02:55 | INFO |   EM on dev subset (200 samples): 6.50%
2026-09-19 14:03:27 | INFO | step=59100 loss=0.0001 lr=7.70e-05 elapsed=25412s
2026-09-19 14:04:00 | INFO | step=59200 loss=0.0000 lr=7.67e-05 elapsed=25445s
2026-09-19 14:04:33 | INFO | step=59300 loss=0.0000 lr=7.63e-05 elapsed=25477s
2026-09-19 14:05:05 | INFO | step=59400 loss=0.0000 lr=7.60e-05 elapsed=25510s
2026-09-19 14:05:38 | INFO | step=59500 loss=0.0121 lr=7.57e-05 elapsed=25543s
2026-09-19 14:06:11 | INFO | step=59600 loss=0.0000 lr=7.54e-05 elapsed=25575s
2026-09-19 14:06:44 | INFO | step=59700 loss=0.0000 lr=7.51e-05 elapsed=25608s
2026-09-19 14:07:16 | INFO | step=59800 loss=0.0000 lr=7.48e-05 elapsed=25641s
2026-09-19 14:07:49 | INFO | step=59900 loss=0.0003 lr=7.44e-05 elapsed=25673s
2026-09-19 14:08:22 | INFO | step=60000 loss=0.0000 lr=7.41e-05 elapsed=25706s
2026-09-19 14:08:35 | INFO | [eval] step=60000 dev_loss=2.0729
2026-09-19 14:09:55 | INFO |   EM on dev subset (200 samples): 7.00%
2026-09-19 14:10:45 | INFO | step=60100 loss=0.0000 lr=7.38e-05 elapsed=25850s
2026-09-19 14:11:18 | INFO | step=60200 loss=0.0000 lr=7.35e-05 elapsed=25882s
2026-09-19 14:11:51 | INFO | step=60300 loss=0.0000 lr=7.32e-05 elapsed=25915s
2026-09-19 14:12:24 | INFO | step=60400 loss=0.0000 lr=7.29e-05 elapsed=25948s
2026-09-19 14:12:57 | INFO | step=60500 loss=0.0000 lr=7.25e-05 elapsed=25981s
2026-09-19 14:13:29 | INFO | step=60600 loss=0.0000 lr=7.22e-05 elapsed=26014s
2026-09-19 14:14:02 | INFO | step=60700 loss=0.0000 lr=7.19e-05 elapsed=26046s
2026-09-19 14:14:34 | INFO | step=60800 loss=0.0000 lr=7.16e-05 elapsed=26079s
2026-09-19 14:15:07 | INFO | step=60900 loss=0.0000 lr=7.13e-05 elapsed=26112s
2026-09-19 14:15:40 | INFO | step=61000 loss=0.0001 lr=7.10e-05 elapsed=26144s
2026-09-19 14:15:54 | INFO | [eval] step=61000 dev_loss=2.0728
2026-09-19 14:17:13 | INFO |   EM on dev subset (200 samples): 7.00%
2026-09-19 14:17:46 | INFO | step=61100 loss=0.0000 lr=7.07e-05 elapsed=26271s
2026-09-19 14:18:19 | INFO | step=61200 loss=0.0000 lr=7.03e-05 elapsed=26303s
2026-09-19 14:18:52 | INFO | step=61300 loss=0.0000 lr=7.00e-05 elapsed=26336s
2026-09-19 14:19:25 | INFO | step=61400 loss=0.0000 lr=6.97e-05 elapsed=26369s
2026-09-19 14:19:57 | INFO | step=61500 loss=0.0000 lr=6.94e-05 elapsed=26402s
2026-09-19 14:20:30 | INFO | step=61600 loss=0.0001 lr=6.91e-05 elapsed=26435s
2026-09-19 14:21:03 | INFO | step=61700 loss=0.0000 lr=6.88e-05 elapsed=26467s
2026-09-19 14:21:36 | INFO | step=61800 loss=0.0000 lr=6.85e-05 elapsed=26500s
2026-09-19 14:22:08 | INFO | step=61900 loss=0.0000 lr=6.82e-05 elapsed=26533s
2026-09-19 14:22:41 | INFO | step=62000 loss=0.0000 lr=6.79e-05 elapsed=26565s
2026-09-19 14:22:55 | INFO | [eval] step=62000 dev_loss=2.0728
2026-09-19 14:24:14 | INFO |   EM on dev subset (200 samples): 7.00%
2026-09-19 14:24:47 | INFO | step=62100 loss=0.0000 lr=6.75e-05 elapsed=26692s
2026-09-19 14:25:20 | INFO | step=62200 loss=0.0000 lr=6.72e-05 elapsed=26725s
2026-09-19 14:25:53 | INFO | step=62300 loss=0.0000 lr=6.69e-05 elapsed=26757s
2026-09-19 14:26:26 | INFO | step=62400 loss=0.0001 lr=6.66e-05 elapsed=26790s
2026-09-19 14:26:58 | INFO | step=62500 loss=0.0000 lr=6.63e-05 elapsed=26823s
2026-09-19 14:27:31 | INFO | step=62600 loss=0.0000 lr=6.60e-05 elapsed=26856s
2026-09-19 14:28:04 | INFO | step=62700 loss=0.0000 lr=6.57e-05 elapsed=26888s
2026-09-19 14:28:37 | INFO | step=62800 loss=0.0000 lr=6.54e-05 elapsed=26922s
2026-09-19 14:29:10 | INFO | step=62900 loss=0.0000 lr=6.51e-05 elapsed=26954s
2026-09-19 14:29:43 | INFO | step=63000 loss=0.0000 lr=6.48e-05 elapsed=26987s
2026-09-19 14:29:56 | INFO | [eval] step=63000 dev_loss=2.0729
2026-09-19 14:31:16 | INFO |   EM on dev subset (200 samples): 7.00%
2026-09-19 14:31:49 | INFO | step=63100 loss=0.0000 lr=6.45e-05 elapsed=27114s
2026-09-19 14:32:22 | INFO | step=63200 loss=0.0000 lr=6.42e-05 elapsed=27146s
2026-09-19 14:32:55 | INFO | step=63300 loss=0.0000 lr=6.39e-05 elapsed=27179s
2026-09-19 14:33:28 | INFO | step=63400 loss=0.0001 lr=6.36e-05 elapsed=27212s
2026-09-19 14:34:00 | INFO | step=63500 loss=0.0063 lr=6.32e-05 elapsed=27245s
2026-09-19 14:34:33 | INFO | step=63600 loss=0.0000 lr=6.29e-05 elapsed=27278s
2026-09-19 14:35:06 | INFO | step=63700 loss=0.0000 lr=6.26e-05 elapsed=27310s
2026-09-19 14:35:39 | INFO | step=63800 loss=0.0001 lr=6.23e-05 elapsed=27343s
2026-09-19 14:36:11 | INFO | step=63900 loss=0.0001 lr=6.20e-05 elapsed=27376s
2026-09-19 14:36:44 | INFO | step=64000 loss=0.0000 lr=6.17e-05 elapsed=27409s
2026-09-19 14:36:58 | INFO | [eval] step=64000 dev_loss=2.0729
2026-09-19 14:38:17 | INFO |   EM on dev subset (200 samples): 6.50%
2026-09-19 14:38:49 | INFO | step=64100 loss=0.0000 lr=6.14e-05 elapsed=27534s
2026-09-19 14:39:22 | INFO | step=64200 loss=0.0000 lr=6.11e-05 elapsed=27567s
2026-09-19 14:39:55 | INFO | step=64300 loss=0.0000 lr=6.08e-05 elapsed=27599s
2026-09-19 14:40:28 | INFO | step=64400 loss=0.0001 lr=6.05e-05 elapsed=27632s
2026-09-19 14:41:00 | INFO | step=64500 loss=0.0000 lr=6.02e-05 elapsed=27665s
2026-09-19 14:41:33 | INFO | step=64600 loss=0.0001 lr=5.99e-05 elapsed=27697s
2026-09-19 14:42:06 | INFO | step=64700 loss=0.0000 lr=5.96e-05 elapsed=27730s
2026-09-19 14:42:38 | INFO | step=64800 loss=0.0000 lr=5.93e-05 elapsed=27763s
2026-09-19 14:43:11 | INFO | step=64900 loss=0.0000 lr=5.90e-05 elapsed=27795s
2026-09-19 14:43:44 | INFO | step=65000 loss=0.0000 lr=5.87e-05 elapsed=27828s
2026-09-19 14:43:57 | INFO | [eval] step=65000 dev_loss=2.0729
2026-09-19 14:45:17 | INFO |   EM on dev subset (200 samples): 6.50%
2026-09-19 14:45:17 | INFO | Early stopping triggered.
2026-09-19 14:45:17 | INFO | Training complete. Best dev loss: 2.0732
